******************************************************************************
             TMS320C2000 Linker PC v5.2.4                      
******************************************************************************
>> Linked Thu Sep 01 16:31:42 2011

OUTPUT FILE NAME:   <./Debug/Seoho Blade Drive.out>
ENTRY POINT SYMBOL: "_c_int00"  address: 00320173


MEMORY CONFIGURATION

         name            origin    length      used     unused   attr    fill
----------------------  --------  ---------  --------  --------  ----  --------
PAGE 0:
  ZONE0                 00004000   00001000  00000800  00000800  RWIX
  RAML0                 00008000   00004200  00004168  00000098  RWIX
  FLASHH                00300000   00008000  00000000  00008000  RWIX
  FLASHG                00308000   00008000  00000000  00008000  RWIX
  FLASHF                00310000   00008000  00000000  00008000  RWIX
  FLASHD                00318000   00010000  00008406  00007bfa  RWIX
  FLASHC                00328000   00008000  00000000  00008000  RWIX
  FLASHA                00338000   00007f80  00000f0e  00007072  RWIX
  CSM_RSVD              0033ff80   00000076  00000000  00000076  RWIX
  BEGIN                 0033fff6   00000002  00000002  00000000  RWIX
  CSM_PWL               0033fff8   00000008  00000000  00000008  RWIX
  ADC_CAL               00380080   00000009  00000007  00000002  RWIX
  OTP                   00380400   00000400  00000000  00000400  RWIX
  IQTABLES              003fe000   00000b50  00000000  00000b50  RWIX
  IQTABLES2             003feb50   0000008c  00000000  0000008c  RWIX
  FPUTABLES             003febdc   000006a0  000006a0  00000000  RWIX
  ROM                   003ff27c   00000d44  00000000  00000d44  RWIX
  RESET                 003fffc0   00000002  00000000  00000002  RWIX
  VECTORS               003fffc2   0000003e  00000000  0000003e  RWIX

PAGE 1:
  BOOT_RSVD             00000000   00000050  00000000  00000050  RWIX
  RAMM0                 00000050   000003b0  00000000  000003b0  RWIX
  RAMM1                 00000400   00000400  00000400  00000000  RWIX
  DEV_EMU               00000880   00000180  000000d0  000000b0  RWIX
  FLASH_REGS            00000a80   00000060  00000008  00000058  RWIX
  CSM                   00000ae0   00000010  00000010  00000000  RWIX
  ADC_MIRROR            00000b00   00000010  00000010  00000000  RWIX
  XINTF                 00000b20   00000020  0000001e  00000002  RWIX
  CPU_TIMER0            00000c00   00000008  00000008  00000000  RWIX
  CPU_TIMER1            00000c08   00000008  00000008  00000000  RWIX
  CPU_TIMER2            00000c10   00000008  00000008  00000000  RWIX
  PIE_CTRL              00000ce0   00000020  0000001a  00000006  RWIX
  PIE_VECT              00000d00   00000100  00000100  00000000  RWIX
  DMA                   00001000   00000200  000000e0  00000120  RWIX
  MCBSPA                00005000   00000040  00000025  0000001b  RWIX
  MCBSPB                00005040   00000040  00000025  0000001b  RWIX
  ECANA                 00006000   00000040  00000034  0000000c  RWIX
  ECANA_LAM             00006040   00000040  00000040  00000000  RWIX
  ECANA_MOTS            00006080   00000040  00000040  00000000  RWIX
  ECANA_MOTO            000060c0   00000040  00000040  00000000  RWIX
  ECANA_MBOX            00006100   00000100  00000100  00000000  RWIX
  ECANB                 00006200   00000040  00000034  0000000c  RWIX
  ECANB_LAM             00006240   00000040  00000040  00000000  RWIX
  ECANB_MOTS            00006280   00000040  00000040  00000000  RWIX
  ECANB_MOTO            000062c0   00000040  00000040  00000000  RWIX
  ECANB_MBOX            00006300   00000100  00000100  00000000  RWIX
  EPWM1                 00006800   00000022  00000022  00000000  RWIX
  EPWM2                 00006840   00000022  00000022  00000000  RWIX
  EPWM3                 00006880   00000022  00000022  00000000  RWIX
  EPWM4                 000068c0   00000022  00000022  00000000  RWIX
  EPWM5                 00006900   00000022  00000022  00000000  RWIX
  EPWM6                 00006940   00000022  00000022  00000000  RWIX
  ECAP1                 00006a00   00000020  00000020  00000000  RWIX
  ECAP2                 00006a20   00000020  00000020  00000000  RWIX
  ECAP3                 00006a40   00000020  00000020  00000000  RWIX
  ECAP4                 00006a60   00000020  00000020  00000000  RWIX
  ECAP5                 00006a80   00000020  00000020  00000000  RWIX
  ECAP6                 00006aa0   00000020  00000020  00000000  RWIX
  EQEP1                 00006b00   00000040  00000040  00000000  RWIX
  EQEP2                 00006b40   00000040  00000040  00000000  RWIX
  GPIOCTRL              00006f80   00000040  0000002e  00000012  RWIX
  GPIODAT               00006fc0   00000020  00000020  00000000  RWIX
  GPIOINT               00006fe0   00000020  0000000a  00000016  RWIX
  SYSTEM                00007010   00000020  00000020  00000000  RWIX
  SPIA                  00007040   00000010  00000010  00000000  RWIX
  SCIA                  00007050   00000010  00000010  00000000  RWIX
  XINTRUPT              00007070   00000010  00000010  00000000  RWIX
  ADC                   00007100   00000020  0000001e  00000002  RWIX
  SCIB                  00007750   00000010  00000010  00000000  RWIX
  SCIC                  00007770   00000010  00000010  00000000  RWIX
  I2CA                  00007900   00000040  00000022  0000001e  RWIX
  RAML4                 0000c200   00003e00  00003540  000008c0  RWIX
  FLASHB                00330000   00008000  00000000  00008000  RWIX
  CSM_PWL               0033fff8   00000008  00000008  00000000  RWIX


SECTION ALLOCATION MAP

 output                                  attributes/
section   page    origin      length       input sections
--------  ----  ----------  ----------   ----------------
.pinit     0    00328000    00000000     UNINITIALIZED

ZONE0DATA 
*          0    00004000    00000800     UNINITIALIZED
                  00004000    00000800     All_Main.obj (ZONE0DATA)

ramfuncs   0    00318000    00004168     RUN ADDR = 00008000
                  00318000    00000ebf     Core_Vector_Control.obj (ramfuncs)
                  00318ebf    00000cad     Core_Auto_Tuning.obj (ramfuncs)
                  00319b6c    00000baf     Shell_IO.obj (ramfuncs)
                  0031a71b    00000767     Core_Speed_Detection.obj (ramfuncs)
                  0031ae82    000002fc     Shell_Fault_Processing.obj (ramfuncs)
                  0031b17e    000002ea     Core_ADC_DAC_PWM.obj (ramfuncs)
                  0031b468    00000294     Shell_Reference_Function.obj (ramfuncs)
                  0031b6fc    00000255     Shell_Communication_SCI.obj (ramfuncs)
                  0031b951    000001de     CH_svgen_dq.obj (ramfuncs)
                  0031bb2f    000001bd     All_Interrupt.obj (ramfuncs)
                  0031bcec    00000111     Shell_State_Management.obj (ramfuncs)
                  0031bdfd    000000d5     Core_RealSys_2833x.obj (ramfuncs)
                  0031bed2    000000b2     Shell_ABS_Encoder.obj (ramfuncs)
                  0031bf84    000000a6     Core_I2C_EEPROM.obj (ramfuncs)
                  0031c02a    00000072     CH_f280xpwm.obj (ramfuncs)
                  0031c09c    0000006f     CANOPEN_SCI_B.obj (ramfuncs)
                  0031c10b    0000003e     All_Main.obj (ramfuncs)
                  0031c149    0000001b     Core_DSP2833x_SysCtrl.obj (ramfuncs)
                  0031c164    00000004     Core_DSP2833x_usDelay.obj (ramfuncs)

.text      0    0031c168    0000429e     
                  0031c168    00001385     Shell_Communication.obj (.text)
                  0031d4ed    00000c17     Core_Common_Module.obj (.text)
                  0031e104    0000053a     All_Main.obj (.text)
                  0031e63e    00000495     Core_RealSys_2833x.obj (.text)
                  0031ead3    00000316     Core_DSP2833x_DefaultIsr.obj (.text)
                  0031ede9    000002d6     Core_ADC_DAC_PWM.obj (.text)
                  0031f0bf    00000291     All_Interrupt.obj (.text)
                  0031f350    0000027b     Shell_Communication_SCI.obj (.text)
                  0031f5cb    00000250     Core_Gpio_Xintf_Set.obj (.text)
                  0031f81b    00000175     Shell_DSP2833x_Mcbsp.obj (.text)
                  0031f990    00000152     abic.obj (.text)
                  0031fae2    00000141     Shell_IO.obj (.text)
                  0031fc23    000000f7     CH_f280xpwm.obj (.text)
                  0031fd1a    000000f5     Core_DSP2833x_SysCtrl.obj (.text)
                  0031fe0f    000000e6     Core_I2C_RTC.obj (.text)
                  0031fef5    000000c4     CANOPEN_SCI_B.obj (.text)
                  0031ffb9    00000088     mb.obj (.text)
                  00320041    00000082     Core_DSP2833x_CpuTimers.obj (.text)
                  003200c3    00000061     rts2800_fpu32.lib : log.obj (.text)
                  00320124    0000004f     rts2800_fpu32_fast_supplement.lib : atan2_f32.obj (.text)
                  00320173    00000046     rts2800_fpu32.lib : boot.obj (.text)
                  003201b9    00000034     rts2800_fpu32_fast_supplement.lib : cos_f32.obj (.text)
                  003201ed    00000034                                       : sin_f32.obj (.text)
                  00320221    00000029     Core_I2C_EEPROM.obj (.text)
                  0032024a    00000029     Core_Speed_Detection.obj (.text)
                  00320273    00000028     Core_DSP2833x_PieCtrl.obj (.text)
                  0032029b    00000026     Shell_Fault_Processing.obj (.text)
                  003202c1    00000026     crc.obj (.text)
                  003202e7    00000021     rts2800_fpu32.lib : memcpy_ff.obj (.text)
                  00320308    00000021     rts2800_fpu32_fast_supplement.lib : sqrt_f32.obj (.text)
                  00320329    00000020     Core_DSP2833x_PieVect.obj (.text)
                  00320349    00000020     rts2800_fpu32.lib : strncpy.obj (.text)
                  00320369    0000001b                       : args_main.obj (.text)
                  00320384    00000019                       : exit.obj (.text)
                  0032039d    00000019     rts2800_fpu32_fast_supplement.lib : div_f32.obj (.text)
                  003203b6    00000017     Core_DSP2833x_MemCopy.obj (.text)
                  003203cd    00000016     rts2800_fpu32.lib : frexp.obj (.text)
                  003203e3    0000000b                       : u_div.obj (.text)
                  003203ee    00000009                       : _lock.obj (.text)
                  003203f7    00000008     Core_DSP2833x_CodeStartBranch.obj (.text)
                  003203ff    00000007     rts2800_fpu32.lib : memset.obj (.text)

.cinit     0    00338000    00000962     
                  00338000    00000409     All_Main.obj (.cinit)
                  00338409    00000258     Core_Auto_Tuning.obj (.cinit)
                  00338661    0000009f     Core_Speed_Detection.obj (.cinit)
                  00338700    00000089     Core_Vector_Control.obj (.cinit)
                  00338789    0000004f     abic.obj (.cinit)
                  003387d8    0000004c     Shell_IO.obj (.cinit)
                  00338824    0000003f     All_Interrupt.obj (.cinit)
                  00338863    00000038     Shell_Communication_SCI.obj (.cinit)
                  0033889b    00000035     Shell_Reference_Function.obj (.cinit)
                  003388d0    0000002f     Core_RealSys_2833x.obj (.cinit)
                  003388ff    00000028     CANOPEN_SCI_B.obj (.cinit)
                  00338927    0000001d     Shell_Fault_Processing.obj (.cinit)
                  00338944    0000000a     rts2800_fpu32.lib : _lock.obj (.cinit)
                  0033894e    0000000a                       : exit.obj (.cinit)
                  00338958    00000004     Shell_Communication.obj (.cinit)
                  0033895c    00000004     rts2800_fpu32.lib : errno.obj (.cinit)
                  00338960    00000002     --HOLE-- [fill = 0]

.econst    0    00338962    00000328     
                  00338962    00000100     Core_DSP2833x_PieVect.obj (.econst)
                  00338a62    00000100     crc.obj (.econst:_abCrcHi)
                  00338b62    00000100     crc.obj (.econst:_abCrcLo)
                  00338c62    0000000b     Shell_Fault_Processing.obj (.econst:.string)
                  00338c6d    00000001     --HOLE-- [fill = 0]
                  00338c6e    0000000a     Core_RealSys_2833x.obj (.econst:.string)
                  00338c78    00000006     abic.obj (.econst:_$P$T0$1)
                  00338c7e    00000006     abic.obj (.econst:_$P$T1$2)
                  00338c84    00000006     abic.obj (.econst:_$P$T2$3)

.switch    0    00338c8a    00000284     
                  00338c8a    000001e8     Shell_Communication.obj (.switch)
                  00338e72    0000005c     Shell_IO.obj (.switch)
                  00338ece    00000040     Core_Common_Module.obj (.switch)

codestart 
*          0    0033fff6    00000002     
                  0033fff6    00000002     Core_DSP2833x_CodeStartBranch.obj (codestart)

.adc_cal   0    00380080    00000007     NOLOAD SECTION
                  00380080    00000007     Core_DSP2833x_ADC_cal.obj (.adc_cal)

FPUmathTables 
*          0    003febdc    000006a0     NOLOAD SECTION
                  003febdc    000006a0     rts2800_fpu32_fast_supplement.lib : FPUmathTables.obj (FPUmathTables)

.reset     0    003fffc0    00000002     DSECT
                  003fffc0    00000002     rts2800_fpu32.lib : boot.obj (.reset)

vectors    0    003fffc2    00000000     DSECT

.stack     1    00000400    00000400     UNINITIALIZED
                  00000400    00000400     --HOLE--

DevEmuRegsFile 
*          1    00000880    000000d0     UNINITIALIZED
                  00000880    000000d0     Core_DSP2833x_GlobalVariableDefs.obj (DevEmuRegsFile)

FlashRegsFile 
*          1    00000a80    00000008     UNINITIALIZED
                  00000a80    00000008     Core_DSP2833x_GlobalVariableDefs.obj (FlashRegsFile)

CsmRegsFile 
*          1    00000ae0    00000010     UNINITIALIZED
                  00000ae0    00000010     Core_DSP2833x_GlobalVariableDefs.obj (CsmRegsFile)

AdcMirrorFile 
*          1    00000b00    00000010     UNINITIALIZED
                  00000b00    00000010     Core_DSP2833x_GlobalVariableDefs.obj (AdcMirrorFile)

XintfRegsFile 
*          1    00000b20    0000001e     UNINITIALIZED
                  00000b20    0000001e     Core_DSP2833x_GlobalVariableDefs.obj (XintfRegsFile)

CpuTimer0RegsFile 
*          1    00000c00    00000008     UNINITIALIZED
                  00000c00    00000008     Core_DSP2833x_GlobalVariableDefs.obj (CpuTimer0RegsFile)

CpuTimer1RegsFile 
*          1    00000c08    00000008     UNINITIALIZED
                  00000c08    00000008     Core_DSP2833x_GlobalVariableDefs.obj (CpuTimer1RegsFile)

CpuTimer2RegsFile 
*          1    00000c10    00000008     UNINITIALIZED
                  00000c10    00000008     Core_DSP2833x_GlobalVariableDefs.obj (CpuTimer2RegsFile)

PieCtrlRegsFile 
*          1    00000ce0    0000001a     UNINITIALIZED
                  00000ce0    0000001a     Core_DSP2833x_GlobalVariableDefs.obj (PieCtrlRegsFile)

PieVectTableFile 
*          1    00000d00    00000100     UNINITIALIZED
                  00000d00    00000100     Core_DSP2833x_GlobalVariableDefs.obj (PieVectTableFile)

DmaRegsFile 
*          1    00001000    000000e0     UNINITIALIZED
                  00001000    000000e0     Core_DSP2833x_GlobalVariableDefs.obj (DmaRegsFile)

McbspaRegsFile 
*          1    00005000    00000025     UNINITIALIZED
                  00005000    00000025     Core_DSP2833x_GlobalVariableDefs.obj (McbspaRegsFile)

McbspbRegsFile 
*          1    00005040    00000025     UNINITIALIZED
                  00005040    00000025     Core_DSP2833x_GlobalVariableDefs.obj (McbspbRegsFile)

ECanaRegsFile 
*          1    00006000    00000034     UNINITIALIZED
                  00006000    00000034     Core_DSP2833x_GlobalVariableDefs.obj (ECanaRegsFile)

ECanaLAMRegsFile 
*          1    00006040    00000040     UNINITIALIZED
                  00006040    00000040     Core_DSP2833x_GlobalVariableDefs.obj (ECanaLAMRegsFile)

ECanaMOTSRegsFile 
*          1    00006080    00000040     UNINITIALIZED
                  00006080    00000040     Core_DSP2833x_GlobalVariableDefs.obj (ECanaMOTSRegsFile)

ECanaMOTORegsFile 
*          1    000060c0    00000040     UNINITIALIZED
                  000060c0    00000040     Core_DSP2833x_GlobalVariableDefs.obj (ECanaMOTORegsFile)

ECanaMboxesFile 
*          1    00006100    00000100     UNINITIALIZED
                  00006100    00000100     Core_DSP2833x_GlobalVariableDefs.obj (ECanaMboxesFile)

ECanbRegsFile 
*          1    00006200    00000034     UNINITIALIZED
                  00006200    00000034     Core_DSP2833x_GlobalVariableDefs.obj (ECanbRegsFile)

ECanbLAMRegsFile 
*          1    00006240    00000040     UNINITIALIZED
                  00006240    00000040     Core_DSP2833x_GlobalVariableDefs.obj (ECanbLAMRegsFile)

ECanbMOTSRegsFile 
*          1    00006280    00000040     UNINITIALIZED
                  00006280    00000040     Core_DSP2833x_GlobalVariableDefs.obj (ECanbMOTSRegsFile)

ECanbMOTORegsFile 
*          1    000062c0    00000040     UNINITIALIZED
                  000062c0    00000040     Core_DSP2833x_GlobalVariableDefs.obj (ECanbMOTORegsFile)

ECanbMboxesFile 
*          1    00006300    00000100     UNINITIALIZED
                  00006300    00000100     Core_DSP2833x_GlobalVariableDefs.obj (ECanbMboxesFile)

EPwm1RegsFile 
*          1    00006800    00000022     UNINITIALIZED
                  00006800    00000022     Core_DSP2833x_GlobalVariableDefs.obj (EPwm1RegsFile)

EPwm2RegsFile 
*          1    00006840    00000022     UNINITIALIZED
                  00006840    00000022     Core_DSP2833x_GlobalVariableDefs.obj (EPwm2RegsFile)

EPwm3RegsFile 
*          1    00006880    00000022     UNINITIALIZED
                  00006880    00000022     Core_DSP2833x_GlobalVariableDefs.obj (EPwm3RegsFile)

EPwm4RegsFile 
*          1    000068c0    00000022     UNINITIALIZED
                  000068c0    00000022     Core_DSP2833x_GlobalVariableDefs.obj (EPwm4RegsFile)

EPwm5RegsFile 
*          1    00006900    00000022     UNINITIALIZED
                  00006900    00000022     Core_DSP2833x_GlobalVariableDefs.obj (EPwm5RegsFile)

EPwm6RegsFile 
*          1    00006940    00000022     UNINITIALIZED
                  00006940    00000022     Core_DSP2833x_GlobalVariableDefs.obj (EPwm6RegsFile)

ECap1RegsFile 
*          1    00006a00    00000020     UNINITIALIZED
                  00006a00    00000020     Core_DSP2833x_GlobalVariableDefs.obj (ECap1RegsFile)

ECap2RegsFile 
*          1    00006a20    00000020     UNINITIALIZED
                  00006a20    00000020     Core_DSP2833x_GlobalVariableDefs.obj (ECap2RegsFile)

ECap3RegsFile 
*          1    00006a40    00000020     UNINITIALIZED
                  00006a40    00000020     Core_DSP2833x_GlobalVariableDefs.obj (ECap3RegsFile)

ECap4RegsFile 
*          1    00006a60    00000020     UNINITIALIZED
                  00006a60    00000020     Core_DSP2833x_GlobalVariableDefs.obj (ECap4RegsFile)

ECap5RegsFile 
*          1    00006a80    00000020     UNINITIALIZED
                  00006a80    00000020     Core_DSP2833x_GlobalVariableDefs.obj (ECap5RegsFile)

ECap6RegsFile 
*          1    00006aa0    00000020     UNINITIALIZED
                  00006aa0    00000020     Core_DSP2833x_GlobalVariableDefs.obj (ECap6RegsFile)

EQep1RegsFile 
*          1    00006b00    00000040     UNINITIALIZED
                  00006b00    00000040     Core_DSP2833x_GlobalVariableDefs.obj (EQep1RegsFile)

EQep2RegsFile 
*          1    00006b40    00000040     UNINITIALIZED
                  00006b40    00000040     Core_DSP2833x_GlobalVariableDefs.obj (EQep2RegsFile)

GpioCtrlRegsFile 
*          1    00006f80    0000002e     UNINITIALIZED
                  00006f80    0000002e     Core_DSP2833x_GlobalVariableDefs.obj (GpioCtrlRegsFile)

GpioDataRegsFile 
*          1    00006fc0    00000020     UNINITIALIZED
                  00006fc0    00000020     Core_DSP2833x_GlobalVariableDefs.obj (GpioDataRegsFile)

GpioIntRegsFile 
*          1    00006fe0    0000000a     UNINITIALIZED
                  00006fe0    0000000a     Core_DSP2833x_GlobalVariableDefs.obj (GpioIntRegsFile)

SysCtrlRegsFile 
*          1    00007010    00000020     UNINITIALIZED
                  00007010    00000020     Core_DSP2833x_GlobalVariableDefs.obj (SysCtrlRegsFile)

SpiaRegsFile 
*          1    00007040    00000010     UNINITIALIZED
                  00007040    00000010     Core_DSP2833x_GlobalVariableDefs.obj (SpiaRegsFile)

SciaRegsFile 
*          1    00007050    00000010     UNINITIALIZED
                  00007050    00000010     Core_DSP2833x_GlobalVariableDefs.obj (SciaRegsFile)

XIntruptRegsFile 
*          1    00007070    00000010     UNINITIALIZED
                  00007070    00000010     Core_DSP2833x_GlobalVariableDefs.obj (XIntruptRegsFile)

AdcRegsFile 
*          1    00007100    0000001e     UNINITIALIZED
                  00007100    0000001e     Core_DSP2833x_GlobalVariableDefs.obj (AdcRegsFile)

ScibRegsFile 
*          1    00007750    00000010     UNINITIALIZED
                  00007750    00000010     Core_DSP2833x_GlobalVariableDefs.obj (ScibRegsFile)

ScicRegsFile 
*          1    00007770    00000010     UNINITIALIZED
                  00007770    00000010     Core_DSP2833x_GlobalVariableDefs.obj (ScicRegsFile)

I2caRegsFile 
*          1    00007900    00000022     UNINITIALIZED
                  00007900    00000022     Core_DSP2833x_GlobalVariableDefs.obj (I2caRegsFile)

.ebss      1    0000c200    00003540     UNINITIALIZED
                  0000c200    00002dc8     All_Main.obj (.ebss)
                  0000efc8    00000022     Core_ADC_DAC_PWM.obj (.ebss)
                  0000efea    00000014     All_Interrupt.obj (.ebss)
                  0000effe    00000001     Shell_Communication.obj (.ebss)
                  0000efff    00000001     rts2800_fpu32.lib : errno.obj (.ebss)
                  0000f000    00000289     CANOPEN_SCI_B.obj (.ebss)
                  0000f289    00000001     --HOLE--
                  0000f28a    0000001c     Shell_IO.obj (.ebss)
                  0000f2a6    00000018     Core_DSP2833x_CpuTimers.obj (.ebss)
                  0000f2be    00000002     --HOLE--
                  0000f2c0    000001a8     abic.obj (.ebss)
                  0000f468    00000017     Shell_Communication_SCI.obj (.ebss)
                  0000f47f    00000001     --HOLE--
                  0000f480    00000180     Core_Auto_Tuning.obj (.ebss)
                  0000f600    00000073     Core_RealSys_2833x.obj (.ebss)
                  0000f673    00000001     --HOLE--
                  0000f674    00000008     Shell_Fault_Processing.obj (.ebss)
                  0000f67c    00000004     mb.obj (.ebss)
                  0000f680    00000044     Core_Speed_Detection.obj (.ebss)
                  0000f6c4    00000014     Shell_Reference_Function.obj (.ebss)
                  0000f6d8    00000007     Core_I2C_RTC.obj (.ebss)
                  0000f6df    00000001     --HOLE--
                  0000f6e0    00000004     rts2800_fpu32.lib : _lock.obj (.ebss)
                  0000f6e4    00000004                       : exit.obj (.ebss)
                  0000f6e8    00000018     --HOLE--
                  0000f700    00000040     Core_Vector_Control.obj (.ebss)

CsmPwlFile 
*          1    0033fff8    00000008     UNINITIALIZED
                  0033fff8    00000008     Core_DSP2833x_GlobalVariableDefs.obj (CsmPwlFile)


GLOBAL SYMBOLS: SORTED ALPHABETICALLY BY Name 

address    name
--------   ----
0031c168   .text
00320384   C$$EXIT
0032039d   FS$$DIV
003203e3   U$$DIV
003203e8   U$$MOD
0000f51e   _A0
0000f51c   _A1
0000f512   _A2
0031f990   _ABIC_AutoBaud
0031f9b1   _ABIC_NormalMode
0031f9de   _ABIC_ReadOutData
0031faae   _ABIC_WriteInData
0031ebb9   _ADCINT_ISR
00380080   _ADC_cal
0031fb93   _AI_Processing
00009fbe   _AO_Processing
0000c29a   _Accel_time
0000c296   _Accel_time_Auto_tuning
00000b00   _AdcMirror
00007100   _AdcRegs
0000c22c   _Adc_AIN_3
0000c209   _Adc_AIN_4
0000c20c   _Adc_AIN_5
0000c228   _Adc_AIN_I1
0000c22e   _Adc_AIN_I2
0000c229   _Adc_AIN_V1
0000c22b   _Adc_AIN_V2
0000c207   _Adc_Temperature
0000c232   _Adc_Uphase
0000c208   _Adc_Vclass
0000c22d   _Adc_Vdc
0000c233   _Adc_Vphase
0000c22a   _Adc_Wphase
00008ebf   _Auto_Tuning
00009267   _Auto_Tuning_China
0000c21d   _Auto_tuning_index
0000f516   _B1
0000f514   _B2
0000bf54   _BinaryToDecimal
0000c2c8   _Bm
0000f52e   _C1
0000f530   _C2
0000e280   _CAN_Registers
0000c3a7   _CANopenParameters
0000f29c   _CH1_COUNT_AT_0MA
0000f29e   _CH1_COUNT_AT_0V
0000f2a2   _CH1_COUNT_AT_10V
0000f29a   _CH1_COUNT_AT_20MA
0000f28e   _CH1_COUNT_AT_4MA
0000f2a0   _CH2_COUNT_AT_0MA
0000f294   _CH2_COUNT_AT_0V
0000f298   _CH2_COUNT_AT_10V
0000f290   _CH2_COUNT_AT_20MA
0000f292   _CH2_COUNT_AT_4MA
0000c234   _CRC
0031f3cf   _CRC_16
0031fe0f   _Change_I2C_RTC
0000c215   _Command
0000f474   _Communication_Fault_Cnt
0000f472   _Communication_Fault_Flag
0031d496   _Composite_CAN_Data
00320088   _ConfigCpuTimer
0000c244   _Continuous_OL_current
0000c288   _Cos_Theta
0000c270   _Cos_Theta_vtg
0000f2b6   _CpuTimer0
00000c00   _CpuTimer0Regs
0000f2a6   _CpuTimer1
00000c08   _CpuTimer1Regs
0000f2ae   _CpuTimer2
00000c10   _CpuTimer2Regs
0033fff8   _CsmPwl
00000ae0   _CsmRegs
0031fdde   _CsmUnlock
0000850e   _Current_Controller
0000c294   _DA1
0000c28a   _DA1_offset
0000c28c   _DA1_rng
0000c28e   _DA2
0000c290   _DA2_offset
0000c292   _DA2_rng
0000c33c   _DA3
0000c272   _DA3_offset
0000c274   _DA3_rng
0000c276   _DA4
0000c278   _DA4_offset
0000c27a   _DA4_rng
0031eae7   _DATALOG_ISR
0031f225   _DB_Controller
0031ecdb   _DINTCH1_ISR
0031ece5   _DINTCH2_ISR
0031ecef   _DINTCH3_ISR
0031ecf9   _DINTCH4_ISR
0031ed03   _DINTCH5_ISR
0031ed0d   _DINTCH6_ISR
00009c3b   _DI_Function
0031fae3   _DI_Processing
0000f28a   _DI_chk0
0000f28d   _DI_chk1
0000c164   _DSP28x_usDelay
0000c780   _Data_Registers
0000c29c   _Decel_time
0000c298   _Decel_time_Auto_tuning
0000bed2   _DecimalToBinary
0031d483   _Decomposite_CAN_Data
00000880   _DevEmuRegs
0000f46e   _Device_type
0031fd2d   _DisableDog
00001000   _DmaRegs
0000c2ee   _Drive_Power_kW
0031f0bf   _Driver_Calibration
0000c224   _Driver_ON
0000c21f   _Dummy_comm
0000c390   _DutyCount
0031ed67   _ECAN0INTA_ISR
0031ed7b   _ECAN0INTB_ISR
0031ed71   _ECAN1INTA_ISR
0031ed85   _ECAN1INTB_ISR
0031ec4f   _ECAP1_INT_ISR
0031ec59   _ECAP2_INT_ISR
0031ec63   _ECAP3_INT_ISR
0031ec6d   _ECAP4_INT_ISR
0031ec77   _ECAP5_INT_ISR
0031ec81   _ECAP6_INT_ISR
00006040   _ECanaLAMRegs
000060c0   _ECanaMOTORegs
00006080   _ECanaMOTSRegs
00006100   _ECanaMboxes
00006000   _ECanaRegs
00006240   _ECanbLAMRegs
000062c0   _ECanbMOTORegs
00006280   _ECanbMOTSRegs
00006300   _ECanbMboxes
00006200   _ECanbRegs
00006a00   _ECap1Regs
00006a20   _ECap2Regs
00006a40   _ECap3Regs
00006a60   _ECap4Regs
00006a80   _ECap5Regs
00006aa0   _ECap6Regs
0031eafb   _EMUINT_ISR
0031ec13   _EPWM1_INT_ISR
0031ebd7   _EPWM1_TZINT_ISR
0031ec1d   _EPWM2_INT_ISR
0031ebe1   _EPWM2_TZINT_ISR
0031ec27   _EPWM3_INT_ISR
0031ebeb   _EPWM3_TZINT_ISR
0031ec31   _EPWM4_INT_ISR
0031ebf5   _EPWM4_TZINT_ISR
0031ec3b   _EPWM5_INT_ISR
0031ebff   _EPWM5_TZINT_ISR
0031ec45   _EPWM6_INT_ISR
0031ec09   _EPWM6_TZINT_ISR
0031ee93   _EPWM_Initialization
0031eff8   _EPWM_Initialization_Online
00006800   _EPwm1Regs
00006840   _EPwm2Regs
00006880   _EPwm3Regs
000068c0   _EPwm4Regs
00006900   _EPwm5Regs
00006940   _EPwm6Regs
0000c222   _EPwmPeriodCount
0031ec8b   _EQEP1_INT_ISR
0031ec95   _EQEP2_INT_ISR
0032024a   _EQEP_Initialization
00006b00   _EQep1Regs
00006b40   _EQep2Regs
00320292   _EnableInterrupts
0031e531   _F28335PowerOnSet
0031fc23   _F2833X_PWM_Init
0000c02a   _F2833X_PWM_Update
003ff0de   _FPUatan2HalfPITable
003ff0e2   _FPUatan2Table
003ff268   _FPUatan2TableEnd
003fecdc   _FPUcosTable
003ff0de   _FPUcosTableEnd
003febdc   _FPUsinTable
003fefdc   _FPUsinTableEnd
0000c540   _FaultInfo
0000b03f   _Fault_Check_1Sampling
0000b113   _Fault_Check_4Sampling
0000ae82   _Fault_Processing
0032029b   _Fault_Recording
0000c231   _Fault_count
00008a81   _Field_Weakening
0031fc04   _Fieldbus_Processing
0000c2ae   _Final_reference
0000c3b2   _Flag
00000a80   _FlashRegs
00008bd7   _Flux_Controller
00008102   _Flux_Estimation
0000c227   _Flux_build_up
0000c348   _Freq_Fst
003202c1   _GenerateCrc
0000a271   _GetAnalogRef
0000b17e   _GetSensorValue
00009b6c   _Get_Command
00006f80   _GpioCtrlRegs
00006fc0   _GpioDataRegs
00006fe0   _GpioIntRegs
0000bf00   _GrayToBinary
0000f50c   _Hui
0031ed17   _I2CINT1A_ISR
0031ed21   _I2CINT2A_ISR
00320221   _I2C_EEPROM_Initialization
00007900   _I2caRegs
0000c2b8   _IGBT_current
0031eb0f   _ILLEGAL_ISR
0031ead3   _INT13_ISR
0031eadd   _INT14_ISR
0000c266   _I_DT
0000f50a   _I_rated
0000c2c2   _I_scale
0000c2c4   _Ias
0000c366   _Ias_offset
0000c362   _Ias_ref
0000c2be   _Ibs
0000c368   _Ibs_offset
0000c364   _Ibs_ref
0000c2c0   _Ics
0000c36e   _Ics_ref
0000c352   _Idse
0000c388   _Idse_ref
0000c378   _Idse_ref_max
0000c356   _Idss
0000c35e   _Idss_ref
0000c240   _InOutAddr
0000c23f   _InOutDataSize
0031ede9   _InitAdc
00320041   _InitCpuTimers
0000c149   _InitFlash
0031f5cb   _InitGpio
0031f81b   _InitMcbsp
0031f904   _InitMcbspGpio
0031f820   _InitMcbspa
0031f88f   _InitMcbspa12bit
0031f89a   _InitMcbspa16bit
0031f8a5   _InitMcbspa20bit
0031f8b0   _InitMcbspa24bit
0031f8bb   _InitMcbspa32bit
0031f888   _InitMcbspa8bit
0031f909   _InitMcbspaGpio
0031f85c   _InitMcbspb
0031f8cd   _InitMcbspb12bit
0031f8d8   _InitMcbspb16bit
0031f8e3   _InitMcbspb20bit
0031f8ee   _InitMcbspb24bit
0031f8f9   _InitMcbspb32bit
0031f8c6   _InitMcbspb8bit
0031f931   _InitMcbspbGpio
0031fd83   _InitPeripheralClocks
00320273   _InitPieCtrl
00320329   _InitPieVectTable
0031fd35   _InitPll
0031fd1a   _InitSysCtrl
0031f7bc   _InitXintf
0031f7e5   _InitXintf16Gpio
0000c2b2   _Init_reference
0000c2b4   _Init_reference_Auto_tuning
0000c32e   _Input_power_x10_kW
0000c24c   _Interrupt_time_max
0000c248   _Interrupt_time_max_enc
0000c246   _Interrupt_time_max_op
0000c354   _Iqse
0000c37a   _Iqse_max_fw
0000c38c   _Iqse_ref
0000c376   _Iqse_ref_max
0000c358   _Iqss
0000c38a   _Iqss_ref
0000c36a   _Is_mag
0000c36c   _Is_mag_rms
0000c370   _Is_max
0000c35c   _Jm
0000c304   _Jm_est
0000c31a   _K_CM1
0000c314   _K_CM2
0000c316   _K_fw1
0000c320   _K_fw2
0000c340   _Ka_cc
0000c350   _Ka_fc
0000c338   _Ka_sc
0000c31e   _Ki_Fst
0000c33e   _Ki_cc
0000c34e   _Ki_fc
0000c336   _Ki_sc
0000c25c   _Kob_sd
0000c31c   _Kp_Fst
0000c334   _Kp_cc
0000c344   _Kp_fc
0000c34c   _Kp_sc
0000c2d6   _Kt
0000c33a   _L1_sp_est
0000c25a   _L2_sp_est
0000c258   _L3_sp_est
0000c25e   _L3_sp_tmp
0000c372   _LAMdre
0000c2d8   _LAMdre_cm
0000c374   _LAMdre_flt
0000c2c6   _LAMdre_rate
0000c2cc   _LAMdre_ref
0000c2f8   _LAMdrs
0000c310   _LAMdrs_cm
0000c30c   _LAMdrs_vm
0000c2da   _LAMqre
0000c2fa   _LAMqrs
0000c312   _LAMqrs_cm
0000c30e   _LAMqrs_vm
0000a252   _LPF1
0031edcb   _LUF_ISR
0031edc1   _LVF_ISR
0000c2ac   _Llr
0000c2a6   _Lls
0000c386   _Lm
0000c2e6   _Lm0
0031fba4   _Local_Processing
0000c2ca   _Lr
0000c2e0   _Ls
0000c2e4   _Ls0
0000c38e   _Lsigma
0000f53e   _M
0000f53c   _M1
0031ffc7   _MB_SendRecModbusMessage
0000f67d   _MB_bCRCCounter
0000f67c   _MB_bTimeOutCounter
0000f67e   _MB_iTimeOutTime
0031ecc7   _MRINTA_ISR
0031ecb3   _MRINTB_ISR
0031ecd1   _MXINTA_ISR
0031ecbd   _MXINTB_ISR
0000bb2f   _MainPWM
0000c24a   _Main_counter
0031f2c6   _Mcbsp_RxINTA_ISR
0031f2b1   _Mcbsp_TxINTA_ISR
00005000   _McbspaRegs
00005040   _McbspbRegs
003203b6   _MemCopy
00009e8a   _Multi_Step_Processing
0031eb05   _NMI_ISR
0000f50e   _NN
0031e104   _Nop
0000c218   _Number_of_turns
0000c204   _Number_of_turns_buf
0000c268   _OC_trip_value
0000c264   _OL_limit
0000c3ac   _OP
0000c318   _Output_power_x10_kW
0000c6c0   _P
0031edd5   _PIE_RESERVED
0000c239   _PPR
0031df83   _PWM_Frequency_Update
0000b423   _PWM_ON_OFF
0000c223   _PWM_frequency_old
0031d81b   _Parameter_Initialization
0031d4ed   _Parameter_Initialization_by_Power
0000c2a8   _Period_SD
00000ce0   _PieCtrlRegs
00000d00   _PieVectTable
00338962   _PieVectTableInit
0000c360   _Pole_pair
00008e16   _Position_Controller
0031eaf1   _RTOSINT_ISR
0031c168   _RamfuncsLoadEnd
00318000   _RamfuncsLoadStart
00008000   _RamfuncsRunStart
0000f2c6   _ReadDoneFlag
0000f2c7   _ReadStep
0031d4a6   _Read_CAN_Registers
0031c168   _Read_Data_Registers
0000bfbb   _Read_EEPROM_Data
0031fe49   _Read_RTC_Data
0031fecb   _Read_Time
0031fe18   _Recover_I2C_EEPROM
0000b468   _Reference_Function
0000c384   _Rr
0000c380   _Rs
0000c2ea   _Rs0
0000f470   _RxAddr
0000f476   _RxBuf
0000f46c   _RxCRC
0000f46f   _RxData
0000f46d   _RxType
0000c21b   _Rx_index
0031f3f3   _SCIC_Process
0031ed3f   _SCIRXINTA_ISR
0031ed53   _SCIRXINTB_ISR
0031ed2b   _SCIRXINTC_ISR
0031ed49   _SCITXINTA_ISR
0031ed5d   _SCITXINTB_ISR
0031ed35   _SCITXINTC_ISR
0000d500   _SCI_Registers
0000f475   _SCI_TxOffset
0031ff5e   _SD_CharReceived
0031ff66   _SD_GetChar
0031eb91   _SEQ1INT_ISR
0031eb9b   _SEQ2INT_ISR
0031ec9f   _SPIRXINTA_ISR
0031eca9   _SPITXINTA_ISR
00008706   _SVPWM
0000f46a   _SciC_RxFlag
0000f46b   _SciC_RxStep
0000f471   _SciC_TxFlag
00007050   _SciaRegs
00007750   _ScibRegs
00007770   _ScicRegs
0031fd23   _ServiceDog
0031fe7d   _Set_InitialTime
0000c262   _Sin_Theta
0000c26e   _Sin_Theta_vtg
00008c9c   _Speed_Controller
0000a71b   _Speed_Detection
0000aa70   _Speed_Detection_ABS
00007040   _SpiaRegs
0000c226   _State_Index
0000bcec   _State_Management
0000c203   _Steps_buf1
0000c219   _Steps_buf2
0000c217   _Steps_per_turn
0000c214   _Steps_per_turn_buf
00007010   _SysCtrlRegs
0031d91b   _System_Variable_Initialization
0031dd09   _System_Variable_Update
0000f534   _T
0031ebc3   _TINT0_ISR
0031ffb9   _TM_StartTimer
0031ffbe   _TM_TimeOut
0000c260   _T_dead_Tuning
0000f538   _Td
0000c26a   _Te
0000c306   _Te_rate
0000c2f0   _Temp_HHH1
0000c2f2   _Temp_HHH2
0000c2ec   _Temp_HHH3
0031f031   _Temperature_Calculation
0000c225   _Temperature_x10
0000c26c   _Theta
0000c252   _Theta_angle_err
0000c256   _Theta_angle_flt
0000c254   _Theta_angle_ref
0000c24e   _Theta_ref
0000c250   _Thetar
0000c2de   _Tl_est
0000f532   _Toff
0000f536   _Ton
0000c2e8   _Tr
0000c2f4   _Tsamp
0000c300   _Tsamp_CC
0000c2aa   _Tsamp_FC
0000c302   _Tsamp_SC
0000c2fc   _Tsamp_SD
0000c2f6   _Tsamp_VF
0000c21e   _Tx_count_1s
0000c221   _Tx_count_25ms
0000c21c   _Tx_index
0031eb73   _USER10_ISR
0031eb7d   _USER11_ISR
0031eb87   _USER12_ISR
0031eb19   _USER1_ISR
0031eb23   _USER2_ISR
0031eb2d   _USER3_ISR
0031eb37   _USER4_ISR
0031eb41   _USER5_ISR
0031eb4b   _USER6_ISR
0031eb55   _USER7_ISR
0031eb5f   _USER8_ISR
0031eb69   _USER9_ISR
00008000   _VF_Controller
0000f540   _Vd
0000c2a2   _Vdc
0000c2a4   _Vdc_max
0000c2bc   _Vdse_ref
0000c2d2   _Vdse_ref_fb
0000c308   _Vdss
0000c2d0   _Vdss_ref
0000c29e   _Vdss_ref_old
0000c220   _Voltage_class
0000c2b6   _Vqse_ref
0000c2fe   _Vqse_ref_fb
0000c2ce   _Vqse_ref_integ
0000c30a   _Vqss
0000c2ba   _Vqss_ref
0000c2a0   _Vqss_ref_old
0000f53a   _Vs
0031ebcd   _WAKEINT_ISR
0000f546   _Wc
0000c322   _Wc_Fst
0000c332   _Wc_cc
0000c342   _Wc_fc
0000f72e   _Wc_pc
0000c34a   _Wc_sc
0000c37e   _We
0000c00f   _Word_Read_data
0000bff5   _Word_Write_data
0000c328   _Wr
0000f2c0   _WriteDoneFlag
0000f2c3   _WriteStep
0031d4d0   _Write_CAN_Registers
0031cb68   _Write_Data_Registers_Offline
0031ca3d   _Write_Data_Registers_Online
0000bf84   _Write_EEPROM_Data
0031fe21   _Write_RTC_Data
0031fea0   _Write_Time
0000c330   _Wrm_det
0000c32c   _Wrm_det_flt
0000c2e2   _Wrpm_ABS
0000c346   _Wrpm_det
0000c2dc   _Wrpm_est
0000c324   _Wrpm_fw1
0000c326   _Wrpm_fw2
0000c2d4   _Wrpm_max
0000c32a   _Wrpm_ref
0000c2b0   _Wrpm_scale
0031eba5   _XINT1_ISR
0031ebaf   _XINT2_ISR
0031ed8f   _XINT3_ISR
0031ed99   _XINT4_ISR
0031eda3   _XINT5_ISR
0031edad   _XINT6_ISR
0031edb7   _XINT7_ISR
00007070   _XIntruptRegs
00000b20   _XintfRegs
00004000   _ZONE0_BUF
00000800   __STACK_END
00000400   __STACK_SIZE
00000001   __TI_args_main
ffffffff   ___binit__
ffffffff   ___c_args__
00338000   ___cinit__
00320406   ___etext__
003202e7   ___memcpy_ff
ffffffff   ___pinit__
0031c168   ___text__
00320369   __args_main
0000f6e4   __cleanup_ptr
0000f6e6   __dtors_ptr
0000f6e2   __lock
003203f6   __nop
003203f2   __register_lock
003203ee   __register_unlock
00000400   __stack
0000f6e0   __unlock
0000f542   _a0
0000f51a   _a1
0000f518   _a2
00338a62   _abCrcHi
00338b62   _abCrcLo
0000c4c0   _abInData
0000c500   _abOutData
0000f300   _abReadRequest
0000f380   _abReadResponse
0000f340   _abReadSendBuffer
0000f2d2   _abRequest
0000f2c8   _abResponse
0000f040   _abRxBuffer
0000f3c0   _abWriteRequest
0000f440   _abWriteResponse
0000f400   _abWriteSendBuffer
00320384   _abort
0000c39b   _abs_pos
0000c20f   _abs_position
0031e63e   _asc2hex
00320124   _atan2
0000f2c2   _bCharPos
0000f2c4   _bReadSize
0000c3de   _bin
00320173   _c_int00
0000c5c0   _canInData
0000c640   _canOutData
0000f008   _cccc
0000c237   _check_baud
0031f96f   _clkg_delay_loop
0000c393   _com_rdata1
0000c39f   _com_rdata2
003201b9   _cos
0000c10b   _cpu_timer1_isr
0000f481   _cs
0000f480   _cs_count
0000f009   _datascib
0000f602   _debug_cnt
0000f60a   _debug_rd_addr
0000f608   _debug_rd_addr_tmp
0000f605   _debug_state
0000f604   _debug_sum
0000f603   _debug_sum_temp
0000f640   _debug_tx_buf
0000f607   _debug_tx_end
0000f601   _debug_tx_pos
0000f60e   _debug_wr_addr
0000f610   _debug_wr_data
0000f600   _debug_wr_size
0000f606   _debug_wr_sum_flag
0000efca   _deg_Dac
0000efc8   _deg_sDacTmp
0031f959   _delay_loop
0000b380   _dev_BackgroundDAC
0031ee5b   _dev_DacSetup
0031ee73   _dev_InitDACVariable
0000b2ee   _dev_SendDAC
0000f683   _diff1
0000f684   _diff2
0000f682   _diff3
0031fb5d   _digital_out_proc
0031fb2f   _digital_port_check
0031fae2   _driver_enable_proc
0000efff   _errno
0000c286   _etest1
0000c282   _etest2
0000c284   _etest3
0000c280   _etest4
0000c27c   _etest5
0000c27e   _etest6
0000f508   _exciting_step
00320386   _exit
0000c382   _freq_vf
0000c37c   _freq_vf_set
003203cd   _frexp
0000c3ce   _g2b
0000c21a   _gNum
0031e655   _hex2asc
0000f483   _identify_offline
0000c35a   _inv_Jm
0000c201   _inv_rdata1
0000c206   _inv_rdata2
0000c236   _kk
0000f007   _kkkk
00009f83   _linear_eq
003200c3   _log
0031e107   _main
00009ad9   _matrix_multiplic
00009b2d   _matrix_subtract
0031f985   _mcbsp_xmit
003203ff   _memset
0000c397   _number_turn
0000f680   _pre_abs_position
0000f510   _predict_weight
0000c3c0   _pwm1
0000c205   _rdata1
0000c202   _rdata2
0000c200   _result1
0000f005   _rrrr
0031eddf   _rsvd_ISR
0000f28b   _run_chk
0000f468   _rx_cnt
0000c20a   _rx_complete
0000c20b   _rx_int
0031ea9a   _sci_debug_init
0000be45   _scia_rx_isr
0000bdfd   _scia_tx_isr
0031ff1a   _scib_TxChar
0031ff7b   _scib_init
0031ff26   _scib_putc
0000f1c0   _scib_rx_buf
0000f003   _scib_rx_end
0000c0e5   _scib_rx_isr
0000f006   _scib_rx_pos
0000f004   _scib_rxd
0000f0c0   _scib_tx_buf
0000f000   _scib_tx_end
0000c09c   _scib_tx_isr
0000f002   _scib_tx_pos
0031fef5   _scib_tx_start
0031f389   _scic_TxChar
0031f350   _scic_init
0031f3ba   _scic_putc
0000c440   _scic_rx_buf
0000b749   _scic_rx_isr
0000c235   _scic_rxd
0000c480   _scic_tx_buf
0000c230   _scic_tx_end
0000b6fc   _scic_tx_isr
0000c22f   _scic_tx_pos
0031f395   _scic_tx_start
0000f00a   _sd_s
003201ed   _sin
00320308   _sqrt
0000bf72   _square
0031e7a9   _state0_proc
0031e911   _state1_proc
0031e92e   _state2_proc
0031e9a1   _state3_proc
0031e9b9   _state4_proc
0031e9da   _state5_proc
0031ea09   _state6_proc
0031ea21   _state7_proc
0000f681   _step_delta
0000c3a3   _step_turn
00320349   _strncpy
0000c400   _svgen_dq1
0000b951   _svgendq_calc
0000c23e   _t_cnt0
0000f2c5   _tcnt
0000c212   _test1
0000c23b   _test10
0000c238   _test11
0000c23a   _test12
0000c20d   _test2
0000c20e   _test3
0000c213   _test4
0000c210   _test5
0000c211   _test6
0000c23d   _test7
0000c23c   _test8
0000c242   _test9
0000f6d8   _time
0000f2c1   _tt
0000f001   _tttt
0000f469   _tx_cnt
0000c216   _tx_complete
0031e67c   _write_txbuf_asc
0031e691   _write_txbuf_byte
0031e70b   _write_txbuf_long
0031e661   _write_txbuf_string
0031e6bb   _write_txbuf_word
0000c241   _zzzz
ffffffff   binit
00338000   cinit
0033fff6   code_start
00320406   etext
ffffffff   pinit


GLOBAL SYMBOLS: SORTED BY Symbol Address 

address    name
--------   ----
00000001   __TI_args_main
00000400   __STACK_SIZE
00000400   __stack
00000800   __STACK_END
00000880   _DevEmuRegs
00000a80   _FlashRegs
00000ae0   _CsmRegs
00000b00   _AdcMirror
00000b20   _XintfRegs
00000c00   _CpuTimer0Regs
00000c08   _CpuTimer1Regs
00000c10   _CpuTimer2Regs
00000ce0   _PieCtrlRegs
00000d00   _PieVectTable
00001000   _DmaRegs
00004000   _ZONE0_BUF
00005000   _McbspaRegs
00005040   _McbspbRegs
00006000   _ECanaRegs
00006040   _ECanaLAMRegs
00006080   _ECanaMOTSRegs
000060c0   _ECanaMOTORegs
00006100   _ECanaMboxes
00006200   _ECanbRegs
00006240   _ECanbLAMRegs
00006280   _ECanbMOTSRegs
000062c0   _ECanbMOTORegs
00006300   _ECanbMboxes
00006800   _EPwm1Regs
00006840   _EPwm2Regs
00006880   _EPwm3Regs
000068c0   _EPwm4Regs
00006900   _EPwm5Regs
00006940   _EPwm6Regs
00006a00   _ECap1Regs
00006a20   _ECap2Regs
00006a40   _ECap3Regs
00006a60   _ECap4Regs
00006a80   _ECap5Regs
00006aa0   _ECap6Regs
00006b00   _EQep1Regs
00006b40   _EQep2Regs
00006f80   _GpioCtrlRegs
00006fc0   _GpioDataRegs
00006fe0   _GpioIntRegs
00007010   _SysCtrlRegs
00007040   _SpiaRegs
00007050   _SciaRegs
00007070   _XIntruptRegs
00007100   _AdcRegs
00007750   _ScibRegs
00007770   _ScicRegs
00007900   _I2caRegs
00008000   _RamfuncsRunStart
00008000   _VF_Controller
00008102   _Flux_Estimation
0000850e   _Current_Controller
00008706   _SVPWM
00008a81   _Field_Weakening
00008bd7   _Flux_Controller
00008c9c   _Speed_Controller
00008e16   _Position_Controller
00008ebf   _Auto_Tuning
00009267   _Auto_Tuning_China
00009ad9   _matrix_multiplic
00009b2d   _matrix_subtract
00009b6c   _Get_Command
00009c3b   _DI_Function
00009e8a   _Multi_Step_Processing
00009f83   _linear_eq
00009fbe   _AO_Processing
0000a252   _LPF1
0000a271   _GetAnalogRef
0000a71b   _Speed_Detection
0000aa70   _Speed_Detection_ABS
0000ae82   _Fault_Processing
0000b03f   _Fault_Check_1Sampling
0000b113   _Fault_Check_4Sampling
0000b17e   _GetSensorValue
0000b2ee   _dev_SendDAC
0000b380   _dev_BackgroundDAC
0000b423   _PWM_ON_OFF
0000b468   _Reference_Function
0000b6fc   _scic_tx_isr
0000b749   _scic_rx_isr
0000b951   _svgendq_calc
0000bb2f   _MainPWM
0000bcec   _State_Management
0000bdfd   _scia_tx_isr
0000be45   _scia_rx_isr
0000bed2   _DecimalToBinary
0000bf00   _GrayToBinary
0000bf54   _BinaryToDecimal
0000bf72   _square
0000bf84   _Write_EEPROM_Data
0000bfbb   _Read_EEPROM_Data
0000bff5   _Word_Write_data
0000c00f   _Word_Read_data
0000c02a   _F2833X_PWM_Update
0000c09c   _scib_tx_isr
0000c0e5   _scib_rx_isr
0000c10b   _cpu_timer1_isr
0000c149   _InitFlash
0000c164   _DSP28x_usDelay
0000c200   _result1
0000c201   _inv_rdata1
0000c202   _rdata2
0000c203   _Steps_buf1
0000c204   _Number_of_turns_buf
0000c205   _rdata1
0000c206   _inv_rdata2
0000c207   _Adc_Temperature
0000c208   _Adc_Vclass
0000c209   _Adc_AIN_4
0000c20a   _rx_complete
0000c20b   _rx_int
0000c20c   _Adc_AIN_5
0000c20d   _test2
0000c20e   _test3
0000c20f   _abs_position
0000c210   _test5
0000c211   _test6
0000c212   _test1
0000c213   _test4
0000c214   _Steps_per_turn_buf
0000c215   _Command
0000c216   _tx_complete
0000c217   _Steps_per_turn
0000c218   _Number_of_turns
0000c219   _Steps_buf2
0000c21a   _gNum
0000c21b   _Rx_index
0000c21c   _Tx_index
0000c21d   _Auto_tuning_index
0000c21e   _Tx_count_1s
0000c21f   _Dummy_comm
0000c220   _Voltage_class
0000c221   _Tx_count_25ms
0000c222   _EPwmPeriodCount
0000c223   _PWM_frequency_old
0000c224   _Driver_ON
0000c225   _Temperature_x10
0000c226   _State_Index
0000c227   _Flux_build_up
0000c228   _Adc_AIN_I1
0000c229   _Adc_AIN_V1
0000c22a   _Adc_Wphase
0000c22b   _Adc_AIN_V2
0000c22c   _Adc_AIN_3
0000c22d   _Adc_Vdc
0000c22e   _Adc_AIN_I2
0000c22f   _scic_tx_pos
0000c230   _scic_tx_end
0000c231   _Fault_count
0000c232   _Adc_Uphase
0000c233   _Adc_Vphase
0000c234   _CRC
0000c235   _scic_rxd
0000c236   _kk
0000c237   _check_baud
0000c238   _test11
0000c239   _PPR
0000c23a   _test12
0000c23b   _test10
0000c23c   _test8
0000c23d   _test7
0000c23e   _t_cnt0
0000c23f   _InOutDataSize
0000c240   _InOutAddr
0000c241   _zzzz
0000c242   _test9
0000c244   _Continuous_OL_current
0000c246   _Interrupt_time_max_op
0000c248   _Interrupt_time_max_enc
0000c24a   _Main_counter
0000c24c   _Interrupt_time_max
0000c24e   _Theta_ref
0000c250   _Thetar
0000c252   _Theta_angle_err
0000c254   _Theta_angle_ref
0000c256   _Theta_angle_flt
0000c258   _L3_sp_est
0000c25a   _L2_sp_est
0000c25c   _Kob_sd
0000c25e   _L3_sp_tmp
0000c260   _T_dead_Tuning
0000c262   _Sin_Theta
0000c264   _OL_limit
0000c266   _I_DT
0000c268   _OC_trip_value
0000c26a   _Te
0000c26c   _Theta
0000c26e   _Sin_Theta_vtg
0000c270   _Cos_Theta_vtg
0000c272   _DA3_offset
0000c274   _DA3_rng
0000c276   _DA4
0000c278   _DA4_offset
0000c27a   _DA4_rng
0000c27c   _etest5
0000c27e   _etest6
0000c280   _etest4
0000c282   _etest2
0000c284   _etest3
0000c286   _etest1
0000c288   _Cos_Theta
0000c28a   _DA1_offset
0000c28c   _DA1_rng
0000c28e   _DA2
0000c290   _DA2_offset
0000c292   _DA2_rng
0000c294   _DA1
0000c296   _Accel_time_Auto_tuning
0000c298   _Decel_time_Auto_tuning
0000c29a   _Accel_time
0000c29c   _Decel_time
0000c29e   _Vdss_ref_old
0000c2a0   _Vqss_ref_old
0000c2a2   _Vdc
0000c2a4   _Vdc_max
0000c2a6   _Lls
0000c2a8   _Period_SD
0000c2aa   _Tsamp_FC
0000c2ac   _Llr
0000c2ae   _Final_reference
0000c2b0   _Wrpm_scale
0000c2b2   _Init_reference
0000c2b4   _Init_reference_Auto_tuning
0000c2b6   _Vqse_ref
0000c2b8   _IGBT_current
0000c2ba   _Vqss_ref
0000c2bc   _Vdse_ref
0000c2be   _Ibs
0000c2c0   _Ics
0000c2c2   _I_scale
0000c2c4   _Ias
0000c2c6   _LAMdre_rate
0000c2c8   _Bm
0000c2ca   _Lr
0000c2cc   _LAMdre_ref
0000c2ce   _Vqse_ref_integ
0000c2d0   _Vdss_ref
0000c2d2   _Vdse_ref_fb
0000c2d4   _Wrpm_max
0000c2d6   _Kt
0000c2d8   _LAMdre_cm
0000c2da   _LAMqre
0000c2dc   _Wrpm_est
0000c2de   _Tl_est
0000c2e0   _Ls
0000c2e2   _Wrpm_ABS
0000c2e4   _Ls0
0000c2e6   _Lm0
0000c2e8   _Tr
0000c2ea   _Rs0
0000c2ec   _Temp_HHH3
0000c2ee   _Drive_Power_kW
0000c2f0   _Temp_HHH1
0000c2f2   _Temp_HHH2
0000c2f4   _Tsamp
0000c2f6   _Tsamp_VF
0000c2f8   _LAMdrs
0000c2fa   _LAMqrs
0000c2fc   _Tsamp_SD
0000c2fe   _Vqse_ref_fb
0000c300   _Tsamp_CC
0000c302   _Tsamp_SC
0000c304   _Jm_est
0000c306   _Te_rate
0000c308   _Vdss
0000c30a   _Vqss
0000c30c   _LAMdrs_vm
0000c30e   _LAMqrs_vm
0000c310   _LAMdrs_cm
0000c312   _LAMqrs_cm
0000c314   _K_CM2
0000c316   _K_fw1
0000c318   _Output_power_x10_kW
0000c31a   _K_CM1
0000c31c   _Kp_Fst
0000c31e   _Ki_Fst
0000c320   _K_fw2
0000c322   _Wc_Fst
0000c324   _Wrpm_fw1
0000c326   _Wrpm_fw2
0000c328   _Wr
0000c32a   _Wrpm_ref
0000c32c   _Wrm_det_flt
0000c32e   _Input_power_x10_kW
0000c330   _Wrm_det
0000c332   _Wc_cc
0000c334   _Kp_cc
0000c336   _Ki_sc
0000c338   _Ka_sc
0000c33a   _L1_sp_est
0000c33c   _DA3
0000c33e   _Ki_cc
0000c340   _Ka_cc
0000c342   _Wc_fc
0000c344   _Kp_fc
0000c346   _Wrpm_det
0000c348   _Freq_Fst
0000c34a   _Wc_sc
0000c34c   _Kp_sc
0000c34e   _Ki_fc
0000c350   _Ka_fc
0000c352   _Idse
0000c354   _Iqse
0000c356   _Idss
0000c358   _Iqss
0000c35a   _inv_Jm
0000c35c   _Jm
0000c35e   _Idss_ref
0000c360   _Pole_pair
0000c362   _Ias_ref
0000c364   _Ibs_ref
0000c366   _Ias_offset
0000c368   _Ibs_offset
0000c36a   _Is_mag
0000c36c   _Is_mag_rms
0000c36e   _Ics_ref
0000c370   _Is_max
0000c372   _LAMdre
0000c374   _LAMdre_flt
0000c376   _Iqse_ref_max
0000c378   _Idse_ref_max
0000c37a   _Iqse_max_fw
0000c37c   _freq_vf_set
0000c37e   _We
0000c380   _Rs
0000c382   _freq_vf
0000c384   _Rr
0000c386   _Lm
0000c388   _Idse_ref
0000c38a   _Iqss_ref
0000c38c   _Iqse_ref
0000c38e   _Lsigma
0000c390   _DutyCount
0000c393   _com_rdata1
0000c397   _number_turn
0000c39b   _abs_pos
0000c39f   _com_rdata2
0000c3a3   _step_turn
0000c3a7   _CANopenParameters
0000c3ac   _OP
0000c3b2   _Flag
0000c3c0   _pwm1
0000c3ce   _g2b
0000c3de   _bin
0000c400   _svgen_dq1
0000c440   _scic_rx_buf
0000c480   _scic_tx_buf
0000c4c0   _abInData
0000c500   _abOutData
0000c540   _FaultInfo
0000c5c0   _canInData
0000c640   _canOutData
0000c6c0   _P
0000c780   _Data_Registers
0000d500   _SCI_Registers
0000e280   _CAN_Registers
0000efc8   _deg_sDacTmp
0000efca   _deg_Dac
0000efff   _errno
0000f000   _scib_tx_end
0000f001   _tttt
0000f002   _scib_tx_pos
0000f003   _scib_rx_end
0000f004   _scib_rxd
0000f005   _rrrr
0000f006   _scib_rx_pos
0000f007   _kkkk
0000f008   _cccc
0000f009   _datascib
0000f00a   _sd_s
0000f040   _abRxBuffer
0000f0c0   _scib_tx_buf
0000f1c0   _scib_rx_buf
0000f28a   _DI_chk0
0000f28b   _run_chk
0000f28d   _DI_chk1
0000f28e   _CH1_COUNT_AT_4MA
0000f290   _CH2_COUNT_AT_20MA
0000f292   _CH2_COUNT_AT_4MA
0000f294   _CH2_COUNT_AT_0V
0000f298   _CH2_COUNT_AT_10V
0000f29a   _CH1_COUNT_AT_20MA
0000f29c   _CH1_COUNT_AT_0MA
0000f29e   _CH1_COUNT_AT_0V
0000f2a0   _CH2_COUNT_AT_0MA
0000f2a2   _CH1_COUNT_AT_10V
0000f2a6   _CpuTimer1
0000f2ae   _CpuTimer2
0000f2b6   _CpuTimer0
0000f2c0   _WriteDoneFlag
0000f2c1   _tt
0000f2c2   _bCharPos
0000f2c3   _WriteStep
0000f2c4   _bReadSize
0000f2c5   _tcnt
0000f2c6   _ReadDoneFlag
0000f2c7   _ReadStep
0000f2c8   _abResponse
0000f2d2   _abRequest
0000f300   _abReadRequest
0000f340   _abReadSendBuffer
0000f380   _abReadResponse
0000f3c0   _abWriteRequest
0000f400   _abWriteSendBuffer
0000f440   _abWriteResponse
0000f468   _rx_cnt
0000f469   _tx_cnt
0000f46a   _SciC_RxFlag
0000f46b   _SciC_RxStep
0000f46c   _RxCRC
0000f46d   _RxType
0000f46e   _Device_type
0000f46f   _RxData
0000f470   _RxAddr
0000f471   _SciC_TxFlag
0000f472   _Communication_Fault_Flag
0000f474   _Communication_Fault_Cnt
0000f475   _SCI_TxOffset
0000f476   _RxBuf
0000f480   _cs_count
0000f481   _cs
0000f483   _identify_offline
0000f508   _exciting_step
0000f50a   _I_rated
0000f50c   _Hui
0000f50e   _NN
0000f510   _predict_weight
0000f512   _A2
0000f514   _B2
0000f516   _B1
0000f518   _a2
0000f51a   _a1
0000f51c   _A1
0000f51e   _A0
0000f52e   _C1
0000f530   _C2
0000f532   _Toff
0000f534   _T
0000f536   _Ton
0000f538   _Td
0000f53a   _Vs
0000f53c   _M1
0000f53e   _M
0000f540   _Vd
0000f542   _a0
0000f546   _Wc
0000f600   _debug_wr_size
0000f601   _debug_tx_pos
0000f602   _debug_cnt
0000f603   _debug_sum_temp
0000f604   _debug_sum
0000f605   _debug_state
0000f606   _debug_wr_sum_flag
0000f607   _debug_tx_end
0000f608   _debug_rd_addr_tmp
0000f60a   _debug_rd_addr
0000f60e   _debug_wr_addr
0000f610   _debug_wr_data
0000f640   _debug_tx_buf
0000f67c   _MB_bTimeOutCounter
0000f67d   _MB_bCRCCounter
0000f67e   _MB_iTimeOutTime
0000f680   _pre_abs_position
0000f681   _step_delta
0000f682   _diff3
0000f683   _diff1
0000f684   _diff2
0000f6d8   _time
0000f6e0   __unlock
0000f6e2   __lock
0000f6e4   __cleanup_ptr
0000f6e6   __dtors_ptr
0000f72e   _Wc_pc
00318000   _RamfuncsLoadStart
0031c168   .text
0031c168   _RamfuncsLoadEnd
0031c168   _Read_Data_Registers
0031c168   ___text__
0031ca3d   _Write_Data_Registers_Online
0031cb68   _Write_Data_Registers_Offline
0031d483   _Decomposite_CAN_Data
0031d496   _Composite_CAN_Data
0031d4a6   _Read_CAN_Registers
0031d4d0   _Write_CAN_Registers
0031d4ed   _Parameter_Initialization_by_Power
0031d81b   _Parameter_Initialization
0031d91b   _System_Variable_Initialization
0031dd09   _System_Variable_Update
0031df83   _PWM_Frequency_Update
0031e104   _Nop
0031e107   _main
0031e531   _F28335PowerOnSet
0031e63e   _asc2hex
0031e655   _hex2asc
0031e661   _write_txbuf_string
0031e67c   _write_txbuf_asc
0031e691   _write_txbuf_byte
0031e6bb   _write_txbuf_word
0031e70b   _write_txbuf_long
0031e7a9   _state0_proc
0031e911   _state1_proc
0031e92e   _state2_proc
0031e9a1   _state3_proc
0031e9b9   _state4_proc
0031e9da   _state5_proc
0031ea09   _state6_proc
0031ea21   _state7_proc
0031ea9a   _sci_debug_init
0031ead3   _INT13_ISR
0031eadd   _INT14_ISR
0031eae7   _DATALOG_ISR
0031eaf1   _RTOSINT_ISR
0031eafb   _EMUINT_ISR
0031eb05   _NMI_ISR
0031eb0f   _ILLEGAL_ISR
0031eb19   _USER1_ISR
0031eb23   _USER2_ISR
0031eb2d   _USER3_ISR
0031eb37   _USER4_ISR
0031eb41   _USER5_ISR
0031eb4b   _USER6_ISR
0031eb55   _USER7_ISR
0031eb5f   _USER8_ISR
0031eb69   _USER9_ISR
0031eb73   _USER10_ISR
0031eb7d   _USER11_ISR
0031eb87   _USER12_ISR
0031eb91   _SEQ1INT_ISR
0031eb9b   _SEQ2INT_ISR
0031eba5   _XINT1_ISR
0031ebaf   _XINT2_ISR
0031ebb9   _ADCINT_ISR
0031ebc3   _TINT0_ISR
0031ebcd   _WAKEINT_ISR
0031ebd7   _EPWM1_TZINT_ISR
0031ebe1   _EPWM2_TZINT_ISR
0031ebeb   _EPWM3_TZINT_ISR
0031ebf5   _EPWM4_TZINT_ISR
0031ebff   _EPWM5_TZINT_ISR
0031ec09   _EPWM6_TZINT_ISR
0031ec13   _EPWM1_INT_ISR
0031ec1d   _EPWM2_INT_ISR
0031ec27   _EPWM3_INT_ISR
0031ec31   _EPWM4_INT_ISR
0031ec3b   _EPWM5_INT_ISR
0031ec45   _EPWM6_INT_ISR
0031ec4f   _ECAP1_INT_ISR
0031ec59   _ECAP2_INT_ISR
0031ec63   _ECAP3_INT_ISR
0031ec6d   _ECAP4_INT_ISR
0031ec77   _ECAP5_INT_ISR
0031ec81   _ECAP6_INT_ISR
0031ec8b   _EQEP1_INT_ISR
0031ec95   _EQEP2_INT_ISR
0031ec9f   _SPIRXINTA_ISR
0031eca9   _SPITXINTA_ISR
0031ecb3   _MRINTB_ISR
0031ecbd   _MXINTB_ISR
0031ecc7   _MRINTA_ISR
0031ecd1   _MXINTA_ISR
0031ecdb   _DINTCH1_ISR
0031ece5   _DINTCH2_ISR
0031ecef   _DINTCH3_ISR
0031ecf9   _DINTCH4_ISR
0031ed03   _DINTCH5_ISR
0031ed0d   _DINTCH6_ISR
0031ed17   _I2CINT1A_ISR
0031ed21   _I2CINT2A_ISR
0031ed2b   _SCIRXINTC_ISR
0031ed35   _SCITXINTC_ISR
0031ed3f   _SCIRXINTA_ISR
0031ed49   _SCITXINTA_ISR
0031ed53   _SCIRXINTB_ISR
0031ed5d   _SCITXINTB_ISR
0031ed67   _ECAN0INTA_ISR
0031ed71   _ECAN1INTA_ISR
0031ed7b   _ECAN0INTB_ISR
0031ed85   _ECAN1INTB_ISR
0031ed8f   _XINT3_ISR
0031ed99   _XINT4_ISR
0031eda3   _XINT5_ISR
0031edad   _XINT6_ISR
0031edb7   _XINT7_ISR
0031edc1   _LVF_ISR
0031edcb   _LUF_ISR
0031edd5   _PIE_RESERVED
0031eddf   _rsvd_ISR
0031ede9   _InitAdc
0031ee5b   _dev_DacSetup
0031ee73   _dev_InitDACVariable
0031ee93   _EPWM_Initialization
0031eff8   _EPWM_Initialization_Online
0031f031   _Temperature_Calculation
0031f0bf   _Driver_Calibration
0031f225   _DB_Controller
0031f2b1   _Mcbsp_TxINTA_ISR
0031f2c6   _Mcbsp_RxINTA_ISR
0031f350   _scic_init
0031f389   _scic_TxChar
0031f395   _scic_tx_start
0031f3ba   _scic_putc
0031f3cf   _CRC_16
0031f3f3   _SCIC_Process
0031f5cb   _InitGpio
0031f7bc   _InitXintf
0031f7e5   _InitXintf16Gpio
0031f81b   _InitMcbsp
0031f820   _InitMcbspa
0031f85c   _InitMcbspb
0031f888   _InitMcbspa8bit
0031f88f   _InitMcbspa12bit
0031f89a   _InitMcbspa16bit
0031f8a5   _InitMcbspa20bit
0031f8b0   _InitMcbspa24bit
0031f8bb   _InitMcbspa32bit
0031f8c6   _InitMcbspb8bit
0031f8cd   _InitMcbspb12bit
0031f8d8   _InitMcbspb16bit
0031f8e3   _InitMcbspb20bit
0031f8ee   _InitMcbspb24bit
0031f8f9   _InitMcbspb32bit
0031f904   _InitMcbspGpio
0031f909   _InitMcbspaGpio
0031f931   _InitMcbspbGpio
0031f959   _delay_loop
0031f96f   _clkg_delay_loop
0031f985   _mcbsp_xmit
0031f990   _ABIC_AutoBaud
0031f9b1   _ABIC_NormalMode
0031f9de   _ABIC_ReadOutData
0031faae   _ABIC_WriteInData
0031fae2   _driver_enable_proc
0031fae3   _DI_Processing
0031fb2f   _digital_port_check
0031fb5d   _digital_out_proc
0031fb93   _AI_Processing
0031fba4   _Local_Processing
0031fc04   _Fieldbus_Processing
0031fc23   _F2833X_PWM_Init
0031fd1a   _InitSysCtrl
0031fd23   _ServiceDog
0031fd2d   _DisableDog
0031fd35   _InitPll
0031fd83   _InitPeripheralClocks
0031fdde   _CsmUnlock
0031fe0f   _Change_I2C_RTC
0031fe18   _Recover_I2C_EEPROM
0031fe21   _Write_RTC_Data
0031fe49   _Read_RTC_Data
0031fe7d   _Set_InitialTime
0031fea0   _Write_Time
0031fecb   _Read_Time
0031fef5   _scib_tx_start
0031ff1a   _scib_TxChar
0031ff26   _scib_putc
0031ff5e   _SD_CharReceived
0031ff66   _SD_GetChar
0031ff7b   _scib_init
0031ffb9   _TM_StartTimer
0031ffbe   _TM_TimeOut
0031ffc7   _MB_SendRecModbusMessage
00320041   _InitCpuTimers
00320088   _ConfigCpuTimer
003200c3   _log
00320124   _atan2
00320173   _c_int00
003201b9   _cos
003201ed   _sin
00320221   _I2C_EEPROM_Initialization
0032024a   _EQEP_Initialization
00320273   _InitPieCtrl
00320292   _EnableInterrupts
0032029b   _Fault_Recording
003202c1   _GenerateCrc
003202e7   ___memcpy_ff
00320308   _sqrt
00320329   _InitPieVectTable
00320349   _strncpy
00320369   __args_main
00320384   C$$EXIT
00320384   _abort
00320386   _exit
0032039d   FS$$DIV
003203b6   _MemCopy
003203cd   _frexp
003203e3   U$$DIV
003203e8   U$$MOD
003203ee   __register_unlock
003203f2   __register_lock
003203f6   __nop
003203ff   _memset
00320406   ___etext__
00320406   etext
00338000   ___cinit__
00338000   cinit
00338962   _PieVectTableInit
00338a62   _abCrcHi
00338b62   _abCrcLo
0033fff6   code_start
0033fff8   _CsmPwl
00380080   _ADC_cal
003febdc   _FPUsinTable
003fecdc   _FPUcosTable
003fefdc   _FPUsinTableEnd
003ff0de   _FPUatan2HalfPITable
003ff0de   _FPUcosTableEnd
003ff0e2   _FPUatan2Table
003ff268   _FPUatan2TableEnd
ffffffff   ___binit__
ffffffff   ___c_args__
ffffffff   ___pinit__
ffffffff   binit
ffffffff   pinit

[718 symbols]
