******************************************************************************
             TMS320C2000 Linker PC v5.2.8                      
******************************************************************************
>> Linked Mon Jun 13 15:08:03 2011

OUTPUT FILE NAME:   <./Debug/Seoho VD Drive Program.out>
ENTRY POINT SYMBOL: "_c_int00"  address: 0031feed


MEMORY CONFIGURATION

         name            origin    length      used     unused   attr    fill
----------------------  --------  ---------  --------  --------  ----  --------
PAGE 0:
  ZONE0                 00004000   00001000  00000800  00000800  RWIX
  RAML0                 00008000   00004800  00003f90  00000870  RWIX
  FLASHH                00300000   00008000  00000000  00008000  RWIX
  FLASHG                00308000   00008000  00000000  00008000  RWIX
  FLASHF                00310000   00008000  00000000  00008000  RWIX
  FLASHD                00318000   00010000  00008180  00007e80  RWIX
  FLASHC                00328000   00008000  00000000  00008000  RWIX
  FLASHA                00338000   00007f80  00000efb  00007085  RWIX
  CSM_RSVD              0033ff80   00000076  00000000  00000076  RWIX
  BEGIN                 0033fff6   00000002  00000002  00000000  RWIX
  CSM_PWL               0033fff8   00000008  00000000  00000008  RWIX
  ADC_CAL               00380080   00000009  00000007  00000002  RWIX
  OTP                   00380400   00000400  00000000  00000400  RWIX
  IQTABLES              003fe000   00000b50  00000000  00000b50  RWIX
  IQTABLES2             003feb50   0000008c  00000000  0000008c  RWIX
  FPUTABLES             003febdc   000006a0  000006a0  00000000  RWIX
  ROM                   003ff27c   00000d44  00000000  00000d44  RWIX
  RESET                 003fffc0   00000002  00000000  00000002  RWIX
  VECTORS               003fffc2   0000003e  00000000  0000003e  RWIX

PAGE 1:
  BOOT_RSVD             00000000   00000050  00000000  00000050  RWIX
  RAMM0                 00000050   000003b0  00000000  000003b0  RWIX
  RAMM1                 00000400   00000400  00000400  00000000  RWIX
  DEV_EMU               00000880   00000180  000000d0  000000b0  RWIX
  FLASH_REGS            00000a80   00000060  00000008  00000058  RWIX
  CSM                   00000ae0   00000010  00000010  00000000  RWIX
  ADC_MIRROR            00000b00   00000010  00000010  00000000  RWIX
  XINTF                 00000b20   00000020  0000001e  00000002  RWIX
  CPU_TIMER0            00000c00   00000008  00000008  00000000  RWIX
  CPU_TIMER1            00000c08   00000008  00000008  00000000  RWIX
  CPU_TIMER2            00000c10   00000008  00000008  00000000  RWIX
  PIE_CTRL              00000ce0   00000020  0000001a  00000006  RWIX
  PIE_VECT              00000d00   00000100  00000100  00000000  RWIX
  DMA                   00001000   00000200  000000e0  00000120  RWIX
  MCBSPA                00005000   00000040  00000025  0000001b  RWIX
  MCBSPB                00005040   00000040  00000025  0000001b  RWIX
  ECANA                 00006000   00000040  00000034  0000000c  RWIX
  ECANA_LAM             00006040   00000040  00000040  00000000  RWIX
  ECANA_MOTS            00006080   00000040  00000040  00000000  RWIX
  ECANA_MOTO            000060c0   00000040  00000040  00000000  RWIX
  ECANA_MBOX            00006100   00000100  00000100  00000000  RWIX
  ECANB                 00006200   00000040  00000034  0000000c  RWIX
  ECANB_LAM             00006240   00000040  00000040  00000000  RWIX
  ECANB_MOTS            00006280   00000040  00000040  00000000  RWIX
  ECANB_MOTO            000062c0   00000040  00000040  00000000  RWIX
  ECANB_MBOX            00006300   00000100  00000100  00000000  RWIX
  EPWM1                 00006800   00000022  00000022  00000000  RWIX
  EPWM2                 00006840   00000022  00000022  00000000  RWIX
  EPWM3                 00006880   00000022  00000022  00000000  RWIX
  EPWM4                 000068c0   00000022  00000022  00000000  RWIX
  EPWM5                 00006900   00000022  00000022  00000000  RWIX
  EPWM6                 00006940   00000022  00000022  00000000  RWIX
  ECAP1                 00006a00   00000020  00000020  00000000  RWIX
  ECAP2                 00006a20   00000020  00000020  00000000  RWIX
  ECAP3                 00006a40   00000020  00000020  00000000  RWIX
  ECAP4                 00006a60   00000020  00000020  00000000  RWIX
  ECAP5                 00006a80   00000020  00000020  00000000  RWIX
  ECAP6                 00006aa0   00000020  00000020  00000000  RWIX
  EQEP1                 00006b00   00000040  00000040  00000000  RWIX
  EQEP2                 00006b40   00000040  00000040  00000000  RWIX
  GPIOCTRL              00006f80   00000040  0000002e  00000012  RWIX
  GPIODAT               00006fc0   00000020  00000020  00000000  RWIX
  GPIOINT               00006fe0   00000020  0000000a  00000016  RWIX
  SYSTEM                00007010   00000020  00000020  00000000  RWIX
  SPIA                  00007040   00000010  00000010  00000000  RWIX
  SCIA                  00007050   00000010  00000010  00000000  RWIX
  XINTRUPT              00007070   00000010  00000010  00000000  RWIX
  ADC                   00007100   00000020  0000001e  00000002  RWIX
  SCIB                  00007750   00000010  00000010  00000000  RWIX
  SCIC                  00007770   00000010  00000010  00000000  RWIX
  I2CA                  00007900   00000040  00000022  0000001e  RWIX
  RAML4                 0000c800   00003800  00003154  000006ac  RWIX
  FLASHB                00330000   00008000  00000000  00008000  RWIX
  CSM_PWL               0033fff8   00000008  00000008  00000000  RWIX


SECTION ALLOCATION MAP

 output                                  attributes/
section   page    origin      length       input sections
--------  ----  ----------  ----------   ----------------
.pinit     0    00328000    00000000     UNINITIALIZED

ZONE0DATA 
*          0    00004000    00000800     UNINITIALIZED
                  00004000    00000800     All_Main.obj (ZONE0DATA)

ramfuncs   0    00318000    00003f90     RUN ADDR = 00008000
                  00318000    00000dd8     Core_Vector_Control.obj (ramfuncs)
                  00318dd8    00000cad     Core_Auto_Tuning.obj (ramfuncs)
                  00319a85    00000ba5     Shell_IO.obj (ramfuncs)
                  0031a62a    00000701     Core_Speed_Detection.obj (ramfuncs)
                  0031ad2b    000002f0     Shell_Fault_Processing.obj (ramfuncs)
                  0031b01b    000002ce     Core_ADC_DAC_PWM.obj (ramfuncs)
                  0031b2e9    000002a7     Shell_Communication_SCI.obj (ramfuncs)
                  0031b590    00000294     Shell_Reference_Function.obj (ramfuncs)
                  0031b824    000001de     CH_svgen_dq.obj (ramfuncs)
                  0031ba02    0000019f     All_Interrupt.obj (ramfuncs)
                  0031bba1    00000111     Shell_State_Management.obj (ramfuncs)
                  0031bcb2    000000b6     Core_RealSys_2833x.obj (ramfuncs)
                  0031bd68    000000b1     Shell_ABS_Encoder.obj (ramfuncs)
                  0031be19    000000a6     Core_I2C_EEPROM.obj (ramfuncs)
                  0031bebf    00000072     CH_f280xpwm.obj (ramfuncs)
                  0031bf31    00000040     All_Main.obj (ramfuncs)
                  0031bf71    0000001b     Core_DSP2833x_SysCtrl.obj (ramfuncs)
                  0031bf8c    00000004     Core_DSP2833x_usDelay.obj (ramfuncs)

.text      0    0031bf90    000041f0     
                  0031bf90    0000131b     Shell_Communication.obj (.text)
                  0031d2ab    00000c10     Core_Common_Module.obj (.text)
                  0031debb    00000530     All_Main.obj (.text)
                  0031e3eb    00000495     Core_RealSys_2833x.obj (.text)
                  0031e880    000003b8     Shell_Communication_SCI.obj (.text)
                  0031ec38    00000316     Core_DSP2833x_DefaultIsr.obj (.text)
                  0031ef4e    000002bb     Core_ADC_DAC_PWM.obj (.text)
                  0031f209    0000024a     Core_Gpio_Xintf_Set.obj (.text)
                  0031f453    0000022d     All_Interrupt.obj (.text)
                  0031f680    00000175     Shell_DSP2833x_Mcbsp.obj (.text)
                  0031f7f5    00000141     Shell_IO.obj (.text)
                  0031f936    00000138     abic.obj (.text)
                  0031fa6e    000000f5     Core_DSP2833x_SysCtrl.obj (.text)
                  0031fb63    000000eb     CH_f280xpwm.obj (.text)
                  0031fc4e    000000e6     Core_I2C_RTC.obj (.text)
                  0031fd34    00000087     mb.obj (.text)
                  0031fdbb    00000082     Core_DSP2833x_CpuTimers.obj (.text)
                  0031fe3d    00000061     rts2800_fpu32.lib : log.obj (.text)
                  0031fe9e    0000004f     rts2800_fpu32_fast_supplement.lib : atan2_f32.obj (.text)
                  0031feed    00000046     rts2800_fpu32.lib : boot.obj (.text)
                  0031ff33    00000034     rts2800_fpu32_fast_supplement.lib : cos_f32.obj (.text)
                  0031ff67    00000034                                       : sin_f32.obj (.text)
                  0031ff9b    00000029     Core_I2C_EEPROM.obj (.text)
                  0031ffc4    00000029     Core_Speed_Detection.obj (.text)
                  0031ffed    00000028     Core_DSP2833x_PieCtrl.obj (.text)
                  00320015    00000026     Shell_Fault_Processing.obj (.text)
                  0032003b    00000026     crc.obj (.text)
                  00320061    00000021     rts2800_fpu32.lib : memcpy_ff.obj (.text)
                  00320082    00000021     rts2800_fpu32_fast_supplement.lib : sqrt_f32.obj (.text)
                  003200a3    00000020     Core_DSP2833x_PieVect.obj (.text)
                  003200c3    00000020     rts2800_fpu32.lib : strncpy.obj (.text)
                  003200e3    0000001b                       : args_main.obj (.text)
                  003200fe    00000019                       : exit.obj (.text)
                  00320117    00000019     rts2800_fpu32_fast_supplement.lib : div_f32.obj (.text)
                  00320130    00000017     Core_DSP2833x_MemCopy.obj (.text)
                  00320147    00000016     rts2800_fpu32.lib : frexp.obj (.text)
                  0032015d    0000000b                       : u_div.obj (.text)
                  00320168    00000009                       : _lock.obj (.text)
                  00320171    00000008     Core_DSP2833x_CodeStartBranch.obj (.text)
                  00320179    00000007     rts2800_fpu32.lib : memset.obj (.text)

.cinit     0    00338000    00000953     
                  00338000    000003d6     All_Main.obj (.cinit)
                  003383d6    00000258     Core_Auto_Tuning.obj (.cinit)
                  0033862e    000000bd     abic.obj (.cinit)
                  003386eb    0000009b     Core_Speed_Detection.obj (.cinit)
                  00338786    00000080     Core_Vector_Control.obj (.cinit)
                  00338806    0000004c     Shell_Communication_SCI.obj (.cinit)
                  00338852    00000040     Shell_IO.obj (.cinit)
                  00338892    00000035     Shell_Reference_Function.obj (.cinit)
                  003388c7    0000002a     Core_RealSys_2833x.obj (.cinit)
                  003388f1    00000027     All_Interrupt.obj (.cinit)
                  00338918    0000001d     Shell_Fault_Processing.obj (.cinit)
                  00338935    0000000a     rts2800_fpu32.lib : _lock.obj (.cinit)
                  0033893f    0000000a                       : exit.obj (.cinit)
                  00338949    00000004     Shell_Communication.obj (.cinit)
                  0033894d    00000004     rts2800_fpu32.lib : errno.obj (.cinit)
                  00338951    00000002     --HOLE-- [fill = 0]

.econst    0    00338954    00000324     
                  00338954    00000100     Core_DSP2833x_PieVect.obj (.econst)
                  00338a54    00000100     crc.obj (.econst:_abCrcHi)
                  00338b54    00000100     crc.obj (.econst:_abCrcLo)
                  00338c54    0000000d     Shell_Communication_SCI.obj (.econst:.string)
                  00338c61    00000001     --HOLE-- [fill = 0]
                  00338c62    0000000b     Shell_Fault_Processing.obj (.econst:.string)
                  00338c6d    00000001     --HOLE-- [fill = 0]
                  00338c6e    0000000a     Core_RealSys_2833x.obj (.econst:.string)

.switch    0    00338c78    00000284     
                  00338c78    000001e8     Shell_Communication.obj (.switch)
                  00338e60    0000005c     Shell_IO.obj (.switch)
                  00338ebc    00000040     Core_Common_Module.obj (.switch)

codestart 
*          0    0033fff6    00000002     
                  0033fff6    00000002     Core_DSP2833x_CodeStartBranch.obj (codestart)

.adc_cal   0    00380080    00000007     NOLOAD SECTION
                  00380080    00000007     Core_DSP2833x_ADC_cal.obj (.adc_cal)

FPUmathTables 
*          0    003febdc    000006a0     NOLOAD SECTION
                  003febdc    000006a0     rts2800_fpu32_fast_supplement.lib : FPUmathTables.obj (FPUmathTables)

.reset     0    003fffc0    00000002     DSECT
                  003fffc0    00000002     rts2800_fpu32.lib : boot.obj (.reset)

vectors    0    003fffc2    00000000     DSECT

.stack     1    00000400    00000400     UNINITIALIZED
                  00000400    00000400     --HOLE--

DevEmuRegsFile 
*          1    00000880    000000d0     UNINITIALIZED
                  00000880    000000d0     Core_DSP2833x_GlobalVariableDefs.obj (DevEmuRegsFile)

FlashRegsFile 
*          1    00000a80    00000008     UNINITIALIZED
                  00000a80    00000008     Core_DSP2833x_GlobalVariableDefs.obj (FlashRegsFile)

CsmRegsFile 
*          1    00000ae0    00000010     UNINITIALIZED
                  00000ae0    00000010     Core_DSP2833x_GlobalVariableDefs.obj (CsmRegsFile)

AdcMirrorFile 
*          1    00000b00    00000010     UNINITIALIZED
                  00000b00    00000010     Core_DSP2833x_GlobalVariableDefs.obj (AdcMirrorFile)

XintfRegsFile 
*          1    00000b20    0000001e     UNINITIALIZED
                  00000b20    0000001e     Core_DSP2833x_GlobalVariableDefs.obj (XintfRegsFile)

CpuTimer0RegsFile 
*          1    00000c00    00000008     UNINITIALIZED
                  00000c00    00000008     Core_DSP2833x_GlobalVariableDefs.obj (CpuTimer0RegsFile)

CpuTimer1RegsFile 
*          1    00000c08    00000008     UNINITIALIZED
                  00000c08    00000008     Core_DSP2833x_GlobalVariableDefs.obj (CpuTimer1RegsFile)

CpuTimer2RegsFile 
*          1    00000c10    00000008     UNINITIALIZED
                  00000c10    00000008     Core_DSP2833x_GlobalVariableDefs.obj (CpuTimer2RegsFile)

PieCtrlRegsFile 
*          1    00000ce0    0000001a     UNINITIALIZED
                  00000ce0    0000001a     Core_DSP2833x_GlobalVariableDefs.obj (PieCtrlRegsFile)

PieVectTableFile 
*          1    00000d00    00000100     UNINITIALIZED
                  00000d00    00000100     Core_DSP2833x_GlobalVariableDefs.obj (PieVectTableFile)

DmaRegsFile 
*          1    00001000    000000e0     UNINITIALIZED
                  00001000    000000e0     Core_DSP2833x_GlobalVariableDefs.obj (DmaRegsFile)

McbspaRegsFile 
*          1    00005000    00000025     UNINITIALIZED
                  00005000    00000025     Core_DSP2833x_GlobalVariableDefs.obj (McbspaRegsFile)

McbspbRegsFile 
*          1    00005040    00000025     UNINITIALIZED
                  00005040    00000025     Core_DSP2833x_GlobalVariableDefs.obj (McbspbRegsFile)

ECanaRegsFile 
*          1    00006000    00000034     UNINITIALIZED
                  00006000    00000034     Core_DSP2833x_GlobalVariableDefs.obj (ECanaRegsFile)

ECanaLAMRegsFile 
*          1    00006040    00000040     UNINITIALIZED
                  00006040    00000040     Core_DSP2833x_GlobalVariableDefs.obj (ECanaLAMRegsFile)

ECanaMOTSRegsFile 
*          1    00006080    00000040     UNINITIALIZED
                  00006080    00000040     Core_DSP2833x_GlobalVariableDefs.obj (ECanaMOTSRegsFile)

ECanaMOTORegsFile 
*          1    000060c0    00000040     UNINITIALIZED
                  000060c0    00000040     Core_DSP2833x_GlobalVariableDefs.obj (ECanaMOTORegsFile)

ECanaMboxesFile 
*          1    00006100    00000100     UNINITIALIZED
                  00006100    00000100     Core_DSP2833x_GlobalVariableDefs.obj (ECanaMboxesFile)

ECanbRegsFile 
*          1    00006200    00000034     UNINITIALIZED
                  00006200    00000034     Core_DSP2833x_GlobalVariableDefs.obj (ECanbRegsFile)

ECanbLAMRegsFile 
*          1    00006240    00000040     UNINITIALIZED
                  00006240    00000040     Core_DSP2833x_GlobalVariableDefs.obj (ECanbLAMRegsFile)

ECanbMOTSRegsFile 
*          1    00006280    00000040     UNINITIALIZED
                  00006280    00000040     Core_DSP2833x_GlobalVariableDefs.obj (ECanbMOTSRegsFile)

ECanbMOTORegsFile 
*          1    000062c0    00000040     UNINITIALIZED
                  000062c0    00000040     Core_DSP2833x_GlobalVariableDefs.obj (ECanbMOTORegsFile)

ECanbMboxesFile 
*          1    00006300    00000100     UNINITIALIZED
                  00006300    00000100     Core_DSP2833x_GlobalVariableDefs.obj (ECanbMboxesFile)

EPwm1RegsFile 
*          1    00006800    00000022     UNINITIALIZED
                  00006800    00000022     Core_DSP2833x_GlobalVariableDefs.obj (EPwm1RegsFile)

EPwm2RegsFile 
*          1    00006840    00000022     UNINITIALIZED
                  00006840    00000022     Core_DSP2833x_GlobalVariableDefs.obj (EPwm2RegsFile)

EPwm3RegsFile 
*          1    00006880    00000022     UNINITIALIZED
                  00006880    00000022     Core_DSP2833x_GlobalVariableDefs.obj (EPwm3RegsFile)

EPwm4RegsFile 
*          1    000068c0    00000022     UNINITIALIZED
                  000068c0    00000022     Core_DSP2833x_GlobalVariableDefs.obj (EPwm4RegsFile)

EPwm5RegsFile 
*          1    00006900    00000022     UNINITIALIZED
                  00006900    00000022     Core_DSP2833x_GlobalVariableDefs.obj (EPwm5RegsFile)

EPwm6RegsFile 
*          1    00006940    00000022     UNINITIALIZED
                  00006940    00000022     Core_DSP2833x_GlobalVariableDefs.obj (EPwm6RegsFile)

ECap1RegsFile 
*          1    00006a00    00000020     UNINITIALIZED
                  00006a00    00000020     Core_DSP2833x_GlobalVariableDefs.obj (ECap1RegsFile)

ECap2RegsFile 
*          1    00006a20    00000020     UNINITIALIZED
                  00006a20    00000020     Core_DSP2833x_GlobalVariableDefs.obj (ECap2RegsFile)

ECap3RegsFile 
*          1    00006a40    00000020     UNINITIALIZED
                  00006a40    00000020     Core_DSP2833x_GlobalVariableDefs.obj (ECap3RegsFile)

ECap4RegsFile 
*          1    00006a60    00000020     UNINITIALIZED
                  00006a60    00000020     Core_DSP2833x_GlobalVariableDefs.obj (ECap4RegsFile)

ECap5RegsFile 
*          1    00006a80    00000020     UNINITIALIZED
                  00006a80    00000020     Core_DSP2833x_GlobalVariableDefs.obj (ECap5RegsFile)

ECap6RegsFile 
*          1    00006aa0    00000020     UNINITIALIZED
                  00006aa0    00000020     Core_DSP2833x_GlobalVariableDefs.obj (ECap6RegsFile)

EQep1RegsFile 
*          1    00006b00    00000040     UNINITIALIZED
                  00006b00    00000040     Core_DSP2833x_GlobalVariableDefs.obj (EQep1RegsFile)

EQep2RegsFile 
*          1    00006b40    00000040     UNINITIALIZED
                  00006b40    00000040     Core_DSP2833x_GlobalVariableDefs.obj (EQep2RegsFile)

GpioCtrlRegsFile 
*          1    00006f80    0000002e     UNINITIALIZED
                  00006f80    0000002e     Core_DSP2833x_GlobalVariableDefs.obj (GpioCtrlRegsFile)

GpioDataRegsFile 
*          1    00006fc0    00000020     UNINITIALIZED
                  00006fc0    00000020     Core_DSP2833x_GlobalVariableDefs.obj (GpioDataRegsFile)

GpioIntRegsFile 
*          1    00006fe0    0000000a     UNINITIALIZED
                  00006fe0    0000000a     Core_DSP2833x_GlobalVariableDefs.obj (GpioIntRegsFile)

SysCtrlRegsFile 
*          1    00007010    00000020     UNINITIALIZED
                  00007010    00000020     Core_DSP2833x_GlobalVariableDefs.obj (SysCtrlRegsFile)

SpiaRegsFile 
*          1    00007040    00000010     UNINITIALIZED
                  00007040    00000010     Core_DSP2833x_GlobalVariableDefs.obj (SpiaRegsFile)

SciaRegsFile 
*          1    00007050    00000010     UNINITIALIZED
                  00007050    00000010     Core_DSP2833x_GlobalVariableDefs.obj (SciaRegsFile)

XIntruptRegsFile 
*          1    00007070    00000010     UNINITIALIZED
                  00007070    00000010     Core_DSP2833x_GlobalVariableDefs.obj (XIntruptRegsFile)

AdcRegsFile 
*          1    00007100    0000001e     UNINITIALIZED
                  00007100    0000001e     Core_DSP2833x_GlobalVariableDefs.obj (AdcRegsFile)

ScibRegsFile 
*          1    00007750    00000010     UNINITIALIZED
                  00007750    00000010     Core_DSP2833x_GlobalVariableDefs.obj (ScibRegsFile)

ScicRegsFile 
*          1    00007770    00000010     UNINITIALIZED
                  00007770    00000010     Core_DSP2833x_GlobalVariableDefs.obj (ScicRegsFile)

I2caRegsFile 
*          1    00007900    00000022     UNINITIALIZED
                  00007900    00000022     Core_DSP2833x_GlobalVariableDefs.obj (I2caRegsFile)

.ebss      1    0000c800    00003154     UNINITIALIZED
                  0000c800    00002d88     All_Main.obj (.ebss)
                  0000f588    0000002c     Shell_Communication_SCI.obj (.ebss)
                  0000f5b4    0000000c     All_Interrupt.obj (.ebss)
                  0000f5c0    00000180     Core_Auto_Tuning.obj (.ebss)
                  0000f740    0000009e     abic.obj (.ebss)
                  0000f7de    00000022     Core_ADC_DAC_PWM.obj (.ebss)
                  0000f800    00000073     Core_RealSys_2833x.obj (.ebss)
                  0000f873    00000001     Shell_Communication.obj (.ebss)
                  0000f874    00000008     Shell_Fault_Processing.obj (.ebss)
                  0000f87c    00000004     mb.obj (.ebss)
                  0000f880    0000003e     Core_Speed_Detection.obj (.ebss)
                  0000f8be    00000001     rts2800_fpu32.lib : errno.obj (.ebss)
                  0000f8bf    00000001     --HOLE--
                  0000f8c0    0000003c     Core_Vector_Control.obj (.ebss)
                  0000f8fc    00000004     rts2800_fpu32.lib : _lock.obj (.ebss)
                  0000f900    0000001a     Shell_IO.obj (.ebss)
                  0000f91a    00000018     Core_DSP2833x_CpuTimers.obj (.ebss)
                  0000f932    00000007     Core_I2C_RTC.obj (.ebss)
                  0000f939    00000001     --HOLE--
                  0000f93a    00000004     rts2800_fpu32.lib : exit.obj (.ebss)
                  0000f93e    00000002     --HOLE--
                  0000f940    00000014     Shell_Reference_Function.obj (.ebss)

CsmPwlFile 
*          1    0033fff8    00000008     UNINITIALIZED
                  0033fff8    00000008     Core_DSP2833x_GlobalVariableDefs.obj (CsmPwlFile)


GLOBAL SYMBOLS: SORTED ALPHABETICALLY BY Name 

address    name
--------   ----
0031bf90   .text
003200fe   C$$EXIT
00320117   FS$$DIV
0032015d   U$$DIV
00320162   U$$MOD
0000f65e   _A0
0000f65c   _A1
0000f652   _A2
0031f936   _ABIC_AutoBaud
0031f950   _ABIC_NormalMode
0031f96f   _ABIC_ReadOutData
0031fa3a   _ABIC_WriteInData
0031ed1e   _ADCINT_ISR
00380080   _ADC_cal
0031f8a6   _AI_Processing
00009ecd   _AO_Processing
0000c8c2   _Accel_time
0000c8be   _Accel_time_Auto_tuning
00000b00   _AdcMirror
00007100   _AdcRegs
0000c807   _Adc_AIN_3
0000c808   _Adc_AIN_4
0000c816   _Adc_AIN_5
0000c82b   _Adc_AIN_I1
0000c809   _Adc_AIN_I2
0000c82c   _Adc_AIN_V1
0000c80c   _Adc_AIN_V2
0000c80a   _Adc_Temperature
0000c82d   _Adc_Uphase
0000c80b   _Adc_Vclass
0000c82e   _Adc_Vdc
0000c828   _Adc_Vphase
0000c829   _Adc_Wphase
00008dd8   _Auto_Tuning
00009180   _Auto_Tuning_China
0000c81d   _Auto_tuning_index
0000f656   _B1
0000f654   _B2
0000bdea   _BinaryToDecimal
0000c8e8   _Bm
0000f66e   _C1
0000f670   _C2
0000e840   _CAN_Registers
0000f904   _CH1_COUNT_AT_0MA
0000f912   _CH1_COUNT_AT_0V
0000f910   _CH1_COUNT_AT_10V
0000f906   _CH1_COUNT_AT_20MA
0000f902   _CH1_COUNT_AT_4MA
0000f916   _CH2_COUNT_AT_0MA
0000f908   _CH2_COUNT_AT_0V
0000f918   _CH2_COUNT_AT_10V
0000f90a   _CH2_COUNT_AT_20MA
0000f914   _CH2_COUNT_AT_4MA
0000c834   _CRC
0031ea1d   _CRC_16
0031fc4e   _Change_I2C_RTC
0000c819   _Command
0000f58c   _Communication_Fault_Cnt
0000f597   _Communication_Fault_Flag
0031fe02   _ConfigCpuTimer
0000c84a   _Continuous_OL_current
0000c862   _Cos_Theta
0000c86e   _Cos_Theta_vtg
0000f92a   _CpuTimer0
00000c00   _CpuTimer0Regs
0000f91a   _CpuTimer1
00000c08   _CpuTimer1Regs
0000f922   _CpuTimer2
00000c10   _CpuTimer2Regs
0033fff8   _CsmPwl
00000ae0   _CsmRegs
0031fb32   _CsmUnlock
0000850f   _Current_Controller
0000c88a   _DA1
0000c87e   _DA1_offset
0000c88c   _DA1_rng
0000c87c   _DA2
0000c880   _DA2_offset
0000c882   _DA2_rng
0000c884   _DA3
0000c872   _DA3_offset
0000c874   _DA3_rng
0000c878   _DA4
0000c87a   _DA4_offset
0000c876   _DA4_rng
0031ec4c   _DATALOG_ISR
0031f597   _DB_Controller
0031ee40   _DINTCH1_ISR
0031ee4a   _DINTCH2_ISR
0031ee54   _DINTCH3_ISR
0031ee5e   _DINTCH4_ISR
0031ee68   _DINTCH5_ISR
0031ee72   _DINTCH6_ISR
00009b54   _DI_Function
0031f7f6   _DI_Processing
0000bf8c   _DSP28x_usDelay
0000cd40   _Data_Registers
0000c8c4   _Decel_time
0000c8c0   _Decel_time_Auto_tuning
0000bd68   _DecimalToBinary
00000880   _DevEmuRegs
0000f596   _Device_type
0031fa81   _DisableDog
00001000   _DmaRegs
0000c908   _Drive_Power_kW
0031f453   _Driver_Calibration
0000c824   _Driver_ON
0000c81f   _Dummy_comm
0000c980   _DutyCount
0031eecc   _ECAN0INTA_ISR
0031eee0   _ECAN0INTB_ISR
0031eed6   _ECAN1INTA_ISR
0031eeea   _ECAN1INTB_ISR
0031edb4   _ECAP1_INT_ISR
0031edbe   _ECAP2_INT_ISR
0031edc8   _ECAP3_INT_ISR
0031edd2   _ECAP4_INT_ISR
0031eddc   _ECAP5_INT_ISR
0031ede6   _ECAP6_INT_ISR
00006040   _ECanaLAMRegs
000060c0   _ECanaMOTORegs
00006080   _ECanaMOTSRegs
00006100   _ECanaMboxes
00006000   _ECanaRegs
00006240   _ECanbLAMRegs
000062c0   _ECanbMOTORegs
00006280   _ECanbMOTSRegs
00006300   _ECanbMboxes
00006200   _ECanbRegs
00006a00   _ECap1Regs
00006a20   _ECap2Regs
00006a40   _ECap3Regs
00006a60   _ECap4Regs
00006a80   _ECap5Regs
00006aa0   _ECap6Regs
0031ec60   _EMUINT_ISR
0031ed78   _EPWM1_INT_ISR
0031ed3c   _EPWM1_TZINT_ISR
0031ed82   _EPWM2_INT_ISR
0031ed46   _EPWM2_TZINT_ISR
0031ed8c   _EPWM3_INT_ISR
0031ed50   _EPWM3_TZINT_ISR
0031ed96   _EPWM4_INT_ISR
0031ed5a   _EPWM4_TZINT_ISR
0031eda0   _EPWM5_INT_ISR
0031ed64   _EPWM5_TZINT_ISR
0031edaa   _EPWM6_INT_ISR
0031ed6e   _EPWM6_TZINT_ISR
0031efe5   _EPWM_Initialization
0031f142   _EPWM_Initialization_Online
00006800   _EPwm1Regs
00006840   _EPwm2Regs
00006880   _EPwm3Regs
000068c0   _EPwm4Regs
00006900   _EPwm5Regs
00006940   _EPwm6Regs
0000c822   _EPwmPeriodCount
0031edf0   _EQEP1_INT_ISR
0031edfa   _EQEP2_INT_ISR
0031ffc4   _EQEP_Initialization
00006b00   _EQep1Regs
00006b40   _EQep2Regs
0032000c   _EnableInterrupts
0031e2d9   _F28335PowerOnSet
0031fb63   _F2833X_PWM_Init
0000bebf   _F2833X_PWM_Update
003ff0de   _FPUatan2HalfPITable
003ff0e2   _FPUatan2Table
003ff268   _FPUatan2TableEnd
003fecdc   _FPUcosTable
003ff0de   _FPUcosTableEnd
003febdc   _FPUsinTable
003fefdc   _FPUsinTableEnd
0000cb00   _FaultInfo
0000aee8   _Fault_Check_1Sampling
0000afb0   _Fault_Check_4Sampling
0000ad2b   _Fault_Processing
00320015   _Fault_Recording
0000c831   _Fault_count
000089ef   _Field_Weakening
0031f917   _Fieldbus_Processing
0000c896   _Final_reference
0000c988   _Flag
00000a80   _FlashRegs
00008b45   _Flux_Controller
00008102   _Flux_Estimation
0000c827   _Flux_build_up
0000c94c   _Freq_Fst
0032003b   _GenerateCrc
0000a180   _GetAnalogRef
0000b01b   _GetSensorValue
00009a85   _Get_Command
00006f80   _GpioCtrlRegs
00006fc0   _GpioDataRegs
00006fe0   _GpioIntRegs
0000bd96   _GrayToBinary
0000f64c   _Hui
0031ee7c   _I2CINT1A_ISR
0031ee86   _I2CINT2A_ISR
0031ff9b   _I2C_EEPROM_Initialization
00007900   _I2caRegs
0000c8b8   _IGBT_current
0031ec74   _ILLEGAL_ISR
0031ec38   _INT13_ISR
0031ec42   _INT14_ISR
0000c888   _I_DT
0000f64a   _I_rated
0000c96a   _I_scale
0000c96c   _Ias
0000c95a   _Ias_offset
0000c976   _Ias_ref
0000c97a   _Ibs
0000c954   _Ibs_offset
0000c966   _Ibs_ref
0000c974   _Ics
0000c968   _Ics_ref
0000c95c   _Idse
0000c97e   _Idse_ref
0000c96e   _Idse_ref_max
0000c956   _Idss
0000c978   _Idss_ref
0000c838   _InOutAddr
0031ef4e   _InitAdc
0031fdbb   _InitCpuTimers
0000bf71   _InitFlash
0031f209   _InitGpio
0031f680   _InitMcbsp
0031f769   _InitMcbspGpio
0031f685   _InitMcbspa
0031f6f4   _InitMcbspa12bit
0031f6ff   _InitMcbspa16bit
0031f70a   _InitMcbspa20bit
0031f715   _InitMcbspa24bit
0031f720   _InitMcbspa32bit
0031f6ed   _InitMcbspa8bit
0031f76e   _InitMcbspaGpio
0031f6c1   _InitMcbspb
0031f732   _InitMcbspb12bit
0031f73d   _InitMcbspb16bit
0031f748   _InitMcbspb20bit
0031f753   _InitMcbspb24bit
0031f75e   _InitMcbspb32bit
0031f72b   _InitMcbspb8bit
0031f796   _InitMcbspbGpio
0031fad7   _InitPeripheralClocks
0031ffed   _InitPieCtrl
003200a3   _InitPieVectTable
0031fa89   _InitPll
0031fa6e   _InitSysCtrl
0031f3f4   _InitXintf
0031f41d   _InitXintf16Gpio
0000c89a   _Init_reference
0000c89c   _Init_reference_Auto_tuning
0000c91e   _Input_power_x10_kW
0000c848   _Interrupt_time_max
0000c95e   _Iqse
0000c926   _Iqse_max_fw
0000c970   _Iqse_ref
0000c928   _Iqse_ref_max
0000c958   _Iqss
0000c97c   _Iqss_ref
0000c960   _Is_mag
0000c962   _Is_mag_rms
0000c964   _Is_max
0000c8e2   _Jm
0000c8f8   _Jm_est
0000c91a   _K_CM1
0000c948   _K_CM2
0000c94a   _K_fw1
0000c944   _K_fw2
0000c85a   _Ka_cc
0000c938   _Ka_fc
0000c940   _Ka_sc
0000c952   _Ki_Fst
0000c85c   _Ki_cc
0000c936   _Ki_fc
0000c93e   _Ki_sc
0000c858   _Kob_sd
0000c950   _Kp_Fst
0000c93c   _Kp_cc
0000c942   _Kp_fc
0000c934   _Kp_sc
0000c8de   _Kt
0000c860   _L1_sp_est
0000c85e   _L2_sp_est
0000c854   _L3_sp_est
0000c852   _L3_sp_tmp
0000c922   _LAMdre
0000c90a   _LAMdre_cm
0000c924   _LAMdre_flt
0000c8ea   _LAMdre_rate
0000c8d4   _LAMdre_ref
0000c8a0   _LAMdrs
0000c8ce   _LAMdrs_cm
0000c8a4   _LAMdrs_vm
0000c8f4   _LAMqre
0000c8aa   _LAMqrs
0000c8a2   _LAMqrs_cm
0000c89e   _LAMqrs_vm
0000a161   _LPF1
0031ef30   _LUF_ISR
0031ef26   _LVF_ISR
0000c8d2   _Llr
0000c8d0   _Lls
0000c8e0   _Lm
0000c900   _Lm0
0031f8b7   _Local_Processing
0000c8d6   _Lr
0000c8dc   _Ls
0000c906   _Ls0
0000c8e6   _Lsigma
0000f67e   _M
0000f67c   _M1
0031fd42   _MB_SendRecModbusMessage
0000f87d   _MB_bCRCCounter
0000f87c   _MB_bTimeOutCounter
0000f87e   _MB_iTimeOutTime
0031ee2c   _MRINTA_ISR
0031ee18   _MRINTB_ISR
0031ee36   _MXINTA_ISR
0031ee22   _MXINTB_ISR
0000ba02   _MainPWM
0000c84c   _Main_counter
0031f633   _Mcbsp_RxINTA_ISR
0031f61e   _Mcbsp_TxINTA_ISR
00005000   _McbspaRegs
00005040   _McbspbRegs
00320130   _MemCopy
00009d97   _Multi_Step_Processing
0031ec6a   _NMI_ISR
0000f64e   _NN
0031debb   _Nop
0000c80d   _Number_of_turns
0000c81a   _Number_of_turns_buf
0000c84e   _OC_trip_value
0000c850   _OL_limit
0000c983   _OP
0000c918   _Output_power_x10_kW
0000cc80   _P
0031ef3a   _PIE_RESERVED
0000c835   _PPR
0031dd3c   _PWM_Frequency_Update
0000b2a4   _PWM_ON_OFF
0000c823   _PWM_frequency_old
0031d5d8   _Parameter_Initialization
0031d2ab   _Parameter_Initialization_by_Power
0000c890   _Period_SD
00000ce0   _PieCtrlRegs
00000d00   _PieVectTable
00338954   _PieVectTableInit
0000c8ee   _Pole_pair
00008d41   _Position_Controller
0031ec56   _RTOSINT_ISR
0031bf90   _RamfuncsLoadEnd
00318000   _RamfuncsLoadStart
00008000   _RamfuncsRunStart
0000f742   _ReadDoneFlag
0000f740   _ReadStep
0031bf90   _Read_Data_Registers
0000be50   _Read_EEPROM_Data
0031fc88   _Read_RTC_Data
0031fd0a   _Read_Time
0031fc57   _Recover_I2C_EEPROM
0000b590   _Reference_Function
0000c8e4   _Rr
0000c972   _Rs
0000c904   _Rs0
0000f598   _RxAddr
0000f59b   _RxBuf
0000f592   _RxCRC
0000f59a   _RxData
0000f599   _RxType
0000c81b   _Rx_index
0031ea41   _SCIC_Process
0031eea4   _SCIRXINTA_ISR
0031eeb8   _SCIRXINTB_ISR
0031ee90   _SCIRXINTC_ISR
0031eeae   _SCITXINTA_ISR
0031eec2   _SCITXINTB_ISR
0031ee9a   _SCITXINTC_ISR
0000dac0   _SCI_Registers
0000f591   _SCI_TxOffset
0031ec19   _SD_CharReceived
0031ec23   _SD_GetChar
0031ecf6   _SEQ1INT_ISR
0031ed00   _SEQ2INT_ISR
0031ee04   _SPIRXINTA_ISR
0031ee0e   _SPITXINTA_ISR
00008707   _SVPWM
0000f58b   _SciC_RxFlag
0000f588   _SciC_RxStep
0000f58a   _SciC_TxFlag
00007050   _SciaRegs
00007750   _ScibRegs
00007770   _ScicRegs
0031fa77   _ServiceDog
0031fcbc   _Set_InitialTime
0000c868   _Sin_Theta
0000c864   _Sin_Theta_vtg
00008c0a   _Speed_Controller
0000a62a   _Speed_Detection
0000a977   _Speed_Detection_ABS
00007040   _SpiaRegs
0000c826   _State_Index
0000bba1   _State_Management
0000c815   _Steps_buf1
0000c817   _Steps_buf2
0000c812   _Steps_per_turn
0000c818   _Steps_per_turn_buf
00007010   _SysCtrlRegs
0031d6d8   _System_Variable_Initialization
0031dac2   _System_Variable_Update
0000f674   _T
0031ed28   _TINT0_ISR
0031fd34   _TM_StartTimer
0031fd39   _TM_TimeOut
0000c866   _T_dead_Tuning
0000f678   _Td
0000c870   _Te
0000c8fa   _Te_rate
0000c902   _Temp_HHH1
0000c90c   _Temp_HHH2
0000c90e   _Temp_HHH3
0031f17b   _Temperature_Calculation
0000c825   _Temperature_x10
0000c856   _Theta
0000c86a   _Theta_ref
0000c86c   _Thetar
0000c8f2   _Tl_est
0000f672   _Toff
0000f676   _Ton
0000c8da   _Tr
0000c8ac   _Tsamp
0000c8a8   _Tsamp_CC
0000c88e   _Tsamp_FC
0000c892   _Tsamp_SC
0000c894   _Tsamp_SD
0000c8a6   _Tsamp_VF
0000c81e   _Tx_count_1s
0000c821   _Tx_count_25ms
0000c81c   _Tx_index
0031ecd8   _USER10_ISR
0031ece2   _USER11_ISR
0031ecec   _USER12_ISR
0031ec7e   _USER1_ISR
0031ec88   _USER2_ISR
0031ec92   _USER3_ISR
0031ec9c   _USER4_ISR
0031eca6   _USER5_ISR
0031ecb0   _USER6_ISR
0031ecba   _USER7_ISR
0031ecc4   _USER8_ISR
0031ecce   _USER9_ISR
00008000   _VF_Controller
0000f680   _Vd
0000c8ca   _Vdc
0000c8cc   _Vdc_max
0000c8bc   _Vdse_ref
0000c8b2   _Vdse_ref_fb
0000c8fc   _Vdss
0000c8b0   _Vdss_ref
0000c8c6   _Vdss_ref_old
0000c820   _Voltage_class
0000c8b6   _Vqse_ref
0000c8b4   _Vqse_ref_fb
0000c8ae   _Vqse_ref_integ
0000c8fe   _Vqss
0000c8ba   _Vqss_ref
0000c8c8   _Vqss_ref_old
0000f67a   _Vs
0031ed32   _WAKEINT_ISR
0000f686   _Wc
0000c946   _Wc_Fst
0000c93a   _Wc_cc
0000c94e   _Wc_fc
0000c932   _Wc_sc
0000c92a   _We
0000bea4   _Word_Read_data
0000be8a   _Word_Write_data
0000c92c   _Wr
0000f741   _WriteDoneFlag
0000f743   _WriteStep
0031c990   _Write_Data_Registers_Offline
0031c865   _Write_Data_Registers_Online
0000be19   _Write_EEPROM_Data
0031fc60   _Write_RTC_Data
0031fcdf   _Write_Time
0000c910   _Wrm_det
0000c91c   _Wrm_det_flt
0000c8f6   _Wrpm_ABS
0000c912   _Wrpm_det
0000c8f0   _Wrpm_est
0000c914   _Wrpm_fw1
0000c916   _Wrpm_fw2
0000c8d8   _Wrpm_max
0000c920   _Wrpm_ref
0000c898   _Wrpm_scale
0031ed0a   _XINT1_ISR
0031ed14   _XINT2_ISR
0031eef4   _XINT3_ISR
0031eefe   _XINT4_ISR
0031ef08   _XINT5_ISR
0031ef12   _XINT6_ISR
0031ef1c   _XINT7_ISR
00007070   _XIntruptRegs
00000b20   _XintfRegs
00004000   _ZONE0_BUF
00000800   __STACK_END
00000400   __STACK_SIZE
00000001   __TI_args_main
ffffffff   ___binit__
ffffffff   ___c_args__
00338000   ___cinit__
00320180   ___etext__
00320061   ___memcpy_ff
ffffffff   ___pinit__
0031bf90   ___text__
003200e3   __args_main
0000f93a   __cleanup_ptr
0000f93c   __dtors_ptr
0000f8fe   __lock
00320170   __nop
0032016c   __register_lock
00320168   __register_unlock
00000400   __stack
0000f8fc   __unlock
0000f682   _a0
0000f65a   _a1
0000f658   _a2
0000f74d   _abCheckRequest
00338a54   _abCrcHi
00338b54   _abCrcLo
0000c886   _abInData
0000c845   _abOutData
0000f780   _abReadRequest
0000f767   _abReadResponse
0000f796   _abReadSendBuffer
0000f78b   _abRequest
0000f75d   _abResponse
0000f747   _abSetRequest
0000f771   _abWriteRequest
0000f753   _abWriteResponse
0000f7c0   _abWriteSendBuffer
003200fe   _abort
0000c80e   _abs_position
0031e3eb   _asc2hex
0031fe9e   _atan2
0000f745   _bReadSize
0000c9a0   _bin
0031feed   _c_int00
0000cc00   _canInData
0000cb80   _canOutData
0000f594   _cccc
0000c839   _check_baud
0031f7d4   _clkg_delay_loop
0031ff33   _cos
0000bf31   _cpu_timer1_isr
0000f5c1   _cs
0000f5c0   _cs_count
0000f589   _datascib
0000f801   _debug_cnt
0000f808   _debug_rd_addr
0000f80a   _debug_rd_addr_tmp
0000f800   _debug_state
0000f802   _debug_sum
0000f803   _debug_sum_temp
0000f840   _debug_tx_buf
0000f805   _debug_tx_end
0000f807   _debug_tx_pos
0000f80c   _debug_wr_addr
0000f80e   _debug_wr_data
0000f806   _debug_wr_size
0000f804   _debug_wr_sum_flag
0000f7e0   _deg_Dac
0000f7df   _deg_sDacTmp
0031f7be   _delay_loop
0000b201   _dev_BackgroundDAC
0031efad   _dev_DacSetup
0031efc5   _dev_InitDACVariable
0000b16f   _dev_SendDAC
0031f870   _digital_out_proc
0031f842   _digital_port_check
0031f7f5   _driver_enable_proc
0000f8be   _errno
0000f648   _exciting_step
00320100   _exit
0000c92e   _freq_vf
0000c930   _freq_vf_set
00320147   _frexp
0000c9b0   _g2b
0000c80f   _gNum
0031e402   _hex2asc
0000f5c3   _identify_offline
0000c8ec   _inv_Jm
0000c803   _inv_rdata1
0000c814   _inv_rdata2
0000c83b   _kk
0000f593   _kkkk
00009e92   _linear_eq
0031fe3d   _log
0031debe   _main
000099f2   _matrix_multiplic
00009a46   _matrix_subtract
0031f7ea   _mcbsp_xmit
00320179   _memset
0000f650   _predict_weight
0000c992   _pwm1
0000c801   _rdata1
0000c806   _rdata2
0000c804   _result1
0000f590   _rrrr
0031ef44   _rsvd_ISR
0000f58f   _rx_cnt
0000c805   _rx_complete
0000c800   _rx_int
0031e847   _sci_debug_init
0000bcfa   _scia_rx_isr
0000bcb2   _scia_tx_isr
0031e8f7   _scib_TxChar
0031e903   _scib_TxString
0031e880   _scib_init
0031e971   _scib_putc
0031e9be   _scib_puts
0000cac0   _scib_rx_buf
0000b336   _scib_rx_isr
0000c841   _scib_rxd
0000ca80   _scib_tx_buf
0000c830   _scib_tx_end
0000b2e9   _scib_tx_isr
0000c82f   _scib_tx_pos
0031e927   _scib_tx_start
0031e90f   _scic_TxChar
0031e91b   _scic_TxString
0031e8be   _scic_init
0031e9a9   _scic_putc
0031e9d9   _scic_puts
0000ca40   _scic_rx_buf
0000b3a9   _scic_rx_isr
0000c82a   _scic_rxd
0031e9f4   _scic_test
0000ca00   _scic_tx_buf
0000c833   _scic_tx_end
0000b35c   _scic_tx_isr
0000c832   _scic_tx_pos
0031e94c   _scic_tx_start
0000f5a4   _sd_s
0031ff67   _sin
00320082   _sqrt
0000be07   _square
0031e556   _state0_proc
0031e6be   _state1_proc
0031e6db   _state2_proc
0031e74e   _state3_proc
0031e766   _state4_proc
0031e787   _state5_proc
0031e7b6   _state6_proc
0031e7ce   _state7_proc
003200c3   _strncpy
0000c9c0   _svgen_dq1
0000b824   _svgendq_calc
0000c844   _t_cnt0
0000f744   _tcnt
0000c813   _test1
0000c83e   _test10
0000c83a   _test11
0000c836   _test12
0000c810   _test2
0000c811   _test3
0000c840   _test4
0000c843   _test5
0000c842   _test6
0000c83d   _test7
0000c83c   _test8
0000c83f   _test9
0000f932   _time
0000f746   _tt
0000f58e   _tttt
0000f58d   _tx_cnt
0000c802   _tx_complete
0031e429   _write_txbuf_asc
0031e43e   _write_txbuf_byte
0031e4b8   _write_txbuf_long
0031e40e   _write_txbuf_string
0031e468   _write_txbuf_word
0000c837   _zzzz
ffffffff   binit
00338000   cinit
0033fff6   code_start
00320180   etext
ffffffff   pinit


GLOBAL SYMBOLS: SORTED BY Symbol Address 

address    name
--------   ----
00000001   __TI_args_main
00000400   __STACK_SIZE
00000400   __stack
00000800   __STACK_END
00000880   _DevEmuRegs
00000a80   _FlashRegs
00000ae0   _CsmRegs
00000b00   _AdcMirror
00000b20   _XintfRegs
00000c00   _CpuTimer0Regs
00000c08   _CpuTimer1Regs
00000c10   _CpuTimer2Regs
00000ce0   _PieCtrlRegs
00000d00   _PieVectTable
00001000   _DmaRegs
00004000   _ZONE0_BUF
00005000   _McbspaRegs
00005040   _McbspbRegs
00006000   _ECanaRegs
00006040   _ECanaLAMRegs
00006080   _ECanaMOTSRegs
000060c0   _ECanaMOTORegs
00006100   _ECanaMboxes
00006200   _ECanbRegs
00006240   _ECanbLAMRegs
00006280   _ECanbMOTSRegs
000062c0   _ECanbMOTORegs
00006300   _ECanbMboxes
00006800   _EPwm1Regs
00006840   _EPwm2Regs
00006880   _EPwm3Regs
000068c0   _EPwm4Regs
00006900   _EPwm5Regs
00006940   _EPwm6Regs
00006a00   _ECap1Regs
00006a20   _ECap2Regs
00006a40   _ECap3Regs
00006a60   _ECap4Regs
00006a80   _ECap5Regs
00006aa0   _ECap6Regs
00006b00   _EQep1Regs
00006b40   _EQep2Regs
00006f80   _GpioCtrlRegs
00006fc0   _GpioDataRegs
00006fe0   _GpioIntRegs
00007010   _SysCtrlRegs
00007040   _SpiaRegs
00007050   _SciaRegs
00007070   _XIntruptRegs
00007100   _AdcRegs
00007750   _ScibRegs
00007770   _ScicRegs
00007900   _I2caRegs
00008000   _RamfuncsRunStart
00008000   _VF_Controller
00008102   _Flux_Estimation
0000850f   _Current_Controller
00008707   _SVPWM
000089ef   _Field_Weakening
00008b45   _Flux_Controller
00008c0a   _Speed_Controller
00008d41   _Position_Controller
00008dd8   _Auto_Tuning
00009180   _Auto_Tuning_China
000099f2   _matrix_multiplic
00009a46   _matrix_subtract
00009a85   _Get_Command
00009b54   _DI_Function
00009d97   _Multi_Step_Processing
00009e92   _linear_eq
00009ecd   _AO_Processing
0000a161   _LPF1
0000a180   _GetAnalogRef
0000a62a   _Speed_Detection
0000a977   _Speed_Detection_ABS
0000ad2b   _Fault_Processing
0000aee8   _Fault_Check_1Sampling
0000afb0   _Fault_Check_4Sampling
0000b01b   _GetSensorValue
0000b16f   _dev_SendDAC
0000b201   _dev_BackgroundDAC
0000b2a4   _PWM_ON_OFF
0000b2e9   _scib_tx_isr
0000b336   _scib_rx_isr
0000b35c   _scic_tx_isr
0000b3a9   _scic_rx_isr
0000b590   _Reference_Function
0000b824   _svgendq_calc
0000ba02   _MainPWM
0000bba1   _State_Management
0000bcb2   _scia_tx_isr
0000bcfa   _scia_rx_isr
0000bd68   _DecimalToBinary
0000bd96   _GrayToBinary
0000bdea   _BinaryToDecimal
0000be07   _square
0000be19   _Write_EEPROM_Data
0000be50   _Read_EEPROM_Data
0000be8a   _Word_Write_data
0000bea4   _Word_Read_data
0000bebf   _F2833X_PWM_Update
0000bf31   _cpu_timer1_isr
0000bf71   _InitFlash
0000bf8c   _DSP28x_usDelay
0000c800   _rx_int
0000c801   _rdata1
0000c802   _tx_complete
0000c803   _inv_rdata1
0000c804   _result1
0000c805   _rx_complete
0000c806   _rdata2
0000c807   _Adc_AIN_3
0000c808   _Adc_AIN_4
0000c809   _Adc_AIN_I2
0000c80a   _Adc_Temperature
0000c80b   _Adc_Vclass
0000c80c   _Adc_AIN_V2
0000c80d   _Number_of_turns
0000c80e   _abs_position
0000c80f   _gNum
0000c810   _test2
0000c811   _test3
0000c812   _Steps_per_turn
0000c813   _test1
0000c814   _inv_rdata2
0000c815   _Steps_buf1
0000c816   _Adc_AIN_5
0000c817   _Steps_buf2
0000c818   _Steps_per_turn_buf
0000c819   _Command
0000c81a   _Number_of_turns_buf
0000c81b   _Rx_index
0000c81c   _Tx_index
0000c81d   _Auto_tuning_index
0000c81e   _Tx_count_1s
0000c81f   _Dummy_comm
0000c820   _Voltage_class
0000c821   _Tx_count_25ms
0000c822   _EPwmPeriodCount
0000c823   _PWM_frequency_old
0000c824   _Driver_ON
0000c825   _Temperature_x10
0000c826   _State_Index
0000c827   _Flux_build_up
0000c828   _Adc_Vphase
0000c829   _Adc_Wphase
0000c82a   _scic_rxd
0000c82b   _Adc_AIN_I1
0000c82c   _Adc_AIN_V1
0000c82d   _Adc_Uphase
0000c82e   _Adc_Vdc
0000c82f   _scib_tx_pos
0000c830   _scib_tx_end
0000c831   _Fault_count
0000c832   _scic_tx_pos
0000c833   _scic_tx_end
0000c834   _CRC
0000c835   _PPR
0000c836   _test12
0000c837   _zzzz
0000c838   _InOutAddr
0000c839   _check_baud
0000c83a   _test11
0000c83b   _kk
0000c83c   _test8
0000c83d   _test7
0000c83e   _test10
0000c83f   _test9
0000c840   _test4
0000c841   _scib_rxd
0000c842   _test6
0000c843   _test5
0000c844   _t_cnt0
0000c845   _abOutData
0000c848   _Interrupt_time_max
0000c84a   _Continuous_OL_current
0000c84c   _Main_counter
0000c84e   _OC_trip_value
0000c850   _OL_limit
0000c852   _L3_sp_tmp
0000c854   _L3_sp_est
0000c856   _Theta
0000c858   _Kob_sd
0000c85a   _Ka_cc
0000c85c   _Ki_cc
0000c85e   _L2_sp_est
0000c860   _L1_sp_est
0000c862   _Cos_Theta
0000c864   _Sin_Theta_vtg
0000c866   _T_dead_Tuning
0000c868   _Sin_Theta
0000c86a   _Theta_ref
0000c86c   _Thetar
0000c86e   _Cos_Theta_vtg
0000c870   _Te
0000c872   _DA3_offset
0000c874   _DA3_rng
0000c876   _DA4_rng
0000c878   _DA4
0000c87a   _DA4_offset
0000c87c   _DA2
0000c87e   _DA1_offset
0000c880   _DA2_offset
0000c882   _DA2_rng
0000c884   _DA3
0000c886   _abInData
0000c888   _I_DT
0000c88a   _DA1
0000c88c   _DA1_rng
0000c88e   _Tsamp_FC
0000c890   _Period_SD
0000c892   _Tsamp_SC
0000c894   _Tsamp_SD
0000c896   _Final_reference
0000c898   _Wrpm_scale
0000c89a   _Init_reference
0000c89c   _Init_reference_Auto_tuning
0000c89e   _LAMqrs_vm
0000c8a0   _LAMdrs
0000c8a2   _LAMqrs_cm
0000c8a4   _LAMdrs_vm
0000c8a6   _Tsamp_VF
0000c8a8   _Tsamp_CC
0000c8aa   _LAMqrs
0000c8ac   _Tsamp
0000c8ae   _Vqse_ref_integ
0000c8b0   _Vdss_ref
0000c8b2   _Vdse_ref_fb
0000c8b4   _Vqse_ref_fb
0000c8b6   _Vqse_ref
0000c8b8   _IGBT_current
0000c8ba   _Vqss_ref
0000c8bc   _Vdse_ref
0000c8be   _Accel_time_Auto_tuning
0000c8c0   _Decel_time_Auto_tuning
0000c8c2   _Accel_time
0000c8c4   _Decel_time
0000c8c6   _Vdss_ref_old
0000c8c8   _Vqss_ref_old
0000c8ca   _Vdc
0000c8cc   _Vdc_max
0000c8ce   _LAMdrs_cm
0000c8d0   _Lls
0000c8d2   _Llr
0000c8d4   _LAMdre_ref
0000c8d6   _Lr
0000c8d8   _Wrpm_max
0000c8da   _Tr
0000c8dc   _Ls
0000c8de   _Kt
0000c8e0   _Lm
0000c8e2   _Jm
0000c8e4   _Rr
0000c8e6   _Lsigma
0000c8e8   _Bm
0000c8ea   _LAMdre_rate
0000c8ec   _inv_Jm
0000c8ee   _Pole_pair
0000c8f0   _Wrpm_est
0000c8f2   _Tl_est
0000c8f4   _LAMqre
0000c8f6   _Wrpm_ABS
0000c8f8   _Jm_est
0000c8fa   _Te_rate
0000c8fc   _Vdss
0000c8fe   _Vqss
0000c900   _Lm0
0000c902   _Temp_HHH1
0000c904   _Rs0
0000c906   _Ls0
0000c908   _Drive_Power_kW
0000c90a   _LAMdre_cm
0000c90c   _Temp_HHH2
0000c90e   _Temp_HHH3
0000c910   _Wrm_det
0000c912   _Wrpm_det
0000c914   _Wrpm_fw1
0000c916   _Wrpm_fw2
0000c918   _Output_power_x10_kW
0000c91a   _K_CM1
0000c91c   _Wrm_det_flt
0000c91e   _Input_power_x10_kW
0000c920   _Wrpm_ref
0000c922   _LAMdre
0000c924   _LAMdre_flt
0000c926   _Iqse_max_fw
0000c928   _Iqse_ref_max
0000c92a   _We
0000c92c   _Wr
0000c92e   _freq_vf
0000c930   _freq_vf_set
0000c932   _Wc_sc
0000c934   _Kp_sc
0000c936   _Ki_fc
0000c938   _Ka_fc
0000c93a   _Wc_cc
0000c93c   _Kp_cc
0000c93e   _Ki_sc
0000c940   _Ka_sc
0000c942   _Kp_fc
0000c944   _K_fw2
0000c946   _Wc_Fst
0000c948   _K_CM2
0000c94a   _K_fw1
0000c94c   _Freq_Fst
0000c94e   _Wc_fc
0000c950   _Kp_Fst
0000c952   _Ki_Fst
0000c954   _Ibs_offset
0000c956   _Idss
0000c958   _Iqss
0000c95a   _Ias_offset
0000c95c   _Idse
0000c95e   _Iqse
0000c960   _Is_mag
0000c962   _Is_mag_rms
0000c964   _Is_max
0000c966   _Ibs_ref
0000c968   _Ics_ref
0000c96a   _I_scale
0000c96c   _Ias
0000c96e   _Idse_ref_max
0000c970   _Iqse_ref
0000c972   _Rs
0000c974   _Ics
0000c976   _Ias_ref
0000c978   _Idss_ref
0000c97a   _Ibs
0000c97c   _Iqss_ref
0000c97e   _Idse_ref
0000c980   _DutyCount
0000c983   _OP
0000c988   _Flag
0000c992   _pwm1
0000c9a0   _bin
0000c9b0   _g2b
0000c9c0   _svgen_dq1
0000ca00   _scic_tx_buf
0000ca40   _scic_rx_buf
0000ca80   _scib_tx_buf
0000cac0   _scib_rx_buf
0000cb00   _FaultInfo
0000cb80   _canOutData
0000cc00   _canInData
0000cc80   _P
0000cd40   _Data_Registers
0000dac0   _SCI_Registers
0000e840   _CAN_Registers
0000f588   _SciC_RxStep
0000f589   _datascib
0000f58a   _SciC_TxFlag
0000f58b   _SciC_RxFlag
0000f58c   _Communication_Fault_Cnt
0000f58d   _tx_cnt
0000f58e   _tttt
0000f58f   _rx_cnt
0000f590   _rrrr
0000f591   _SCI_TxOffset
0000f592   _RxCRC
0000f593   _kkkk
0000f594   _cccc
0000f596   _Device_type
0000f597   _Communication_Fault_Flag
0000f598   _RxAddr
0000f599   _RxType
0000f59a   _RxData
0000f59b   _RxBuf
0000f5a4   _sd_s
0000f5c0   _cs_count
0000f5c1   _cs
0000f5c3   _identify_offline
0000f648   _exciting_step
0000f64a   _I_rated
0000f64c   _Hui
0000f64e   _NN
0000f650   _predict_weight
0000f652   _A2
0000f654   _B2
0000f656   _B1
0000f658   _a2
0000f65a   _a1
0000f65c   _A1
0000f65e   _A0
0000f66e   _C1
0000f670   _C2
0000f672   _Toff
0000f674   _T
0000f676   _Ton
0000f678   _Td
0000f67a   _Vs
0000f67c   _M1
0000f67e   _M
0000f680   _Vd
0000f682   _a0
0000f686   _Wc
0000f740   _ReadStep
0000f741   _WriteDoneFlag
0000f742   _ReadDoneFlag
0000f743   _WriteStep
0000f744   _tcnt
0000f745   _bReadSize
0000f746   _tt
0000f747   _abSetRequest
0000f74d   _abCheckRequest
0000f753   _abWriteResponse
0000f75d   _abResponse
0000f767   _abReadResponse
0000f771   _abWriteRequest
0000f780   _abReadRequest
0000f78b   _abRequest
0000f796   _abReadSendBuffer
0000f7c0   _abWriteSendBuffer
0000f7df   _deg_sDacTmp
0000f7e0   _deg_Dac
0000f800   _debug_state
0000f801   _debug_cnt
0000f802   _debug_sum
0000f803   _debug_sum_temp
0000f804   _debug_wr_sum_flag
0000f805   _debug_tx_end
0000f806   _debug_wr_size
0000f807   _debug_tx_pos
0000f808   _debug_rd_addr
0000f80a   _debug_rd_addr_tmp
0000f80c   _debug_wr_addr
0000f80e   _debug_wr_data
0000f840   _debug_tx_buf
0000f87c   _MB_bTimeOutCounter
0000f87d   _MB_bCRCCounter
0000f87e   _MB_iTimeOutTime
0000f8be   _errno
0000f8fc   __unlock
0000f8fe   __lock
0000f902   _CH1_COUNT_AT_4MA
0000f904   _CH1_COUNT_AT_0MA
0000f906   _CH1_COUNT_AT_20MA
0000f908   _CH2_COUNT_AT_0V
0000f90a   _CH2_COUNT_AT_20MA
0000f910   _CH1_COUNT_AT_10V
0000f912   _CH1_COUNT_AT_0V
0000f914   _CH2_COUNT_AT_4MA
0000f916   _CH2_COUNT_AT_0MA
0000f918   _CH2_COUNT_AT_10V
0000f91a   _CpuTimer1
0000f922   _CpuTimer2
0000f92a   _CpuTimer0
0000f932   _time
0000f93a   __cleanup_ptr
0000f93c   __dtors_ptr
00318000   _RamfuncsLoadStart
0031bf90   .text
0031bf90   _RamfuncsLoadEnd
0031bf90   _Read_Data_Registers
0031bf90   ___text__
0031c865   _Write_Data_Registers_Online
0031c990   _Write_Data_Registers_Offline
0031d2ab   _Parameter_Initialization_by_Power
0031d5d8   _Parameter_Initialization
0031d6d8   _System_Variable_Initialization
0031dac2   _System_Variable_Update
0031dd3c   _PWM_Frequency_Update
0031debb   _Nop
0031debe   _main
0031e2d9   _F28335PowerOnSet
0031e3eb   _asc2hex
0031e402   _hex2asc
0031e40e   _write_txbuf_string
0031e429   _write_txbuf_asc
0031e43e   _write_txbuf_byte
0031e468   _write_txbuf_word
0031e4b8   _write_txbuf_long
0031e556   _state0_proc
0031e6be   _state1_proc
0031e6db   _state2_proc
0031e74e   _state3_proc
0031e766   _state4_proc
0031e787   _state5_proc
0031e7b6   _state6_proc
0031e7ce   _state7_proc
0031e847   _sci_debug_init
0031e880   _scib_init
0031e8be   _scic_init
0031e8f7   _scib_TxChar
0031e903   _scib_TxString
0031e90f   _scic_TxChar
0031e91b   _scic_TxString
0031e927   _scib_tx_start
0031e94c   _scic_tx_start
0031e971   _scib_putc
0031e9a9   _scic_putc
0031e9be   _scib_puts
0031e9d9   _scic_puts
0031e9f4   _scic_test
0031ea1d   _CRC_16
0031ea41   _SCIC_Process
0031ec19   _SD_CharReceived
0031ec23   _SD_GetChar
0031ec38   _INT13_ISR
0031ec42   _INT14_ISR
0031ec4c   _DATALOG_ISR
0031ec56   _RTOSINT_ISR
0031ec60   _EMUINT_ISR
0031ec6a   _NMI_ISR
0031ec74   _ILLEGAL_ISR
0031ec7e   _USER1_ISR
0031ec88   _USER2_ISR
0031ec92   _USER3_ISR
0031ec9c   _USER4_ISR
0031eca6   _USER5_ISR
0031ecb0   _USER6_ISR
0031ecba   _USER7_ISR
0031ecc4   _USER8_ISR
0031ecce   _USER9_ISR
0031ecd8   _USER10_ISR
0031ece2   _USER11_ISR
0031ecec   _USER12_ISR
0031ecf6   _SEQ1INT_ISR
0031ed00   _SEQ2INT_ISR
0031ed0a   _XINT1_ISR
0031ed14   _XINT2_ISR
0031ed1e   _ADCINT_ISR
0031ed28   _TINT0_ISR
0031ed32   _WAKEINT_ISR
0031ed3c   _EPWM1_TZINT_ISR
0031ed46   _EPWM2_TZINT_ISR
0031ed50   _EPWM3_TZINT_ISR
0031ed5a   _EPWM4_TZINT_ISR
0031ed64   _EPWM5_TZINT_ISR
0031ed6e   _EPWM6_TZINT_ISR
0031ed78   _EPWM1_INT_ISR
0031ed82   _EPWM2_INT_ISR
0031ed8c   _EPWM3_INT_ISR
0031ed96   _EPWM4_INT_ISR
0031eda0   _EPWM5_INT_ISR
0031edaa   _EPWM6_INT_ISR
0031edb4   _ECAP1_INT_ISR
0031edbe   _ECAP2_INT_ISR
0031edc8   _ECAP3_INT_ISR
0031edd2   _ECAP4_INT_ISR
0031eddc   _ECAP5_INT_ISR
0031ede6   _ECAP6_INT_ISR
0031edf0   _EQEP1_INT_ISR
0031edfa   _EQEP2_INT_ISR
0031ee04   _SPIRXINTA_ISR
0031ee0e   _SPITXINTA_ISR
0031ee18   _MRINTB_ISR
0031ee22   _MXINTB_ISR
0031ee2c   _MRINTA_ISR
0031ee36   _MXINTA_ISR
0031ee40   _DINTCH1_ISR
0031ee4a   _DINTCH2_ISR
0031ee54   _DINTCH3_ISR
0031ee5e   _DINTCH4_ISR
0031ee68   _DINTCH5_ISR
0031ee72   _DINTCH6_ISR
0031ee7c   _I2CINT1A_ISR
0031ee86   _I2CINT2A_ISR
0031ee90   _SCIRXINTC_ISR
0031ee9a   _SCITXINTC_ISR
0031eea4   _SCIRXINTA_ISR
0031eeae   _SCITXINTA_ISR
0031eeb8   _SCIRXINTB_ISR
0031eec2   _SCITXINTB_ISR
0031eecc   _ECAN0INTA_ISR
0031eed6   _ECAN1INTA_ISR
0031eee0   _ECAN0INTB_ISR
0031eeea   _ECAN1INTB_ISR
0031eef4   _XINT3_ISR
0031eefe   _XINT4_ISR
0031ef08   _XINT5_ISR
0031ef12   _XINT6_ISR
0031ef1c   _XINT7_ISR
0031ef26   _LVF_ISR
0031ef30   _LUF_ISR
0031ef3a   _PIE_RESERVED
0031ef44   _rsvd_ISR
0031ef4e   _InitAdc
0031efad   _dev_DacSetup
0031efc5   _dev_InitDACVariable
0031efe5   _EPWM_Initialization
0031f142   _EPWM_Initialization_Online
0031f17b   _Temperature_Calculation
0031f209   _InitGpio
0031f3f4   _InitXintf
0031f41d   _InitXintf16Gpio
0031f453   _Driver_Calibration
0031f597   _DB_Controller
0031f61e   _Mcbsp_TxINTA_ISR
0031f633   _Mcbsp_RxINTA_ISR
0031f680   _InitMcbsp
0031f685   _InitMcbspa
0031f6c1   _InitMcbspb
0031f6ed   _InitMcbspa8bit
0031f6f4   _InitMcbspa12bit
0031f6ff   _InitMcbspa16bit
0031f70a   _InitMcbspa20bit
0031f715   _InitMcbspa24bit
0031f720   _InitMcbspa32bit
0031f72b   _InitMcbspb8bit
0031f732   _InitMcbspb12bit
0031f73d   _InitMcbspb16bit
0031f748   _InitMcbspb20bit
0031f753   _InitMcbspb24bit
0031f75e   _InitMcbspb32bit
0031f769   _InitMcbspGpio
0031f76e   _InitMcbspaGpio
0031f796   _InitMcbspbGpio
0031f7be   _delay_loop
0031f7d4   _clkg_delay_loop
0031f7ea   _mcbsp_xmit
0031f7f5   _driver_enable_proc
0031f7f6   _DI_Processing
0031f842   _digital_port_check
0031f870   _digital_out_proc
0031f8a6   _AI_Processing
0031f8b7   _Local_Processing
0031f917   _Fieldbus_Processing
0031f936   _ABIC_AutoBaud
0031f950   _ABIC_NormalMode
0031f96f   _ABIC_ReadOutData
0031fa3a   _ABIC_WriteInData
0031fa6e   _InitSysCtrl
0031fa77   _ServiceDog
0031fa81   _DisableDog
0031fa89   _InitPll
0031fad7   _InitPeripheralClocks
0031fb32   _CsmUnlock
0031fb63   _F2833X_PWM_Init
0031fc4e   _Change_I2C_RTC
0031fc57   _Recover_I2C_EEPROM
0031fc60   _Write_RTC_Data
0031fc88   _Read_RTC_Data
0031fcbc   _Set_InitialTime
0031fcdf   _Write_Time
0031fd0a   _Read_Time
0031fd34   _TM_StartTimer
0031fd39   _TM_TimeOut
0031fd42   _MB_SendRecModbusMessage
0031fdbb   _InitCpuTimers
0031fe02   _ConfigCpuTimer
0031fe3d   _log
0031fe9e   _atan2
0031feed   _c_int00
0031ff33   _cos
0031ff67   _sin
0031ff9b   _I2C_EEPROM_Initialization
0031ffc4   _EQEP_Initialization
0031ffed   _InitPieCtrl
0032000c   _EnableInterrupts
00320015   _Fault_Recording
0032003b   _GenerateCrc
00320061   ___memcpy_ff
00320082   _sqrt
003200a3   _InitPieVectTable
003200c3   _strncpy
003200e3   __args_main
003200fe   C$$EXIT
003200fe   _abort
00320100   _exit
00320117   FS$$DIV
00320130   _MemCopy
00320147   _frexp
0032015d   U$$DIV
00320162   U$$MOD
00320168   __register_unlock
0032016c   __register_lock
00320170   __nop
00320179   _memset
00320180   ___etext__
00320180   etext
00338000   ___cinit__
00338000   cinit
00338954   _PieVectTableInit
00338a54   _abCrcHi
00338b54   _abCrcLo
0033fff6   code_start
0033fff8   _CsmPwl
00380080   _ADC_cal
003febdc   _FPUsinTable
003fecdc   _FPUcosTable
003fefdc   _FPUsinTableEnd
003ff0de   _FPUatan2HalfPITable
003ff0de   _FPUcosTableEnd
003ff0e2   _FPUatan2Table
003ff268   _FPUatan2TableEnd
ffffffff   ___binit__
ffffffff   ___c_args__
ffffffff   ___pinit__
ffffffff   binit
ffffffff   pinit

[690 symbols]
