###############################################################################
#                                                                             #
# IAR C/C++ Compiler V5.30.0.50166/W32 for Atmel AVR    28/Jul/2011  20:45:27 #
# Copyright 1996-2009 IAR Systems AB.                                         #
#                                                                             #
#    Source file  =  C:\work\KEYPAD335_110727_HHH\source\mcu\key.c            #
#    Command line =  C:\work\KEYPAD335_110727_HHH\source\mcu\key.c            #
#                    --cpu=m2560 -ms -o C:\work\KEYPAD335_110727_HHH\Debug\Ob #
#                    j\ -lC C:\work\KEYPAD335_110727_HHH\Debug\List\ -lA      #
#                    C:\work\KEYPAD335_110727_HHH\Debug\List\ -y              #
#                    --initializers_in_flash -z3 --no_cse --no_inline         #
#                    --no_code_motion --no_cross_call --no_clustering         #
#                    --no_tbaa --debug --enable_external_bus                  #
#                    -DENABLE_BIT_DEFINITIONS -e --enable_multibytes -I       #
#                    "C:\Program Files\IAR Systems\Embedded Workbench         #
#                    5.3\avr\INC\" -I "C:\Program Files\IAR Systems\Embedded  #
#                    Workbench 5.3\avr\INC\CLIB\" --eeprom_size 4096          #
#    List file    =  C:\work\KEYPAD335_110727_HHH\Debug\List\key.lst          #
#    Object file  =  C:\work\KEYPAD335_110727_HHH\Debug\Obj\key.r90           #
#                                                                             #
#                                                                             #
###############################################################################

C:\work\KEYPAD335_110727_HHH\source\mcu\key.c
      1          //====================================================
      2          //
      3          // Copyright(C) 2008 HanYoung ELEC. Co., LTD.
      4          // Designed by Paul B.H Park(idonno2000)
      5          //
      6          //
      7          //	filename : key.c
      8          //	description : Key or Ir or interrupt Input state
      9          //
     10          //	history : - frist designed at 2008-05-28 4:02¿ÀÈÄ
     11          //
     12          //====================================================
     13          
     14          //#include <avr/io.h>
     15          //#include <util/delay.h>
     16          
     17          #include <inavr.h>
     18          #include <iom2560.h>

   \                                 In  segment ABSOLUTE, at 0x106
   \   <__C63> volatile __ext_io _A_PINK
   \                     _A_PINK:
   \   00000000                      DS8 1

   \                                 In  segment ABSOLUTE, at 0x103
   \   <__C72> volatile __ext_io _A_PINJ
   \                     _A_PINJ:
   \   00000000                      DS8 1
     19          
     20          #include "key.h"
     21          
     22          #include "debug_printf.h"
     23          
     24          

   \                                 In  segment NEAR_I, align 1, keep-with-next
   \   00000000                      REQUIRE `?<Segment init: NEAR_I>`
     25          unsigned char key_signal_A=0xFF;
   \                     key_signal_A:
   \   00000000                      DS8 1
   \   00000001                      REQUIRE `?<Initializer for key_signal_A>`

   \                                 In  segment NEAR_I, align 1, keep-with-next
   \   00000000                      REQUIRE `?<Segment init: NEAR_I>`
     26          unsigned char key_signal_B=0xFF;
   \                     key_signal_B:
   \   00000000                      DS8 1
   \   00000001                      REQUIRE `?<Initializer for key_signal_B>`

   \                                 In  segment NEAR_I, align 1, keep-with-next
   \   00000000                      REQUIRE `?<Segment init: NEAR_I>`
     27          unsigned int key_data = 0xFF;
   \                     key_data:
   \   00000000                      DS8 2
   \   00000002                      REQUIRE `?<Initializer for key_data>`

   \                                 In  segment NEAR_Z, align 1, keep-with-next
   \   00000000                      REQUIRE `?<Segment init: NEAR_Z>`
     28          unsigned int 	key_press_time=0;
   \                     key_press_time:
   \   00000000                      DS8 2
     29          

   \                                 In  segment NEAR_Z, align 1, keep-with-next
   \   00000000                      REQUIRE `?<Segment init: NEAR_Z>`
     30          unsigned char LongKeyFlag=0;
   \                     LongKeyFlag:
   \   00000000                      DS8 1
     31          

   \                                 In  segment NEAR_Z, align 1, keep-with-next
   \   00000000                      REQUIRE `?<Segment init: NEAR_Z>`
     32          KEY KeyState;
   \                     KeyState:
   \   00000000                      DS8 3
     33          

   \                                 In  segment FARCODE, align 2, keep-with-next
     34          void KeyInit(void)
   \                     KeyInit:
     35          {
   \   00000000                      REQUIRE __RSTACK_in_external_ram_new_way
     36          	//ADCSRA = 0xA5;
     37          	//ADCSRB = 0x08;
     38          	//ADMUX = 0x60;
     39          	//_delay_ms(500); 
     40          	//ADCSRA = 0xE5;
     41          	//_delay_ms(100); 
     42          	
     43          
     44          	KeyState.KeyValue = 0xFF;
   \   00000000   EF0F               LDI     R16, 255
   \   00000002   9300....           STS     KeyState, R16
     45          	KeyState.LongKeyFlag = 0;
   \   00000006   E000               LDI     R16, 0
   \   00000008   9300....           STS     (KeyState + 1), R16
     46          
     47          }
   \   0000000C   9508               RET
     48          

   \                                 In  segment FARCODE, align 2, keep-with-next
     49          void KeyProc(void)
   \                     KeyProc:
     50          {
   \   00000000                      REQUIRE __RSTACK_in_external_ram_new_way
     51          	//KeyState.KeyValue = RX3_char();
     52          
     53          	KeyState.KeyValue = KeyScan();
   \   00000000   ....               RCALL   KeyScan
   \   00000002   9300....           STS     KeyState, R16
     54          	KeyState.LongKeyFlag = LongKeyFlag;
   \   00000006   9100....           LDS     R16, LongKeyFlag
   \   0000000A   9300....           STS     (KeyState + 1), R16
     55          }
   \   0000000E   9508               RET
     56          

   \                                 In  segment FARCODE, align 2, keep-with-next
     57          unsigned int KeyScan(void)
   \                     KeyScan:
     58          {
   \   00000000                      REQUIRE __RSTACK_in_external_ram_new_way
     59          	unsigned char key_output=0xFF;
   \   00000000   EF0F               LDI     R16, 255
     60          	unsigned int key = 0xFFFF;
   \   00000002   EF2F               LDI     R18, 255
   \   00000004   EF3F               LDI     R19, 255
     61                  key = PINK | 0xFE;
   \   00000006   9110....           LDS     R17, _A_PINK
   \   0000000A   2F41               MOV     R20, R17
   \   0000000C   7041               ANDI    R20, 0x01
   \   0000000E   7050               ANDI    R21, 0x00
   \   00000010   6F4E               ORI     R20, 0xFE
   \   00000012   6050               ORI     R21, 0x00
   \   00000014   019A               MOVW    R19:R18, R21:R20
     62          	key = PINJ | (key<<8);
   \   00000016   9160....           LDS     R22, _A_PINJ
   \   0000001A   E070               LDI     R23, 0
   \   0000001C   01A9               MOVW    R21:R20, R19:R18
   \   0000001E   2F54               MOV     R21, R20
   \   00000020   E040               LDI     R20, 0
   \   00000022   019B               MOVW    R19:R18, R23:R22
   \   00000024   2B24               OR      R18, R20
   \   00000026   2B35               OR      R19, R21
     63          
     64          	if(key != 0xFFFF)key_signal_A=0x00;
   \   00000028   3F2F               CPI     R18, 255
   \   0000002A   EF1F               LDI     R17, 255
   \   0000002C   0731               CPC     R19, R17
   \   0000002E   F021               BREQ    ??KeyScan_0
   \   00000030   E010               LDI     R17, 0
   \   00000032   9310....           STS     key_signal_A, R17
   \   00000036   C003               RJMP    ??KeyScan_1
     65          	else key_signal_A=0xFF;
   \                     ??KeyScan_0:
   \   00000038   EF1F               LDI     R17, 255
   \   0000003A   9310....           STS     key_signal_A, R17
     66          	
     67          	if((!key_signal_A)&&(!key_signal_B))//key pressing
   \                     ??KeyScan_1:
   \   0000003E   9110....           LDS     R17, key_signal_A
   \   00000042   2311               TST     R17
   \   00000044   F4B1               BRNE    ??KeyScan_2
   \   00000046   9110....           LDS     R17, key_signal_B
   \   0000004A   2311               TST     R17
   \   0000004C   F491               BRNE    ??KeyScan_2
     68          	{
     69          		//key_press_time++;
     70          		if( key_press_time <= 10 ) key_data = key;
   \   0000004E   91E0....           LDS     R30, key_press_time
   \   00000052   91F0....           LDS     R31, (key_press_time + 1)
   \   00000056   973B               SBIW    R31:R30, 11
   \   00000058   F428               BRCC    ??KeyScan_3
   \   0000005A   9320....           STS     key_data, R18
   \   0000005E   9330....           STS     (key_data + 1), R19
   \   00000062   C04C               RJMP    ??KeyScan_4
     71          		else
     72          		{
     73          			key_press_time = 9;
   \                     ??KeyScan_3:
   \   00000064   E029               LDI     R18, 9
   \   00000066   E030               LDI     R19, 0
   \   00000068   9320....           STS     key_press_time, R18
   \   0000006C   9330....           STS     (key_press_time + 1), R19
   \   00000070   C045               RJMP    ??KeyScan_4
     74          
     75          			//switch(key_data){
     76          				//case 0xFFFD:		key_output = UP;		break;
     77          				//case 0xFF7F:		key_output = DN;		break;
     78          				//case 0xFFDF:		key_output = RIGHT;	break;
     79          				//case 0xFFF7:		key_output = LEFT;	break;
     80          				//case 0xFFFE:		key_output = ESC;		break;
     81          				//case 0xFFFB:		key_output = ENTER;	break;
     82          				//case 0xFFEF:		key_output = MENU;	break;
     83          				//case 0xFFBF:		key_output = RUN;		break;
     84          				//case 0xFEFF:		key_output = STOP;	break;
     85          				//case 0xFEBA:		key_output = 0xFE;	break;
     86          			//	default:			key_output = 0xFF;	break;
     87          			//	}
     88          			
     89          			//LongKeyFlag=1;
     90          			//return key_output;
     91          		}
     92          	}
     93          	else if((!key_signal_A)&&(key_signal_B))// key down edge
   \                     ??KeyScan_2:
   \   00000072   9110....           LDS     R17, key_signal_A
   \   00000076   2311               TST     R17
   \   00000078   F471               BRNE    ??KeyScan_5
   \   0000007A   9110....           LDS     R17, key_signal_B
   \   0000007E   2311               TST     R17
   \   00000080   F051               BREQ    ??KeyScan_5
     94          	{
     95          		key_press_time=0;
   \   00000082   E020               LDI     R18, 0
   \   00000084   E030               LDI     R19, 0
   \   00000086   9320....           STS     key_press_time, R18
   \   0000008A   9330....           STS     (key_press_time + 1), R19
     96          		LongKeyFlag=0;
   \   0000008E   E010               LDI     R17, 0
   \   00000090   9310....           STS     LongKeyFlag, R17
   \   00000094   C033               RJMP    ??KeyScan_4
     97          	}
     98          	else if((key_signal_A)&&(!key_signal_B))// key up edge
   \                     ??KeyScan_5:
   \   00000096   9110....           LDS     R17, key_signal_A
   \   0000009A   2311               TST     R17
   \   0000009C   F161               BREQ    ??KeyScan_6
   \   0000009E   9110....           LDS     R17, key_signal_B
   \   000000A2   2311               TST     R17
   \   000000A4   F541               BRNE    ??KeyScan_6
     99          	{
    100          
    101          		if(!LongKeyFlag)
   \   000000A6   9110....           LDS     R17, LongKeyFlag
   \   000000AA   2311               TST     R17
   \   000000AC   F539               BRNE    ??KeyScan_4
    102          		{
    103          			switch(key_data){
   \   000000AE   9100....           LDS     R16, key_data
   \   000000B2   9110....           LDS     R17, (key_data + 1)
   \   000000B6   ....               LDI     R30, LOW(`?<Jumptable for KeyScan>_0`)
   \   000000B8   ....               LDI     R31, (`?<Jumptable for KeyScan>_0`) >> 16
   \   000000BA   BFFB               OUT     0x3B, R31
   \   000000BC   ....               LDI     R31, HIGH(`?<Jumptable for KeyScan>_0`)
   \   000000BE   ........           JMP     ?SV_SWITCH_L06
    104          				case 0xFFFD:		key_output = UP;		break;
   \                     ??KeyScan_7:
   \   000000C2   E001               LDI     R16, 1
   \   000000C4   C011               RJMP    ??KeyScan_8
    105          				case 0xFF7F:		key_output = DN;		break;
   \                     ??KeyScan_9:
   \   000000C6   E002               LDI     R16, 2
   \   000000C8   C00F               RJMP    ??KeyScan_8
    106          				case 0xFFDF:		key_output = RIGHT;	break;
   \                     ??KeyScan_10:
   \   000000CA   E003               LDI     R16, 3
   \   000000CC   C00D               RJMP    ??KeyScan_8
    107          				case 0xFFF7:		key_output = LEFT;	break;
   \                     ??KeyScan_11:
   \   000000CE   E004               LDI     R16, 4
   \   000000D0   C00B               RJMP    ??KeyScan_8
    108          				case 0xFFFE:		key_output = ESC;		break;
   \                     ??KeyScan_12:
   \   000000D2   E005               LDI     R16, 5
   \   000000D4   C009               RJMP    ??KeyScan_8
    109          				case 0xFFFB:		key_output = ENTER;	break;
   \                     ??KeyScan_13:
   \   000000D6   E006               LDI     R16, 6
   \   000000D8   C007               RJMP    ??KeyScan_8
    110          				case 0xFFEF:		key_output = MENU;	break;
   \                     ??KeyScan_14:
   \   000000DA   E007               LDI     R16, 7
   \   000000DC   C005               RJMP    ??KeyScan_8
    111          				case 0xFFBF:		key_output = RUN;		break;
   \                     ??KeyScan_15:
   \   000000DE   E008               LDI     R16, 8
   \   000000E0   C003               RJMP    ??KeyScan_8
    112          				case 0xFEFF:		key_output = STOP;	break;
   \                     ??KeyScan_16:
   \   000000E2   E009               LDI     R16, 9
   \   000000E4   C001               RJMP    ??KeyScan_8
    113          				default:			key_output = 0xFF;	break;
   \                     ??KeyScan_17:
   \   000000E6   EF0F               LDI     R16, 255
    114          				}
    115          			key_press_time=0;
   \                     ??KeyScan_8:
   \   000000E8   E020               LDI     R18, 0
   \   000000EA   E030               LDI     R19, 0
   \   000000EC   9320....           STS     key_press_time, R18
   \   000000F0   9330....           STS     (key_press_time + 1), R19
   \   000000F4   C003               RJMP    ??KeyScan_4
    116          		}
    117          	//debug_printf("\x1B[2J");
    118          	//debug_printf("0x%02x", key_output );
    119          	}
    120          	else if((key_signal_A)&&(key_signal_B))// key release
   \                     ??KeyScan_6:
   \   000000F6   9110....           LDS     R17, key_signal_A
   \   000000FA   2311               TST     R17
    121          	{
    122          	}
    123          	
    124          	key_signal_B = key_signal_A;
   \                     ??KeyScan_4:
   \   000000FC   9110....           LDS     R17, key_signal_A
   \   00000100   9310....           STS     key_signal_B, R17
    125          
    126          	return key_output;
   \   00000104   E010               LDI     R17, 0
   \   00000106   9508               RET
   \   00000108                      REQUIRE _A_PINK
   \   00000108                      REQUIRE _A_PINJ
    127          }

   \                                 In  segment NEAR_ID, align 1, keep-with-next
   \                     `?<Initializer for key_signal_A>`:
   \   00000000   FF                 DC8 255

   \                                 In  segment NEAR_ID, align 1, keep-with-next
   \                     `?<Initializer for key_signal_B>`:
   \   00000000   FF                 DC8 255

   \                                 In  segment NEAR_ID, align 1, keep-with-next
   \                     `?<Initializer for key_data>`:
   \   00000000   00FF               DC16 255

   \                                 In  segment SWITCH, align 2, keep-with-next
   \                     `?<Jumptable for KeyScan>_0`:
   \   00000000   FFFE               DW      65534
   \   00000002   01                 DB      1
   \   00000003   ......             DP      (??KeyScan_17) /2
   \   00000006   ......             DP      (??KeyScan_16) /2
   \   00000009   80                 DB      0x80
   \   0000000A   ......             DP      (??KeyScan_9) /2
   \   0000000D   40                 DB      0x40
   \   0000000E   ......             DP      (??KeyScan_15) /2
   \   00000011   20                 DB      0x20
   \   00000012   ......             DP      (??KeyScan_10) /2
   \   00000015   10                 DB      0x10
   \   00000016   ......             DP      (??KeyScan_14) /2
   \   00000019   08                 DB      0x8
   \   0000001A   ......             DP      (??KeyScan_11) /2
   \   0000001D   04                 DB      0x4
   \   0000001E   ......             DP      (??KeyScan_13) /2
   \   00000021   02                 DB      0x2
   \   00000022   ......             DP      (??KeyScan_7) /2
   \   00000025   01                 DB      0x1
   \   00000026   ......             DP      (??KeyScan_12) /2
   \   00000029   FB                 DB      251
    128          

   Maximum stack usage in bytes:

     Function     CSTACK RSTACK
     --------     ------ ------
     KeyInit          0      3
     KeyProc          0      3
       -> KeyScan     0      3
     KeyScan          0      3


   Segment part sizes:

     Function/Label                  Bytes
     --------------                  -----
     _A_PINK                            1
     _A_PINJ                            1
     key_signal_A                       1
     key_signal_B                       1
     key_data                           2
     key_press_time                     2
     LongKeyFlag                        1
     KeyState                           3
     KeyInit                           14
     KeyProc                           16
     KeyScan                          264
     ?<Initializer for key_signal_A>    1
     ?<Initializer for key_signal_B>    1
     ?<Initializer for key_data>        2
     ?<Jumptable for KeyScan>_0        42
      Others                           14

 
   2 bytes in segment ABSOLUTE
 294 bytes in segment FARCODE
  14 bytes in segment INITTAB
   4 bytes in segment NEAR_I
   4 bytes in segment NEAR_ID
   6 bytes in segment NEAR_Z
  42 bytes in segment SWITCH
 
 340 bytes of CODE memory (+ 14 bytes shared)
  10 bytes of DATA memory (+  2 bytes shared)

Errors: none
Warnings: none
