******************************************************************************
             TMS320C2000 Linker PC v5.2.8                      
******************************************************************************
>> Linked Thu Aug 18 19:35:13 2011

OUTPUT FILE NAME:   <./Debug/Seoho NV Drive Program.out>
ENTRY POINT SYMBOL: "_c_int00"  address: 0031fcf0


MEMORY CONFIGURATION

         name            origin    length      used     unused   attr    fill
----------------------  --------  ---------  --------  --------  ----  --------
PAGE 0:
  ZONE0                 00004000   00001000  00000800  00000800  RWIX
  RAML0                 00008000   00005000  0000464a  000009b6  RWIX
  FLASHH                00300000   00008000  00000000  00008000  RWIX
  FLASHG                00308000   00008000  00000000  00008000  RWIX
  FLASHF                00310000   00008000  00000000  00008000  RWIX
  FLASHD                00318000   00010000  00007f27  000080d9  RWIX
  FLASHC                00328000   00008000  00000000  00008000  RWIX
  FLASHA                00338000   00007f80  00000cf6  0000728a  RWIX
  CSM_RSVD              0033ff80   00000076  00000000  00000076  RWIX
  BEGIN                 0033fff6   00000002  00000002  00000000  RWIX
  CSM_PWL               0033fff8   00000008  00000000  00000008  RWIX
  ADC_CAL               00380080   00000009  00000007  00000002  RWIX
  OTP                   00380400   00000400  00000000  00000400  RWIX
  IQTABLES              003fe000   00000b50  00000000  00000b50  RWIX
  IQTABLES2             003feb50   0000008c  00000000  0000008c  RWIX
  FPUTABLES             003febdc   000006a0  000006a0  00000000  RWIX
  ROM                   003ff27c   00000d44  00000000  00000d44  RWIX
  RESET                 003fffc0   00000002  00000000  00000002  RWIX
  VECTORS               003fffc2   0000003e  00000000  0000003e  RWIX

PAGE 1:
  BOOT_RSVD             00000000   00000050  00000000  00000050  RWIX
  RAMM0                 00000050   000003b0  00000000  000003b0  RWIX
  RAMM1                 00000400   00000400  00000400  00000000  RWIX
  DEV_EMU               00000880   00000180  000000d0  000000b0  RWIX
  FLASH_REGS            00000a80   00000060  00000008  00000058  RWIX
  CSM                   00000ae0   00000010  00000010  00000000  RWIX
  ADC_MIRROR            00000b00   00000010  00000010  00000000  RWIX
  XINTF                 00000b20   00000020  0000001e  00000002  RWIX
  CPU_TIMER0            00000c00   00000008  00000008  00000000  RWIX
  CPU_TIMER1            00000c08   00000008  00000008  00000000  RWIX
  CPU_TIMER2            00000c10   00000008  00000008  00000000  RWIX
  PIE_CTRL              00000ce0   00000020  0000001a  00000006  RWIX
  PIE_VECT              00000d00   00000100  00000100  00000000  RWIX
  DMA                   00001000   00000200  000000e0  00000120  RWIX
  MCBSPA                00005000   00000040  00000025  0000001b  RWIX
  MCBSPB                00005040   00000040  00000025  0000001b  RWIX
  ECANA                 00006000   00000040  00000034  0000000c  RWIX
  ECANA_LAM             00006040   00000040  00000040  00000000  RWIX
  ECANA_MOTS            00006080   00000040  00000040  00000000  RWIX
  ECANA_MOTO            000060c0   00000040  00000040  00000000  RWIX
  ECANA_MBOX            00006100   00000100  00000100  00000000  RWIX
  ECANB                 00006200   00000040  00000034  0000000c  RWIX
  ECANB_LAM             00006240   00000040  00000040  00000000  RWIX
  ECANB_MOTS            00006280   00000040  00000040  00000000  RWIX
  ECANB_MOTO            000062c0   00000040  00000040  00000000  RWIX
  ECANB_MBOX            00006300   00000100  00000100  00000000  RWIX
  EPWM1                 00006800   00000022  00000022  00000000  RWIX
  EPWM2                 00006840   00000022  00000022  00000000  RWIX
  EPWM3                 00006880   00000022  00000022  00000000  RWIX
  EPWM4                 000068c0   00000022  00000022  00000000  RWIX
  EPWM5                 00006900   00000022  00000022  00000000  RWIX
  EPWM6                 00006940   00000022  00000022  00000000  RWIX
  ECAP1                 00006a00   00000020  00000020  00000000  RWIX
  ECAP2                 00006a20   00000020  00000020  00000000  RWIX
  ECAP3                 00006a40   00000020  00000020  00000000  RWIX
  ECAP4                 00006a60   00000020  00000020  00000000  RWIX
  ECAP5                 00006a80   00000020  00000020  00000000  RWIX
  ECAP6                 00006aa0   00000020  00000020  00000000  RWIX
  EQEP1                 00006b00   00000040  00000040  00000000  RWIX
  EQEP2                 00006b40   00000040  00000040  00000000  RWIX
  GPIOCTRL              00006f80   00000040  0000002e  00000012  RWIX
  GPIODAT               00006fc0   00000020  00000020  00000000  RWIX
  GPIOINT               00006fe0   00000020  0000000a  00000016  RWIX
  SYSTEM                00007010   00000020  00000020  00000000  RWIX
  SPIA                  00007040   00000010  00000010  00000000  RWIX
  SCIA                  00007050   00000010  00000010  00000000  RWIX
  XINTRUPT              00007070   00000010  00000010  00000000  RWIX
  ADC                   00007100   00000020  0000001e  00000002  RWIX
  SCIB                  00007750   00000010  00000010  00000000  RWIX
  SCIC                  00007770   00000010  00000010  00000000  RWIX
  I2CA                  00007900   00000040  00000022  0000001e  RWIX
  RAML4                 0000d000   00003000  00002ede  00000122  RWIX
  FLASHB                00330000   00008000  00000000  00008000  RWIX
  CSM_PWL               0033fff8   00000008  00000008  00000000  RWIX


SECTION ALLOCATION MAP

 output                                  attributes/
section   page    origin      length       input sections
--------  ----  ----------  ----------   ----------------
.pinit     0    00328000    00000000     UNINITIALIZED

ZONE0DATA 
*          0    00004000    00000800     UNINITIALIZED
                  00004000    00000800     All_Main.obj (ZONE0DATA)

ramfuncs   0    00318000    0000464a     RUN ADDR = 00008000
                  00318000    00000f00     Core_Vector_Control.obj (ramfuncs)
                  00318f00    00000d04     Core_Auto_Tuning.obj (ramfuncs)
                  00319c04    00000987     Shell_IO.obj (ramfuncs)
                  0031a58b    00000504     Core_Common_Module.obj (ramfuncs)
                  0031aa8f    0000047e     Core_Speed_Detection.obj (ramfuncs)
                  0031af0d    0000044c     Shell_Communication_SCI.obj (ramfuncs)
                  0031b359    00000365     Shell_Fault_Processing.obj (ramfuncs)
                  0031b6be    0000034c     Core_ADC_DAC_PWM.obj (ramfuncs)
                  0031ba0a    000002d0     Shell_Reference_Function.obj (ramfuncs)
                  0031bcda    00000285     Shell_Communication.obj (ramfuncs)
                  0031bf5f    000001de     CH_svgen_dq.obj (ramfuncs)
                  0031c13d    00000193     Shell_State_Management.obj (ramfuncs)
                  0031c2d0    00000169     All_Interrupt.obj (ramfuncs)
                  0031c439    000000b6     Core_RealSys_2833x.obj (ramfuncs)
                  0031c4ef    000000a6     Core_I2C_EEPROM.obj (ramfuncs)
                  0031c595    00000096     CH_f280xpwm.obj (ramfuncs)
                  0031c62b    0000001b     Core_DSP2833x_SysCtrl.obj (ramfuncs)
                  0031c646    00000004     Core_DSP2833x_usDelay.obj (ramfuncs)

.text      0    0031c64a    000038dd     
                  0031c64a    00001084     Core_Common_Module.obj (.text)
                  0031d6ce    00000d2c     Shell_Communication.obj (.text)
                  0031e3fa    00000495     Core_RealSys_2833x.obj (.text)
                  0031e88f    00000316     Core_DSP2833x_DefaultIsr.obj (.text)
                  0031eba5    0000028e     Core_ADC_DAC_PWM.obj (.text)
                  0031ee33    00000264     Shell_Fault_Processing.obj (.text)
                  0031f097    0000024a     Core_Gpio_Xintf_Set.obj (.text)
                  0031f2e1    00000196     Shell_Communication_SCI.obj (.text)
                  0031f477    00000190     Shell_IO.obj (.text)
                  0031f607    0000017d     All_Main.obj (.text)
                  0031f784    0000016e     All_Interrupt.obj (.text)
                  0031f8f2    000000f5     Core_DSP2833x_SysCtrl.obj (.text)
                  0031f9e7    000000f1     CH_f280xpwm.obj (.text)
                  0031fad8    000000e6     Core_I2C_RTC.obj (.text)
                  0031fbbe    00000082     Core_DSP2833x_CpuTimers.obj (.text)
                  0031fc40    00000061     rts2800_fpu32.lib : log.obj (.text)
                  0031fca1    0000004f     rts2800_fpu32_fast_supplement.lib : atan2_f32.obj (.text)
                  0031fcf0    00000046     rts2800_fpu32.lib : boot.obj (.text)
                  0031fd36    00000034     rts2800_fpu32_fast_supplement.lib : cos_f32.obj (.text)
                  0031fd6a    00000034                                       : sin_f32.obj (.text)
                  0031fd9e    00000029     Core_I2C_EEPROM.obj (.text)
                  0031fdc7    00000029     Core_Speed_Detection.obj (.text)
                  0031fdf0    00000028     Core_DSP2833x_PieCtrl.obj (.text)
                  0031fe18    00000022     rts2800_fpu32.lib : i_div.obj (.text)
                  0031fe3a    00000021                       : memcpy_ff.obj (.text)
                  0031fe5b    00000021     rts2800_fpu32_fast_supplement.lib : sqrt_f32.obj (.text)
                  0031fe7c    00000020     Core_DSP2833x_PieVect.obj (.text)
                  0031fe9c    0000001b     rts2800_fpu32.lib : args_main.obj (.text)
                  0031feb7    00000019                       : exit.obj (.text)
                  0031fed0    00000019     rts2800_fpu32_fast_supplement.lib : div_f32.obj (.text)
                  0031fee9    00000017     Core_DSP2833x_MemCopy.obj (.text)
                  0031ff00    00000016     rts2800_fpu32.lib : frexp.obj (.text)
                  0031ff16    00000009                       : _lock.obj (.text)
                  0031ff1f    00000008     Core_DSP2833x_CodeStartBranch.obj (.text)

.cinit     0    00338000    00000884     
                  00338000    000003e9     All_Main.obj (.cinit)
                  003383e9    00000257     Core_Auto_Tuning.obj (.cinit)
                  00338640    00000094     Core_Vector_Control.obj (.cinit)
                  003386d4    0000006e     Core_Speed_Detection.obj (.cinit)
                  00338742    00000049     Shell_Fault_Processing.obj (.cinit)
                  0033878b    00000039     Shell_Communication_SCI.obj (.cinit)
                  003387c4    00000030     Shell_Reference_Function.obj (.cinit)
                  003387f4    0000002a     Core_RealSys_2833x.obj (.cinit)
                  0033881e    0000001d     Core_Common_Module.obj (.cinit)
                  0033883b    00000013     All_Interrupt.obj (.cinit)
                  0033884e    00000013     Shell_IO.obj (.cinit)
                  00338861    0000000a     rts2800_fpu32.lib : _lock.obj (.cinit)
                  0033886b    0000000a                       : exit.obj (.cinit)
                  00338875    00000009     Shell_Communication.obj (.cinit)
                  0033887e    00000004     rts2800_fpu32.lib : errno.obj (.cinit)
                  00338882    00000002     --HOLE-- [fill = 0]

.econst    0    00338884    0000032a     
                  00338884    00000100     Core_DSP2833x_PieVect.obj (.econst)
                  00338984    00000100     Shell_Communication_SCI.obj (.econst:_aucCRCHi)
                  00338a84    00000100     Shell_Communication_SCI.obj (.econst:_aucCRCLo)
                  00338b84    0000001f     Shell_Communication_SCI.obj (.econst:.string)
                  00338ba3    00000001     --HOLE-- [fill = 0]
                  00338ba4    0000000a     Core_RealSys_2833x.obj (.econst:.string)

.switch    0    00338bae    00000148     
                  00338bae    000000e8     Shell_Communication.obj (.switch)
                  00338c96    00000040     Core_Common_Module.obj (.switch)
                  00338cd6    00000020     Shell_IO.obj (.switch)

codestart 
*          0    0033fff6    00000002     
                  0033fff6    00000002     Core_DSP2833x_CodeStartBranch.obj (codestart)

.adc_cal   0    00380080    00000007     NOLOAD SECTION
                  00380080    00000007     Core_DSP2833x_ADC_cal.obj (.adc_cal)

FPUmathTables 
*          0    003febdc    000006a0     NOLOAD SECTION
                  003febdc    000006a0     rts2800_fpu32_fast_supplement.lib : FPUmathTables.obj (FPUmathTables)

.reset     0    003fffc0    00000002     DSECT
                  003fffc0    00000002     rts2800_fpu32.lib : boot.obj (.reset)

vectors    0    003fffc2    00000000     DSECT

.stack     1    00000400    00000400     UNINITIALIZED
                  00000400    00000400     --HOLE--

DevEmuRegsFile 
*          1    00000880    000000d0     UNINITIALIZED
                  00000880    000000d0     Core_DSP2833x_GlobalVariableDefs.obj (DevEmuRegsFile)

FlashRegsFile 
*          1    00000a80    00000008     UNINITIALIZED
                  00000a80    00000008     Core_DSP2833x_GlobalVariableDefs.obj (FlashRegsFile)

CsmRegsFile 
*          1    00000ae0    00000010     UNINITIALIZED
                  00000ae0    00000010     Core_DSP2833x_GlobalVariableDefs.obj (CsmRegsFile)

AdcMirrorFile 
*          1    00000b00    00000010     UNINITIALIZED
                  00000b00    00000010     Core_DSP2833x_GlobalVariableDefs.obj (AdcMirrorFile)

XintfRegsFile 
*          1    00000b20    0000001e     UNINITIALIZED
                  00000b20    0000001e     Core_DSP2833x_GlobalVariableDefs.obj (XintfRegsFile)

CpuTimer0RegsFile 
*          1    00000c00    00000008     UNINITIALIZED
                  00000c00    00000008     Core_DSP2833x_GlobalVariableDefs.obj (CpuTimer0RegsFile)

CpuTimer1RegsFile 
*          1    00000c08    00000008     UNINITIALIZED
                  00000c08    00000008     Core_DSP2833x_GlobalVariableDefs.obj (CpuTimer1RegsFile)

CpuTimer2RegsFile 
*          1    00000c10    00000008     UNINITIALIZED
                  00000c10    00000008     Core_DSP2833x_GlobalVariableDefs.obj (CpuTimer2RegsFile)

PieCtrlRegsFile 
*          1    00000ce0    0000001a     UNINITIALIZED
                  00000ce0    0000001a     Core_DSP2833x_GlobalVariableDefs.obj (PieCtrlRegsFile)

PieVectTableFile 
*          1    00000d00    00000100     UNINITIALIZED
                  00000d00    00000100     Core_DSP2833x_GlobalVariableDefs.obj (PieVectTableFile)

DmaRegsFile 
*          1    00001000    000000e0     UNINITIALIZED
                  00001000    000000e0     Core_DSP2833x_GlobalVariableDefs.obj (DmaRegsFile)

McbspaRegsFile 
*          1    00005000    00000025     UNINITIALIZED
                  00005000    00000025     Core_DSP2833x_GlobalVariableDefs.obj (McbspaRegsFile)

McbspbRegsFile 
*          1    00005040    00000025     UNINITIALIZED
                  00005040    00000025     Core_DSP2833x_GlobalVariableDefs.obj (McbspbRegsFile)

ECanaRegsFile 
*          1    00006000    00000034     UNINITIALIZED
                  00006000    00000034     Core_DSP2833x_GlobalVariableDefs.obj (ECanaRegsFile)

ECanaLAMRegsFile 
*          1    00006040    00000040     UNINITIALIZED
                  00006040    00000040     Core_DSP2833x_GlobalVariableDefs.obj (ECanaLAMRegsFile)

ECanaMOTSRegsFile 
*          1    00006080    00000040     UNINITIALIZED
                  00006080    00000040     Core_DSP2833x_GlobalVariableDefs.obj (ECanaMOTSRegsFile)

ECanaMOTORegsFile 
*          1    000060c0    00000040     UNINITIALIZED
                  000060c0    00000040     Core_DSP2833x_GlobalVariableDefs.obj (ECanaMOTORegsFile)

ECanaMboxesFile 
*          1    00006100    00000100     UNINITIALIZED
                  00006100    00000100     Core_DSP2833x_GlobalVariableDefs.obj (ECanaMboxesFile)

ECanbRegsFile 
*          1    00006200    00000034     UNINITIALIZED
                  00006200    00000034     Core_DSP2833x_GlobalVariableDefs.obj (ECanbRegsFile)

ECanbLAMRegsFile 
*          1    00006240    00000040     UNINITIALIZED
                  00006240    00000040     Core_DSP2833x_GlobalVariableDefs.obj (ECanbLAMRegsFile)

ECanbMOTSRegsFile 
*          1    00006280    00000040     UNINITIALIZED
                  00006280    00000040     Core_DSP2833x_GlobalVariableDefs.obj (ECanbMOTSRegsFile)

ECanbMOTORegsFile 
*          1    000062c0    00000040     UNINITIALIZED
                  000062c0    00000040     Core_DSP2833x_GlobalVariableDefs.obj (ECanbMOTORegsFile)

ECanbMboxesFile 
*          1    00006300    00000100     UNINITIALIZED
                  00006300    00000100     Core_DSP2833x_GlobalVariableDefs.obj (ECanbMboxesFile)

EPwm1RegsFile 
*          1    00006800    00000022     UNINITIALIZED
                  00006800    00000022     Core_DSP2833x_GlobalVariableDefs.obj (EPwm1RegsFile)

EPwm2RegsFile 
*          1    00006840    00000022     UNINITIALIZED
                  00006840    00000022     Core_DSP2833x_GlobalVariableDefs.obj (EPwm2RegsFile)

EPwm3RegsFile 
*          1    00006880    00000022     UNINITIALIZED
                  00006880    00000022     Core_DSP2833x_GlobalVariableDefs.obj (EPwm3RegsFile)

EPwm4RegsFile 
*          1    000068c0    00000022     UNINITIALIZED
                  000068c0    00000022     Core_DSP2833x_GlobalVariableDefs.obj (EPwm4RegsFile)

EPwm5RegsFile 
*          1    00006900    00000022     UNINITIALIZED
                  00006900    00000022     Core_DSP2833x_GlobalVariableDefs.obj (EPwm5RegsFile)

EPwm6RegsFile 
*          1    00006940    00000022     UNINITIALIZED
                  00006940    00000022     Core_DSP2833x_GlobalVariableDefs.obj (EPwm6RegsFile)

ECap1RegsFile 
*          1    00006a00    00000020     UNINITIALIZED
                  00006a00    00000020     Core_DSP2833x_GlobalVariableDefs.obj (ECap1RegsFile)

ECap2RegsFile 
*          1    00006a20    00000020     UNINITIALIZED
                  00006a20    00000020     Core_DSP2833x_GlobalVariableDefs.obj (ECap2RegsFile)

ECap3RegsFile 
*          1    00006a40    00000020     UNINITIALIZED
                  00006a40    00000020     Core_DSP2833x_GlobalVariableDefs.obj (ECap3RegsFile)

ECap4RegsFile 
*          1    00006a60    00000020     UNINITIALIZED
                  00006a60    00000020     Core_DSP2833x_GlobalVariableDefs.obj (ECap4RegsFile)

ECap5RegsFile 
*          1    00006a80    00000020     UNINITIALIZED
                  00006a80    00000020     Core_DSP2833x_GlobalVariableDefs.obj (ECap5RegsFile)

ECap6RegsFile 
*          1    00006aa0    00000020     UNINITIALIZED
                  00006aa0    00000020     Core_DSP2833x_GlobalVariableDefs.obj (ECap6RegsFile)

EQep1RegsFile 
*          1    00006b00    00000040     UNINITIALIZED
                  00006b00    00000040     Core_DSP2833x_GlobalVariableDefs.obj (EQep1RegsFile)

EQep2RegsFile 
*          1    00006b40    00000040     UNINITIALIZED
                  00006b40    00000040     Core_DSP2833x_GlobalVariableDefs.obj (EQep2RegsFile)

GpioCtrlRegsFile 
*          1    00006f80    0000002e     UNINITIALIZED
                  00006f80    0000002e     Core_DSP2833x_GlobalVariableDefs.obj (GpioCtrlRegsFile)

GpioDataRegsFile 
*          1    00006fc0    00000020     UNINITIALIZED
                  00006fc0    00000020     Core_DSP2833x_GlobalVariableDefs.obj (GpioDataRegsFile)

GpioIntRegsFile 
*          1    00006fe0    0000000a     UNINITIALIZED
                  00006fe0    0000000a     Core_DSP2833x_GlobalVariableDefs.obj (GpioIntRegsFile)

SysCtrlRegsFile 
*          1    00007010    00000020     UNINITIALIZED
                  00007010    00000020     Core_DSP2833x_GlobalVariableDefs.obj (SysCtrlRegsFile)

SpiaRegsFile 
*          1    00007040    00000010     UNINITIALIZED
                  00007040    00000010     Core_DSP2833x_GlobalVariableDefs.obj (SpiaRegsFile)

SciaRegsFile 
*          1    00007050    00000010     UNINITIALIZED
                  00007050    00000010     Core_DSP2833x_GlobalVariableDefs.obj (SciaRegsFile)

XIntruptRegsFile 
*          1    00007070    00000010     UNINITIALIZED
                  00007070    00000010     Core_DSP2833x_GlobalVariableDefs.obj (XIntruptRegsFile)

AdcRegsFile 
*          1    00007100    0000001e     UNINITIALIZED
                  00007100    0000001e     Core_DSP2833x_GlobalVariableDefs.obj (AdcRegsFile)

ScibRegsFile 
*          1    00007750    00000010     UNINITIALIZED
                  00007750    00000010     Core_DSP2833x_GlobalVariableDefs.obj (ScibRegsFile)

ScicRegsFile 
*          1    00007770    00000010     UNINITIALIZED
                  00007770    00000010     Core_DSP2833x_GlobalVariableDefs.obj (ScicRegsFile)

I2caRegsFile 
*          1    00007900    00000022     UNINITIALIZED
                  00007900    00000022     Core_DSP2833x_GlobalVariableDefs.obj (I2caRegsFile)

.ebss      1    0000d000    00002ede     UNINITIALIZED
                  0000d000    00002bc8     All_Main.obj (.ebss)
                  0000fbc8    00000030     Core_Speed_Detection.obj (.ebss)
                  0000fbf8    00000008     All_Interrupt.obj (.ebss)
                  0000fc00    00000180     Core_Auto_Tuning.obj (.ebss)
                  0000fd80    00000073     Core_RealSys_2833x.obj (.ebss)
                  0000fdf3    00000001     rts2800_fpu32.lib : errno.obj (.ebss)
                  0000fdf4    0000000c     Core_Common_Module.obj (.ebss)
                  0000fe00    0000003a     Core_Vector_Control.obj (.ebss)
                  0000fe3a    00000004     Shell_Communication.obj (.ebss)
                  0000fe3e    00000002     --HOLE--
                  0000fe40    00000022     Core_ADC_DAC_PWM.obj (.ebss)
                  0000fe62    00000018     Core_DSP2833x_CpuTimers.obj (.ebss)
                  0000fe7a    00000004     rts2800_fpu32.lib : _lock.obj (.ebss)
                  0000fe7e    00000002     --HOLE--
                  0000fe80    00000022     Shell_Communication_SCI.obj (.ebss)
                  0000fea2    00000014     Shell_Fault_Processing.obj (.ebss)
                  0000feb6    00000008     Shell_IO.obj (.ebss)
                  0000febe    00000002     --HOLE--
                  0000fec0    00000012     Shell_Reference_Function.obj (.ebss)
                  0000fed2    00000007     Core_I2C_RTC.obj (.ebss)
                  0000fed9    00000001     --HOLE--
                  0000feda    00000004     rts2800_fpu32.lib : exit.obj (.ebss)

CsmPwlFile 
*          1    0033fff8    00000008     UNINITIALIZED
                  0033fff8    00000008     Core_DSP2833x_GlobalVariableDefs.obj (CsmPwlFile)


GLOBAL SYMBOLS: SORTED ALPHABETICALLY BY Name 

address    name
--------   ----
0031c64a   .text
0031feb7   C$$EXIT
0031fed0   FS$$DIV
0031fe18   I$$DIV
0031fe29   I$$MOD
0000fcc4   _A0
0000fcba   _A1
0000fcb8   _A2
0031e975   _ADCINT_ISR
00380080   _ADC_cal
0031f575   _AI_Processing
00009f93   _AO_Processing
0000d0d4   _Accel_time
0000d0ca   _Accel_time1
0000d0cc   _Accel_time2
0000d16c   _Accel_time_Auto_tuning
00000b00   _AdcMirror
00007100   _AdcRegs
0000d025   _Adc_AIN_3
0000d023   _Adc_AIN_4
0000d021   _Adc_AIN_5
0000d026   _Adc_AIN_I1
0000d02c   _Adc_AIN_I2
0000d027   _Adc_AIN_V1
0000d02b   _Adc_AIN_V2
0000d022   _Adc_Temperature
0000d00a   _Adc_Uphase
0000d024   _Adc_Vclass
0000d029   _Adc_Vdc
0000d010   _Adc_Vphase
0000d028   _Adc_Wphase
00008f00   _Auto_Tuning
00009310   _Auto_Tuning_China
0000d019   _Auto_tuning_index
0000fc9c   _B1
0000fc9a   _B2
0000d0ee   _Bm
0031d6a0   _Break_Speed_Down_Controller
0031d5d3   _Break_Speed_Up_Controller
0000d01a   _Break_index
0000fc86   _C1
0000fc84   _C2
0000d380   _CAN_Registers
0000d003   _CRC
0000af0d   _CRC16
0000d13c   _CRC_check_counter
0031fad8   _Change_I2C_RTC
0000d02a   _Command
0000fe82   _Communication_Fault_Cnt
0000fe81   _Communication_Fault_Flag
0031fc05   _ConfigCpuTimer
0000d0a0   _Continuous_OL_current
0000d09e   _Cos_Theta
0000d09a   _Cos_Theta_vtg
0000fe72   _CpuTimer0
00000c00   _CpuTimer0Regs
0000fe62   _CpuTimer1
00000c08   _CpuTimer1Regs
0000fe6a   _CpuTimer2
00000c10   _CpuTimer2Regs
0033fff8   _CsmPwl
00000ae0   _CsmRegs
0031f9b6   _CsmUnlock
00008506   _Current_Controller
0000d080   _DA1
0000d08c   _DA1_offset
0000d082   _DA1_range
0000d08e   _DA1_sign
0000d088   _DA2
0000d074   _DA2_offset
0000d08a   _DA2_range
0000d070   _DA2_sign
0000d072   _DA3
0000d07e   _DA3_offset
0000d07c   _DA3_range
0000d0ae   _DA3_sign
0000d0a8   _DA4
0000d094   _DA4_offset
0000d0aa   _DA4_range
0000d092   _DA4_sign
0031e8a3   _DATALOG_ISR
0000aa03   _DB_Controller
0031ea97   _DINTCH1_ISR
0031eaa1   _DINTCH2_ISR
0031eaab   _DINTCH3_ISR
0031eab5   _DINTCH4_ISR
0031eabf   _DINTCH5_ISR
0031eac9   _DINTCH6_ISR
00009d68   _DI_Function
0031f478   _DI_Processing
0000d01b   _DI_bit_all
0031f4c1   _DO_Port_Check
0031f4f4   _DO_Processing
0000d01c   _DO_bit_all
0000c646   _DSP28x_usDelay
0000ee80   _Data_Registers
0000d0de   _Decel_time
0000d0d0   _Decel_time1
0000d0d2   _Decel_time2
0000d174   _Decel_time_Auto_tuning
00000880   _DevEmuRegs
0000fe8c   _Device_type
0031f905   _DisableDog
00001000   _DmaRegs
0031d423   _Drive_Calibration
0000d106   _Drive_Power_kW
0000d016   _Driver_ON
0000d000   _Dummy_comm
0000d180   _DutyCount
0031eb23   _ECAN0INTA_ISR
0031eb37   _ECAN0INTB_ISR
0031eb2d   _ECAN1INTA_ISR
0031eb41   _ECAN1INTB_ISR
0031ea0b   _ECAP1_INT_ISR
0031ea15   _ECAP2_INT_ISR
0031ea1f   _ECAP3_INT_ISR
0031ea29   _ECAP4_INT_ISR
0031ea33   _ECAP5_INT_ISR
0031ea3d   _ECAP6_INT_ISR
00006040   _ECanaLAMRegs
000060c0   _ECanaMOTORegs
00006080   _ECanaMOTSRegs
00006100   _ECanaMboxes
00006000   _ECanaRegs
00006240   _ECanbLAMRegs
000062c0   _ECanbMOTORegs
00006280   _ECanbMOTSRegs
00006300   _ECanbMboxes
00006200   _ECanbRegs
00006a00   _ECap1Regs
00006a20   _ECap2Regs
00006a40   _ECap3Regs
00006a60   _ECap4Regs
00006a80   _ECap5Regs
00006aa0   _ECap6Regs
0031e8b7   _EMUINT_ISR
0031e9cf   _EPWM1_INT_ISR
0031e993   _EPWM1_TZINT_ISR
0031e9d9   _EPWM2_INT_ISR
0031e99d   _EPWM2_TZINT_ISR
0031e9e3   _EPWM3_INT_ISR
0031e9a7   _EPWM3_TZINT_ISR
0031e9ed   _EPWM4_INT_ISR
0031e9b1   _EPWM4_TZINT_ISR
0031e9f7   _EPWM5_INT_ISR
0031e9bb   _EPWM5_TZINT_ISR
0031ea01   _EPWM6_INT_ISR
0031e9c5   _EPWM6_TZINT_ISR
0031ec4f   _EPWM_Initialization
00006800   _EPwm1Regs
00006840   _EPwm2Regs
00006880   _EPwm3Regs
000068c0   _EPwm4Regs
00006900   _EPwm5Regs
00006940   _EPwm6Regs
0000d018   _EPwmPeriodCount
0031ea47   _EQEP1_INT_ISR
0031ea51   _EQEP2_INT_ISR
0031fdc7   _EQEP_Initialization
00006b00   _EQep1Regs
00006b40   _EQep2Regs
0031fe0f   _EnableInterrupts
0031f67b   _F28335PowerOnSet
0031f9e7   _F2833X_PWM_Init
0000c595   _F2833X_PWM_Update
003ff0de   _FPUatan2HalfPITable
003ff0e2   _FPUatan2Table
003ff268   _FPUatan2TableEnd
003fecdc   _FPUcosTable
003ff0de   _FPUcosTableEnd
003febdc   _FPUsinTable
003fefdc   _FPUsinTableEnd
0000b359   _Fault_Check_1Sampling
0000b3b4   _Fault_Check_4Sampling
0000b496   _Fault_Processing
0031ef2f   _Fault_Recording
0000d011   _Fault_bits1
0000d014   _Fault_bits2
0000d013   _Fault_bits3
0000d012   _Fault_count
00008b19   _Field_Weakening
0031f5e8   _Fieldbus_Processing
0000d0dc   _Final_reference
0000d18b   _Flag
0000d01d   _Flag_brake_control
00000a80   _FlashRegs
00008c6f   _Flux_Controller
0000810c   _Flux_Estimation
0000d015   _Flux_build_up
0000d060   _Freq_Fst
0000a109   _GetAnalogRef
0000b6be   _GetSensorValue
00009c04   _Get_Command
00006f80   _GpioCtrlRegs
00006fc0   _GpioDataRegs
00006fe0   _GpioIntRegs
0000fc8e   _Hui
0031ead3   _I2CINT1A_ISR
0031eadd   _I2CINT2A_ISR
0031fd9e   _I2C_EEPROM_Initialization
00007900   _I2caRegs
0000d156   _IGBT_current
0031e8cb   _ILLEGAL_ISR
0031e88f   _INT13_ISR
0031e899   _INT14_ISR
0000d096   _I_DT
0000fc8c   _I_rated
0000d158   _I_scale
0000d178   _Ias
0000d17c   _Ias_offset
0000d172   _Ias_ref
0000d176   _Ibs
0000d16e   _Ibs_offset
0000d170   _Ibs_ref
0000d17a   _Ics
0000d12a   _Ics_ref
0000d12e   _Idse
0000d11a   _Idse_ref
0000d11e   _Idse_ref_max
0000d132   _Idss
0000d122   _Idss_ref
0031eba5   _InitAdc
0031fbbe   _InitCpuTimers
0000c62b   _InitFlash
0031f097   _InitGpio
0031f95b   _InitPeripheralClocks
0031fdf0   _InitPieCtrl
0031fe7c   _InitPieVectTable
0031f90d   _InitPll
0031f8f2   _InitSysCtrl
0031f282   _InitXintf
0031f2ab   _InitXintf16Gpio
0000d0d8   _Init_reference
0000d0e2   _Init_reference_Auto_tuning
0031f784   _Initial_Driver_Calibration
0000d04e   _Input_power_x10_kW
0000d076   _Interrupt_time_max
0000d11c   _Iqse
0000d120   _Iqse_max_fw
0000d124   _Iqse_ref
0000d146   _Iqse_ref_max
0000d12c   _Iqss
0000d118   _Iqss_ref
0000d126   _Is_mag
0000d128   _Is_mag_rms
0000d130   _Is_max
0000d15c   _Is_rated
0000d0fc   _Jm
0000d0c0   _Jm_est
0000d052   _K_CM1
0000d050   _K_CM2
0000d05c   _K_fw1
0000d068   _K_fw2
0000d042   _Ka_cc
0000d06e   _Ka_fc
0000d036   _Ka_sc
0000d06a   _Ki_Fst
0000d044   _Ki_cc
0000d062   _Ki_fc
0000d038   _Ki_sc
0000d040   _Kob_sd
0000d06c   _Kp_Fst
0000d030   _Kp_cc
0000d064   _Kp_fc
0000d032   _Kp_sc
0000d114   _Kt
0000d048   _L1_sp_est
0000d046   _L2_sp_est
0000d03c   _L3_sp_est
0000d03a   _L3_sp_tmp
0000d14c   _LAMdre
0000d142   _LAMdre_flt
0000d0e4   _LAMdre_rate
0000d0e6   _LAMdre_ref
0000d0bc   _LAMdrs
0000d0ba   _LAMdrs_cm
0000d0be   _LAMqrs
0000d0b0   _LAMqrs_cm
0000d1c0   _LPF
0031eb87   _LUF_ISR
0031eb7d   _LVF_ISR
0000d0ec   _Llr
0000d0ea   _Lls
0000d0f2   _Lm
0000d0fe   _Lm0
0031f588   _Local_Processing
0000d0f8   _Lr
0000d10e   _Ls
0000d108   _Ls0
0000d0f0   _Lsigma
0000fcae   _M
0000fcac   _M1
0031ea83   _MRINTA_ISR
0031ea6f   _MRINTB_ISR
0031ea8d   _MXINTA_ISR
0031ea79   _MXINTB_ISR
0000c2d0   _MainPWM
0000d07a   _Main_counter
00005000   _McbspaRegs
00005040   _McbspbRegs
0031fee9   _MemCopy
00009e98   _Multi_Step_Processing
0031e8c1   _NMI_ISR
0000fc82   _NN
0000d0a6   _OC_trip_value
0000d0ac   _OL_limit
0000d183   _OP
0000d04c   _Output_power_x10_kW
0000d300   _P
0031eb91   _PIE_RESERVED
0000d02d   _PPR
0031d1b6   _PWM_Frequency_Update
0000b9c8   _PWM_ON_OFF
0000d017   _PWM_frequency_old
0031cbcf   _Parameter_Initialization
0031c64a   _Parameter_Initialization_by_Power
0000d0d6   _Period_SD
00000ce0   _PieCtrlRegs
00000d00   _PieVectTable
00338884   _PieVectTableInit
0000d0e8   _Pole_pair
0031e8ad   _RTOSINT_ISR
0031ee33   _RW_Fault_Record
0031c64a   _RamfuncsLoadEnd
00318000   _RamfuncsLoadStart
00008000   _RamfuncsRunStart
0031d6ce   _Read_Data_Registers
0000c526   _Read_EEPROM_Data
0031fb12   _Read_RTC_Data
0031fb94   _Read_Time
0031fae1   _Recover_I2C_EEPROM
0000d0a4   _Ref_old
0000ba0a   _Reference_Function
0000d0fa   _Rr
0000d0f4   _Rs
0000d102   _Rs0
0000fe87   _RxAddr
0000fe90   _RxBuf
0000fe8b   _RxCRC
0000fe88   _RxData
0000fe8a   _RxType
0000d002   _Rx_counter_1s
0000d004   _Rx_index
0000b1e4   _SCIC_Process
0031eafb   _SCIRXINTA_ISR
0031eb0f   _SCIRXINTB_ISR
0031eae7   _SCIRXINTC_ISR
0031eb05   _SCITXINTA_ISR
0031eb19   _SCITXINTB_ISR
0031eaf1   _SCITXINTC_ISR
0000e100   _SCI_Registers
0000fe89   _SCI_TxOffset
0031e94d   _SEQ1INT_ISR
0031e957   _SEQ2INT_ISR
0031ea5b   _SPIRXINTA_ISR
0031ea65   _SPITXINTA_ISR
000086fe   _SVPWM
0000fe86   _SciC_RxFlag
0000fe83   _SciC_RxStep
0000fe80   _SciC_TxFlag
00007050   _SciaRegs
00007750   _ScibRegs
00007770   _ScicRegs
0031f8fb   _ServiceDog
0031fb46   _Set_InitialTime
0000d09c   _Sin_Theta
0000d098   _Sin_Theta_vtg
00008d47   _Speed_Controller
0000aa8f   _Speed_Detection_Enc
0000adfb   _Speed_Detection_Est
00007040   _SpiaRegs
0000c13d   _State_Management
0000d020   _State_index
0000d01f   _State_index_old
00007010   _SysCtrlRegs
0031cca7   _System_Variable_Initialization
0000a58b   _System_Variable_Update
0031e97f   _TINT0_ISR
0000d090   _T_dead_tuning
0000fc8a   _Td
0000d04a   _Te
0000d0c8   _Te_hat
0000d0c6   _Te_rate
0000d100   _Temp_HHH1
0000d112   _Temp_HHH2
0000d104   _Temp_HHH3
0031eda5   _Temperature_Calculation
0000d01e   _Temperature_x10
0000d086   _Test_count_Rx
0000d084   _Test_count_Tx
0000d03e   _Theta
0000d0b4   _Thetae
0000d0c2   _Thetar
0000d078   _Time_counter_500ms
0000fcb4   _Toff
0000fc88   _Ton
0000d110   _Tr
0000d0b2   _Tsamp
0000d0b6   _Tsamp_CC
0000d0e0   _Tsamp_FC
0000d0b8   _Tsamp_SC
0000d0da   _Tsamp_SD
0000d0c4   _Tsamp_VF
0000fe99   _TxBuf
0000d006   _TxIntervalCnt
0000fe8e   _TxIntervalTime
0000d001   _TxInterval_1s
0000d00d   _Tx_counter_1s
0000d007   _Tx_index
0031e92f   _USER10_ISR
0031e939   _USER11_ISR
0031e943   _USER12_ISR
0031e8d5   _USER1_ISR
0031e8df   _USER2_ISR
0031e8e9   _USER3_ISR
0031e8f3   _USER4_ISR
0031e8fd   _USER5_ISR
0031e907   _USER6_ISR
0031e911   _USER7_ISR
0031e91b   _USER8_ISR
0031e925   _USER9_ISR
00008000   _VF_Controller
0000fcb6   _Vd
0000d154   _Vdc
0000d166   _Vdc_max
0000d150   _Vdse_ref
0000d15e   _Vdse_ref_fb
0000d164   _Vdss_ref
0000d162   _Vdss_ref_old
0000d005   _Voltage_class
0000d152   _Vqse_ref
0000d160   _Vqse_ref_fb
0000d16a   _Vqse_ref_integ
0000d15a   _Vqss_ref
0000d168   _Vqss_ref_old
0000fcc2   _Vs
0031e989   _WAKEINT_ISR
0000fcb2   _Wc
0000d066   _Wc_Fst
0000d02e   _Wc_cc
0000d05e   _Wc_fc
0000d034   _Wc_sc
0000d148   _We
0000c57a   _Word_Read_data
0000c560   _Word_Write_data
0000d14a   _Wr
0031deb5   _Write_Data_Registers_Offline
0000bcda   _Write_Data_Registers_Online
0000c4ef   _Write_EEPROM_Data
0031faea   _Write_RTC_Data
0031fb69   _Write_Time
0000d140   _Wrm_det
0000d056   _Wrm_det_flt
0000d13a   _Wrpm_det
0000d054   _Wrpm_det_flt
0000d05a   _Wrpm_est
0000d134   _Wrpm_fw1
0000d136   _Wrpm_fw2
0000d10a   _Wrpm_limit
0000d116   _Wrpm_max
0000d10c   _Wrpm_min
0000d058   _Wrpm_mt
0000d0ce   _Wrpm_rated
0000d13e   _Wrpm_ref
0000d138   _Wsl
0031e961   _XINT1_ISR
0031e96b   _XINT2_ISR
0031eb4b   _XINT3_ISR
0031eb55   _XINT4_ISR
0031eb5f   _XINT5_ISR
0031eb69   _XINT6_ISR
0031eb73   _XINT7_ISR
00007070   _XIntruptRegs
00000b20   _XintfRegs
00004000   _ZONE0_BUF
0000d0a2   _ZSC_limit
00000800   __STACK_END
00000400   __STACK_SIZE
00000001   __TI_args_main
ffffffff   ___binit__
ffffffff   ___c_args__
00338000   ___cinit__
0031ff27   ___etext__
0031fe3a   ___memcpy_ff
ffffffff   ___pinit__
0031c64a   ___text__
0031fe9c   __args_main
0000feda   __cleanup_ptr
0000fedc   __dtors_ptr
0000fe7c   __lock
0031ff1e   __nop
0031ff1a   __register_lock
0031ff16   __register_unlock
00000400   __stack
0000fe7a   __unlock
0000fcb0   _a0
0000fcc0   _a1
0000fcc6   _a2
0031feb7   _abort
0031e3fa   _asc2hex
0031fca1   _atan2
0031fcf0   _c_int00
0031fd36   _cos
0000fc00   _cs
0000fc01   _cs_count
0000fd81   _debug_cnt
0000fd88   _debug_rd_addr
0000fd8a   _debug_rd_addr_tmp
0000fd80   _debug_state
0000fd82   _debug_sum
0000fd83   _debug_sum_temp
0000fdc0   _debug_tx_buf
0000fd85   _debug_tx_end
0000fd87   _debug_tx_pos
0000fd8c   _debug_wr_addr
0000fd8e   _debug_wr_data
0000fd86   _debug_wr_size
0000fd84   _debug_wr_sum_flag
0000fe42   _deg_Dac
0000fe40   _deg_sDacTmp
0000b8a6   _dev_BackgroundDAC
0031ec17   _dev_DacSetup
0031ec2f   _dev_InitDACVariable
0000b814   _dev_SendDAC
0031f477   _driver_enable_proc
0000fdf3   _errno
0000fc90   _exciting_step
0031feb9   _exit
0000d144   _freq_vf
0000d14e   _freq_vf_set
0031ff00   _frexp
0031e411   _hex2asc
0000fc08   _identify_offline
0000d0f6   _inv_Jm
0031fc40   _log
0031f607   _main
00009b71   _matrix_multiplic
00009bc5   _matrix_subtract
0000fcbe   _predict_weight
0000d196   _pwm1
0031eb9b   _rsvd_ISR
0000fe85   _rx_cnt
0031e856   _sci_debug_init
0000c481   _scia_rx_isr
0000c439   _scia_tx_isr
0031f351   _scib_TxChar
0031f35d   _scib_TxString
0031f2e1   _scib_init
0031f3cb   _scib_putc
0031f418   _scib_puts
0000d240   _scib_rx_buf
0000af88   _scib_rx_isr
0000d00e   _scib_rxd
0000d200   _scib_tx_buf
0000d00f   _scib_tx_end
0000af3e   _scib_tx_isr
0000d00c   _scib_tx_pos
0031f381   _scib_tx_start
0031f369   _scic_TxChar
0031f375   _scic_TxString
0031f318   _scic_init
0031f403   _scic_putc
0031f433   _scic_puts
0000d280   _scic_rx_buf
0000b03a   _scic_rx_isr
0000d00b   _scic_rxd
0031f44e   _scic_test
0000d2c0   _scic_tx_buf
0000d008   _scic_tx_end
0000afed   _scic_tx_isr
0000d009   _scic_tx_pos
0031f3a6   _scic_tx_start
0031fd6a   _sin
0031fe5b   _sqrt
0031e565   _state0_proc
0031e6cd   _state1_proc
0031e6ea   _state2_proc
0031e75d   _state3_proc
0031e775   _state4_proc
0031e796   _state5_proc
0031e7c5   _state6_proc
0031e7dd   _state7_proc
0000d1a4   _svgen_dq1
0000bf5f   _svgendq_calc
0000fed2   _time
0000fe84   _tx_cnt
0031e438   _write_txbuf_asc
0031e44d   _write_txbuf_byte
0031e4c7   _write_txbuf_long
0031e41d   _write_txbuf_string
0031e477   _write_txbuf_word
ffffffff   binit
00338000   cinit
0033fff6   code_start
0031ff27   etext
ffffffff   pinit


GLOBAL SYMBOLS: SORTED BY Symbol Address 

address    name
--------   ----
00000001   __TI_args_main
00000400   __STACK_SIZE
00000400   __stack
00000800   __STACK_END
00000880   _DevEmuRegs
00000a80   _FlashRegs
00000ae0   _CsmRegs
00000b00   _AdcMirror
00000b20   _XintfRegs
00000c00   _CpuTimer0Regs
00000c08   _CpuTimer1Regs
00000c10   _CpuTimer2Regs
00000ce0   _PieCtrlRegs
00000d00   _PieVectTable
00001000   _DmaRegs
00004000   _ZONE0_BUF
00005000   _McbspaRegs
00005040   _McbspbRegs
00006000   _ECanaRegs
00006040   _ECanaLAMRegs
00006080   _ECanaMOTSRegs
000060c0   _ECanaMOTORegs
00006100   _ECanaMboxes
00006200   _ECanbRegs
00006240   _ECanbLAMRegs
00006280   _ECanbMOTSRegs
000062c0   _ECanbMOTORegs
00006300   _ECanbMboxes
00006800   _EPwm1Regs
00006840   _EPwm2Regs
00006880   _EPwm3Regs
000068c0   _EPwm4Regs
00006900   _EPwm5Regs
00006940   _EPwm6Regs
00006a00   _ECap1Regs
00006a20   _ECap2Regs
00006a40   _ECap3Regs
00006a60   _ECap4Regs
00006a80   _ECap5Regs
00006aa0   _ECap6Regs
00006b00   _EQep1Regs
00006b40   _EQep2Regs
00006f80   _GpioCtrlRegs
00006fc0   _GpioDataRegs
00006fe0   _GpioIntRegs
00007010   _SysCtrlRegs
00007040   _SpiaRegs
00007050   _SciaRegs
00007070   _XIntruptRegs
00007100   _AdcRegs
00007750   _ScibRegs
00007770   _ScicRegs
00007900   _I2caRegs
00008000   _RamfuncsRunStart
00008000   _VF_Controller
0000810c   _Flux_Estimation
00008506   _Current_Controller
000086fe   _SVPWM
00008b19   _Field_Weakening
00008c6f   _Flux_Controller
00008d47   _Speed_Controller
00008f00   _Auto_Tuning
00009310   _Auto_Tuning_China
00009b71   _matrix_multiplic
00009bc5   _matrix_subtract
00009c04   _Get_Command
00009d68   _DI_Function
00009e98   _Multi_Step_Processing
00009f93   _AO_Processing
0000a109   _GetAnalogRef
0000a58b   _System_Variable_Update
0000aa03   _DB_Controller
0000aa8f   _Speed_Detection_Enc
0000adfb   _Speed_Detection_Est
0000af0d   _CRC16
0000af3e   _scib_tx_isr
0000af88   _scib_rx_isr
0000afed   _scic_tx_isr
0000b03a   _scic_rx_isr
0000b1e4   _SCIC_Process
0000b359   _Fault_Check_1Sampling
0000b3b4   _Fault_Check_4Sampling
0000b496   _Fault_Processing
0000b6be   _GetSensorValue
0000b814   _dev_SendDAC
0000b8a6   _dev_BackgroundDAC
0000b9c8   _PWM_ON_OFF
0000ba0a   _Reference_Function
0000bcda   _Write_Data_Registers_Online
0000bf5f   _svgendq_calc
0000c13d   _State_Management
0000c2d0   _MainPWM
0000c439   _scia_tx_isr
0000c481   _scia_rx_isr
0000c4ef   _Write_EEPROM_Data
0000c526   _Read_EEPROM_Data
0000c560   _Word_Write_data
0000c57a   _Word_Read_data
0000c595   _F2833X_PWM_Update
0000c62b   _InitFlash
0000c646   _DSP28x_usDelay
0000d000   _Dummy_comm
0000d001   _TxInterval_1s
0000d002   _Rx_counter_1s
0000d003   _CRC
0000d004   _Rx_index
0000d005   _Voltage_class
0000d006   _TxIntervalCnt
0000d007   _Tx_index
0000d008   _scic_tx_end
0000d009   _scic_tx_pos
0000d00a   _Adc_Uphase
0000d00b   _scic_rxd
0000d00c   _scib_tx_pos
0000d00d   _Tx_counter_1s
0000d00e   _scib_rxd
0000d00f   _scib_tx_end
0000d010   _Adc_Vphase
0000d011   _Fault_bits1
0000d012   _Fault_count
0000d013   _Fault_bits3
0000d014   _Fault_bits2
0000d015   _Flux_build_up
0000d016   _Driver_ON
0000d017   _PWM_frequency_old
0000d018   _EPwmPeriodCount
0000d019   _Auto_tuning_index
0000d01a   _Break_index
0000d01b   _DI_bit_all
0000d01c   _DO_bit_all
0000d01d   _Flag_brake_control
0000d01e   _Temperature_x10
0000d01f   _State_index_old
0000d020   _State_index
0000d021   _Adc_AIN_5
0000d022   _Adc_Temperature
0000d023   _Adc_AIN_4
0000d024   _Adc_Vclass
0000d025   _Adc_AIN_3
0000d026   _Adc_AIN_I1
0000d027   _Adc_AIN_V1
0000d028   _Adc_Wphase
0000d029   _Adc_Vdc
0000d02a   _Command
0000d02b   _Adc_AIN_V2
0000d02c   _Adc_AIN_I2
0000d02d   _PPR
0000d02e   _Wc_cc
0000d030   _Kp_cc
0000d032   _Kp_sc
0000d034   _Wc_sc
0000d036   _Ka_sc
0000d038   _Ki_sc
0000d03a   _L3_sp_tmp
0000d03c   _L3_sp_est
0000d03e   _Theta
0000d040   _Kob_sd
0000d042   _Ka_cc
0000d044   _Ki_cc
0000d046   _L2_sp_est
0000d048   _L1_sp_est
0000d04a   _Te
0000d04c   _Output_power_x10_kW
0000d04e   _Input_power_x10_kW
0000d050   _K_CM2
0000d052   _K_CM1
0000d054   _Wrpm_det_flt
0000d056   _Wrm_det_flt
0000d058   _Wrpm_mt
0000d05a   _Wrpm_est
0000d05c   _K_fw1
0000d05e   _Wc_fc
0000d060   _Freq_Fst
0000d062   _Ki_fc
0000d064   _Kp_fc
0000d066   _Wc_Fst
0000d068   _K_fw2
0000d06a   _Ki_Fst
0000d06c   _Kp_Fst
0000d06e   _Ka_fc
0000d070   _DA2_sign
0000d072   _DA3
0000d074   _DA2_offset
0000d076   _Interrupt_time_max
0000d078   _Time_counter_500ms
0000d07a   _Main_counter
0000d07c   _DA3_range
0000d07e   _DA3_offset
0000d080   _DA1
0000d082   _DA1_range
0000d084   _Test_count_Tx
0000d086   _Test_count_Rx
0000d088   _DA2
0000d08a   _DA2_range
0000d08c   _DA1_offset
0000d08e   _DA1_sign
0000d090   _T_dead_tuning
0000d092   _DA4_sign
0000d094   _DA4_offset
0000d096   _I_DT
0000d098   _Sin_Theta_vtg
0000d09a   _Cos_Theta_vtg
0000d09c   _Sin_Theta
0000d09e   _Cos_Theta
0000d0a0   _Continuous_OL_current
0000d0a2   _ZSC_limit
0000d0a4   _Ref_old
0000d0a6   _OC_trip_value
0000d0a8   _DA4
0000d0aa   _DA4_range
0000d0ac   _OL_limit
0000d0ae   _DA3_sign
0000d0b0   _LAMqrs_cm
0000d0b2   _Tsamp
0000d0b4   _Thetae
0000d0b6   _Tsamp_CC
0000d0b8   _Tsamp_SC
0000d0ba   _LAMdrs_cm
0000d0bc   _LAMdrs
0000d0be   _LAMqrs
0000d0c0   _Jm_est
0000d0c2   _Thetar
0000d0c4   _Tsamp_VF
0000d0c6   _Te_rate
0000d0c8   _Te_hat
0000d0ca   _Accel_time1
0000d0cc   _Accel_time2
0000d0ce   _Wrpm_rated
0000d0d0   _Decel_time1
0000d0d2   _Decel_time2
0000d0d4   _Accel_time
0000d0d6   _Period_SD
0000d0d8   _Init_reference
0000d0da   _Tsamp_SD
0000d0dc   _Final_reference
0000d0de   _Decel_time
0000d0e0   _Tsamp_FC
0000d0e2   _Init_reference_Auto_tuning
0000d0e4   _LAMdre_rate
0000d0e6   _LAMdre_ref
0000d0e8   _Pole_pair
0000d0ea   _Lls
0000d0ec   _Llr
0000d0ee   _Bm
0000d0f0   _Lsigma
0000d0f2   _Lm
0000d0f4   _Rs
0000d0f6   _inv_Jm
0000d0f8   _Lr
0000d0fa   _Rr
0000d0fc   _Jm
0000d0fe   _Lm0
0000d100   _Temp_HHH1
0000d102   _Rs0
0000d104   _Temp_HHH3
0000d106   _Drive_Power_kW
0000d108   _Ls0
0000d10a   _Wrpm_limit
0000d10c   _Wrpm_min
0000d10e   _Ls
0000d110   _Tr
0000d112   _Temp_HHH2
0000d114   _Kt
0000d116   _Wrpm_max
0000d118   _Iqss_ref
0000d11a   _Idse_ref
0000d11c   _Iqse
0000d11e   _Idse_ref_max
0000d120   _Iqse_max_fw
0000d122   _Idss_ref
0000d124   _Iqse_ref
0000d126   _Is_mag
0000d128   _Is_mag_rms
0000d12a   _Ics_ref
0000d12c   _Iqss
0000d12e   _Idse
0000d130   _Is_max
0000d132   _Idss
0000d134   _Wrpm_fw1
0000d136   _Wrpm_fw2
0000d138   _Wsl
0000d13a   _Wrpm_det
0000d13c   _CRC_check_counter
0000d13e   _Wrpm_ref
0000d140   _Wrm_det
0000d142   _LAMdre_flt
0000d144   _freq_vf
0000d146   _Iqse_ref_max
0000d148   _We
0000d14a   _Wr
0000d14c   _LAMdre
0000d14e   _freq_vf_set
0000d150   _Vdse_ref
0000d152   _Vqse_ref
0000d154   _Vdc
0000d156   _IGBT_current
0000d158   _I_scale
0000d15a   _Vqss_ref
0000d15c   _Is_rated
0000d15e   _Vdse_ref_fb
0000d160   _Vqse_ref_fb
0000d162   _Vdss_ref_old
0000d164   _Vdss_ref
0000d166   _Vdc_max
0000d168   _Vqss_ref_old
0000d16a   _Vqse_ref_integ
0000d16c   _Accel_time_Auto_tuning
0000d16e   _Ibs_offset
0000d170   _Ibs_ref
0000d172   _Ias_ref
0000d174   _Decel_time_Auto_tuning
0000d176   _Ibs
0000d178   _Ias
0000d17a   _Ics
0000d17c   _Ias_offset
0000d180   _DutyCount
0000d183   _OP
0000d18b   _Flag
0000d196   _pwm1
0000d1a4   _svgen_dq1
0000d1c0   _LPF
0000d200   _scib_tx_buf
0000d240   _scib_rx_buf
0000d280   _scic_rx_buf
0000d2c0   _scic_tx_buf
0000d300   _P
0000d380   _CAN_Registers
0000e100   _SCI_Registers
0000ee80   _Data_Registers
0000fc00   _cs
0000fc01   _cs_count
0000fc08   _identify_offline
0000fc82   _NN
0000fc84   _C2
0000fc86   _C1
0000fc88   _Ton
0000fc8a   _Td
0000fc8c   _I_rated
0000fc8e   _Hui
0000fc90   _exciting_step
0000fc9a   _B2
0000fc9c   _B1
0000fcac   _M1
0000fcae   _M
0000fcb0   _a0
0000fcb2   _Wc
0000fcb4   _Toff
0000fcb6   _Vd
0000fcb8   _A2
0000fcba   _A1
0000fcbe   _predict_weight
0000fcc0   _a1
0000fcc2   _Vs
0000fcc4   _A0
0000fcc6   _a2
0000fd80   _debug_state
0000fd81   _debug_cnt
0000fd82   _debug_sum
0000fd83   _debug_sum_temp
0000fd84   _debug_wr_sum_flag
0000fd85   _debug_tx_end
0000fd86   _debug_wr_size
0000fd87   _debug_tx_pos
0000fd88   _debug_rd_addr
0000fd8a   _debug_rd_addr_tmp
0000fd8c   _debug_wr_addr
0000fd8e   _debug_wr_data
0000fdc0   _debug_tx_buf
0000fdf3   _errno
0000fe40   _deg_sDacTmp
0000fe42   _deg_Dac
0000fe62   _CpuTimer1
0000fe6a   _CpuTimer2
0000fe72   _CpuTimer0
0000fe7a   __unlock
0000fe7c   __lock
0000fe80   _SciC_TxFlag
0000fe81   _Communication_Fault_Flag
0000fe82   _Communication_Fault_Cnt
0000fe83   _SciC_RxStep
0000fe84   _tx_cnt
0000fe85   _rx_cnt
0000fe86   _SciC_RxFlag
0000fe87   _RxAddr
0000fe88   _RxData
0000fe89   _SCI_TxOffset
0000fe8a   _RxType
0000fe8b   _RxCRC
0000fe8c   _Device_type
0000fe8e   _TxIntervalTime
0000fe90   _RxBuf
0000fe99   _TxBuf
0000fed2   _time
0000feda   __cleanup_ptr
0000fedc   __dtors_ptr
00318000   _RamfuncsLoadStart
0031c64a   .text
0031c64a   _Parameter_Initialization_by_Power
0031c64a   _RamfuncsLoadEnd
0031c64a   ___text__
0031cbcf   _Parameter_Initialization
0031cca7   _System_Variable_Initialization
0031d1b6   _PWM_Frequency_Update
0031d423   _Drive_Calibration
0031d5d3   _Break_Speed_Up_Controller
0031d6a0   _Break_Speed_Down_Controller
0031d6ce   _Read_Data_Registers
0031deb5   _Write_Data_Registers_Offline
0031e3fa   _asc2hex
0031e411   _hex2asc
0031e41d   _write_txbuf_string
0031e438   _write_txbuf_asc
0031e44d   _write_txbuf_byte
0031e477   _write_txbuf_word
0031e4c7   _write_txbuf_long
0031e565   _state0_proc
0031e6cd   _state1_proc
0031e6ea   _state2_proc
0031e75d   _state3_proc
0031e775   _state4_proc
0031e796   _state5_proc
0031e7c5   _state6_proc
0031e7dd   _state7_proc
0031e856   _sci_debug_init
0031e88f   _INT13_ISR
0031e899   _INT14_ISR
0031e8a3   _DATALOG_ISR
0031e8ad   _RTOSINT_ISR
0031e8b7   _EMUINT_ISR
0031e8c1   _NMI_ISR
0031e8cb   _ILLEGAL_ISR
0031e8d5   _USER1_ISR
0031e8df   _USER2_ISR
0031e8e9   _USER3_ISR
0031e8f3   _USER4_ISR
0031e8fd   _USER5_ISR
0031e907   _USER6_ISR
0031e911   _USER7_ISR
0031e91b   _USER8_ISR
0031e925   _USER9_ISR
0031e92f   _USER10_ISR
0031e939   _USER11_ISR
0031e943   _USER12_ISR
0031e94d   _SEQ1INT_ISR
0031e957   _SEQ2INT_ISR
0031e961   _XINT1_ISR
0031e96b   _XINT2_ISR
0031e975   _ADCINT_ISR
0031e97f   _TINT0_ISR
0031e989   _WAKEINT_ISR
0031e993   _EPWM1_TZINT_ISR
0031e99d   _EPWM2_TZINT_ISR
0031e9a7   _EPWM3_TZINT_ISR
0031e9b1   _EPWM4_TZINT_ISR
0031e9bb   _EPWM5_TZINT_ISR
0031e9c5   _EPWM6_TZINT_ISR
0031e9cf   _EPWM1_INT_ISR
0031e9d9   _EPWM2_INT_ISR
0031e9e3   _EPWM3_INT_ISR
0031e9ed   _EPWM4_INT_ISR
0031e9f7   _EPWM5_INT_ISR
0031ea01   _EPWM6_INT_ISR
0031ea0b   _ECAP1_INT_ISR
0031ea15   _ECAP2_INT_ISR
0031ea1f   _ECAP3_INT_ISR
0031ea29   _ECAP4_INT_ISR
0031ea33   _ECAP5_INT_ISR
0031ea3d   _ECAP6_INT_ISR
0031ea47   _EQEP1_INT_ISR
0031ea51   _EQEP2_INT_ISR
0031ea5b   _SPIRXINTA_ISR
0031ea65   _SPITXINTA_ISR
0031ea6f   _MRINTB_ISR
0031ea79   _MXINTB_ISR
0031ea83   _MRINTA_ISR
0031ea8d   _MXINTA_ISR
0031ea97   _DINTCH1_ISR
0031eaa1   _DINTCH2_ISR
0031eaab   _DINTCH3_ISR
0031eab5   _DINTCH4_ISR
0031eabf   _DINTCH5_ISR
0031eac9   _DINTCH6_ISR
0031ead3   _I2CINT1A_ISR
0031eadd   _I2CINT2A_ISR
0031eae7   _SCIRXINTC_ISR
0031eaf1   _SCITXINTC_ISR
0031eafb   _SCIRXINTA_ISR
0031eb05   _SCITXINTA_ISR
0031eb0f   _SCIRXINTB_ISR
0031eb19   _SCITXINTB_ISR
0031eb23   _ECAN0INTA_ISR
0031eb2d   _ECAN1INTA_ISR
0031eb37   _ECAN0INTB_ISR
0031eb41   _ECAN1INTB_ISR
0031eb4b   _XINT3_ISR
0031eb55   _XINT4_ISR
0031eb5f   _XINT5_ISR
0031eb69   _XINT6_ISR
0031eb73   _XINT7_ISR
0031eb7d   _LVF_ISR
0031eb87   _LUF_ISR
0031eb91   _PIE_RESERVED
0031eb9b   _rsvd_ISR
0031eba5   _InitAdc
0031ec17   _dev_DacSetup
0031ec2f   _dev_InitDACVariable
0031ec4f   _EPWM_Initialization
0031eda5   _Temperature_Calculation
0031ee33   _RW_Fault_Record
0031ef2f   _Fault_Recording
0031f097   _InitGpio
0031f282   _InitXintf
0031f2ab   _InitXintf16Gpio
0031f2e1   _scib_init
0031f318   _scic_init
0031f351   _scib_TxChar
0031f35d   _scib_TxString
0031f369   _scic_TxChar
0031f375   _scic_TxString
0031f381   _scib_tx_start
0031f3a6   _scic_tx_start
0031f3cb   _scib_putc
0031f403   _scic_putc
0031f418   _scib_puts
0031f433   _scic_puts
0031f44e   _scic_test
0031f477   _driver_enable_proc
0031f478   _DI_Processing
0031f4c1   _DO_Port_Check
0031f4f4   _DO_Processing
0031f575   _AI_Processing
0031f588   _Local_Processing
0031f5e8   _Fieldbus_Processing
0031f607   _main
0031f67b   _F28335PowerOnSet
0031f784   _Initial_Driver_Calibration
0031f8f2   _InitSysCtrl
0031f8fb   _ServiceDog
0031f905   _DisableDog
0031f90d   _InitPll
0031f95b   _InitPeripheralClocks
0031f9b6   _CsmUnlock
0031f9e7   _F2833X_PWM_Init
0031fad8   _Change_I2C_RTC
0031fae1   _Recover_I2C_EEPROM
0031faea   _Write_RTC_Data
0031fb12   _Read_RTC_Data
0031fb46   _Set_InitialTime
0031fb69   _Write_Time
0031fb94   _Read_Time
0031fbbe   _InitCpuTimers
0031fc05   _ConfigCpuTimer
0031fc40   _log
0031fca1   _atan2
0031fcf0   _c_int00
0031fd36   _cos
0031fd6a   _sin
0031fd9e   _I2C_EEPROM_Initialization
0031fdc7   _EQEP_Initialization
0031fdf0   _InitPieCtrl
0031fe0f   _EnableInterrupts
0031fe18   I$$DIV
0031fe29   I$$MOD
0031fe3a   ___memcpy_ff
0031fe5b   _sqrt
0031fe7c   _InitPieVectTable
0031fe9c   __args_main
0031feb7   C$$EXIT
0031feb7   _abort
0031feb9   _exit
0031fed0   FS$$DIV
0031fee9   _MemCopy
0031ff00   _frexp
0031ff16   __register_unlock
0031ff1a   __register_lock
0031ff1e   __nop
0031ff27   ___etext__
0031ff27   etext
00338000   ___cinit__
00338000   cinit
00338884   _PieVectTableInit
0033fff6   code_start
0033fff8   _CsmPwl
00380080   _ADC_cal
003febdc   _FPUsinTable
003fecdc   _FPUcosTable
003fefdc   _FPUsinTableEnd
003ff0de   _FPUatan2HalfPITable
003ff0de   _FPUcosTableEnd
003ff0e2   _FPUatan2Table
003ff268   _FPUatan2TableEnd
ffffffff   ___binit__
ffffffff   ___c_args__
ffffffff   ___pinit__
ffffffff   binit
ffffffff   pinit

[596 symbols]
