******************************************************************************
             TMS320C2000 Linker PC v5.2.4                      
******************************************************************************
>> Linked Wed Aug 10 14:08:49 2011

OUTPUT FILE NAME:   <./Debug/Seoho NV Drive Program.out>
ENTRY POINT SYMBOL: "_c_int00"  address: 0031fba8


MEMORY CONFIGURATION

         name            origin    length      used     unused   attr    fill
----------------------  --------  ---------  --------  --------  ----  --------
PAGE 0:
  ZONE0                 00004000   00001000  00000800  00000800  RWIX
  RAML0                 00008000   00005000  0000452e  00000ad2  RWIX
  FLASHH                00300000   00008000  00000000  00008000  RWIX
  FLASHG                00308000   00008000  00000000  00008000  RWIX
  FLASHF                00310000   00008000  00000000  00008000  RWIX
  FLASHD                00318000   00010000  00007ddf  00008221  RWIX
  FLASHC                00328000   00008000  00000000  00008000  RWIX
  FLASHA                00338000   00007f80  00000ccc  000072b4  RWIX
  CSM_RSVD              0033ff80   00000076  00000000  00000076  RWIX
  BEGIN                 0033fff6   00000002  00000002  00000000  RWIX
  CSM_PWL               0033fff8   00000008  00000000  00000008  RWIX
  ADC_CAL               00380080   00000009  00000007  00000002  RWIX
  OTP                   00380400   00000400  00000000  00000400  RWIX
  IQTABLES              003fe000   00000b50  00000000  00000b50  RWIX
  IQTABLES2             003feb50   0000008c  00000000  0000008c  RWIX
  FPUTABLES             003febdc   000006a0  000006a0  00000000  RWIX
  ROM                   003ff27c   00000d44  00000000  00000d44  RWIX
  RESET                 003fffc0   00000002  00000000  00000002  RWIX
  VECTORS               003fffc2   0000003e  00000000  0000003e  RWIX

PAGE 1:
  BOOT_RSVD             00000000   00000050  00000000  00000050  RWIX
  RAMM0                 00000050   000003b0  00000000  000003b0  RWIX
  RAMM1                 00000400   00000400  00000400  00000000  RWIX
  DEV_EMU               00000880   00000180  000000d0  000000b0  RWIX
  FLASH_REGS            00000a80   00000060  00000008  00000058  RWIX
  CSM                   00000ae0   00000010  00000010  00000000  RWIX
  ADC_MIRROR            00000b00   00000010  00000010  00000000  RWIX
  XINTF                 00000b20   00000020  0000001e  00000002  RWIX
  CPU_TIMER0            00000c00   00000008  00000008  00000000  RWIX
  CPU_TIMER1            00000c08   00000008  00000008  00000000  RWIX
  CPU_TIMER2            00000c10   00000008  00000008  00000000  RWIX
  PIE_CTRL              00000ce0   00000020  0000001a  00000006  RWIX
  PIE_VECT              00000d00   00000100  00000100  00000000  RWIX
  DMA                   00001000   00000200  000000e0  00000120  RWIX
  MCBSPA                00005000   00000040  00000025  0000001b  RWIX
  MCBSPB                00005040   00000040  00000025  0000001b  RWIX
  ECANA                 00006000   00000040  00000034  0000000c  RWIX
  ECANA_LAM             00006040   00000040  00000040  00000000  RWIX
  ECANA_MOTS            00006080   00000040  00000040  00000000  RWIX
  ECANA_MOTO            000060c0   00000040  00000040  00000000  RWIX
  ECANA_MBOX            00006100   00000100  00000100  00000000  RWIX
  ECANB                 00006200   00000040  00000034  0000000c  RWIX
  ECANB_LAM             00006240   00000040  00000040  00000000  RWIX
  ECANB_MOTS            00006280   00000040  00000040  00000000  RWIX
  ECANB_MOTO            000062c0   00000040  00000040  00000000  RWIX
  ECANB_MBOX            00006300   00000100  00000100  00000000  RWIX
  EPWM1                 00006800   00000022  00000022  00000000  RWIX
  EPWM2                 00006840   00000022  00000022  00000000  RWIX
  EPWM3                 00006880   00000022  00000022  00000000  RWIX
  EPWM4                 000068c0   00000022  00000022  00000000  RWIX
  EPWM5                 00006900   00000022  00000022  00000000  RWIX
  EPWM6                 00006940   00000022  00000022  00000000  RWIX
  ECAP1                 00006a00   00000020  00000020  00000000  RWIX
  ECAP2                 00006a20   00000020  00000020  00000000  RWIX
  ECAP3                 00006a40   00000020  00000020  00000000  RWIX
  ECAP4                 00006a60   00000020  00000020  00000000  RWIX
  ECAP5                 00006a80   00000020  00000020  00000000  RWIX
  ECAP6                 00006aa0   00000020  00000020  00000000  RWIX
  EQEP1                 00006b00   00000040  00000040  00000000  RWIX
  EQEP2                 00006b40   00000040  00000040  00000000  RWIX
  GPIOCTRL              00006f80   00000040  0000002e  00000012  RWIX
  GPIODAT               00006fc0   00000020  00000020  00000000  RWIX
  GPIOINT               00006fe0   00000020  0000000a  00000016  RWIX
  SYSTEM                00007010   00000020  00000020  00000000  RWIX
  SPIA                  00007040   00000010  00000010  00000000  RWIX
  SCIA                  00007050   00000010  00000010  00000000  RWIX
  XINTRUPT              00007070   00000010  00000010  00000000  RWIX
  ADC                   00007100   00000020  0000001e  00000002  RWIX
  SCIB                  00007750   00000010  00000010  00000000  RWIX
  SCIC                  00007770   00000010  00000010  00000000  RWIX
  I2CA                  00007900   00000040  00000022  0000001e  RWIX
  RAML4                 0000d000   00003000  00002e99  00000167  RWIX
  FLASHB                00330000   00008000  00000000  00008000  RWIX
  CSM_PWL               0033fff8   00000008  00000008  00000000  RWIX


SECTION ALLOCATION MAP

 output                                  attributes/
section   page    origin      length       input sections
--------  ----  ----------  ----------   ----------------
.pinit     0    00328000    00000000     UNINITIALIZED

ZONE0DATA 
*          0    00004000    00000800     UNINITIALIZED
                  00004000    00000800     All_Main.obj (ZONE0DATA)

ramfuncs   0    00318000    0000452e     RUN ADDR = 00008000
                  00318000    00000f00     Core_Vector_Control.obj (ramfuncs)
                  00318f00    00000d10     Core_Auto_Tuning.obj (ramfuncs)
                  00319c10    00000987     Shell_IO.obj (ramfuncs)
                  0031a597    00000504     Core_Common_Module.obj (ramfuncs)
                  0031aa9b    0000047e     Core_Speed_Detection.obj (ramfuncs)
                  0031af19    0000040a     Shell_Communication_SCI.obj (ramfuncs)
                  0031b323    00000365     Shell_Fault_Processing.obj (ramfuncs)
                  0031b688    0000034c     Core_ADC_DAC_PWM.obj (ramfuncs)
                  0031b9d4    000002e8     Shell_Reference_Function.obj (ramfuncs)
                  0031bcbc    000001de     CH_svgen_dq.obj (ramfuncs)
                  0031be9a    00000193     Shell_State_Management.obj (ramfuncs)
                  0031c02d    0000018f     Shell_Communication.obj (ramfuncs)
                  0031c1bc    00000161     All_Interrupt.obj (ramfuncs)
                  0031c31d    000000b6     Core_RealSys_2833x.obj (ramfuncs)
                  0031c3d3    000000a6     Core_I2C_EEPROM.obj (ramfuncs)
                  0031c479    00000096     CH_f280xpwm.obj (ramfuncs)
                  0031c50f    0000001b     Core_DSP2833x_SysCtrl.obj (ramfuncs)
                  0031c52a    00000004     Core_DSP2833x_usDelay.obj (ramfuncs)

.text      0    0031c52e    000038b1     
                  0031c52e    0000104f     Core_Common_Module.obj (.text)
                  0031d57d    00000d2c     Shell_Communication.obj (.text)
                  0031e2a9    00000495     Core_RealSys_2833x.obj (.text)
                  0031e73e    00000316     Core_DSP2833x_DefaultIsr.obj (.text)
                  0031ea54    0000028e     Core_ADC_DAC_PWM.obj (.text)
                  0031ece2    00000264     Shell_Fault_Processing.obj (.text)
                  0031ef46    0000024a     Core_Gpio_Xintf_Set.obj (.text)
                  0031f190    00000196     Shell_Communication_SCI.obj (.text)
                  0031f326    00000190     Shell_IO.obj (.text)
                  0031f4b6    0000018e     All_Main.obj (.text)
                  0031f644    00000166     All_Interrupt.obj (.text)
                  0031f7aa    000000f5     Core_DSP2833x_SysCtrl.obj (.text)
                  0031f89f    000000f1     CH_f280xpwm.obj (.text)
                  0031f990    000000e6     Core_I2C_RTC.obj (.text)
                  0031fa76    00000082     Core_DSP2833x_CpuTimers.obj (.text)
                  0031faf8    00000061     rts2800_fpu32.lib : log.obj (.text)
                  0031fb59    0000004f     rts2800_fpu32_fast_supplement.lib : atan2_f32.obj (.text)
                  0031fba8    00000046     rts2800_fpu32.lib : boot.obj (.text)
                  0031fbee    00000034     rts2800_fpu32_fast_supplement.lib : cos_f32.obj (.text)
                  0031fc22    00000034                                       : sin_f32.obj (.text)
                  0031fc56    00000029     Core_I2C_EEPROM.obj (.text)
                  0031fc7f    00000029     Core_Speed_Detection.obj (.text)
                  0031fca8    00000028     Core_DSP2833x_PieCtrl.obj (.text)
                  0031fcd0    00000022     rts2800_fpu32.lib : i_div.obj (.text)
                  0031fcf2    00000021                       : memcpy_ff.obj (.text)
                  0031fd13    00000021     rts2800_fpu32_fast_supplement.lib : sqrt_f32.obj (.text)
                  0031fd34    00000020     Core_DSP2833x_PieVect.obj (.text)
                  0031fd54    0000001b     rts2800_fpu32.lib : args_main.obj (.text)
                  0031fd6f    00000019                       : exit.obj (.text)
                  0031fd88    00000019     rts2800_fpu32_fast_supplement.lib : div_f32.obj (.text)
                  0031fda1    00000017     Core_DSP2833x_MemCopy.obj (.text)
                  0031fdb8    00000016     rts2800_fpu32.lib : frexp.obj (.text)
                  0031fdce    00000009                       : _lock.obj (.text)
                  0031fdd7    00000008     Core_DSP2833x_CodeStartBranch.obj (.text)

.cinit     0    00338000    0000085a     
                  00338000    000003c9     All_Main.obj (.cinit)
                  003383c9    00000257     Core_Auto_Tuning.obj (.cinit)
                  00338620    00000094     Core_Vector_Control.obj (.cinit)
                  003386b4    0000006e     Core_Speed_Detection.obj (.cinit)
                  00338722    00000049     Shell_Fault_Processing.obj (.cinit)
                  0033876b    00000034     Shell_Communication_SCI.obj (.cinit)
                  0033879f    00000030     Shell_Reference_Function.obj (.cinit)
                  003387cf    0000002a     Core_RealSys_2833x.obj (.cinit)
                  003387f9    0000001d     Core_Common_Module.obj (.cinit)
                  00338816    00000013     All_Interrupt.obj (.cinit)
                  00338829    00000013     Shell_IO.obj (.cinit)
                  0033883c    0000000a     rts2800_fpu32.lib : _lock.obj (.cinit)
                  00338846    0000000a                       : exit.obj (.cinit)
                  00338850    00000004     Shell_Communication.obj (.cinit)
                  00338854    00000004     rts2800_fpu32.lib : errno.obj (.cinit)
                  00338858    00000002     --HOLE-- [fill = 0]

.econst    0    0033885a    0000032a     
                  0033885a    00000100     Core_DSP2833x_PieVect.obj (.econst)
                  0033895a    00000100     Shell_Communication_SCI.obj (.econst:_aucCRCHi)
                  00338a5a    00000100     Shell_Communication_SCI.obj (.econst:_aucCRCLo)
                  00338b5a    0000001f     Shell_Communication_SCI.obj (.econst:.string)
                  00338b79    00000001     --HOLE-- [fill = 0]
                  00338b7a    0000000a     Core_RealSys_2833x.obj (.econst:.string)

.switch    0    00338b84    00000148     
                  00338b84    000000e8     Shell_Communication.obj (.switch)
                  00338c6c    00000040     Core_Common_Module.obj (.switch)
                  00338cac    00000020     Shell_IO.obj (.switch)

codestart 
*          0    0033fff6    00000002     
                  0033fff6    00000002     Core_DSP2833x_CodeStartBranch.obj (codestart)

.adc_cal   0    00380080    00000007     NOLOAD SECTION
                  00380080    00000007     Core_DSP2833x_ADC_cal.obj (.adc_cal)

FPUmathTables 
*          0    003febdc    000006a0     NOLOAD SECTION
                  003febdc    000006a0     rts2800_fpu32_fast_supplement.lib : FPUmathTables.obj (FPUmathTables)

.reset     0    003fffc0    00000002     DSECT
                  003fffc0    00000002     rts2800_fpu32.lib : boot.obj (.reset)

vectors    0    003fffc2    00000000     DSECT

.stack     1    00000400    00000400     UNINITIALIZED
                  00000400    00000400     --HOLE--

DevEmuRegsFile 
*          1    00000880    000000d0     UNINITIALIZED
                  00000880    000000d0     Core_DSP2833x_GlobalVariableDefs.obj (DevEmuRegsFile)

FlashRegsFile 
*          1    00000a80    00000008     UNINITIALIZED
                  00000a80    00000008     Core_DSP2833x_GlobalVariableDefs.obj (FlashRegsFile)

CsmRegsFile 
*          1    00000ae0    00000010     UNINITIALIZED
                  00000ae0    00000010     Core_DSP2833x_GlobalVariableDefs.obj (CsmRegsFile)

AdcMirrorFile 
*          1    00000b00    00000010     UNINITIALIZED
                  00000b00    00000010     Core_DSP2833x_GlobalVariableDefs.obj (AdcMirrorFile)

XintfRegsFile 
*          1    00000b20    0000001e     UNINITIALIZED
                  00000b20    0000001e     Core_DSP2833x_GlobalVariableDefs.obj (XintfRegsFile)

CpuTimer0RegsFile 
*          1    00000c00    00000008     UNINITIALIZED
                  00000c00    00000008     Core_DSP2833x_GlobalVariableDefs.obj (CpuTimer0RegsFile)

CpuTimer1RegsFile 
*          1    00000c08    00000008     UNINITIALIZED
                  00000c08    00000008     Core_DSP2833x_GlobalVariableDefs.obj (CpuTimer1RegsFile)

CpuTimer2RegsFile 
*          1    00000c10    00000008     UNINITIALIZED
                  00000c10    00000008     Core_DSP2833x_GlobalVariableDefs.obj (CpuTimer2RegsFile)

PieCtrlRegsFile 
*          1    00000ce0    0000001a     UNINITIALIZED
                  00000ce0    0000001a     Core_DSP2833x_GlobalVariableDefs.obj (PieCtrlRegsFile)

PieVectTableFile 
*          1    00000d00    00000100     UNINITIALIZED
                  00000d00    00000100     Core_DSP2833x_GlobalVariableDefs.obj (PieVectTableFile)

DmaRegsFile 
*          1    00001000    000000e0     UNINITIALIZED
                  00001000    000000e0     Core_DSP2833x_GlobalVariableDefs.obj (DmaRegsFile)

McbspaRegsFile 
*          1    00005000    00000025     UNINITIALIZED
                  00005000    00000025     Core_DSP2833x_GlobalVariableDefs.obj (McbspaRegsFile)

McbspbRegsFile 
*          1    00005040    00000025     UNINITIALIZED
                  00005040    00000025     Core_DSP2833x_GlobalVariableDefs.obj (McbspbRegsFile)

ECanaRegsFile 
*          1    00006000    00000034     UNINITIALIZED
                  00006000    00000034     Core_DSP2833x_GlobalVariableDefs.obj (ECanaRegsFile)

ECanaLAMRegsFile 
*          1    00006040    00000040     UNINITIALIZED
                  00006040    00000040     Core_DSP2833x_GlobalVariableDefs.obj (ECanaLAMRegsFile)

ECanaMOTSRegsFile 
*          1    00006080    00000040     UNINITIALIZED
                  00006080    00000040     Core_DSP2833x_GlobalVariableDefs.obj (ECanaMOTSRegsFile)

ECanaMOTORegsFile 
*          1    000060c0    00000040     UNINITIALIZED
                  000060c0    00000040     Core_DSP2833x_GlobalVariableDefs.obj (ECanaMOTORegsFile)

ECanaMboxesFile 
*          1    00006100    00000100     UNINITIALIZED
                  00006100    00000100     Core_DSP2833x_GlobalVariableDefs.obj (ECanaMboxesFile)

ECanbRegsFile 
*          1    00006200    00000034     UNINITIALIZED
                  00006200    00000034     Core_DSP2833x_GlobalVariableDefs.obj (ECanbRegsFile)

ECanbLAMRegsFile 
*          1    00006240    00000040     UNINITIALIZED
                  00006240    00000040     Core_DSP2833x_GlobalVariableDefs.obj (ECanbLAMRegsFile)

ECanbMOTSRegsFile 
*          1    00006280    00000040     UNINITIALIZED
                  00006280    00000040     Core_DSP2833x_GlobalVariableDefs.obj (ECanbMOTSRegsFile)

ECanbMOTORegsFile 
*          1    000062c0    00000040     UNINITIALIZED
                  000062c0    00000040     Core_DSP2833x_GlobalVariableDefs.obj (ECanbMOTORegsFile)

ECanbMboxesFile 
*          1    00006300    00000100     UNINITIALIZED
                  00006300    00000100     Core_DSP2833x_GlobalVariableDefs.obj (ECanbMboxesFile)

EPwm1RegsFile 
*          1    00006800    00000022     UNINITIALIZED
                  00006800    00000022     Core_DSP2833x_GlobalVariableDefs.obj (EPwm1RegsFile)

EPwm2RegsFile 
*          1    00006840    00000022     UNINITIALIZED
                  00006840    00000022     Core_DSP2833x_GlobalVariableDefs.obj (EPwm2RegsFile)

EPwm3RegsFile 
*          1    00006880    00000022     UNINITIALIZED
                  00006880    00000022     Core_DSP2833x_GlobalVariableDefs.obj (EPwm3RegsFile)

EPwm4RegsFile 
*          1    000068c0    00000022     UNINITIALIZED
                  000068c0    00000022     Core_DSP2833x_GlobalVariableDefs.obj (EPwm4RegsFile)

EPwm5RegsFile 
*          1    00006900    00000022     UNINITIALIZED
                  00006900    00000022     Core_DSP2833x_GlobalVariableDefs.obj (EPwm5RegsFile)

EPwm6RegsFile 
*          1    00006940    00000022     UNINITIALIZED
                  00006940    00000022     Core_DSP2833x_GlobalVariableDefs.obj (EPwm6RegsFile)

ECap1RegsFile 
*          1    00006a00    00000020     UNINITIALIZED
                  00006a00    00000020     Core_DSP2833x_GlobalVariableDefs.obj (ECap1RegsFile)

ECap2RegsFile 
*          1    00006a20    00000020     UNINITIALIZED
                  00006a20    00000020     Core_DSP2833x_GlobalVariableDefs.obj (ECap2RegsFile)

ECap3RegsFile 
*          1    00006a40    00000020     UNINITIALIZED
                  00006a40    00000020     Core_DSP2833x_GlobalVariableDefs.obj (ECap3RegsFile)

ECap4RegsFile 
*          1    00006a60    00000020     UNINITIALIZED
                  00006a60    00000020     Core_DSP2833x_GlobalVariableDefs.obj (ECap4RegsFile)

ECap5RegsFile 
*          1    00006a80    00000020     UNINITIALIZED
                  00006a80    00000020     Core_DSP2833x_GlobalVariableDefs.obj (ECap5RegsFile)

ECap6RegsFile 
*          1    00006aa0    00000020     UNINITIALIZED
                  00006aa0    00000020     Core_DSP2833x_GlobalVariableDefs.obj (ECap6RegsFile)

EQep1RegsFile 
*          1    00006b00    00000040     UNINITIALIZED
                  00006b00    00000040     Core_DSP2833x_GlobalVariableDefs.obj (EQep1RegsFile)

EQep2RegsFile 
*          1    00006b40    00000040     UNINITIALIZED
                  00006b40    00000040     Core_DSP2833x_GlobalVariableDefs.obj (EQep2RegsFile)

GpioCtrlRegsFile 
*          1    00006f80    0000002e     UNINITIALIZED
                  00006f80    0000002e     Core_DSP2833x_GlobalVariableDefs.obj (GpioCtrlRegsFile)

GpioDataRegsFile 
*          1    00006fc0    00000020     UNINITIALIZED
                  00006fc0    00000020     Core_DSP2833x_GlobalVariableDefs.obj (GpioDataRegsFile)

GpioIntRegsFile 
*          1    00006fe0    0000000a     UNINITIALIZED
                  00006fe0    0000000a     Core_DSP2833x_GlobalVariableDefs.obj (GpioIntRegsFile)

SysCtrlRegsFile 
*          1    00007010    00000020     UNINITIALIZED
                  00007010    00000020     Core_DSP2833x_GlobalVariableDefs.obj (SysCtrlRegsFile)

SpiaRegsFile 
*          1    00007040    00000010     UNINITIALIZED
                  00007040    00000010     Core_DSP2833x_GlobalVariableDefs.obj (SpiaRegsFile)

SciaRegsFile 
*          1    00007050    00000010     UNINITIALIZED
                  00007050    00000010     Core_DSP2833x_GlobalVariableDefs.obj (SciaRegsFile)

XIntruptRegsFile 
*          1    00007070    00000010     UNINITIALIZED
                  00007070    00000010     Core_DSP2833x_GlobalVariableDefs.obj (XIntruptRegsFile)

AdcRegsFile 
*          1    00007100    0000001e     UNINITIALIZED
                  00007100    0000001e     Core_DSP2833x_GlobalVariableDefs.obj (AdcRegsFile)

ScibRegsFile 
*          1    00007750    00000010     UNINITIALIZED
                  00007750    00000010     Core_DSP2833x_GlobalVariableDefs.obj (ScibRegsFile)

ScicRegsFile 
*          1    00007770    00000010     UNINITIALIZED
                  00007770    00000010     Core_DSP2833x_GlobalVariableDefs.obj (ScicRegsFile)

I2caRegsFile 
*          1    00007900    00000022     UNINITIALIZED
                  00007900    00000022     Core_DSP2833x_GlobalVariableDefs.obj (I2caRegsFile)

.ebss      1    0000d000    00002e99     UNINITIALIZED
                  0000d000    00002b88     All_Main.obj (.ebss)
                  0000fb88    00000030     Core_Speed_Detection.obj (.ebss)
                  0000fbb8    00000008     All_Interrupt.obj (.ebss)
                  0000fbc0    00000180     Core_Auto_Tuning.obj (.ebss)
                  0000fd40    00000073     Core_RealSys_2833x.obj (.ebss)
                  0000fdb3    00000001     Shell_Communication.obj (.ebss)
                  0000fdb4    0000000c     Core_Common_Module.obj (.ebss)
                  0000fdc0    0000003a     Core_Vector_Control.obj (.ebss)
                  0000fdfa    00000004     rts2800_fpu32.lib : _lock.obj (.ebss)
                  0000fdfe    00000001                       : errno.obj (.ebss)
                  0000fdff    00000001     --HOLE--
                  0000fe00    00000022     Core_ADC_DAC_PWM.obj (.ebss)
                  0000fe22    00000018     Core_DSP2833x_CpuTimers.obj (.ebss)
                  0000fe3a    00000004     rts2800_fpu32.lib : exit.obj (.ebss)
                  0000fe3e    00000002     --HOLE--
                  0000fe40    0000001f     Shell_Communication_SCI.obj (.ebss)
                  0000fe5f    00000001     --HOLE--
                  0000fe60    00000014     Shell_Fault_Processing.obj (.ebss)
                  0000fe74    00000008     Shell_IO.obj (.ebss)
                  0000fe7c    00000004     --HOLE--
                  0000fe80    00000012     Shell_Reference_Function.obj (.ebss)
                  0000fe92    00000007     Core_I2C_RTC.obj (.ebss)

CsmPwlFile 
*          1    0033fff8    00000008     UNINITIALIZED
                  0033fff8    00000008     Core_DSP2833x_GlobalVariableDefs.obj (CsmPwlFile)


GLOBAL SYMBOLS: SORTED ALPHABETICALLY BY Name 

address    name
--------   ----
0031c52e   .text
0031fd6f   C$$EXIT
0031fd88   FS$$DIV
0031fcd0   I$$DIV
0031fce1   I$$MOD
0000fc84   _A0
0000fc7a   _A1
0000fc78   _A2
0031e824   _ADCINT_ISR
00380080   _ADC_cal
0031f424   _AI_Processing
00009f9f   _AO_Processing
0000d0c8   _Accel_time
0000d0ca   _Accel_time1
0000d0dc   _Accel_time2
0000d150   _Accel_time_Auto_tuning
00000b00   _AdcMirror
00007100   _AdcRegs
0000d02b   _Adc_AIN_3
0000d02a   _Adc_AIN_4
0000d021   _Adc_AIN_5
0000d027   _Adc_AIN_I1
0000d029   _Adc_AIN_I2
0000d025   _Adc_AIN_V1
0000d028   _Adc_AIN_V2
0000d022   _Adc_Temperature
0000d00b   _Adc_Uphase
0000d020   _Adc_Vclass
0000d023   _Adc_Vdc
0000d00a   _Adc_Vphase
0000d024   _Adc_Wphase
00008f00   _Auto_Tuning
0000931c   _Auto_Tuning_China
0000d005   _Auto_tuning_index
0000fc5c   _B1
0000fc5a   _B2
0000d0ea   _Bm
0031d54f   _Break_Speed_Down_Controller
0031d482   _Break_Speed_Up_Controller
0000d01a   _Break_index
0000fc46   _C1
0000fc44   _C2
0000d340   _CAN_Registers
0000d002   _CRC
0000af19   _CRC16
0031f990   _Change_I2C_RTC
0000d019   _Command
0000fe4a   _Communication_Fault_Cnt
0000fe49   _Communication_Fault_Flag
0031fabd   _ConfigCpuTimer
0000d076   _Continuous_OL_current
0000d08c   _Cos_Theta
0000d098   _Cos_Theta_vtg
0000fe32   _CpuTimer0
00000c00   _CpuTimer0Regs
0000fe22   _CpuTimer1
00000c08   _CpuTimer1Regs
0000fe2a   _CpuTimer2
00000c10   _CpuTimer2Regs
0033fff8   _CsmPwl
00000ae0   _CsmRegs
0031f86e   _CsmUnlock
00008506   _Current_Controller
0000d0ac   _DA1
0000d082   _DA1_offset
0000d080   _DA1_range
0000d07c   _DA1_sign
0000d088   _DA2
0000d084   _DA2_offset
0000d08a   _DA2_range
0000d086   _DA2_sign
0000d070   _DA3
0000d06c   _DA3_offset
0000d072   _DA3_range
0000d09c   _DA3_sign
0000d09e   _DA4
0000d0aa   _DA4_offset
0000d0a8   _DA4_range
0000d090   _DA4_sign
0031e752   _DATALOG_ISR
0000aa0f   _DB_Controller
0031e946   _DINTCH1_ISR
0031e950   _DINTCH2_ISR
0031e95a   _DINTCH3_ISR
0031e964   _DINTCH4_ISR
0031e96e   _DINTCH5_ISR
0031e978   _DINTCH6_ISR
00009d74   _DI_Function
0031f327   _DI_Processing
0000d01e   _DI_bit_all
0031f370   _DO_Port_Check
0031f3a3   _DO_Processing
0000d01f   _DO_bit_all
0000c52a   _DSP28x_usDelay
0000ee40   _Data_Registers
0000d0ce   _Decel_time
0000d0d0   _Decel_time1
0000d15a   _Decel_time2
0000d152   _Decel_time_Auto_tuning
00000880   _DevEmuRegs
0000fe4c   _Device_type
0031f7bd   _DisableDog
00001000   _DmaRegs
0031d2d2   _Drive_Calibration
0000d0be   _Drive_Power_kW
0000d015   _Driver_ON
0000d003   _Dummy_comm
0000d176   _DutyCount
0031e9d2   _ECAN0INTA_ISR
0031e9e6   _ECAN0INTB_ISR
0031e9dc   _ECAN1INTA_ISR
0031e9f0   _ECAN1INTB_ISR
0031e8ba   _ECAP1_INT_ISR
0031e8c4   _ECAP2_INT_ISR
0031e8ce   _ECAP3_INT_ISR
0031e8d8   _ECAP4_INT_ISR
0031e8e2   _ECAP5_INT_ISR
0031e8ec   _ECAP6_INT_ISR
00006040   _ECanaLAMRegs
000060c0   _ECanaMOTORegs
00006080   _ECanaMOTSRegs
00006100   _ECanaMboxes
00006000   _ECanaRegs
00006240   _ECanbLAMRegs
000062c0   _ECanbMOTORegs
00006280   _ECanbMOTSRegs
00006300   _ECanbMboxes
00006200   _ECanbRegs
00006a00   _ECap1Regs
00006a20   _ECap2Regs
00006a40   _ECap3Regs
00006a60   _ECap4Regs
00006a80   _ECap5Regs
00006aa0   _ECap6Regs
0031e766   _EMUINT_ISR
0031e87e   _EPWM1_INT_ISR
0031e842   _EPWM1_TZINT_ISR
0031e888   _EPWM2_INT_ISR
0031e84c   _EPWM2_TZINT_ISR
0031e892   _EPWM3_INT_ISR
0031e856   _EPWM3_TZINT_ISR
0031e89c   _EPWM4_INT_ISR
0031e860   _EPWM4_TZINT_ISR
0031e8a6   _EPWM5_INT_ISR
0031e86a   _EPWM5_TZINT_ISR
0031e8b0   _EPWM6_INT_ISR
0031e874   _EPWM6_TZINT_ISR
0031eafe   _EPWM_Initialization
00006800   _EPwm1Regs
00006840   _EPwm2Regs
00006880   _EPwm3Regs
000068c0   _EPwm4Regs
00006900   _EPwm5Regs
00006940   _EPwm6Regs
0000d017   _EPwmPeriodCount
0031e8f6   _EQEP1_INT_ISR
0031e900   _EQEP2_INT_ISR
0031fc7f   _EQEP_Initialization
00006b00   _EQep1Regs
00006b40   _EQep2Regs
0031fcc7   _EnableInterrupts
0031f53b   _F28335PowerOnSet
0031f89f   _F2833X_PWM_Init
0000c479   _F2833X_PWM_Update
003ff0de   _FPUatan2HalfPITable
003ff0e2   _FPUatan2Table
003ff268   _FPUatan2TableEnd
003fecdc   _FPUcosTable
003ff0de   _FPUcosTableEnd
003febdc   _FPUsinTable
003fefdc   _FPUsinTableEnd
0000b323   _Fault_Check_1Sampling
0000b37e   _Fault_Check_4Sampling
0000b460   _Fault_Processing
0031edde   _Fault_Recording
0000d010   _Fault_bits1
0000d013   _Fault_bits2
0000d012   _Fault_bits3
0000d011   _Fault_count
00008b19   _Field_Weakening
0031f497   _Fieldbus_Processing
0000d0cc   _Final_reference
0000d188   _Flag
0000d01c   _Flag_brake_control
00000a80   _FlashRegs
00008c6f   _Flux_Controller
0000810c   _Flux_Estimation
0000d014   _Flux_build_up
0000d062   _Freq_Fst
0000a115   _GetAnalogRef
0000b688   _GetSensorValue
00009c10   _Get_Command
00006f80   _GpioCtrlRegs
00006fc0   _GpioDataRegs
00006fe0   _GpioIntRegs
0000fc4e   _Hui
0031e982   _I2CINT1A_ISR
0031e98c   _I2CINT2A_ISR
0031fc56   _I2C_EEPROM_Initialization
00007900   _I2caRegs
0000d160   _IGBT_current
0031e77a   _ILLEGAL_ISR
0031e73e   _INT13_ISR
0031e748   _INT14_ISR
0000d0a4   _I_DT
0000fc4c   _I_rated
0000d166   _I_scale
0000d15c   _Ias
0000d122   _Ias_offset
0000d12a   _Ias_ref
0000d15e   _Ibs
0000d11e   _Ibs_offset
0000d124   _Ibs_ref
0000d162   _Ics
0000d11c   _Ics_ref
0000d13a   _Idse
0000d136   _Idse_ref
0000d12e   _Idse_ref_max
0000d142   _Idss
0000d13e   _Idss_ref
0031ea54   _InitAdc
0031fa76   _InitCpuTimers
0000c50f   _InitFlash
0031ef46   _InitGpio
0031f813   _InitPeripheralClocks
0031fca8   _InitPieCtrl
0031fd34   _InitPieVectTable
0031f7c5   _InitPll
0031f7aa   _InitSysCtrl
0031f131   _InitXintf
0031f15a   _InitXintf16Gpio
0000d102   _Init_reference
0000d0da   _Init_reference_Auto_tuning
0031f644   _Initial_Driver_Calibration
0000d050   _Input_power_x10_kW
0000d07e   _Interrupt_time_max
0000d164   _Iqse
0000d140   _Iqse_max_fw
0000d12c   _Iqse_ref
0000d132   _Iqse_ref_max
0000d138   _Iqss
0000d130   _Iqss_ref
0000d11a   _Is_mag
0000d13c   _Is_mag_rms
0000d118   _Is_max
0000d174   _Is_rated
0000d0f8   _Jm
0000d0c4   _Jm_est
0000d05a   _K_CM1
0000d066   _K_CM2
0000d064   _K_fw1
0000d06a   _K_fw2
0000d03e   _Ka_cc
0000d044   _Ka_fc
0000d042   _Ka_sc
0000d05c   _Ki_Fst
0000d040   _Ki_cc
0000d036   _Ki_fc
0000d030   _Ki_sc
0000d03c   _Kob_sd
0000d05e   _Kp_Fst
0000d03a   _Kp_cc
0000d096   _Kp_fc
0000d032   _Kp_sc
0000d110   _Kt
0000d048   _L1_sp_est
0000d02e   _L2_sp_est
0000d038   _L3_sp_est
0000d034   _L3_sp_tmp
0000d134   _LAMdre
0000d126   _LAMdre_flt
0000d0e0   _LAMdre_rate
0000d0e2   _LAMdre_ref
0000d0bc   _LAMdrs
0000d0ae   _LAMdrs_cm
0000d0c6   _LAMqrs
0000d0b0   _LAMqrs_cm
0031ea36   _LUF_ISR
0031ea2c   _LVF_ISR
0000d0e8   _Llr
0000d0e6   _Lls
0000d0ee   _Lm
0000d0fa   _Lm0
0031f437   _Local_Processing
0000d0f4   _Lr
0000d10a   _Ls
0000d104   _Ls0
0000d0ec   _Lsigma
0000fc6e   _M
0000fc6c   _M1
0031e932   _MRINTA_ISR
0031e91e   _MRINTB_ISR
0031e93c   _MXINTA_ISR
0031e928   _MXINTB_ISR
0000c1bc   _MainPWM
0000d078   _Main_counter
00005000   _McbspaRegs
00005040   _McbspbRegs
0031fda1   _MemCopy
00009ea4   _Multi_Step_Processing
0031e770   _NMI_ISR
0000fc42   _NN
0000d074   _OC_trip_value
0000d0a2   _OL_limit
0000d180   _OP
0000d04e   _Output_power_x10_kW
0000d2c0   _P
0031ea40   _PIE_RESERVED
0000d026   _PPR
0031d09a   _PWM_Frequency_Update
0000b992   _PWM_ON_OFF
0000d016   _PWM_frequency_old
0031cab3   _Parameter_Initialization
0031c52e   _Parameter_Initialization_by_Power
0000d0d6   _Period_SD
00000ce0   _PieCtrlRegs
00000d00   _PieVectTable
0033885a   _PieVectTableInit
0000d0e4   _Pole_pair
0031e75c   _RTOSINT_ISR
0031ece2   _RW_Fault_Record
0031c52e   _RamfuncsLoadEnd
00318000   _RamfuncsLoadStart
00008000   _RamfuncsRunStart
0031d57d   _Read_Data_Registers
0000c40a   _Read_EEPROM_Data
0031f9ca   _Read_RTC_Data
0031fa4c   _Read_Time
0031f999   _Recover_I2C_EEPROM
0000d07a   _Ref_old
0000b9d4   _Reference_Function
0000d0f6   _Rr
0000d0f0   _Rs
0000d0fe   _Rs0
0000fe46   _RxAddr
0000fe56   _RxBuf
0000fe48   _RxCRC
0000fe45   _RxData
0000fe4b   _RxType
0000d007   _Rx_index
0000b1c9   _SCIC_Process
0031e9aa   _SCIRXINTA_ISR
0031e9be   _SCIRXINTB_ISR
0031e996   _SCIRXINTC_ISR
0031e9b4   _SCITXINTA_ISR
0031e9c8   _SCITXINTB_ISR
0031e9a0   _SCITXINTC_ISR
0000e0c0   _SCI_Registers
0000fe47   _SCI_TxOffset
0031e7fc   _SEQ1INT_ISR
0031e806   _SEQ2INT_ISR
0031e90a   _SPIRXINTA_ISR
0031e914   _SPITXINTA_ISR
000086fe   _SVPWM
0000fe43   _SciC_RxFlag
0000fe41   _SciC_RxStep
0000fe42   _SciC_TxFlag
00007050   _SciaRegs
00007750   _ScibRegs
00007770   _ScicRegs
0031f7b3   _ServiceDog
0031f9fe   _Set_InitialTime
0000d092   _Sin_Theta
0000d08e   _Sin_Theta_vtg
00008d47   _Speed_Controller
0000aa9b   _Speed_Detection_Enc
0000ae07   _Speed_Detection_Est
00007040   _SpiaRegs
0000be9a   _State_Management
0000d018   _State_index
0000d01b   _State_index_old
00007010   _SysCtrlRegs
0031cb8b   _System_Variable_Initialization
0000a597   _System_Variable_Update
0031e82e   _TINT0_ISR
0000d0a6   _T_dead_tuning
0000fc4a   _Td
0000d09a   _Te
0000d0c0   _Te_hat
0000d0ba   _Te_rate
0000d0fc   _Temp_HHH1
0000d10e   _Temp_HHH2
0000d100   _Temp_HHH3
0031ec54   _Temperature_Calculation
0000d01d   _Temperature_x10
0000d094   _Theta
0000d0b8   _Thetae
0000d0b2   _Thetar
0000d06e   _Time_counter_500ms
0000fc74   _Toff
0000fc48   _Ton
0000d10c   _Tr
0000d0c2   _Tsamp
0000d0b6   _Tsamp_CC
0000d0d4   _Tsamp_FC
0000d0d8   _Tsamp_SC
0000d0de   _Tsamp_SD
0000d0b4   _Tsamp_VF
0000fe4d   _TxBuf
0000d001   _TxIntervalCnt
0000d000   _TxInterval_1s
0000d006   _Tx_index
0031e7de   _USER10_ISR
0031e7e8   _USER11_ISR
0031e7f2   _USER12_ISR
0031e784   _USER1_ISR
0031e78e   _USER2_ISR
0031e798   _USER3_ISR
0031e7a2   _USER4_ISR
0031e7ac   _USER5_ISR
0031e7b6   _USER6_ISR
0031e7c0   _USER7_ISR
0031e7ca   _USER8_ISR
0031e7d4   _USER9_ISR
00008000   _VF_Controller
0000fc76   _Vd
0000d16e   _Vdc
0000d156   _Vdc_max
0000d172   _Vdse_ref
0000d144   _Vdse_ref_fb
0000d14a   _Vdss_ref
0000d148   _Vdss_ref_old
0000d004   _Voltage_class
0000d170   _Vqse_ref
0000d146   _Vqse_ref_fb
0000d158   _Vqse_ref_integ
0000d14c   _Vqss_ref
0000d14e   _Vqss_ref_old
0000fc82   _Vs
0031e838   _WAKEINT_ISR
0000fc72   _Wc
0000d068   _Wc_Fst
0000d046   _Wc_cc
0000d060   _Wc_fc
0000d02c   _Wc_sc
0000d116   _We
0000c45e   _Word_Read_data
0000c444   _Word_Write_data
0000d120   _Wr
0031dd64   _Write_Data_Registers_Offline
0000c02d   _Write_Data_Registers_Online
0000c3d3   _Write_EEPROM_Data
0031f9a2   _Write_RTC_Data
0031fa21   _Write_Time
0000d054   _Wrm_det
0000d058   _Wrm_det_flt
0000d052   _Wrpm_det
0000d056   _Wrpm_det_flt
0000d04c   _Wrpm_est
0000d16c   _Wrpm_fw1
0000d16a   _Wrpm_fw2
0000d106   _Wrpm_limit
0000d154   _Wrpm_max
0000d108   _Wrpm_min
0000d04a   _Wrpm_mt
0000d0d2   _Wrpm_rated
0000d168   _Wrpm_ref
0000d128   _Wsl
0031e810   _XINT1_ISR
0031e81a   _XINT2_ISR
0031e9fa   _XINT3_ISR
0031ea04   _XINT4_ISR
0031ea0e   _XINT5_ISR
0031ea18   _XINT6_ISR
0031ea22   _XINT7_ISR
00007070   _XIntruptRegs
00000b20   _XintfRegs
00004000   _ZONE0_BUF
0000d0a0   _ZSC_limit
00000800   __STACK_END
00000400   __STACK_SIZE
00000001   __TI_args_main
ffffffff   ___binit__
ffffffff   ___c_args__
00338000   ___cinit__
0031fddf   ___etext__
0031fcf2   ___memcpy_ff
ffffffff   ___pinit__
0031c52e   ___text__
0031fd54   __args_main
0000fe3a   __cleanup_ptr
0000fe3c   __dtors_ptr
0000fdfc   __lock
0031fdd6   __nop
0031fdd2   __register_lock
0031fdce   __register_unlock
00000400   __stack
0000fdfa   __unlock
0000fc70   _a0
0000fc80   _a1
0000fc86   _a2
0031fd6f   _abort
0031e2a9   _asc2hex
0031fb59   _atan2
0031fba8   _c_int00
0031fbee   _cos
0000fbc0   _cs
0000fbc1   _cs_count
0000fd41   _debug_cnt
0000fd48   _debug_rd_addr
0000fd4a   _debug_rd_addr_tmp
0000fd40   _debug_state
0000fd42   _debug_sum
0000fd43   _debug_sum_temp
0000fd80   _debug_tx_buf
0000fd45   _debug_tx_end
0000fd47   _debug_tx_pos
0000fd4c   _debug_wr_addr
0000fd4e   _debug_wr_data
0000fd46   _debug_wr_size
0000fd44   _debug_wr_sum_flag
0000fe02   _deg_Dac
0000fe00   _deg_sDacTmp
0000b870   _dev_BackgroundDAC
0031eac6   _dev_DacSetup
0031eade   _dev_InitDACVariable
0000b7de   _dev_SendDAC
0031f326   _driver_enable_proc
0000fdfe   _errno
0000fc50   _exciting_step
0031fd71   _exit
0000d114   _freq_vf
0000d112   _freq_vf_set
0031fdb8   _frexp
0031e2c0   _hex2asc
0000fbc8   _identify_offline
0000d0f2   _inv_Jm
0031faf8   _log
0031f4b6   _main
00009b7d   _matrix_multiplic
00009bd1   _matrix_subtract
0000fc7e   _predict_weight
0000d192   _pwm1
0031ea4a   _rsvd_ISR
0000fe40   _rx_cnt
0031e705   _sci_debug_init
0000c365   _scia_rx_isr
0000c31d   _scia_tx_isr
0031f200   _scib_TxChar
0031f20c   _scib_TxString
0031f190   _scib_init
0031f27a   _scib_putc
0031f2c7   _scib_puts
0000d240   _scib_rx_buf
0000af94   _scib_rx_isr
0000d00f   _scib_rxd
0000d280   _scib_tx_buf
0000d00c   _scib_tx_end
0000af4a   _scib_tx_isr
0000d00d   _scib_tx_pos
0031f230   _scib_tx_start
0031f218   _scic_TxChar
0031f224   _scic_TxString
0031f1c7   _scic_init
0031f2b2   _scic_putc
0031f2e2   _scic_puts
0000d1c0   _scic_rx_buf
0000b046   _scic_rx_isr
0000d008   _scic_rxd
0031f2fd   _scic_test
0000d200   _scic_tx_buf
0000d009   _scic_tx_end
0000aff9   _scic_tx_isr
0000d00e   _scic_tx_pos
0031f255   _scic_tx_start
0031fc22   _sin
0031fd13   _sqrt
0031e414   _state0_proc
0031e57c   _state1_proc
0031e599   _state2_proc
0031e60c   _state3_proc
0031e624   _state4_proc
0031e645   _state5_proc
0031e674   _state6_proc
0031e68c   _state7_proc
0000d1a0   _svgen_dq1
0000bcbc   _svgendq_calc
0000fe92   _time
0000fe44   _tx_cnt
0031e2e7   _write_txbuf_asc
0031e2fc   _write_txbuf_byte
0031e376   _write_txbuf_long
0031e2cc   _write_txbuf_string
0031e326   _write_txbuf_word
ffffffff   binit
00338000   cinit
0033fff6   code_start
0031fddf   etext
ffffffff   pinit


GLOBAL SYMBOLS: SORTED BY Symbol Address 

address    name
--------   ----
00000001   __TI_args_main
00000400   __STACK_SIZE
00000400   __stack
00000800   __STACK_END
00000880   _DevEmuRegs
00000a80   _FlashRegs
00000ae0   _CsmRegs
00000b00   _AdcMirror
00000b20   _XintfRegs
00000c00   _CpuTimer0Regs
00000c08   _CpuTimer1Regs
00000c10   _CpuTimer2Regs
00000ce0   _PieCtrlRegs
00000d00   _PieVectTable
00001000   _DmaRegs
00004000   _ZONE0_BUF
00005000   _McbspaRegs
00005040   _McbspbRegs
00006000   _ECanaRegs
00006040   _ECanaLAMRegs
00006080   _ECanaMOTSRegs
000060c0   _ECanaMOTORegs
00006100   _ECanaMboxes
00006200   _ECanbRegs
00006240   _ECanbLAMRegs
00006280   _ECanbMOTSRegs
000062c0   _ECanbMOTORegs
00006300   _ECanbMboxes
00006800   _EPwm1Regs
00006840   _EPwm2Regs
00006880   _EPwm3Regs
000068c0   _EPwm4Regs
00006900   _EPwm5Regs
00006940   _EPwm6Regs
00006a00   _ECap1Regs
00006a20   _ECap2Regs
00006a40   _ECap3Regs
00006a60   _ECap4Regs
00006a80   _ECap5Regs
00006aa0   _ECap6Regs
00006b00   _EQep1Regs
00006b40   _EQep2Regs
00006f80   _GpioCtrlRegs
00006fc0   _GpioDataRegs
00006fe0   _GpioIntRegs
00007010   _SysCtrlRegs
00007040   _SpiaRegs
00007050   _SciaRegs
00007070   _XIntruptRegs
00007100   _AdcRegs
00007750   _ScibRegs
00007770   _ScicRegs
00007900   _I2caRegs
00008000   _RamfuncsRunStart
00008000   _VF_Controller
0000810c   _Flux_Estimation
00008506   _Current_Controller
000086fe   _SVPWM
00008b19   _Field_Weakening
00008c6f   _Flux_Controller
00008d47   _Speed_Controller
00008f00   _Auto_Tuning
0000931c   _Auto_Tuning_China
00009b7d   _matrix_multiplic
00009bd1   _matrix_subtract
00009c10   _Get_Command
00009d74   _DI_Function
00009ea4   _Multi_Step_Processing
00009f9f   _AO_Processing
0000a115   _GetAnalogRef
0000a597   _System_Variable_Update
0000aa0f   _DB_Controller
0000aa9b   _Speed_Detection_Enc
0000ae07   _Speed_Detection_Est
0000af19   _CRC16
0000af4a   _scib_tx_isr
0000af94   _scib_rx_isr
0000aff9   _scic_tx_isr
0000b046   _scic_rx_isr
0000b1c9   _SCIC_Process
0000b323   _Fault_Check_1Sampling
0000b37e   _Fault_Check_4Sampling
0000b460   _Fault_Processing
0000b688   _GetSensorValue
0000b7de   _dev_SendDAC
0000b870   _dev_BackgroundDAC
0000b992   _PWM_ON_OFF
0000b9d4   _Reference_Function
0000bcbc   _svgendq_calc
0000be9a   _State_Management
0000c02d   _Write_Data_Registers_Online
0000c1bc   _MainPWM
0000c31d   _scia_tx_isr
0000c365   _scia_rx_isr
0000c3d3   _Write_EEPROM_Data
0000c40a   _Read_EEPROM_Data
0000c444   _Word_Write_data
0000c45e   _Word_Read_data
0000c479   _F2833X_PWM_Update
0000c50f   _InitFlash
0000c52a   _DSP28x_usDelay
0000d000   _TxInterval_1s
0000d001   _TxIntervalCnt
0000d002   _CRC
0000d003   _Dummy_comm
0000d004   _Voltage_class
0000d005   _Auto_tuning_index
0000d006   _Tx_index
0000d007   _Rx_index
0000d008   _scic_rxd
0000d009   _scic_tx_end
0000d00a   _Adc_Vphase
0000d00b   _Adc_Uphase
0000d00c   _scib_tx_end
0000d00d   _scib_tx_pos
0000d00e   _scic_tx_pos
0000d00f   _scib_rxd
0000d010   _Fault_bits1
0000d011   _Fault_count
0000d012   _Fault_bits3
0000d013   _Fault_bits2
0000d014   _Flux_build_up
0000d015   _Driver_ON
0000d016   _PWM_frequency_old
0000d017   _EPwmPeriodCount
0000d018   _State_index
0000d019   _Command
0000d01a   _Break_index
0000d01b   _State_index_old
0000d01c   _Flag_brake_control
0000d01d   _Temperature_x10
0000d01e   _DI_bit_all
0000d01f   _DO_bit_all
0000d020   _Adc_Vclass
0000d021   _Adc_AIN_5
0000d022   _Adc_Temperature
0000d023   _Adc_Vdc
0000d024   _Adc_Wphase
0000d025   _Adc_AIN_V1
0000d026   _PPR
0000d027   _Adc_AIN_I1
0000d028   _Adc_AIN_V2
0000d029   _Adc_AIN_I2
0000d02a   _Adc_AIN_4
0000d02b   _Adc_AIN_3
0000d02c   _Wc_sc
0000d02e   _L2_sp_est
0000d030   _Ki_sc
0000d032   _Kp_sc
0000d034   _L3_sp_tmp
0000d036   _Ki_fc
0000d038   _L3_sp_est
0000d03a   _Kp_cc
0000d03c   _Kob_sd
0000d03e   _Ka_cc
0000d040   _Ki_cc
0000d042   _Ka_sc
0000d044   _Ka_fc
0000d046   _Wc_cc
0000d048   _L1_sp_est
0000d04a   _Wrpm_mt
0000d04c   _Wrpm_est
0000d04e   _Output_power_x10_kW
0000d050   _Input_power_x10_kW
0000d052   _Wrpm_det
0000d054   _Wrm_det
0000d056   _Wrpm_det_flt
0000d058   _Wrm_det_flt
0000d05a   _K_CM1
0000d05c   _Ki_Fst
0000d05e   _Kp_Fst
0000d060   _Wc_fc
0000d062   _Freq_Fst
0000d064   _K_fw1
0000d066   _K_CM2
0000d068   _Wc_Fst
0000d06a   _K_fw2
0000d06c   _DA3_offset
0000d06e   _Time_counter_500ms
0000d070   _DA3
0000d072   _DA3_range
0000d074   _OC_trip_value
0000d076   _Continuous_OL_current
0000d078   _Main_counter
0000d07a   _Ref_old
0000d07c   _DA1_sign
0000d07e   _Interrupt_time_max
0000d080   _DA1_range
0000d082   _DA1_offset
0000d084   _DA2_offset
0000d086   _DA2_sign
0000d088   _DA2
0000d08a   _DA2_range
0000d08c   _Cos_Theta
0000d08e   _Sin_Theta_vtg
0000d090   _DA4_sign
0000d092   _Sin_Theta
0000d094   _Theta
0000d096   _Kp_fc
0000d098   _Cos_Theta_vtg
0000d09a   _Te
0000d09c   _DA3_sign
0000d09e   _DA4
0000d0a0   _ZSC_limit
0000d0a2   _OL_limit
0000d0a4   _I_DT
0000d0a6   _T_dead_tuning
0000d0a8   _DA4_range
0000d0aa   _DA4_offset
0000d0ac   _DA1
0000d0ae   _LAMdrs_cm
0000d0b0   _LAMqrs_cm
0000d0b2   _Thetar
0000d0b4   _Tsamp_VF
0000d0b6   _Tsamp_CC
0000d0b8   _Thetae
0000d0ba   _Te_rate
0000d0bc   _LAMdrs
0000d0be   _Drive_Power_kW
0000d0c0   _Te_hat
0000d0c2   _Tsamp
0000d0c4   _Jm_est
0000d0c6   _LAMqrs
0000d0c8   _Accel_time
0000d0ca   _Accel_time1
0000d0cc   _Final_reference
0000d0ce   _Decel_time
0000d0d0   _Decel_time1
0000d0d2   _Wrpm_rated
0000d0d4   _Tsamp_FC
0000d0d6   _Period_SD
0000d0d8   _Tsamp_SC
0000d0da   _Init_reference_Auto_tuning
0000d0dc   _Accel_time2
0000d0de   _Tsamp_SD
0000d0e0   _LAMdre_rate
0000d0e2   _LAMdre_ref
0000d0e4   _Pole_pair
0000d0e6   _Lls
0000d0e8   _Llr
0000d0ea   _Bm
0000d0ec   _Lsigma
0000d0ee   _Lm
0000d0f0   _Rs
0000d0f2   _inv_Jm
0000d0f4   _Lr
0000d0f6   _Rr
0000d0f8   _Jm
0000d0fa   _Lm0
0000d0fc   _Temp_HHH1
0000d0fe   _Rs0
0000d100   _Temp_HHH3
0000d102   _Init_reference
0000d104   _Ls0
0000d106   _Wrpm_limit
0000d108   _Wrpm_min
0000d10a   _Ls
0000d10c   _Tr
0000d10e   _Temp_HHH2
0000d110   _Kt
0000d112   _freq_vf_set
0000d114   _freq_vf
0000d116   _We
0000d118   _Is_max
0000d11a   _Is_mag
0000d11c   _Ics_ref
0000d11e   _Ibs_offset
0000d120   _Wr
0000d122   _Ias_offset
0000d124   _Ibs_ref
0000d126   _LAMdre_flt
0000d128   _Wsl
0000d12a   _Ias_ref
0000d12c   _Iqse_ref
0000d12e   _Idse_ref_max
0000d130   _Iqss_ref
0000d132   _Iqse_ref_max
0000d134   _LAMdre
0000d136   _Idse_ref
0000d138   _Iqss
0000d13a   _Idse
0000d13c   _Is_mag_rms
0000d13e   _Idss_ref
0000d140   _Iqse_max_fw
0000d142   _Idss
0000d144   _Vdse_ref_fb
0000d146   _Vqse_ref_fb
0000d148   _Vdss_ref_old
0000d14a   _Vdss_ref
0000d14c   _Vqss_ref
0000d14e   _Vqss_ref_old
0000d150   _Accel_time_Auto_tuning
0000d152   _Decel_time_Auto_tuning
0000d154   _Wrpm_max
0000d156   _Vdc_max
0000d158   _Vqse_ref_integ
0000d15a   _Decel_time2
0000d15c   _Ias
0000d15e   _Ibs
0000d160   _IGBT_current
0000d162   _Ics
0000d164   _Iqse
0000d166   _I_scale
0000d168   _Wrpm_ref
0000d16a   _Wrpm_fw2
0000d16c   _Wrpm_fw1
0000d16e   _Vdc
0000d170   _Vqse_ref
0000d172   _Vdse_ref
0000d174   _Is_rated
0000d176   _DutyCount
0000d180   _OP
0000d188   _Flag
0000d192   _pwm1
0000d1a0   _svgen_dq1
0000d1c0   _scic_rx_buf
0000d200   _scic_tx_buf
0000d240   _scib_rx_buf
0000d280   _scib_tx_buf
0000d2c0   _P
0000d340   _CAN_Registers
0000e0c0   _SCI_Registers
0000ee40   _Data_Registers
0000fbc0   _cs
0000fbc1   _cs_count
0000fbc8   _identify_offline
0000fc42   _NN
0000fc44   _C2
0000fc46   _C1
0000fc48   _Ton
0000fc4a   _Td
0000fc4c   _I_rated
0000fc4e   _Hui
0000fc50   _exciting_step
0000fc5a   _B2
0000fc5c   _B1
0000fc6c   _M1
0000fc6e   _M
0000fc70   _a0
0000fc72   _Wc
0000fc74   _Toff
0000fc76   _Vd
0000fc78   _A2
0000fc7a   _A1
0000fc7e   _predict_weight
0000fc80   _a1
0000fc82   _Vs
0000fc84   _A0
0000fc86   _a2
0000fd40   _debug_state
0000fd41   _debug_cnt
0000fd42   _debug_sum
0000fd43   _debug_sum_temp
0000fd44   _debug_wr_sum_flag
0000fd45   _debug_tx_end
0000fd46   _debug_wr_size
0000fd47   _debug_tx_pos
0000fd48   _debug_rd_addr
0000fd4a   _debug_rd_addr_tmp
0000fd4c   _debug_wr_addr
0000fd4e   _debug_wr_data
0000fd80   _debug_tx_buf
0000fdfa   __unlock
0000fdfc   __lock
0000fdfe   _errno
0000fe00   _deg_sDacTmp
0000fe02   _deg_Dac
0000fe22   _CpuTimer1
0000fe2a   _CpuTimer2
0000fe32   _CpuTimer0
0000fe3a   __cleanup_ptr
0000fe3c   __dtors_ptr
0000fe40   _rx_cnt
0000fe41   _SciC_RxStep
0000fe42   _SciC_TxFlag
0000fe43   _SciC_RxFlag
0000fe44   _tx_cnt
0000fe45   _RxData
0000fe46   _RxAddr
0000fe47   _SCI_TxOffset
0000fe48   _RxCRC
0000fe49   _Communication_Fault_Flag
0000fe4a   _Communication_Fault_Cnt
0000fe4b   _RxType
0000fe4c   _Device_type
0000fe4d   _TxBuf
0000fe56   _RxBuf
0000fe92   _time
00318000   _RamfuncsLoadStart
0031c52e   .text
0031c52e   _Parameter_Initialization_by_Power
0031c52e   _RamfuncsLoadEnd
0031c52e   ___text__
0031cab3   _Parameter_Initialization
0031cb8b   _System_Variable_Initialization
0031d09a   _PWM_Frequency_Update
0031d2d2   _Drive_Calibration
0031d482   _Break_Speed_Up_Controller
0031d54f   _Break_Speed_Down_Controller
0031d57d   _Read_Data_Registers
0031dd64   _Write_Data_Registers_Offline
0031e2a9   _asc2hex
0031e2c0   _hex2asc
0031e2cc   _write_txbuf_string
0031e2e7   _write_txbuf_asc
0031e2fc   _write_txbuf_byte
0031e326   _write_txbuf_word
0031e376   _write_txbuf_long
0031e414   _state0_proc
0031e57c   _state1_proc
0031e599   _state2_proc
0031e60c   _state3_proc
0031e624   _state4_proc
0031e645   _state5_proc
0031e674   _state6_proc
0031e68c   _state7_proc
0031e705   _sci_debug_init
0031e73e   _INT13_ISR
0031e748   _INT14_ISR
0031e752   _DATALOG_ISR
0031e75c   _RTOSINT_ISR
0031e766   _EMUINT_ISR
0031e770   _NMI_ISR
0031e77a   _ILLEGAL_ISR
0031e784   _USER1_ISR
0031e78e   _USER2_ISR
0031e798   _USER3_ISR
0031e7a2   _USER4_ISR
0031e7ac   _USER5_ISR
0031e7b6   _USER6_ISR
0031e7c0   _USER7_ISR
0031e7ca   _USER8_ISR
0031e7d4   _USER9_ISR
0031e7de   _USER10_ISR
0031e7e8   _USER11_ISR
0031e7f2   _USER12_ISR
0031e7fc   _SEQ1INT_ISR
0031e806   _SEQ2INT_ISR
0031e810   _XINT1_ISR
0031e81a   _XINT2_ISR
0031e824   _ADCINT_ISR
0031e82e   _TINT0_ISR
0031e838   _WAKEINT_ISR
0031e842   _EPWM1_TZINT_ISR
0031e84c   _EPWM2_TZINT_ISR
0031e856   _EPWM3_TZINT_ISR
0031e860   _EPWM4_TZINT_ISR
0031e86a   _EPWM5_TZINT_ISR
0031e874   _EPWM6_TZINT_ISR
0031e87e   _EPWM1_INT_ISR
0031e888   _EPWM2_INT_ISR
0031e892   _EPWM3_INT_ISR
0031e89c   _EPWM4_INT_ISR
0031e8a6   _EPWM5_INT_ISR
0031e8b0   _EPWM6_INT_ISR
0031e8ba   _ECAP1_INT_ISR
0031e8c4   _ECAP2_INT_ISR
0031e8ce   _ECAP3_INT_ISR
0031e8d8   _ECAP4_INT_ISR
0031e8e2   _ECAP5_INT_ISR
0031e8ec   _ECAP6_INT_ISR
0031e8f6   _EQEP1_INT_ISR
0031e900   _EQEP2_INT_ISR
0031e90a   _SPIRXINTA_ISR
0031e914   _SPITXINTA_ISR
0031e91e   _MRINTB_ISR
0031e928   _MXINTB_ISR
0031e932   _MRINTA_ISR
0031e93c   _MXINTA_ISR
0031e946   _DINTCH1_ISR
0031e950   _DINTCH2_ISR
0031e95a   _DINTCH3_ISR
0031e964   _DINTCH4_ISR
0031e96e   _DINTCH5_ISR
0031e978   _DINTCH6_ISR
0031e982   _I2CINT1A_ISR
0031e98c   _I2CINT2A_ISR
0031e996   _SCIRXINTC_ISR
0031e9a0   _SCITXINTC_ISR
0031e9aa   _SCIRXINTA_ISR
0031e9b4   _SCITXINTA_ISR
0031e9be   _SCIRXINTB_ISR
0031e9c8   _SCITXINTB_ISR
0031e9d2   _ECAN0INTA_ISR
0031e9dc   _ECAN1INTA_ISR
0031e9e6   _ECAN0INTB_ISR
0031e9f0   _ECAN1INTB_ISR
0031e9fa   _XINT3_ISR
0031ea04   _XINT4_ISR
0031ea0e   _XINT5_ISR
0031ea18   _XINT6_ISR
0031ea22   _XINT7_ISR
0031ea2c   _LVF_ISR
0031ea36   _LUF_ISR
0031ea40   _PIE_RESERVED
0031ea4a   _rsvd_ISR
0031ea54   _InitAdc
0031eac6   _dev_DacSetup
0031eade   _dev_InitDACVariable
0031eafe   _EPWM_Initialization
0031ec54   _Temperature_Calculation
0031ece2   _RW_Fault_Record
0031edde   _Fault_Recording
0031ef46   _InitGpio
0031f131   _InitXintf
0031f15a   _InitXintf16Gpio
0031f190   _scib_init
0031f1c7   _scic_init
0031f200   _scib_TxChar
0031f20c   _scib_TxString
0031f218   _scic_TxChar
0031f224   _scic_TxString
0031f230   _scib_tx_start
0031f255   _scic_tx_start
0031f27a   _scib_putc
0031f2b2   _scic_putc
0031f2c7   _scib_puts
0031f2e2   _scic_puts
0031f2fd   _scic_test
0031f326   _driver_enable_proc
0031f327   _DI_Processing
0031f370   _DO_Port_Check
0031f3a3   _DO_Processing
0031f424   _AI_Processing
0031f437   _Local_Processing
0031f497   _Fieldbus_Processing
0031f4b6   _main
0031f53b   _F28335PowerOnSet
0031f644   _Initial_Driver_Calibration
0031f7aa   _InitSysCtrl
0031f7b3   _ServiceDog
0031f7bd   _DisableDog
0031f7c5   _InitPll
0031f813   _InitPeripheralClocks
0031f86e   _CsmUnlock
0031f89f   _F2833X_PWM_Init
0031f990   _Change_I2C_RTC
0031f999   _Recover_I2C_EEPROM
0031f9a2   _Write_RTC_Data
0031f9ca   _Read_RTC_Data
0031f9fe   _Set_InitialTime
0031fa21   _Write_Time
0031fa4c   _Read_Time
0031fa76   _InitCpuTimers
0031fabd   _ConfigCpuTimer
0031faf8   _log
0031fb59   _atan2
0031fba8   _c_int00
0031fbee   _cos
0031fc22   _sin
0031fc56   _I2C_EEPROM_Initialization
0031fc7f   _EQEP_Initialization
0031fca8   _InitPieCtrl
0031fcc7   _EnableInterrupts
0031fcd0   I$$DIV
0031fce1   I$$MOD
0031fcf2   ___memcpy_ff
0031fd13   _sqrt
0031fd34   _InitPieVectTable
0031fd54   __args_main
0031fd6f   C$$EXIT
0031fd6f   _abort
0031fd71   _exit
0031fd88   FS$$DIV
0031fda1   _MemCopy
0031fdb8   _frexp
0031fdce   __register_unlock
0031fdd2   __register_lock
0031fdd6   __nop
0031fddf   ___etext__
0031fddf   etext
00338000   ___cinit__
00338000   cinit
0033885a   _PieVectTableInit
0033fff6   code_start
0033fff8   _CsmPwl
00380080   _ADC_cal
003febdc   _FPUsinTable
003fecdc   _FPUcosTable
003fefdc   _FPUsinTableEnd
003ff0de   _FPUatan2HalfPITable
003ff0de   _FPUcosTableEnd
003ff0e2   _FPUatan2Table
003ff268   _FPUatan2TableEnd
ffffffff   ___binit__
ffffffff   ___c_args__
ffffffff   ___pinit__
ffffffff   binit
ffffffff   pinit

[589 symbols]
