******************************************************************************
             TMS320C2000 Linker PC v5.2.4                      
******************************************************************************
>> Linked Tue Nov 09 20:49:02 2010

OUTPUT FILE NAME:   <./Debug/Seoho_PMSM.out>
ENTRY POINT SYMBOL: "code_start"  address: 0033fff6


MEMORY CONFIGURATION

         name            origin    length      used     unused   attr    fill
----------------------  --------  ---------  --------  --------  ----  --------
PAGE 0:
  ZONE0                 00004000   00001000  00000800  00000800  RWIX
  RAML0                 00008000   00001000  00000299  00000d67  RWIX
  RAML1                 00009000   00001000  00000000  00001000  RWIX
  RAML2                 0000a000   00001000  00000000  00001000  RWIX
  RAML3                 0000b000   00001000  00000000  00001000  RWIX
  ZONE7A                00200000   0000fc00  00000000  0000fc00  RWIX
  FLASHH                00300000   00008000  00000000  00008000  RWIX
  FLASHG                00308000   00008000  00000000  00008000  RWIX
  FLASHF                00310000   00008000  00000000  00008000  RWIX
  FLASHE                00318000   00008000  00000000  00008000  RWIX
  FLASHD                00320000   00008000  000041ae  00003e52  RWIX
  FLASHC                00328000   00008000  00000000  00008000  RWIX
  FLASHA                00338000   00007f80  000006e7  00007899  RWIX
  CSM_RSVD              0033ff80   00000076  00000076  00000000  RWIX
  BEGIN                 0033fff6   00000002  00000002  00000000  RWIX
  CSM_PWL               0033fff8   00000008  00000008  00000000  RWIX
  ADC_CAL               00380080   00000009  00000007  00000002  RWIX
  OTP                   00380400   00000400  00000000  00000400  RWIX
  IQTABLES              003fe000   00000b50  00000000  00000b50  RWIX
  IQTABLES2             003feb50   0000008c  00000000  0000008c  RWIX
  FPUTABLES             003febdc   000006a0  00000000  000006a0  RWIX
  ROM                   003ff27c   00000d44  00000000  00000d44  RWIX
  RESET                 003fffc0   00000002  00000000  00000002  RWIX
  VECTORS               003fffc2   0000003e  00000000  0000003e  RWIX

PAGE 1:
  BOOT_RSVD             00000000   00000050  00000000  00000050  RWIX
  RAMM0                 00000050   000003b0  00000000  000003b0  RWIX
  RAMM1                 00000400   00000400  00000200  00000200  RWIX
  DEV_EMU               00000880   00000180  000000d0  000000b0  RWIX
  FLASH_REGS            00000a80   00000060  00000008  00000058  RWIX
  CSM                   00000ae0   00000010  00000010  00000000  RWIX
  ADC_MIRROR            00000b00   00000010  00000010  00000000  RWIX
  XINTF                 00000b20   00000020  0000001e  00000002  RWIX
  CPU_TIMER0            00000c00   00000008  00000008  00000000  RWIX
  CPU_TIMER1            00000c08   00000008  00000008  00000000  RWIX
  CPU_TIMER2            00000c10   00000008  00000008  00000000  RWIX
  PIE_CTRL              00000ce0   00000020  0000001a  00000006  RWIX
  PIE_VECT              00000d00   00000100  00000100  00000000  RWIX
  DMA                   00001000   00000200  000000e0  00000120  RWIX
  MCBSPA                00005000   00000040  00000025  0000001b  RWIX
  MCBSPB                00005040   00000040  00000025  0000001b  RWIX
  ECANA                 00006000   00000040  00000034  0000000c  RWIX
  ECANA_LAM             00006040   00000040  00000040  00000000  RWIX
  ECANA_MOTS            00006080   00000040  00000040  00000000  RWIX
  ECANA_MOTO            000060c0   00000040  00000040  00000000  RWIX
  ECANA_MBOX            00006100   00000100  00000100  00000000  RWIX
  ECANB                 00006200   00000040  00000034  0000000c  RWIX
  ECANB_LAM             00006240   00000040  00000040  00000000  RWIX
  ECANB_MOTS            00006280   00000040  00000040  00000000  RWIX
  ECANB_MOTO            000062c0   00000040  00000040  00000000  RWIX
  ECANB_MBOX            00006300   00000100  00000100  00000000  RWIX
  EPWM1                 00006800   00000022  00000022  00000000  RWIX
  EPWM2                 00006840   00000022  00000022  00000000  RWIX
  EPWM3                 00006880   00000022  00000022  00000000  RWIX
  EPWM4                 000068c0   00000022  00000022  00000000  RWIX
  EPWM5                 00006900   00000022  00000022  00000000  RWIX
  EPWM6                 00006940   00000022  00000022  00000000  RWIX
  ECAP1                 00006a00   00000020  00000020  00000000  RWIX
  ECAP2                 00006a20   00000020  00000020  00000000  RWIX
  ECAP3                 00006a40   00000020  00000020  00000000  RWIX
  ECAP4                 00006a60   00000020  00000020  00000000  RWIX
  ECAP5                 00006a80   00000020  00000020  00000000  RWIX
  ECAP6                 00006aa0   00000020  00000020  00000000  RWIX
  EQEP1                 00006b00   00000040  00000040  00000000  RWIX
  EQEP2                 00006b40   00000040  00000040  00000000  RWIX
  GPIOCTRL              00006f80   00000040  0000002e  00000012  RWIX
  GPIODAT               00006fc0   00000020  00000020  00000000  RWIX
  GPIOINT               00006fe0   00000020  0000000a  00000016  RWIX
  SYSTEM                00007010   00000020  00000020  00000000  RWIX
  SPIA                  00007040   00000010  00000010  00000000  RWIX
  SCIA                  00007050   00000010  00000010  00000000  RWIX
  XINTRUPT              00007070   00000010  00000010  00000000  RWIX
  ADC                   00007100   00000020  0000001e  00000002  RWIX
  SCIB                  00007750   00000010  00000010  00000000  RWIX
  SCIC                  00007770   00000010  00000010  00000000  RWIX
  I2CA                  00007900   00000040  00000022  0000001e  RWIX
  RAML4                 0000c000   00004000  00001e11  000021ef  RWIX
  ZONE7B                0020fc00   00000400  00000000  00000400  RWIX
  FLASHB                00330000   00008000  00000000  00008000  RWIX
  CSM_PWL               0033fff8   00000008  00000008  00000000  RWIX
  PARTID                00380090   00000001  00000001  00000000  RWIX


SECTION ALLOCATION MAP

 output                                  attributes/
section   page    origin      length       input sections
--------  ----  ----------  ----------   ----------------
.pinit     0    00328000    00000000     UNINITIALIZED

ZONE0DATA 
*          0    00004000    00000800     UNINITIALIZED
                  00004000    00000800     Main.obj (ZONE0DATA)

.text      0    00320000    00003f15     
                  00320000    00000b12     cc.obj (.text)
                  00320b12    0000088e     SCI_BC.obj (.text)
                  003213a0    00000536     default_var.obj (.text)
                  003218d6    0000049e     debug_2833x.obj (.text)
                  00321d74    000003f5     DSP2833x_DMA.obj (.text)
                  00322169    00000326     Main.obj (.text)
                  0032248f    00000316     DSP2833x_DefaultIsr.obj (.text)
                  003227a5    000002e1     get_cmd.obj (.text)
                  00322a86    000002de     pwm_change.obj (.text)
                  00322d64    00000295     system.obj (.text)
                  00322ff9    00000248     seoho_gpio_set.obj (.text)
                  00323241    00000243     fault.obj (.text)
                  00323484    0000014a     digital_inout.obj (.text)
                  003235ce    00000130     DSP2833x_ECan.obj (.text)
                  003236fe    00000101     eCAN.obj (.text)
                  003237ff    000000f5     DSP2833x_SysCtrl.obj (.text)
                  003238f4    000000cf     I2C_eeprom.obj (.text)
                  003239c3    000000c8     DSP2833x_EPwm.obj (.text)
                  00323a8b    000000c0     sc.obj (.text)
                  00323b4b    000000aa     DSP2833x_Xintf.obj (.text)
                  00323bf5    00000088     rts2800_fpu32.lib : fs_div.obj (.text)
                  00323c7d    0000007a     DSP2833x_CpuTimers.obj (.text)
                  00323cf7    0000005e     rts2800_fpu32.lib : cos.obj (.text)
                  00323d55    0000005c                       : sin.obj (.text)
                  00323db1    00000046                       : boot.obj (.text)
                  00323df7    00000038     dac.obj (.text)
                  00323e2f    00000028     DSP2833x_PieCtrl.obj (.text)
                  00323e57    00000020     DSP2833x_PieVect.obj (.text)
                  00323e77    00000001     --HOLE-- [fill = 0]
                  00323e78    00000020     rts2800_fpu32.lib : sqrt.obj (.text)
                  00323e98    0000001b                       : args_main.obj (.text)
                  00323eb3    00000019                       : exit.obj (.text)
                  00323ecc    00000017     DSP2833x_I2C.obj (.text)
                  00323ee3    00000017     DSP2833x_MemCopy.obj (.text)
                  00323efa    00000009     rts2800_fpu32.lib : _lock.obj (.text)
                  00323f03    00000008     DSP2833x_CodeStartBranch.obj (.text)
                  00323f0b    00000007     DSP2833x_DisInt.obj (.text)
                  00323f12    00000003     DSP2833x_DBGIER.obj (.text)

ramfuncs   0    00323f15    00000299     RUN ADDR = 00008000
                  00323f15    0000011d     SCI_BC.obj (ramfuncs)
                  00324032    000000b5     debug_2833x.obj (ramfuncs)
                  003240e7    000000a8     eCAN.obj (ramfuncs)
                  0032418f    0000001b     DSP2833x_SysCtrl.obj (ramfuncs)
                  003241aa    00000004     DSP2833x_usDelay.obj (ramfuncs)

.cinit     0    00338000    000004f7     
                  00338000    00000283     cc.obj (.cinit)
                  00338283    000000dd     get_cmd.obj (.cinit)
                  00338360    0000007b     fault.obj (.cinit)
                  003383db    00000049     sc.obj (.cinit)
                  00338424    00000036     eCAN.obj (.cinit)
                  0033845a    00000030     SCI_BC.obj (.cinit)
                  0033848a    0000002a     debug_2833x.obj (.cinit)
                  003384b4    00000019     Main.obj (.cinit)
                  003384cd    0000000a     rts2800_fpu32.lib : _lock.obj (.cinit)
                  003384d7    0000000a                       : exit.obj (.cinit)
                  003384e1    00000008     system.obj (.cinit)
                  003384e9    00000004     default_var.obj (.cinit)
                  003384ed    00000004     pwm_change.obj (.cinit)
                  003384f1    00000004     rts2800_fpu32.lib : errno.obj (.cinit)
                  003384f5    00000002     --HOLE-- [fill = 0]

.econst    0    003384f8    0000012a     
                  003384f8    00000100     DSP2833x_PieVect.obj (.econst)
                  003385f8    0000001f     SCI_BC.obj (.econst:.string)
                  00338617    00000001     --HOLE-- [fill = 0]
                  00338618    0000000a     debug_2833x.obj (.econst:.string)

.switch    0    00338622    000000c6     
                  00338622    00000084     SCI_BC.obj (.switch)
                  003386a6    00000042     default_var.obj (.switch)

csm_rsvd   0    0033ff80    00000076     
                  0033ff80    00000076     DSP2833x_CSMPasswords.obj (csm_rsvd)

codestart 
*          0    0033fff6    00000002     
                  0033fff6    00000002     DSP2833x_CodeStartBranch.obj (codestart)

csmpasswds 
*          0    0033fff8    00000008     
                  0033fff8    00000008     DSP2833x_CSMPasswords.obj (csmpasswds)

.adc_cal   0    00380080    00000007     NOLOAD SECTION
                  00380080    00000007     DSP2833x_ADC_cal.obj (.adc_cal)

.reset     0    003fffc0    00000002     DSECT
                  003fffc0    00000002     rts2800_fpu32.lib : boot.obj (.reset)

vectors    0    003fffc2    00000000     DSECT

.stack     1    00000400    00000200     UNINITIALIZED
                  00000400    00000200     --HOLE--

DevEmuRegsFile 
*          1    00000880    000000d0     UNINITIALIZED
                  00000880    000000d0     DSP2833x_GlobalVariableDefs.obj (DevEmuRegsFile)

FlashRegsFile 
*          1    00000a80    00000008     UNINITIALIZED
                  00000a80    00000008     DSP2833x_GlobalVariableDefs.obj (FlashRegsFile)

CsmRegsFile 
*          1    00000ae0    00000010     UNINITIALIZED
                  00000ae0    00000010     DSP2833x_GlobalVariableDefs.obj (CsmRegsFile)

AdcMirrorFile 
*          1    00000b00    00000010     UNINITIALIZED
                  00000b00    00000010     DSP2833x_GlobalVariableDefs.obj (AdcMirrorFile)

XintfRegsFile 
*          1    00000b20    0000001e     UNINITIALIZED
                  00000b20    0000001e     DSP2833x_GlobalVariableDefs.obj (XintfRegsFile)

CpuTimer0RegsFile 
*          1    00000c00    00000008     UNINITIALIZED
                  00000c00    00000008     DSP2833x_GlobalVariableDefs.obj (CpuTimer0RegsFile)

CpuTimer1RegsFile 
*          1    00000c08    00000008     UNINITIALIZED
                  00000c08    00000008     DSP2833x_GlobalVariableDefs.obj (CpuTimer1RegsFile)

CpuTimer2RegsFile 
*          1    00000c10    00000008     UNINITIALIZED
                  00000c10    00000008     DSP2833x_GlobalVariableDefs.obj (CpuTimer2RegsFile)

PieCtrlRegsFile 
*          1    00000ce0    0000001a     UNINITIALIZED
                  00000ce0    0000001a     DSP2833x_GlobalVariableDefs.obj (PieCtrlRegsFile)

PieVectTableFile 
*          1    00000d00    00000100     UNINITIALIZED
                  00000d00    00000100     DSP2833x_GlobalVariableDefs.obj (PieVectTableFile)

DmaRegsFile 
*          1    00001000    000000e0     UNINITIALIZED
                  00001000    000000e0     DSP2833x_GlobalVariableDefs.obj (DmaRegsFile)

McbspaRegsFile 
*          1    00005000    00000025     UNINITIALIZED
                  00005000    00000025     DSP2833x_GlobalVariableDefs.obj (McbspaRegsFile)

McbspbRegsFile 
*          1    00005040    00000025     UNINITIALIZED
                  00005040    00000025     DSP2833x_GlobalVariableDefs.obj (McbspbRegsFile)

ECanaRegsFile 
*          1    00006000    00000034     UNINITIALIZED
                  00006000    00000034     DSP2833x_GlobalVariableDefs.obj (ECanaRegsFile)

ECanaLAMRegsFile 
*          1    00006040    00000040     UNINITIALIZED
                  00006040    00000040     DSP2833x_GlobalVariableDefs.obj (ECanaLAMRegsFile)

ECanaMOTSRegsFile 
*          1    00006080    00000040     UNINITIALIZED
                  00006080    00000040     DSP2833x_GlobalVariableDefs.obj (ECanaMOTSRegsFile)

ECanaMOTORegsFile 
*          1    000060c0    00000040     UNINITIALIZED
                  000060c0    00000040     DSP2833x_GlobalVariableDefs.obj (ECanaMOTORegsFile)

ECanaMboxesFile 
*          1    00006100    00000100     UNINITIALIZED
                  00006100    00000100     DSP2833x_GlobalVariableDefs.obj (ECanaMboxesFile)

ECanbRegsFile 
*          1    00006200    00000034     UNINITIALIZED
                  00006200    00000034     DSP2833x_GlobalVariableDefs.obj (ECanbRegsFile)

ECanbLAMRegsFile 
*          1    00006240    00000040     UNINITIALIZED
                  00006240    00000040     DSP2833x_GlobalVariableDefs.obj (ECanbLAMRegsFile)

ECanbMOTSRegsFile 
*          1    00006280    00000040     UNINITIALIZED
                  00006280    00000040     DSP2833x_GlobalVariableDefs.obj (ECanbMOTSRegsFile)

ECanbMOTORegsFile 
*          1    000062c0    00000040     UNINITIALIZED
                  000062c0    00000040     DSP2833x_GlobalVariableDefs.obj (ECanbMOTORegsFile)

ECanbMboxesFile 
*          1    00006300    00000100     UNINITIALIZED
                  00006300    00000100     DSP2833x_GlobalVariableDefs.obj (ECanbMboxesFile)

EPwm1RegsFile 
*          1    00006800    00000022     UNINITIALIZED
                  00006800    00000022     DSP2833x_GlobalVariableDefs.obj (EPwm1RegsFile)

EPwm2RegsFile 
*          1    00006840    00000022     UNINITIALIZED
                  00006840    00000022     DSP2833x_GlobalVariableDefs.obj (EPwm2RegsFile)

EPwm3RegsFile 
*          1    00006880    00000022     UNINITIALIZED
                  00006880    00000022     DSP2833x_GlobalVariableDefs.obj (EPwm3RegsFile)

EPwm4RegsFile 
*          1    000068c0    00000022     UNINITIALIZED
                  000068c0    00000022     DSP2833x_GlobalVariableDefs.obj (EPwm4RegsFile)

EPwm5RegsFile 
*          1    00006900    00000022     UNINITIALIZED
                  00006900    00000022     DSP2833x_GlobalVariableDefs.obj (EPwm5RegsFile)

EPwm6RegsFile 
*          1    00006940    00000022     UNINITIALIZED
                  00006940    00000022     DSP2833x_GlobalVariableDefs.obj (EPwm6RegsFile)

ECap1RegsFile 
*          1    00006a00    00000020     UNINITIALIZED
                  00006a00    00000020     DSP2833x_GlobalVariableDefs.obj (ECap1RegsFile)

ECap2RegsFile 
*          1    00006a20    00000020     UNINITIALIZED
                  00006a20    00000020     DSP2833x_GlobalVariableDefs.obj (ECap2RegsFile)

ECap3RegsFile 
*          1    00006a40    00000020     UNINITIALIZED
                  00006a40    00000020     DSP2833x_GlobalVariableDefs.obj (ECap3RegsFile)

ECap4RegsFile 
*          1    00006a60    00000020     UNINITIALIZED
                  00006a60    00000020     DSP2833x_GlobalVariableDefs.obj (ECap4RegsFile)

ECap5RegsFile 
*          1    00006a80    00000020     UNINITIALIZED
                  00006a80    00000020     DSP2833x_GlobalVariableDefs.obj (ECap5RegsFile)

ECap6RegsFile 
*          1    00006aa0    00000020     UNINITIALIZED
                  00006aa0    00000020     DSP2833x_GlobalVariableDefs.obj (ECap6RegsFile)

EQep1RegsFile 
*          1    00006b00    00000040     UNINITIALIZED
                  00006b00    00000040     DSP2833x_GlobalVariableDefs.obj (EQep1RegsFile)

EQep2RegsFile 
*          1    00006b40    00000040     UNINITIALIZED
                  00006b40    00000040     DSP2833x_GlobalVariableDefs.obj (EQep2RegsFile)

GpioCtrlRegsFile 
*          1    00006f80    0000002e     UNINITIALIZED
                  00006f80    0000002e     DSP2833x_GlobalVariableDefs.obj (GpioCtrlRegsFile)

GpioDataRegsFile 
*          1    00006fc0    00000020     UNINITIALIZED
                  00006fc0    00000020     DSP2833x_GlobalVariableDefs.obj (GpioDataRegsFile)

GpioIntRegsFile 
*          1    00006fe0    0000000a     UNINITIALIZED
                  00006fe0    0000000a     DSP2833x_GlobalVariableDefs.obj (GpioIntRegsFile)

SysCtrlRegsFile 
*          1    00007010    00000020     UNINITIALIZED
                  00007010    00000020     DSP2833x_GlobalVariableDefs.obj (SysCtrlRegsFile)

SpiaRegsFile 
*          1    00007040    00000010     UNINITIALIZED
                  00007040    00000010     DSP2833x_GlobalVariableDefs.obj (SpiaRegsFile)

SciaRegsFile 
*          1    00007050    00000010     UNINITIALIZED
                  00007050    00000010     DSP2833x_GlobalVariableDefs.obj (SciaRegsFile)

XIntruptRegsFile 
*          1    00007070    00000010     UNINITIALIZED
                  00007070    00000010     DSP2833x_GlobalVariableDefs.obj (XIntruptRegsFile)

AdcRegsFile 
*          1    00007100    0000001e     UNINITIALIZED
                  00007100    0000001e     DSP2833x_GlobalVariableDefs.obj (AdcRegsFile)

ScibRegsFile 
*          1    00007750    00000010     UNINITIALIZED
                  00007750    00000010     DSP2833x_GlobalVariableDefs.obj (ScibRegsFile)

ScicRegsFile 
*          1    00007770    00000010     UNINITIALIZED
                  00007770    00000010     DSP2833x_GlobalVariableDefs.obj (ScicRegsFile)

I2caRegsFile 
*          1    00007900    00000022     UNINITIALIZED
                  00007900    00000022     DSP2833x_GlobalVariableDefs.obj (I2caRegsFile)

.ebss      1    0000c000    00001e11     UNINITIALIZED
                  0000c000    00000c40     eCAN.obj (.ebss)
                  0000cc40    00000c38     get_cmd.obj (.ebss)
                  0000d878    00000008     Main.obj (.ebss)
                  0000d880    00000277     SCI_BC.obj (.ebss)
                  0000daf7    00000001     default_var.obj (.ebss)
                  0000daf8    00000004     rts2800_fpu32.lib : _lock.obj (.ebss)
                  0000dafc    00000004                       : exit.obj (.ebss)
                  0000db00    00000136     cc.obj (.ebss)
                  0000dc36    00000001     rts2800_fpu32.lib : errno.obj (.ebss)
                  0000dc37    00000009     --HOLE--
                  0000dc40    000000d0     system.obj (.ebss)
                  0000dd10    00000028     sc.obj (.ebss)
                  0000dd38    00000008     --HOLE--
                  0000dd40    00000073     debug_2833x.obj (.ebss)
                  0000ddb3    0000000d     --HOLE--
                  0000ddc0    00000022     fault.obj (.ebss)
                  0000dde2    00000018     DSP2833x_CpuTimers.obj (.ebss)
                  0000ddfa    00000006     --HOLE--
                  0000de00    00000011     pwm_change.obj (.ebss)

CsmPwlFile 
*          1    0033fff8    00000008     UNINITIALIZED
                  0033fff8    00000008     DSP2833x_GlobalVariableDefs.obj (CsmPwlFile)

PartIdRegsFile 
*          1    00380090    00000001     UNINITIALIZED
                  00380090    00000001     DSP2833x_GlobalVariableDefs.obj (PartIdRegsFile)


GLOBAL SYMBOLS: SORTED ALPHABETICALLY BY Name 

address    name
--------   ----
00320000   .text
00323eb3   C$$EXIT
00323bf5   FS$$DIV
00322575   _ADCINT_ISR
00380080   _ADC_cal
0000db4e   _AICMD
0000dbec   _AINI1
0000dbe8   _AINI2
0000dbee   _AINV1
0000dbea   _AINV2
0000db04   _AI_offset
0000cc70   _Accel_Time
00000b00   _AdcMirror
00007100   _AdcRegs
0000cc66   _B_fric
0000cc58   _Base_spd
0000d888   _CRC
00320ca7   _CRC_16
003233b1   _CheckFaultDriver
0032340b   _CheckFaultZC
00323262   _CheckOverCurrent
003233a3   _CheckOverHeat
00323361   _CheckOverVolt
003233cc   _CheckSpeedDetection
00323382   _CheckUnderVolt
00323424   _CheckVmagDelta
0000cc4f   _Cntrl_Method
0000cc53   _Comm_GROUP
0000cc50   _Comm_INDEX
0000ccc0   _Comm_array
00323cbc   _ConfigCpuTimer
0000ddf2   _CpuTimer0
00000c00   _CpuTimer0Regs
0000dde2   _CpuTimer1
00000c08   _CpuTimer1Regs
0000ddea   _CpuTimer2
00000c10   _CpuTimer2Regs
0033fff8   _CsmPwl
00000ae0   _CsmRegs
003238c3   _CsmUnlock
0000cc80   _Cur_Ctrl_B
0000cc47   _Cur_Ctrl_Ki
0000cc48   _Cur_Ctrl_Kp
0000cc44   _Curr_Lim
0000db46   _DA1
0000db4a   _DA1_mid
0000db4c   _DA1_rng
0000db1b   _DA1_val
0000db5e   _DA2
0000db62   _DA2_mid
0000db78   _DA2_rng
0000db23   _DA2_val
0000db58   _DA3
0000db5c   _DA3_mid
0000db56   _DA3_rng
0000db21   _DA3_val
0000db5a   _DA4
0000db2e   _DA4_mid
0000db30   _DA4_rng
0000db22   _DA4_val
00323df7   _DAC_Setup
003224a3   _DATALOG_ISR
00322697   _DINTCH1_ISR
003226a1   _DINTCH2_ISR
003226ab   _DINTCH3_ISR
003226b5   _DINTCH4_ISR
003226bf   _DINTCH5_ISR
003226c9   _DINTCH6_ISR
00321d7f   _DMACH1AddrConfig
00321d91   _DMACH1BurstConfig
00321dc4   _DMACH1ModeConfig
00321da1   _DMACH1TransferConfig
00321db1   _DMACH1WrapConfig
00321e26   _DMACH2AddrConfig
00321e38   _DMACH2BurstConfig
00321e6b   _DMACH2ModeConfig
00321e48   _DMACH2TransferConfig
00321e58   _DMACH2WrapConfig
00321ecd   _DMACH3AddrConfig
00321edf   _DMACH3BurstConfig
00321f12   _DMACH3ModeConfig
00321eef   _DMACH3TransferConfig
00321eff   _DMACH3WrapConfig
00321f74   _DMACH4AddrConfig
00321f86   _DMACH4BurstConfig
00321fb9   _DMACH4ModeConfig
00321f96   _DMACH4TransferConfig
00321fa6   _DMACH4WrapConfig
0032201b   _DMACH5AddrConfig
0032202d   _DMACH5BurstConfig
00322060   _DMACH5ModeConfig
0032203d   _DMACH5TransferConfig
0032204d   _DMACH5WrapConfig
003220c2   _DMACH6AddrConfig
003220d4   _DMACH6BurstConfig
00322107   _DMACH6ModeConfig
003220e4   _DMACH6TransferConfig
003220f4   _DMACH6WrapConfig
00321d74   _DMAInitialize
0000db08   _DRIVE_ENABLE
00323f0b   _DSP28x_DisableInt
00323f0f   _DSP28x_RestoreInt
00008295   _DSP28x_usDelay
0000db1f   _DacFlag
0000c040   _Data_Registers
0000cc6e   _Decel_Time
00000880   _DevEmuRegs
00323812   _DisableDog
00001000   _DmaRegs
0000db0d   _Drive_Voltage
00322723   _ECAN0INTA_ISR
00322737   _ECAN0INTB_ISR
0032272d   _ECAN1INTA_ISR
00322741   _ECAN1INTB_ISR
0032260b   _ECAP1_INT_ISR
00322615   _ECAP2_INT_ISR
0032261f   _ECAP3_INT_ISR
00322629   _ECAP4_INT_ISR
00322633   _ECAP5_INT_ISR
0032263d   _ECAP6_INT_ISR
00006040   _ECanaLAMRegs
000060c0   _ECanaMOTORegs
00006080   _ECanaMOTSRegs
00006100   _ECanaMboxes
00006000   _ECanaRegs
00006240   _ECanbLAMRegs
000062c0   _ECanbMOTORegs
00006280   _ECanbMOTSRegs
00006300   _ECanbMboxes
00006200   _ECanbRegs
00006a00   _ECap1Regs
00006a20   _ECap2Regs
00006a40   _ECap3Regs
00006a60   _ECap4Regs
00006a80   _ECap5Regs
00006aa0   _ECap6Regs
003213a0   _EEPROM_DATA_INIT
0000d878   _EEPROM_WRITE_CHECK
003224b7   _EMUINT_ISR
003225cf   _EPWM1_INT_ISR
00322593   _EPWM1_TZINT_ISR
003225d9   _EPWM2_INT_ISR
0032259d   _EPWM2_TZINT_ISR
003225e3   _EPWM3_INT_ISR
003225a7   _EPWM3_TZINT_ISR
003225ed   _EPWM4_INT_ISR
003225b1   _EPWM4_TZINT_ISR
003225f7   _EPWM5_INT_ISR
003225bb   _EPWM5_TZINT_ISR
00322601   _EPWM6_INT_ISR
003225c5   _EPWM6_TZINT_ISR
00006800   _EPwm1Regs
00006840   _EPwm2Regs
00006880   _EPwm3Regs
000068c0   _EPwm4Regs
00006900   _EPwm5Regs
00006940   _EPwm6Regs
00322647   _EQEP1_INT_ISR
00322651   _EQEP2_INT_ISR
00006b00   _EQep1Regs
00006b40   _EQep2Regs
00323e4e   _EnableInterrupts
0000db84   _Err_IdcM
0000db98   _Err_Idse
0000dbbe   _Err_Iqse
0000dde0   _Err_Vmag_delta
0000db7a   _Err_thetar
0000db1d   _FAULT_RESET
0000cc76   _F_rate
0000d87e   _F_ref
0000ddc3   _FaultInfo
00000a80   _FlashRegs
0000cc57   _Fpwm
0000d88a   _Frame_ByteCnt
0000d88f   _Frame_StackPtr
0000cc7e   _Frequency_ref
00322440   _Get_Monitor
00006f80   _GpioCtrlRegs
00006fc0   _GpioDataRegs
00006fe0   _GpioIntRegs
0000cc4e   _Group_index
003226d3   _I2CINT1A_ISR
003226dd   _I2CINT2A_ISR
00007900   _I2caRegs
003224cb   _ILLEGAL_ISR
0032248f   _INT13_ISR
00322499   _INT14_ISR
0000dbd0   _INV_Vdc
0000cc78   _I_rate
0000cc40   _I_zero_Lim
0000dc04   _Ias
0000db11   _Ias_offset
0000dbf4   _Ibs
0000db0e   _Ibs_offset
0000dbf6   _Ics
0000db7e   _IdcM
0000dbd8   _Idse
0000dbe4   _Idse_ref
0000db82   _Idse_ref_fake
0000db66   _Idse_ref_max
0000db6a   _Idse_ref_sensorless
0000db64   _Idse_ref_start
0000dbde   _Idss
0000db6c   _Ilim
0000cc62   _Inertia
00323c7d   _InitCpuTimers
003235ce   _InitECan
003236cf   _InitECanGpio
003235d3   _InitECana
003236d4   _InitECanaGpio
00323651   _InitECanb
003236ea   _InitECanbGpio
003239c3   _InitEPwm
003239d1   _InitEPwm1Gpio
003239e3   _InitEPwm2Gpio
003239f5   _InitEPwm3Gpio
00323a09   _InitEPwm4Gpio
00323a1d   _InitEPwm5Gpio
00323a2f   _InitEPwm6Gpio
003239c4   _InitEPwmGpio
00323a41   _InitEPwmSyncGpio
0000827a   _InitFlash
00322ff9   _InitGpio
00323ecc   _InitI2C
00323ecd   _InitI2CGpio
00323868   _InitPeripheralClocks
00323e2f   _InitPieCtrl
00323e57   _InitPieVectTable
0032381a   _InitPll
003237ff   _InitSysCtrl
00323a55   _InitTzGpio
00323b4b   _InitXintf
00323bbb   _InitXintf16Gpio
00323b74   _InitXintf32Gpio
00322da6   _Init_AD_converter
00322d6e   _Init_GPIO
003238f4   _Init_I2C_eeprom
00322f6a   _Init_dsc
00322dcc   _Init_var
0000db80   _IqcM
0000dbf2   _Iqse
0000dbe6   _Iqse_ref
0000dbda   _Iqss
0000dbd6   _Is_mag
0000dbbc   _Is_max
0000dbf0   _Izs
0000db1a   _JOG
0000cc68   _K_back_EMF
0000db48   _Ka_cc
00321401   _Key_pad2eeprom
0000db34   _Ki_ccT
0000dd26   _Ki_scT
0000db32   _Kp_cc
0000dd2a   _Kp_sc
0000db38   _Ktr
0000db36   _Kwr
00322d9c   _LSPCLK_setup
00322787   _LUF_ISR
0032277d   _LVF_ISR
0000cc60   _Lds
0000cc42   _Local_Remote
0000cc5c   _Lqs
00322683   _MRINTA_ISR
0032266f   _MRINTB_ISR
0000db05   _MULTI_STEP_BIT0
0000db06   _MULTI_STEP_BIT1
0000db1e   _MULTI_STEP_BIT2
0000db1c   _MULTI_STEP_BIT3
0032268d   _MXINTA_ISR
00322679   _MXINTB_ISR
0000cc51   _Machine_state
0000cc43   _Max_Con_cur
0000cc7c   _Max_Speed
00005000   _McbspaRegs
00005040   _McbspbRegs
00323ee3   _MemCopy
0000cc86   _Min_Speed
003224c1   _NMI_ISR
0000d88b   _NewFrame_ByteCnt
0000d893   _NewFrame_Detect
0000d892   _NewFrame_Packet_State
0000d890   _NewFrame_StackPtr
0000cc41   _OC_Trip
0000cc4b   _OP_Ph_Trip
0000cc84   _OV_Limit
0000cc45   _OV_Ltd_Fn
0000cc82   _OV_Trip
0000cc4a   _Out_of_Cnl_t
0000cc46   _Over_Load
0000cc55   _Over_Spd_Lim
00322791   _PIE_RESERVED
0000db13   _PP
0000cc74   _P_rate
0000d88c   _Packet_ByteCnt
0000d889   _Packet_Head
0000d891   _Packet_StackPtr
00380090   _PartIdRegs
00000ce0   _PieCtrlRegs
00000d00   _PieVectTable
003384f8   _PieVectTableInit
0000cc4d   _Pn
0000dac0   _RRXD_Stack
003224ad   _RTOSINT_ISR
0000d881   _RXD
0000da80   _RXD_Stack
0000d882   _RXD_StackReadPtr
0000d880   _RXD_StackWritePtr
003241ae   _RamfuncsLoadEnd
00323f15   _RamfuncsLoadStart
00008000   _RamfuncsRunStart
0000cc54   _RampFunc_Input_Src
00320d6a   _Read_Answer
00323954   _Read_EEPROM_Data
00320d53   _Read_Parameter
00320cfd   _Read_ReceiveSerialStack
00322d64   _Relay_setup
0000cc5e   _Rstator
0000cc52   _Run_Stop
0000cc56   _Run_Stop_meth
003226fb   _SCIRXINTA_ISR
0032270f   _SCIRXINTB_ISR
003226e7   _SCIRXINTC_ISR
00322705   _SCITXINTA_ISR
00322719   _SCITXINTB_ISR
003226f1   _SCITXINTC_ISR
0032254d   _SEQ1INT_ISR
00322557   _SEQ2INT_ISR
0032265b   _SPIRXINTA_ISR
00322665   _SPITXINTA_ISR
00007050   _SciaRegs
00007750   _ScibRegs
00007770   _ScicRegs
00323766   _SendDataToECanA
0032378e   _SendDataToECanB
00320d31   _Send_Parameter
00320da1   _Serial_Comm_Protocol
00320e42   _Serial_Comm_Service
00323808   _ServiceDog
00323f12   _SetDBGIER
0000cc7a   _Spd_Ctrl_B
0000cc49   _Spd_Ctrl_Ki
0000cc4c   _Spd_Ctrl_Kp
0000ddc2   _Speed_detect_fault
0000cc5a   _Speed_ref
00007040   _SpiaRegs
00321e1e   _StartDMACH1
00321ec5   _StartDMACH2
00321f6c   _StartDMACH3
00322013   _StartDMACH4
003220ba   _StartDMACH5
00322161   _StartDMACH6
00007010   _SysCtrlRegs
0032257f   _TINT0_ISR
0000d8c0   _TTXD_Stack
0000d89c   _TXD_Stack
0000d883   _TXD_StackReadPtr
0000d884   _TXD_StackWritePtr
0000c640   _Temp_Registers
0000cc64   _Torque_ref
0032346e   _TripProc
0000db26   _Tsamp
0032252f   _USER10_ISR
00322539   _USER11_ISR
00322543   _USER12_ISR
003224d5   _USER1_ISR
003224df   _USER2_ISR
003224e9   _USER3_ISR
003224f3   _USER4_ISR
003224fd   _USER5_ISR
00322507   _USER6_ISR
00322511   _USER7_ISR
0032251b   _USER8_ISR
00322525   _USER9_ISR
0000cc88   _UV_Trip
003223a2   _Update_state
0032228d   _Update_var
0000cc72   _V_rate
0000dbfc   _Van_ref
00321414   _Var_initialize
0000dba6   _Vas_ref
0000dc00   _Vbn_ref
0000dba4   _Vbs_ref
0000dbfe   _Vcn_ref
0000dba8   _Vcs_ref
0000db54   _Vdc_measured
0000dbac   _Vdse_anti
0000dbb6   _Vdse_ref
0000dbd2   _Vdse_ref_fb
0000db9e   _Vdse_ref_ff
0000dbc6   _Vdse_ref_ffa
0000dbce   _Vdse_ref_integ
0000db92   _Vdse_sat
0000dbb4   _Vdss_ref
0000db8e   _Vdss_sat
0000db9a   _Vmag_delta
0000dbcc   _Vmag_delta1
0000dbae   _Vmag_delta2
0000dbb0   _Vmag_delta3
0000dbaa   _Vmag_delta4
0000dba2   _Vmag_delta_avg
0000dba0   _Vmag_delta_est
0000dbc8   _Vmag_ffa
0000dbca   _Vmag_ref
0000dc06   _Vmax
0000dc02   _Vmin
0000db50   _Voltage_Range
0000db90   _Vqse_anti
0000dbba   _Vqse_ref
0000dbf8   _Vqse_ref_fb
0000db9c   _Vqse_ref_ff
0000dbc4   _Vqse_ref_ffa
0000dbd4   _Vqse_ref_integ
0000db96   _Vqse_sat
0000dbb2   _Vqss_ref
0000db94   _Vqss_sat
0000dbb8   _Vs_mag
0000dbfa   _Vsn
0000dc08   _Vsn_max
0000dc0c   _Vsn_min
0000cc6a   _Vsup
00322589   _WAKEINT_ISR
0000db28   _Wc_cc
003239a8   _Word_Read_data
0032398e   _Word_Write_data
0000db6e   _Wr_hat
0000db42   _Wr_ref
00320d8c   _Write_Answer
0032391d   _Write_EEPROM_Data
00320ccb   _Write_TransmitSerialStack
00320cdd   _Write_TransmitSerialStack_CRC_Update
0000dd18   _Wrm
0000dd2c   _Wrm_L
0000dd20   _Wrm_err
0000dd1c   _Wrm_err_integ
0000db70   _Wrm_hat
0000db44   _Wrm_ref
0000dd1a   _Wrpm
0000dd24   _Wrpm_err
0000dd1e   _Wrpm_err_integ
0000db74   _Wrpm_hat
0000cc6c   _Wrpm_rate
0000dd28   _Wrpm_ref
0000db40   _Wrpm_ref_user
0000db3e   _Wrpm_set_user
00322561   _XINT1_ISR
0032256b   _XINT2_ISR
0032274b   _XINT3_ISR
00322755   _XINT4_ISR
0032275f   _XINT5_ISR
00322769   _XINT6_ISR
00322773   _XINT7_ISR
00007070   _XIntruptRegs
00000b20   _XintfRegs
00320d21   _Xmitt_Packet_End
00320d0d   _Xmitt_Packet_Head
00004000   _ZONE0_BUF
00000600   __STACK_END
00000200   __STACK_SIZE
00000001   __TI_args_main
ffffffff   ___binit__
ffffffff   ___c_args__
00338000   ___cinit__
00323f15   ___etext__
ffffffff   ___pinit__
00320000   ___text__
00323e98   __args_main
0000dafc   __cleanup_ptr
0000dafe   __dtors_ptr
0000dafa   __lock
00323f02   __nop
00323efe   __register_lock
00323efa   __register_unlock
00000400   __stack
0000daf8   __unlock
00323eb3   _abort
0000dc80   _adc
003215cc   _addr2par_num
0000d87a   _addr_ch
0000daf7   _addr_cnt
0000db52   _alpha_cc
003218d6   _asc2hex
00323db1   _c_int00
0000dc41   _cal_offset_cnt
0000dbe2   _cal_tmp0
0000dbe0   _cal_tmp1
00322fa8   _calculateOffset
00323734   _cana_Rx_process
003236fe   _cana_Tx_process
0000c003   _cana_rx_flag
0000c00c   _cana_rx_high_data
0000c010   _cana_rx_id
0000c002   _cana_rx_length
0000c006   _cana_rx_low_data
0000c000   _canb_rx_flag
0000c008   _canb_rx_high_data
0000c00e   _canb_rx_id
0000c001   _canb_rx_length
0000c00a   _canb_rx_low_data
0000de00   _carrier_mode
0000db09   _cc_cnt
0000db0c   _cc_seq_cnt
0000db24   _cc_smp
0000ddc4   _cnt_Err_Vmag_delta
0000db0a   _cntl_cnt
00323cf7   _cos
0000db72   _cos_theta
0000db8c   _cos_theta1
0000dbc0   _cos_thetar
00320000   _current_controller
0000d879   _data1
0000dd41   _debug_cnt
0000dd48   _debug_rd_addr
0000dd4a   _debug_rd_addr_tmp
0000dd40   _debug_state
0000dd42   _debug_sum
0000dd43   _debug_sum_temp
0000dd80   _debug_tx_buf
0000dd45   _debug_tx_end
0000dd47   _debug_tx_pos
0000dd4c   _debug_wr_addr
0000dd4e   _debug_wr_data
0000dd46   _debug_wr_size
0000dd44   _debug_wr_sum_flag
00322d80   _delay
0000db18   _delay_cnt
00322d8e   _delay_long
0032350c   _digital_input_proc
003235b3   _digital_out_proc
00323552   _digital_port_check
0000dd16   _dthetarm
000081d2   _ecan0_inta_isr
00008224   _ecan0_intb_isr
0000820a   _ecan1_inta_isr
00008260   _ecan1_intb_isr
003213ca   _eeprom2sys
00322cc2   _epwm1_timer_isr
0000dc36   _errno
00323eb5   _exit
0000dc1e   _fault
0000db07   _faultEVENT
0000db03   _faultFT_SWPROT_Ias
0000db02   _faultFT_SWPROT_Vdc_UV
0000db00   _faultIas_OC
0000db01   _faultIbs_OC
0000db0f   _faultIcs_OC
00323241   _fault_chk
0000ddc5   _first1
0000dc11   _flag
0000d88e   _flag0
0000ddd9   _flagFOC
0000ddd7   _flagFOCC
0000ddc8   _flagGT1_ENA
0000ddcb   _flagGT2_ENA
0000ddc6   _flagPWM_CTR
0000db0b   _flag_Vmag
0000d87c   _flag_relay
0000db14   _flag_speed_cmd
0000ddcc   _flagadoffset_complete
0000ddc1   _flagccseq
0000ddda   _flagcontrol
0000ddd8   _flagcontroll
0000ddc9   _flagencrst_complete
0000ddca   _flagencrst_start
0000ddc7   _flagvar_rst
0000db68   _func_flag
0000ddc0   _gPWMTripCode
0000db3c   _gain_tr
0000db3a   _gain_wr
003227a5   _get_cmd
003218ed   _hex2asc
003237b8   _init_can
00323484   _input_state
0000dc0a   _integ
00322169   _main
0000d87b   _main_loop_cnt
0000dc0e   _mode
0000ddde   _motor_rate_rpm
0000db19   _ms_cnt
0000db10   _offset
0000dd11   _op_cnt
0000dddc   _over_speed_ratio
00321790   _par_num2addr
00322a86   _pwm_buffer_setup
0000de09   _pwm_g1
00322a90   _pwm_g1_setup
0000de01   _pwm_g2
0000db15   _ref_control_mode
0000db2a   _ref_sec
0000dd14   _ref_slew_dn
0000dd22   _ref_slew_up
0000c005   _reg_TxOffset
0000db20   _relay_flag
00322fa1   _rst_chk
0032279b   _rsvd_ISR
0000db17   _run_Sensorless
0000d894   _rx_cnt
0000db12   _sc_cnt
0000dbdc   _scale
00321d3b   _sci_debug_init
00008164   _scia_rx_isr
0000811d   _scia_tx_isr
00320b8c   _scib_TxChar
00320b98   _scib_TxString
00320b12   _scib_init
00320c08   _scib_putc
00320c32   _scib_puts
0000d940   _scib_rx_buf
0000d897   _scib_rx_end
00008047   _scib_rx_isr
0000d898   _scib_rx_pos
0000d899   _scib_rxd
0000da40   _scib_tx_buf
0000d895   _scib_tx_end
00008000   _scib_tx_isr
0000d896   _scib_tx_pos
00320bbc   _scib_tx_start
00320ba4   _scic_TxChar
00320bb0   _scic_TxString
00320b45   _scic_init
00320c1d   _scic_putc
00320c92   _scic_puti
00320c4d   _scic_puts
0000d900   _scic_rx_buf
0000d885   _scic_rx_end
0000d9c0   _scic_rx_ibuf
000080e5   _scic_rx_isr
0000d886   _scic_rx_pos
0000d887   _scic_rxd
00320c68   _scic_test
0000d980   _scic_tx_buf
0000d89b   _scic_tx_end
0000da00   _scic_tx_ibuf
000080ad   _scic_tx_isr
0000d89a   _scic_tx_pos
00320be2   _scic_tx_start
0000db16   _sensorless_mode
0032349d   _set_digit_input_funtion
00323d55   _sin
0000db88   _sin_theta
0000db8a   _sin_theta1
0000dbc2   _sin_thetar
00323a8b   _speed_controller
00323e78   _sqrt
00321a41   _state0_proc
00321bae   _state1_proc
00321bcb   _state2_proc
00321c40   _state3_proc
00321c58   _state4_proc
00321c79   _state5_proc
00321ca8   _state6_proc
00321cc0   _state7_proc
0000dc40   _system_first_rst
0000c004   _test
0000db7c   _thetar_hat
0000db86   _thetar_hat1
0000db76   _thetar_openloop
0000dd12   _thetarm_pre
0000db2c   _tmp_cnt
0000dd10   _tmp_sc_cnt
0000d88d   _tx_cnt
0000db60   _valda
00321914   _write_txbuf_asc
00321929   _write_txbuf_byte
003219a3   _write_txbuf_long
003218f9   _write_txbuf_string
00321953   _write_txbuf_word
ffffffff   binit
00338000   cinit
0033fff6   code_start
00323f15   etext
ffffffff   pinit


GLOBAL SYMBOLS: SORTED BY Symbol Address 

address    name
--------   ----
00000001   __TI_args_main
00000200   __STACK_SIZE
00000400   __stack
00000600   __STACK_END
00000880   _DevEmuRegs
00000a80   _FlashRegs
00000ae0   _CsmRegs
00000b00   _AdcMirror
00000b20   _XintfRegs
00000c00   _CpuTimer0Regs
00000c08   _CpuTimer1Regs
00000c10   _CpuTimer2Regs
00000ce0   _PieCtrlRegs
00000d00   _PieVectTable
00001000   _DmaRegs
00004000   _ZONE0_BUF
00005000   _McbspaRegs
00005040   _McbspbRegs
00006000   _ECanaRegs
00006040   _ECanaLAMRegs
00006080   _ECanaMOTSRegs
000060c0   _ECanaMOTORegs
00006100   _ECanaMboxes
00006200   _ECanbRegs
00006240   _ECanbLAMRegs
00006280   _ECanbMOTSRegs
000062c0   _ECanbMOTORegs
00006300   _ECanbMboxes
00006800   _EPwm1Regs
00006840   _EPwm2Regs
00006880   _EPwm3Regs
000068c0   _EPwm4Regs
00006900   _EPwm5Regs
00006940   _EPwm6Regs
00006a00   _ECap1Regs
00006a20   _ECap2Regs
00006a40   _ECap3Regs
00006a60   _ECap4Regs
00006a80   _ECap5Regs
00006aa0   _ECap6Regs
00006b00   _EQep1Regs
00006b40   _EQep2Regs
00006f80   _GpioCtrlRegs
00006fc0   _GpioDataRegs
00006fe0   _GpioIntRegs
00007010   _SysCtrlRegs
00007040   _SpiaRegs
00007050   _SciaRegs
00007070   _XIntruptRegs
00007100   _AdcRegs
00007750   _ScibRegs
00007770   _ScicRegs
00007900   _I2caRegs
00008000   _RamfuncsRunStart
00008000   _scib_tx_isr
00008047   _scib_rx_isr
000080ad   _scic_tx_isr
000080e5   _scic_rx_isr
0000811d   _scia_tx_isr
00008164   _scia_rx_isr
000081d2   _ecan0_inta_isr
0000820a   _ecan1_inta_isr
00008224   _ecan0_intb_isr
00008260   _ecan1_intb_isr
0000827a   _InitFlash
00008295   _DSP28x_usDelay
0000c000   _canb_rx_flag
0000c001   _canb_rx_length
0000c002   _cana_rx_length
0000c003   _cana_rx_flag
0000c004   _test
0000c005   _reg_TxOffset
0000c006   _cana_rx_low_data
0000c008   _canb_rx_high_data
0000c00a   _canb_rx_low_data
0000c00c   _cana_rx_high_data
0000c00e   _canb_rx_id
0000c010   _cana_rx_id
0000c040   _Data_Registers
0000c640   _Temp_Registers
0000cc40   _I_zero_Lim
0000cc41   _OC_Trip
0000cc42   _Local_Remote
0000cc43   _Max_Con_cur
0000cc44   _Curr_Lim
0000cc45   _OV_Ltd_Fn
0000cc46   _Over_Load
0000cc47   _Cur_Ctrl_Ki
0000cc48   _Cur_Ctrl_Kp
0000cc49   _Spd_Ctrl_Ki
0000cc4a   _Out_of_Cnl_t
0000cc4b   _OP_Ph_Trip
0000cc4c   _Spd_Ctrl_Kp
0000cc4d   _Pn
0000cc4e   _Group_index
0000cc4f   _Cntrl_Method
0000cc50   _Comm_INDEX
0000cc51   _Machine_state
0000cc52   _Run_Stop
0000cc53   _Comm_GROUP
0000cc54   _RampFunc_Input_Src
0000cc55   _Over_Spd_Lim
0000cc56   _Run_Stop_meth
0000cc57   _Fpwm
0000cc58   _Base_spd
0000cc5a   _Speed_ref
0000cc5c   _Lqs
0000cc5e   _Rstator
0000cc60   _Lds
0000cc62   _Inertia
0000cc64   _Torque_ref
0000cc66   _B_fric
0000cc68   _K_back_EMF
0000cc6a   _Vsup
0000cc6c   _Wrpm_rate
0000cc6e   _Decel_Time
0000cc70   _Accel_Time
0000cc72   _V_rate
0000cc74   _P_rate
0000cc76   _F_rate
0000cc78   _I_rate
0000cc7a   _Spd_Ctrl_B
0000cc7c   _Max_Speed
0000cc7e   _Frequency_ref
0000cc80   _Cur_Ctrl_B
0000cc82   _OV_Trip
0000cc84   _OV_Limit
0000cc86   _Min_Speed
0000cc88   _UV_Trip
0000ccc0   _Comm_array
0000d878   _EEPROM_WRITE_CHECK
0000d879   _data1
0000d87a   _addr_ch
0000d87b   _main_loop_cnt
0000d87c   _flag_relay
0000d87e   _F_ref
0000d880   _RXD_StackWritePtr
0000d881   _RXD
0000d882   _RXD_StackReadPtr
0000d883   _TXD_StackReadPtr
0000d884   _TXD_StackWritePtr
0000d885   _scic_rx_end
0000d886   _scic_rx_pos
0000d887   _scic_rxd
0000d888   _CRC
0000d889   _Packet_Head
0000d88a   _Frame_ByteCnt
0000d88b   _NewFrame_ByteCnt
0000d88c   _Packet_ByteCnt
0000d88d   _tx_cnt
0000d88e   _flag0
0000d88f   _Frame_StackPtr
0000d890   _NewFrame_StackPtr
0000d891   _Packet_StackPtr
0000d892   _NewFrame_Packet_State
0000d893   _NewFrame_Detect
0000d894   _rx_cnt
0000d895   _scib_tx_end
0000d896   _scib_tx_pos
0000d897   _scib_rx_end
0000d898   _scib_rx_pos
0000d899   _scib_rxd
0000d89a   _scic_tx_pos
0000d89b   _scic_tx_end
0000d89c   _TXD_Stack
0000d8c0   _TTXD_Stack
0000d900   _scic_rx_buf
0000d940   _scib_rx_buf
0000d980   _scic_tx_buf
0000d9c0   _scic_rx_ibuf
0000da00   _scic_tx_ibuf
0000da40   _scib_tx_buf
0000da80   _RXD_Stack
0000dac0   _RRXD_Stack
0000daf7   _addr_cnt
0000daf8   __unlock
0000dafa   __lock
0000dafc   __cleanup_ptr
0000dafe   __dtors_ptr
0000db00   _faultIas_OC
0000db01   _faultIbs_OC
0000db02   _faultFT_SWPROT_Vdc_UV
0000db03   _faultFT_SWPROT_Ias
0000db04   _AI_offset
0000db05   _MULTI_STEP_BIT0
0000db06   _MULTI_STEP_BIT1
0000db07   _faultEVENT
0000db08   _DRIVE_ENABLE
0000db09   _cc_cnt
0000db0a   _cntl_cnt
0000db0b   _flag_Vmag
0000db0c   _cc_seq_cnt
0000db0d   _Drive_Voltage
0000db0e   _Ibs_offset
0000db0f   _faultIcs_OC
0000db10   _offset
0000db11   _Ias_offset
0000db12   _sc_cnt
0000db13   _PP
0000db14   _flag_speed_cmd
0000db15   _ref_control_mode
0000db16   _sensorless_mode
0000db17   _run_Sensorless
0000db18   _delay_cnt
0000db19   _ms_cnt
0000db1a   _JOG
0000db1b   _DA1_val
0000db1c   _MULTI_STEP_BIT3
0000db1d   _FAULT_RESET
0000db1e   _MULTI_STEP_BIT2
0000db1f   _DacFlag
0000db20   _relay_flag
0000db21   _DA3_val
0000db22   _DA4_val
0000db23   _DA2_val
0000db24   _cc_smp
0000db26   _Tsamp
0000db28   _Wc_cc
0000db2a   _ref_sec
0000db2c   _tmp_cnt
0000db2e   _DA4_mid
0000db30   _DA4_rng
0000db32   _Kp_cc
0000db34   _Ki_ccT
0000db36   _Kwr
0000db38   _Ktr
0000db3a   _gain_wr
0000db3c   _gain_tr
0000db3e   _Wrpm_set_user
0000db40   _Wrpm_ref_user
0000db42   _Wr_ref
0000db44   _Wrm_ref
0000db46   _DA1
0000db48   _Ka_cc
0000db4a   _DA1_mid
0000db4c   _DA1_rng
0000db4e   _AICMD
0000db50   _Voltage_Range
0000db52   _alpha_cc
0000db54   _Vdc_measured
0000db56   _DA3_rng
0000db58   _DA3
0000db5a   _DA4
0000db5c   _DA3_mid
0000db5e   _DA2
0000db60   _valda
0000db62   _DA2_mid
0000db64   _Idse_ref_start
0000db66   _Idse_ref_max
0000db68   _func_flag
0000db6a   _Idse_ref_sensorless
0000db6c   _Ilim
0000db6e   _Wr_hat
0000db70   _Wrm_hat
0000db72   _cos_theta
0000db74   _Wrpm_hat
0000db76   _thetar_openloop
0000db78   _DA2_rng
0000db7a   _Err_thetar
0000db7c   _thetar_hat
0000db7e   _IdcM
0000db80   _IqcM
0000db82   _Idse_ref_fake
0000db84   _Err_IdcM
0000db86   _thetar_hat1
0000db88   _sin_theta
0000db8a   _sin_theta1
0000db8c   _cos_theta1
0000db8e   _Vdss_sat
0000db90   _Vqse_anti
0000db92   _Vdse_sat
0000db94   _Vqss_sat
0000db96   _Vqse_sat
0000db98   _Err_Idse
0000db9a   _Vmag_delta
0000db9c   _Vqse_ref_ff
0000db9e   _Vdse_ref_ff
0000dba0   _Vmag_delta_est
0000dba2   _Vmag_delta_avg
0000dba4   _Vbs_ref
0000dba6   _Vas_ref
0000dba8   _Vcs_ref
0000dbaa   _Vmag_delta4
0000dbac   _Vdse_anti
0000dbae   _Vmag_delta2
0000dbb0   _Vmag_delta3
0000dbb2   _Vqss_ref
0000dbb4   _Vdss_ref
0000dbb6   _Vdse_ref
0000dbb8   _Vs_mag
0000dbba   _Vqse_ref
0000dbbc   _Is_max
0000dbbe   _Err_Iqse
0000dbc0   _cos_thetar
0000dbc2   _sin_thetar
0000dbc4   _Vqse_ref_ffa
0000dbc6   _Vdse_ref_ffa
0000dbc8   _Vmag_ffa
0000dbca   _Vmag_ref
0000dbcc   _Vmag_delta1
0000dbce   _Vdse_ref_integ
0000dbd0   _INV_Vdc
0000dbd2   _Vdse_ref_fb
0000dbd4   _Vqse_ref_integ
0000dbd6   _Is_mag
0000dbd8   _Idse
0000dbda   _Iqss
0000dbdc   _scale
0000dbde   _Idss
0000dbe0   _cal_tmp1
0000dbe2   _cal_tmp0
0000dbe4   _Idse_ref
0000dbe6   _Iqse_ref
0000dbe8   _AINI2
0000dbea   _AINV2
0000dbec   _AINI1
0000dbee   _AINV1
0000dbf0   _Izs
0000dbf2   _Iqse
0000dbf4   _Ibs
0000dbf6   _Ics
0000dbf8   _Vqse_ref_fb
0000dbfa   _Vsn
0000dbfc   _Van_ref
0000dbfe   _Vcn_ref
0000dc00   _Vbn_ref
0000dc02   _Vmin
0000dc04   _Ias
0000dc06   _Vmax
0000dc08   _Vsn_max
0000dc0a   _integ
0000dc0c   _Vsn_min
0000dc0e   _mode
0000dc11   _flag
0000dc1e   _fault
0000dc36   _errno
0000dc40   _system_first_rst
0000dc41   _cal_offset_cnt
0000dc80   _adc
0000dd10   _tmp_sc_cnt
0000dd11   _op_cnt
0000dd12   _thetarm_pre
0000dd14   _ref_slew_dn
0000dd16   _dthetarm
0000dd18   _Wrm
0000dd1a   _Wrpm
0000dd1c   _Wrm_err_integ
0000dd1e   _Wrpm_err_integ
0000dd20   _Wrm_err
0000dd22   _ref_slew_up
0000dd24   _Wrpm_err
0000dd26   _Ki_scT
0000dd28   _Wrpm_ref
0000dd2a   _Kp_sc
0000dd2c   _Wrm_L
0000dd40   _debug_state
0000dd41   _debug_cnt
0000dd42   _debug_sum
0000dd43   _debug_sum_temp
0000dd44   _debug_wr_sum_flag
0000dd45   _debug_tx_end
0000dd46   _debug_wr_size
0000dd47   _debug_tx_pos
0000dd48   _debug_rd_addr
0000dd4a   _debug_rd_addr_tmp
0000dd4c   _debug_wr_addr
0000dd4e   _debug_wr_data
0000dd80   _debug_tx_buf
0000ddc0   _gPWMTripCode
0000ddc1   _flagccseq
0000ddc2   _Speed_detect_fault
0000ddc3   _FaultInfo
0000ddc4   _cnt_Err_Vmag_delta
0000ddc5   _first1
0000ddc6   _flagPWM_CTR
0000ddc7   _flagvar_rst
0000ddc8   _flagGT1_ENA
0000ddc9   _flagencrst_complete
0000ddca   _flagencrst_start
0000ddcb   _flagGT2_ENA
0000ddcc   _flagadoffset_complete
0000ddd7   _flagFOCC
0000ddd8   _flagcontroll
0000ddd9   _flagFOC
0000ddda   _flagcontrol
0000dddc   _over_speed_ratio
0000ddde   _motor_rate_rpm
0000dde0   _Err_Vmag_delta
0000dde2   _CpuTimer1
0000ddea   _CpuTimer2
0000ddf2   _CpuTimer0
0000de00   _carrier_mode
0000de01   _pwm_g2
0000de09   _pwm_g1
00320000   .text
00320000   ___text__
00320000   _current_controller
00320b12   _scib_init
00320b45   _scic_init
00320b8c   _scib_TxChar
00320b98   _scib_TxString
00320ba4   _scic_TxChar
00320bb0   _scic_TxString
00320bbc   _scib_tx_start
00320be2   _scic_tx_start
00320c08   _scib_putc
00320c1d   _scic_putc
00320c32   _scib_puts
00320c4d   _scic_puts
00320c68   _scic_test
00320c92   _scic_puti
00320ca7   _CRC_16
00320ccb   _Write_TransmitSerialStack
00320cdd   _Write_TransmitSerialStack_CRC_Update
00320cfd   _Read_ReceiveSerialStack
00320d0d   _Xmitt_Packet_Head
00320d21   _Xmitt_Packet_End
00320d31   _Send_Parameter
00320d53   _Read_Parameter
00320d6a   _Read_Answer
00320d8c   _Write_Answer
00320da1   _Serial_Comm_Protocol
00320e42   _Serial_Comm_Service
003213a0   _EEPROM_DATA_INIT
003213ca   _eeprom2sys
00321401   _Key_pad2eeprom
00321414   _Var_initialize
003215cc   _addr2par_num
00321790   _par_num2addr
003218d6   _asc2hex
003218ed   _hex2asc
003218f9   _write_txbuf_string
00321914   _write_txbuf_asc
00321929   _write_txbuf_byte
00321953   _write_txbuf_word
003219a3   _write_txbuf_long
00321a41   _state0_proc
00321bae   _state1_proc
00321bcb   _state2_proc
00321c40   _state3_proc
00321c58   _state4_proc
00321c79   _state5_proc
00321ca8   _state6_proc
00321cc0   _state7_proc
00321d3b   _sci_debug_init
00321d74   _DMAInitialize
00321d7f   _DMACH1AddrConfig
00321d91   _DMACH1BurstConfig
00321da1   _DMACH1TransferConfig
00321db1   _DMACH1WrapConfig
00321dc4   _DMACH1ModeConfig
00321e1e   _StartDMACH1
00321e26   _DMACH2AddrConfig
00321e38   _DMACH2BurstConfig
00321e48   _DMACH2TransferConfig
00321e58   _DMACH2WrapConfig
00321e6b   _DMACH2ModeConfig
00321ec5   _StartDMACH2
00321ecd   _DMACH3AddrConfig
00321edf   _DMACH3BurstConfig
00321eef   _DMACH3TransferConfig
00321eff   _DMACH3WrapConfig
00321f12   _DMACH3ModeConfig
00321f6c   _StartDMACH3
00321f74   _DMACH4AddrConfig
00321f86   _DMACH4BurstConfig
00321f96   _DMACH4TransferConfig
00321fa6   _DMACH4WrapConfig
00321fb9   _DMACH4ModeConfig
00322013   _StartDMACH4
0032201b   _DMACH5AddrConfig
0032202d   _DMACH5BurstConfig
0032203d   _DMACH5TransferConfig
0032204d   _DMACH5WrapConfig
00322060   _DMACH5ModeConfig
003220ba   _StartDMACH5
003220c2   _DMACH6AddrConfig
003220d4   _DMACH6BurstConfig
003220e4   _DMACH6TransferConfig
003220f4   _DMACH6WrapConfig
00322107   _DMACH6ModeConfig
00322161   _StartDMACH6
00322169   _main
0032228d   _Update_var
003223a2   _Update_state
00322440   _Get_Monitor
0032248f   _INT13_ISR
00322499   _INT14_ISR
003224a3   _DATALOG_ISR
003224ad   _RTOSINT_ISR
003224b7   _EMUINT_ISR
003224c1   _NMI_ISR
003224cb   _ILLEGAL_ISR
003224d5   _USER1_ISR
003224df   _USER2_ISR
003224e9   _USER3_ISR
003224f3   _USER4_ISR
003224fd   _USER5_ISR
00322507   _USER6_ISR
00322511   _USER7_ISR
0032251b   _USER8_ISR
00322525   _USER9_ISR
0032252f   _USER10_ISR
00322539   _USER11_ISR
00322543   _USER12_ISR
0032254d   _SEQ1INT_ISR
00322557   _SEQ2INT_ISR
00322561   _XINT1_ISR
0032256b   _XINT2_ISR
00322575   _ADCINT_ISR
0032257f   _TINT0_ISR
00322589   _WAKEINT_ISR
00322593   _EPWM1_TZINT_ISR
0032259d   _EPWM2_TZINT_ISR
003225a7   _EPWM3_TZINT_ISR
003225b1   _EPWM4_TZINT_ISR
003225bb   _EPWM5_TZINT_ISR
003225c5   _EPWM6_TZINT_ISR
003225cf   _EPWM1_INT_ISR
003225d9   _EPWM2_INT_ISR
003225e3   _EPWM3_INT_ISR
003225ed   _EPWM4_INT_ISR
003225f7   _EPWM5_INT_ISR
00322601   _EPWM6_INT_ISR
0032260b   _ECAP1_INT_ISR
00322615   _ECAP2_INT_ISR
0032261f   _ECAP3_INT_ISR
00322629   _ECAP4_INT_ISR
00322633   _ECAP5_INT_ISR
0032263d   _ECAP6_INT_ISR
00322647   _EQEP1_INT_ISR
00322651   _EQEP2_INT_ISR
0032265b   _SPIRXINTA_ISR
00322665   _SPITXINTA_ISR
0032266f   _MRINTB_ISR
00322679   _MXINTB_ISR
00322683   _MRINTA_ISR
0032268d   _MXINTA_ISR
00322697   _DINTCH1_ISR
003226a1   _DINTCH2_ISR
003226ab   _DINTCH3_ISR
003226b5   _DINTCH4_ISR
003226bf   _DINTCH5_ISR
003226c9   _DINTCH6_ISR
003226d3   _I2CINT1A_ISR
003226dd   _I2CINT2A_ISR
003226e7   _SCIRXINTC_ISR
003226f1   _SCITXINTC_ISR
003226fb   _SCIRXINTA_ISR
00322705   _SCITXINTA_ISR
0032270f   _SCIRXINTB_ISR
00322719   _SCITXINTB_ISR
00322723   _ECAN0INTA_ISR
0032272d   _ECAN1INTA_ISR
00322737   _ECAN0INTB_ISR
00322741   _ECAN1INTB_ISR
0032274b   _XINT3_ISR
00322755   _XINT4_ISR
0032275f   _XINT5_ISR
00322769   _XINT6_ISR
00322773   _XINT7_ISR
0032277d   _LVF_ISR
00322787   _LUF_ISR
00322791   _PIE_RESERVED
0032279b   _rsvd_ISR
003227a5   _get_cmd
00322a86   _pwm_buffer_setup
00322a90   _pwm_g1_setup
00322cc2   _epwm1_timer_isr
00322d64   _Relay_setup
00322d6e   _Init_GPIO
00322d80   _delay
00322d8e   _delay_long
00322d9c   _LSPCLK_setup
00322da6   _Init_AD_converter
00322dcc   _Init_var
00322f6a   _Init_dsc
00322fa1   _rst_chk
00322fa8   _calculateOffset
00322ff9   _InitGpio
00323241   _fault_chk
00323262   _CheckOverCurrent
00323361   _CheckOverVolt
00323382   _CheckUnderVolt
003233a3   _CheckOverHeat
003233b1   _CheckFaultDriver
003233cc   _CheckSpeedDetection
0032340b   _CheckFaultZC
00323424   _CheckVmagDelta
0032346e   _TripProc
00323484   _input_state
0032349d   _set_digit_input_funtion
0032350c   _digital_input_proc
00323552   _digital_port_check
003235b3   _digital_out_proc
003235ce   _InitECan
003235d3   _InitECana
00323651   _InitECanb
003236cf   _InitECanGpio
003236d4   _InitECanaGpio
003236ea   _InitECanbGpio
003236fe   _cana_Tx_process
00323734   _cana_Rx_process
00323766   _SendDataToECanA
0032378e   _SendDataToECanB
003237b8   _init_can
003237ff   _InitSysCtrl
00323808   _ServiceDog
00323812   _DisableDog
0032381a   _InitPll
00323868   _InitPeripheralClocks
003238c3   _CsmUnlock
003238f4   _Init_I2C_eeprom
0032391d   _Write_EEPROM_Data
00323954   _Read_EEPROM_Data
0032398e   _Word_Write_data
003239a8   _Word_Read_data
003239c3   _InitEPwm
003239c4   _InitEPwmGpio
003239d1   _InitEPwm1Gpio
003239e3   _InitEPwm2Gpio
003239f5   _InitEPwm3Gpio
00323a09   _InitEPwm4Gpio
00323a1d   _InitEPwm5Gpio
00323a2f   _InitEPwm6Gpio
00323a41   _InitEPwmSyncGpio
00323a55   _InitTzGpio
00323a8b   _speed_controller
00323b4b   _InitXintf
00323b74   _InitXintf32Gpio
00323bbb   _InitXintf16Gpio
00323bf5   FS$$DIV
00323c7d   _InitCpuTimers
00323cbc   _ConfigCpuTimer
00323cf7   _cos
00323d55   _sin
00323db1   _c_int00
00323df7   _DAC_Setup
00323e2f   _InitPieCtrl
00323e4e   _EnableInterrupts
00323e57   _InitPieVectTable
00323e78   _sqrt
00323e98   __args_main
00323eb3   C$$EXIT
00323eb3   _abort
00323eb5   _exit
00323ecc   _InitI2C
00323ecd   _InitI2CGpio
00323ee3   _MemCopy
00323efa   __register_unlock
00323efe   __register_lock
00323f02   __nop
00323f0b   _DSP28x_DisableInt
00323f0f   _DSP28x_RestoreInt
00323f12   _SetDBGIER
00323f15   _RamfuncsLoadStart
00323f15   ___etext__
00323f15   etext
003241ae   _RamfuncsLoadEnd
00338000   ___cinit__
00338000   cinit
003384f8   _PieVectTableInit
0033fff6   code_start
0033fff8   _CsmPwl
00380080   _ADC_cal
00380090   _PartIdRegs
ffffffff   ___binit__
ffffffff   ___c_args__
ffffffff   ___pinit__
ffffffff   binit
ffffffff   pinit

[671 symbols]
