******************************************************************************
             TMS320C2000 Linker PC v5.2.5                      
******************************************************************************
>> Linked Sat Oct 02 19:48:04 2010

OUTPUT FILE NAME:   <./Debug/Seoho_PMSM.out>
ENTRY POINT SYMBOL: "code_start"  address: 0033fff6


MEMORY CONFIGURATION

         name            origin    length      used     unused   attr    fill
----------------------  --------  ---------  --------  --------  ----  --------
PAGE 0:
  ZONE0                 00004000   00001000  00000800  00000800  RWIX
  RAML0                 00008000   00001000  00000299  00000d67  RWIX
  RAML1                 00009000   00001000  00000000  00001000  RWIX
  RAML2                 0000a000   00001000  00000000  00001000  RWIX
  RAML3                 0000b000   00001000  00000000  00001000  RWIX
  ZONE7A                00200000   0000fc00  00000000  0000fc00  RWIX
  FLASHH                00300000   00008000  00000000  00008000  RWIX
  FLASHG                00308000   00008000  00000000  00008000  RWIX
  FLASHF                00310000   00008000  00000000  00008000  RWIX
  FLASHE                00318000   00008000  00000000  00008000  RWIX
  FLASHD                00320000   00008000  000041b4  00003e4c  RWIX
  FLASHC                00328000   00008000  00000000  00008000  RWIX
  FLASHA                00338000   00007f80  000006e7  00007899  RWIX
  CSM_RSVD              0033ff80   00000076  00000076  00000000  RWIX
  BEGIN                 0033fff6   00000002  00000002  00000000  RWIX
  CSM_PWL               0033fff8   00000008  00000008  00000000  RWIX
  ADC_CAL               00380080   00000009  00000007  00000002  RWIX
  OTP                   00380400   00000400  00000000  00000400  RWIX
  IQTABLES              003fe000   00000b50  00000000  00000b50  RWIX
  IQTABLES2             003feb50   0000008c  00000000  0000008c  RWIX
  FPUTABLES             003febdc   000006a0  00000000  000006a0  RWIX
  ROM                   003ff27c   00000d44  00000000  00000d44  RWIX
  RESET                 003fffc0   00000002  00000000  00000002  RWIX
  VECTORS               003fffc2   0000003e  00000000  0000003e  RWIX

PAGE 1:
  BOOT_RSVD             00000000   00000050  00000000  00000050  RWIX
  RAMM0                 00000050   000003b0  00000000  000003b0  RWIX
  RAMM1                 00000400   00000400  00000200  00000200  RWIX
  DEV_EMU               00000880   00000180  000000d0  000000b0  RWIX
  FLASH_REGS            00000a80   00000060  00000008  00000058  RWIX
  CSM                   00000ae0   00000010  00000010  00000000  RWIX
  ADC_MIRROR            00000b00   00000010  00000010  00000000  RWIX
  XINTF                 00000b20   00000020  0000001e  00000002  RWIX
  CPU_TIMER0            00000c00   00000008  00000008  00000000  RWIX
  CPU_TIMER1            00000c08   00000008  00000008  00000000  RWIX
  CPU_TIMER2            00000c10   00000008  00000008  00000000  RWIX
  PIE_CTRL              00000ce0   00000020  0000001a  00000006  RWIX
  PIE_VECT              00000d00   00000100  00000100  00000000  RWIX
  DMA                   00001000   00000200  000000e0  00000120  RWIX
  MCBSPA                00005000   00000040  00000025  0000001b  RWIX
  MCBSPB                00005040   00000040  00000025  0000001b  RWIX
  ECANA                 00006000   00000040  00000034  0000000c  RWIX
  ECANA_LAM             00006040   00000040  00000040  00000000  RWIX
  ECANA_MOTS            00006080   00000040  00000040  00000000  RWIX
  ECANA_MOTO            000060c0   00000040  00000040  00000000  RWIX
  ECANA_MBOX            00006100   00000100  00000100  00000000  RWIX
  ECANB                 00006200   00000040  00000034  0000000c  RWIX
  ECANB_LAM             00006240   00000040  00000040  00000000  RWIX
  ECANB_MOTS            00006280   00000040  00000040  00000000  RWIX
  ECANB_MOTO            000062c0   00000040  00000040  00000000  RWIX
  ECANB_MBOX            00006300   00000100  00000100  00000000  RWIX
  EPWM1                 00006800   00000022  00000022  00000000  RWIX
  EPWM2                 00006840   00000022  00000022  00000000  RWIX
  EPWM3                 00006880   00000022  00000022  00000000  RWIX
  EPWM4                 000068c0   00000022  00000022  00000000  RWIX
  EPWM5                 00006900   00000022  00000022  00000000  RWIX
  EPWM6                 00006940   00000022  00000022  00000000  RWIX
  ECAP1                 00006a00   00000020  00000020  00000000  RWIX
  ECAP2                 00006a20   00000020  00000020  00000000  RWIX
  ECAP3                 00006a40   00000020  00000020  00000000  RWIX
  ECAP4                 00006a60   00000020  00000020  00000000  RWIX
  ECAP5                 00006a80   00000020  00000020  00000000  RWIX
  ECAP6                 00006aa0   00000020  00000020  00000000  RWIX
  EQEP1                 00006b00   00000040  00000040  00000000  RWIX
  EQEP2                 00006b40   00000040  00000040  00000000  RWIX
  GPIOCTRL              00006f80   00000040  0000002e  00000012  RWIX
  GPIODAT               00006fc0   00000020  00000020  00000000  RWIX
  GPIOINT               00006fe0   00000020  0000000a  00000016  RWIX
  SYSTEM                00007010   00000020  00000020  00000000  RWIX
  SPIA                  00007040   00000010  00000010  00000000  RWIX
  SCIA                  00007050   00000010  00000010  00000000  RWIX
  XINTRUPT              00007070   00000010  00000010  00000000  RWIX
  ADC                   00007100   00000020  0000001e  00000002  RWIX
  SCIB                  00007750   00000010  00000010  00000000  RWIX
  SCIC                  00007770   00000010  00000010  00000000  RWIX
  I2CA                  00007900   00000040  00000022  0000001e  RWIX
  RAML4                 0000c000   00004000  00001a11  000025ef  RWIX
  ZONE7B                0020fc00   00000400  00000000  00000400  RWIX
  FLASHB                00330000   00008000  00000000  00008000  RWIX
  CSM_PWL               0033fff8   00000008  00000008  00000000  RWIX
  PARTID                00380090   00000001  00000001  00000000  RWIX


SECTION ALLOCATION MAP

 output                                  attributes/
section   page    origin      length       input sections
--------  ----  ----------  ----------   ----------------
.pinit     0    00328000    00000000     UNINITIALIZED

ZONE0DATA 
*          0    00004000    00000800     UNINITIALIZED
                  00004000    00000800     Main.obj (ZONE0DATA)

.text      0    00320000    00003f1b     
                  00320000    00000b12     cc.obj (.text)
                  00320b12    0000088e     SCI_BC.obj (.text)
                  003213a0    00000536     default_var.obj (.text)
                  003218d6    0000049e     debug_2833x.obj (.text)
                  00321d74    000003f5     DSP2833x_DMA.obj (.text)
                  00322169    00000329     Main.obj (.text)
                  00322492    00000316     DSP2833x_DefaultIsr.obj (.text)
                  003227a8    000002e1     get_cmd.obj (.text)
                  00322a89    000002de     pwm_change.obj (.text)
                  00322d67    00000295     system.obj (.text)
                  00322ffc    00000248     seoho_gpio_set.obj (.text)
                  00323244    00000243     fault.obj (.text)
                  00323487    0000014a     digital_inout.obj (.text)
                  003235d1    00000130     DSP2833x_ECan.obj (.text)
                  00323701    00000105     eCAN.obj (.text)
                  00323806    000000f5     DSP2833x_SysCtrl.obj (.text)
                  003238fb    000000cf     I2C_eeprom.obj (.text)
                  003239ca    000000c8     DSP2833x_EPwm.obj (.text)
                  00323a92    000000c0     sc.obj (.text)
                  00323b52    000000aa     DSP2833x_Xintf.obj (.text)
                  00323bfc    00000088     rts2800_fpu32.lib : fs_div.obj (.text)
                  00323c84    0000007a     DSP2833x_CpuTimers.obj (.text)
                  00323cfe    0000005e     rts2800_fpu32.lib : cos.obj (.text)
                  00323d5c    0000005c                       : sin.obj (.text)
                  00323db8    00000046                       : boot.obj (.text)
                  00323dfe    00000038     dac.obj (.text)
                  00323e36    00000028     DSP2833x_PieCtrl.obj (.text)
                  00323e5e    00000020     DSP2833x_PieVect.obj (.text)
                  00323e7e    00000020     rts2800_fpu32.lib : sqrt.obj (.text)
                  00323e9e    0000001b                       : args_main.obj (.text)
                  00323eb9    00000019                       : exit.obj (.text)
                  00323ed2    00000017     DSP2833x_I2C.obj (.text)
                  00323ee9    00000017     DSP2833x_MemCopy.obj (.text)
                  00323f00    00000009     rts2800_fpu32.lib : _lock.obj (.text)
                  00323f09    00000008     DSP2833x_CodeStartBranch.obj (.text)
                  00323f11    00000007     DSP2833x_DisInt.obj (.text)
                  00323f18    00000003     DSP2833x_DBGIER.obj (.text)

ramfuncs   0    00323f1b    00000299     RUN ADDR = 00008000
                  00323f1b    0000011d     SCI_BC.obj (ramfuncs)
                  00324038    000000b5     debug_2833x.obj (ramfuncs)
                  003240ed    000000a8     eCAN.obj (ramfuncs)
                  00324195    0000001b     DSP2833x_SysCtrl.obj (ramfuncs)
                  003241b0    00000004     DSP2833x_usDelay.obj (ramfuncs)

.cinit     0    00338000    000004f7     
                  00338000    00000283     cc.obj (.cinit)
                  00338283    000000dd     get_cmd.obj (.cinit)
                  00338360    0000007b     fault.obj (.cinit)
                  003383db    00000049     sc.obj (.cinit)
                  00338424    00000036     eCAN.obj (.cinit)
                  0033845a    00000030     SCI_BC.obj (.cinit)
                  0033848a    0000002a     debug_2833x.obj (.cinit)
                  003384b4    00000019     Main.obj (.cinit)
                  003384cd    0000000a     rts2800_fpu32.lib : _lock.obj (.cinit)
                  003384d7    0000000a                       : exit.obj (.cinit)
                  003384e1    00000008     system.obj (.cinit)
                  003384e9    00000004     default_var.obj (.cinit)
                  003384ed    00000004     pwm_change.obj (.cinit)
                  003384f1    00000004     rts2800_fpu32.lib : errno.obj (.cinit)
                  003384f5    00000002     --HOLE-- [fill = 0]

.econst    0    003384f8    0000012a     
                  003384f8    00000100     DSP2833x_PieVect.obj (.econst)
                  003385f8    0000001f     SCI_BC.obj (.econst:.string)
                  00338617    00000001     --HOLE-- [fill = 0]
                  00338618    0000000a     debug_2833x.obj (.econst:.string)

.switch    0    00338622    000000c6     
                  00338622    00000084     SCI_BC.obj (.switch)
                  003386a6    00000042     default_var.obj (.switch)

csm_rsvd   0    0033ff80    00000076     
                  0033ff80    00000076     DSP2833x_CSMPasswords.obj (csm_rsvd)

codestart 
*          0    0033fff6    00000002     
                  0033fff6    00000002     DSP2833x_CodeStartBranch.obj (codestart)

csmpasswds 
*          0    0033fff8    00000008     
                  0033fff8    00000008     DSP2833x_CSMPasswords.obj (csmpasswds)

.adc_cal   0    00380080    00000007     NOLOAD SECTION
                  00380080    00000007     DSP2833x_ADC_cal.obj (.adc_cal)

.reset     0    003fffc0    00000002     DSECT
                  003fffc0    00000002     rts2800_fpu32.lib : boot.obj (.reset)

vectors    0    003fffc2    00000000     DSECT

.stack     1    00000400    00000200     UNINITIALIZED
                  00000400    00000200     --HOLE--

DevEmuRegsFile 
*          1    00000880    000000d0     UNINITIALIZED
                  00000880    000000d0     DSP2833x_GlobalVariableDefs.obj (DevEmuRegsFile)

FlashRegsFile 
*          1    00000a80    00000008     UNINITIALIZED
                  00000a80    00000008     DSP2833x_GlobalVariableDefs.obj (FlashRegsFile)

CsmRegsFile 
*          1    00000ae0    00000010     UNINITIALIZED
                  00000ae0    00000010     DSP2833x_GlobalVariableDefs.obj (CsmRegsFile)

AdcMirrorFile 
*          1    00000b00    00000010     UNINITIALIZED
                  00000b00    00000010     DSP2833x_GlobalVariableDefs.obj (AdcMirrorFile)

XintfRegsFile 
*          1    00000b20    0000001e     UNINITIALIZED
                  00000b20    0000001e     DSP2833x_GlobalVariableDefs.obj (XintfRegsFile)

CpuTimer0RegsFile 
*          1    00000c00    00000008     UNINITIALIZED
                  00000c00    00000008     DSP2833x_GlobalVariableDefs.obj (CpuTimer0RegsFile)

CpuTimer1RegsFile 
*          1    00000c08    00000008     UNINITIALIZED
                  00000c08    00000008     DSP2833x_GlobalVariableDefs.obj (CpuTimer1RegsFile)

CpuTimer2RegsFile 
*          1    00000c10    00000008     UNINITIALIZED
                  00000c10    00000008     DSP2833x_GlobalVariableDefs.obj (CpuTimer2RegsFile)

PieCtrlRegsFile 
*          1    00000ce0    0000001a     UNINITIALIZED
                  00000ce0    0000001a     DSP2833x_GlobalVariableDefs.obj (PieCtrlRegsFile)

PieVectTableFile 
*          1    00000d00    00000100     UNINITIALIZED
                  00000d00    00000100     DSP2833x_GlobalVariableDefs.obj (PieVectTableFile)

DmaRegsFile 
*          1    00001000    000000e0     UNINITIALIZED
                  00001000    000000e0     DSP2833x_GlobalVariableDefs.obj (DmaRegsFile)

McbspaRegsFile 
*          1    00005000    00000025     UNINITIALIZED
                  00005000    00000025     DSP2833x_GlobalVariableDefs.obj (McbspaRegsFile)

McbspbRegsFile 
*          1    00005040    00000025     UNINITIALIZED
                  00005040    00000025     DSP2833x_GlobalVariableDefs.obj (McbspbRegsFile)

ECanaRegsFile 
*          1    00006000    00000034     UNINITIALIZED
                  00006000    00000034     DSP2833x_GlobalVariableDefs.obj (ECanaRegsFile)

ECanaLAMRegsFile 
*          1    00006040    00000040     UNINITIALIZED
                  00006040    00000040     DSP2833x_GlobalVariableDefs.obj (ECanaLAMRegsFile)

ECanaMOTSRegsFile 
*          1    00006080    00000040     UNINITIALIZED
                  00006080    00000040     DSP2833x_GlobalVariableDefs.obj (ECanaMOTSRegsFile)

ECanaMOTORegsFile 
*          1    000060c0    00000040     UNINITIALIZED
                  000060c0    00000040     DSP2833x_GlobalVariableDefs.obj (ECanaMOTORegsFile)

ECanaMboxesFile 
*          1    00006100    00000100     UNINITIALIZED
                  00006100    00000100     DSP2833x_GlobalVariableDefs.obj (ECanaMboxesFile)

ECanbRegsFile 
*          1    00006200    00000034     UNINITIALIZED
                  00006200    00000034     DSP2833x_GlobalVariableDefs.obj (ECanbRegsFile)

ECanbLAMRegsFile 
*          1    00006240    00000040     UNINITIALIZED
                  00006240    00000040     DSP2833x_GlobalVariableDefs.obj (ECanbLAMRegsFile)

ECanbMOTSRegsFile 
*          1    00006280    00000040     UNINITIALIZED
                  00006280    00000040     DSP2833x_GlobalVariableDefs.obj (ECanbMOTSRegsFile)

ECanbMOTORegsFile 
*          1    000062c0    00000040     UNINITIALIZED
                  000062c0    00000040     DSP2833x_GlobalVariableDefs.obj (ECanbMOTORegsFile)

ECanbMboxesFile 
*          1    00006300    00000100     UNINITIALIZED
                  00006300    00000100     DSP2833x_GlobalVariableDefs.obj (ECanbMboxesFile)

EPwm1RegsFile 
*          1    00006800    00000022     UNINITIALIZED
                  00006800    00000022     DSP2833x_GlobalVariableDefs.obj (EPwm1RegsFile)

EPwm2RegsFile 
*          1    00006840    00000022     UNINITIALIZED
                  00006840    00000022     DSP2833x_GlobalVariableDefs.obj (EPwm2RegsFile)

EPwm3RegsFile 
*          1    00006880    00000022     UNINITIALIZED
                  00006880    00000022     DSP2833x_GlobalVariableDefs.obj (EPwm3RegsFile)

EPwm4RegsFile 
*          1    000068c0    00000022     UNINITIALIZED
                  000068c0    00000022     DSP2833x_GlobalVariableDefs.obj (EPwm4RegsFile)

EPwm5RegsFile 
*          1    00006900    00000022     UNINITIALIZED
                  00006900    00000022     DSP2833x_GlobalVariableDefs.obj (EPwm5RegsFile)

EPwm6RegsFile 
*          1    00006940    00000022     UNINITIALIZED
                  00006940    00000022     DSP2833x_GlobalVariableDefs.obj (EPwm6RegsFile)

ECap1RegsFile 
*          1    00006a00    00000020     UNINITIALIZED
                  00006a00    00000020     DSP2833x_GlobalVariableDefs.obj (ECap1RegsFile)

ECap2RegsFile 
*          1    00006a20    00000020     UNINITIALIZED
                  00006a20    00000020     DSP2833x_GlobalVariableDefs.obj (ECap2RegsFile)

ECap3RegsFile 
*          1    00006a40    00000020     UNINITIALIZED
                  00006a40    00000020     DSP2833x_GlobalVariableDefs.obj (ECap3RegsFile)

ECap4RegsFile 
*          1    00006a60    00000020     UNINITIALIZED
                  00006a60    00000020     DSP2833x_GlobalVariableDefs.obj (ECap4RegsFile)

ECap5RegsFile 
*          1    00006a80    00000020     UNINITIALIZED
                  00006a80    00000020     DSP2833x_GlobalVariableDefs.obj (ECap5RegsFile)

ECap6RegsFile 
*          1    00006aa0    00000020     UNINITIALIZED
                  00006aa0    00000020     DSP2833x_GlobalVariableDefs.obj (ECap6RegsFile)

EQep1RegsFile 
*          1    00006b00    00000040     UNINITIALIZED
                  00006b00    00000040     DSP2833x_GlobalVariableDefs.obj (EQep1RegsFile)

EQep2RegsFile 
*          1    00006b40    00000040     UNINITIALIZED
                  00006b40    00000040     DSP2833x_GlobalVariableDefs.obj (EQep2RegsFile)

GpioCtrlRegsFile 
*          1    00006f80    0000002e     UNINITIALIZED
                  00006f80    0000002e     DSP2833x_GlobalVariableDefs.obj (GpioCtrlRegsFile)

GpioDataRegsFile 
*          1    00006fc0    00000020     UNINITIALIZED
                  00006fc0    00000020     DSP2833x_GlobalVariableDefs.obj (GpioDataRegsFile)

GpioIntRegsFile 
*          1    00006fe0    0000000a     UNINITIALIZED
                  00006fe0    0000000a     DSP2833x_GlobalVariableDefs.obj (GpioIntRegsFile)

SysCtrlRegsFile 
*          1    00007010    00000020     UNINITIALIZED
                  00007010    00000020     DSP2833x_GlobalVariableDefs.obj (SysCtrlRegsFile)

SpiaRegsFile 
*          1    00007040    00000010     UNINITIALIZED
                  00007040    00000010     DSP2833x_GlobalVariableDefs.obj (SpiaRegsFile)

SciaRegsFile 
*          1    00007050    00000010     UNINITIALIZED
                  00007050    00000010     DSP2833x_GlobalVariableDefs.obj (SciaRegsFile)

XIntruptRegsFile 
*          1    00007070    00000010     UNINITIALIZED
                  00007070    00000010     DSP2833x_GlobalVariableDefs.obj (XIntruptRegsFile)

AdcRegsFile 
*          1    00007100    0000001e     UNINITIALIZED
                  00007100    0000001e     DSP2833x_GlobalVariableDefs.obj (AdcRegsFile)

ScibRegsFile 
*          1    00007750    00000010     UNINITIALIZED
                  00007750    00000010     DSP2833x_GlobalVariableDefs.obj (ScibRegsFile)

ScicRegsFile 
*          1    00007770    00000010     UNINITIALIZED
                  00007770    00000010     DSP2833x_GlobalVariableDefs.obj (ScicRegsFile)

I2caRegsFile 
*          1    00007900    00000022     UNINITIALIZED
                  00007900    00000022     DSP2833x_GlobalVariableDefs.obj (I2caRegsFile)

.ebss      1    0000c000    00001a11     UNINITIALIZED
                  0000c000    00000c38     get_cmd.obj (.ebss)
                  0000cc38    00000008     Main.obj (.ebss)
                  0000cc40    00000840     eCAN.obj (.ebss)
                  0000d480    00000277     SCI_BC.obj (.ebss)
                  0000d6f7    00000001     default_var.obj (.ebss)
                  0000d6f8    00000004     rts2800_fpu32.lib : _lock.obj (.ebss)
                  0000d6fc    00000004                       : exit.obj (.ebss)
                  0000d700    00000136     cc.obj (.ebss)
                  0000d836    00000001     rts2800_fpu32.lib : errno.obj (.ebss)
                  0000d837    00000009     --HOLE--
                  0000d840    000000d0     system.obj (.ebss)
                  0000d910    00000028     sc.obj (.ebss)
                  0000d938    00000008     --HOLE--
                  0000d940    00000073     debug_2833x.obj (.ebss)
                  0000d9b3    0000000d     --HOLE--
                  0000d9c0    00000022     fault.obj (.ebss)
                  0000d9e2    00000018     DSP2833x_CpuTimers.obj (.ebss)
                  0000d9fa    00000006     --HOLE--
                  0000da00    00000011     pwm_change.obj (.ebss)

CsmPwlFile 
*          1    0033fff8    00000008     UNINITIALIZED
                  0033fff8    00000008     DSP2833x_GlobalVariableDefs.obj (CsmPwlFile)

PartIdRegsFile 
*          1    00380090    00000001     UNINITIALIZED
                  00380090    00000001     DSP2833x_GlobalVariableDefs.obj (PartIdRegsFile)


GLOBAL SYMBOLS: SORTED ALPHABETICALLY BY Name 

address    name
--------   ----
00320000   .text
00323eb9   C$$EXIT
00323bfc   FS$$DIV
00322578   _ADCINT_ISR
00380080   _ADC_cal
0000d74e   _AICMD
0000d7ec   _AINI1
0000d7e8   _AINI2
0000d7ee   _AINV1
0000d7ea   _AINV2
0000d704   _AI_offset
0000c030   _Accel_Time
00000b00   _AdcMirror
00007100   _AdcRegs
0000c026   _B_fric
0000c018   _Base_spd
0000d488   _CRC
00320ca7   _CRC_16
003233b4   _CheckFaultDriver
0032340e   _CheckFaultZC
00323265   _CheckOverCurrent
003233a6   _CheckOverHeat
00323364   _CheckOverVolt
003233cf   _CheckSpeedDetection
00323385   _CheckUnderVolt
00323427   _CheckVmagDelta
0000c00f   _Cntrl_Method
0000c013   _Comm_GROUP
0000c010   _Comm_INDEX
0000c080   _Comm_array
00323cc3   _ConfigCpuTimer
0000d9f2   _CpuTimer0
00000c00   _CpuTimer0Regs
0000d9e2   _CpuTimer1
00000c08   _CpuTimer1Regs
0000d9ea   _CpuTimer2
00000c10   _CpuTimer2Regs
0033fff8   _CsmPwl
00000ae0   _CsmRegs
003238ca   _CsmUnlock
0000c040   _Cur_Ctrl_B
0000c007   _Cur_Ctrl_Ki
0000c008   _Cur_Ctrl_Kp
0000c004   _Curr_Lim
0000d746   _DA1
0000d74a   _DA1_mid
0000d74c   _DA1_rng
0000d71b   _DA1_val
0000d75e   _DA2
0000d762   _DA2_mid
0000d778   _DA2_rng
0000d723   _DA2_val
0000d758   _DA3
0000d75c   _DA3_mid
0000d756   _DA3_rng
0000d721   _DA3_val
0000d75a   _DA4
0000d72e   _DA4_mid
0000d730   _DA4_rng
0000d722   _DA4_val
00323dfe   _DAC_Setup
003224a6   _DATALOG_ISR
0032269a   _DINTCH1_ISR
003226a4   _DINTCH2_ISR
003226ae   _DINTCH3_ISR
003226b8   _DINTCH4_ISR
003226c2   _DINTCH5_ISR
003226cc   _DINTCH6_ISR
00321d7f   _DMACH1AddrConfig
00321d91   _DMACH1BurstConfig
00321dc4   _DMACH1ModeConfig
00321da1   _DMACH1TransferConfig
00321db1   _DMACH1WrapConfig
00321e26   _DMACH2AddrConfig
00321e38   _DMACH2BurstConfig
00321e6b   _DMACH2ModeConfig
00321e48   _DMACH2TransferConfig
00321e58   _DMACH2WrapConfig
00321ecd   _DMACH3AddrConfig
00321edf   _DMACH3BurstConfig
00321f12   _DMACH3ModeConfig
00321eef   _DMACH3TransferConfig
00321eff   _DMACH3WrapConfig
00321f74   _DMACH4AddrConfig
00321f86   _DMACH4BurstConfig
00321fb9   _DMACH4ModeConfig
00321f96   _DMACH4TransferConfig
00321fa6   _DMACH4WrapConfig
0032201b   _DMACH5AddrConfig
0032202d   _DMACH5BurstConfig
00322060   _DMACH5ModeConfig
0032203d   _DMACH5TransferConfig
0032204d   _DMACH5WrapConfig
003220c2   _DMACH6AddrConfig
003220d4   _DMACH6BurstConfig
00322107   _DMACH6ModeConfig
003220e4   _DMACH6TransferConfig
003220f4   _DMACH6WrapConfig
00321d74   _DMAInitialize
0000d708   _DRIVE_ENABLE
00323f11   _DSP28x_DisableInt
00323f15   _DSP28x_RestoreInt
00008295   _DSP28x_usDelay
0000d71f   _DacFlag
0000cc80   _Data_Registers
0000c02e   _Decel_Time
00000880   _DevEmuRegs
00323819   _DisableDog
00001000   _DmaRegs
0000d70d   _Drive_Voltage
00322726   _ECAN0INTA_ISR
0032273a   _ECAN0INTB_ISR
00322730   _ECAN1INTA_ISR
00322744   _ECAN1INTB_ISR
0032260e   _ECAP1_INT_ISR
00322618   _ECAP2_INT_ISR
00322622   _ECAP3_INT_ISR
0032262c   _ECAP4_INT_ISR
00322636   _ECAP5_INT_ISR
00322640   _ECAP6_INT_ISR
00006040   _ECanaLAMRegs
000060c0   _ECanaMOTORegs
00006080   _ECanaMOTSRegs
00006100   _ECanaMboxes
00006000   _ECanaRegs
00006240   _ECanbLAMRegs
000062c0   _ECanbMOTORegs
00006280   _ECanbMOTSRegs
00006300   _ECanbMboxes
00006200   _ECanbRegs
00006a00   _ECap1Regs
00006a20   _ECap2Regs
00006a40   _ECap3Regs
00006a60   _ECap4Regs
00006a80   _ECap5Regs
00006aa0   _ECap6Regs
003213a0   _EEPROM_DATA_INIT
0000cc3c   _EEPROM_WRITE_CHECK
003224ba   _EMUINT_ISR
003225d2   _EPWM1_INT_ISR
00322596   _EPWM1_TZINT_ISR
003225dc   _EPWM2_INT_ISR
003225a0   _EPWM2_TZINT_ISR
003225e6   _EPWM3_INT_ISR
003225aa   _EPWM3_TZINT_ISR
003225f0   _EPWM4_INT_ISR
003225b4   _EPWM4_TZINT_ISR
003225fa   _EPWM5_INT_ISR
003225be   _EPWM5_TZINT_ISR
00322604   _EPWM6_INT_ISR
003225c8   _EPWM6_TZINT_ISR
00006800   _EPwm1Regs
00006840   _EPwm2Regs
00006880   _EPwm3Regs
000068c0   _EPwm4Regs
00006900   _EPwm5Regs
00006940   _EPwm6Regs
0032264a   _EQEP1_INT_ISR
00322654   _EQEP2_INT_ISR
00006b00   _EQep1Regs
00006b40   _EQep2Regs
00323e55   _EnableInterrupts
0000d784   _Err_IdcM
0000d798   _Err_Idse
0000d7be   _Err_Iqse
0000d9e0   _Err_Vmag_delta
0000d77a   _Err_thetar
0000d71d   _FAULT_RESET
0000c036   _F_rate
0000cc3e   _F_ref
0000d9c3   _FaultInfo
00000a80   _FlashRegs
0000c017   _Fpwm
0000d48a   _Frame_ByteCnt
0000d48f   _Frame_StackPtr
0000c03e   _Frequency_ref
00322443   _Get_Monitor
00006f80   _GpioCtrlRegs
00006fc0   _GpioDataRegs
00006fe0   _GpioIntRegs
0000c00e   _Group_index
003226d6   _I2CINT1A_ISR
003226e0   _I2CINT2A_ISR
00007900   _I2caRegs
003224ce   _ILLEGAL_ISR
00322492   _INT13_ISR
0032249c   _INT14_ISR
0000d7d0   _INV_Vdc
0000c038   _I_rate
0000c000   _I_zero_Lim
0000d804   _Ias
0000d711   _Ias_offset
0000d7f4   _Ibs
0000d70e   _Ibs_offset
0000d7f6   _Ics
0000d77e   _IdcM
0000d7d8   _Idse
0000d7e4   _Idse_ref
0000d782   _Idse_ref_fake
0000d766   _Idse_ref_max
0000d76a   _Idse_ref_sensorless
0000d764   _Idse_ref_start
0000d7de   _Idss
0000d76c   _Ilim
0000c022   _Inertia
00323c84   _InitCpuTimers
003235d1   _InitECan
003236d2   _InitECanGpio
003235d6   _InitECana
003236d7   _InitECanaGpio
00323654   _InitECanb
003236ed   _InitECanbGpio
003239ca   _InitEPwm
003239d8   _InitEPwm1Gpio
003239ea   _InitEPwm2Gpio
003239fc   _InitEPwm3Gpio
00323a10   _InitEPwm4Gpio
00323a24   _InitEPwm5Gpio
00323a36   _InitEPwm6Gpio
003239cb   _InitEPwmGpio
00323a48   _InitEPwmSyncGpio
0000827a   _InitFlash
00322ffc   _InitGpio
00323ed2   _InitI2C
00323ed3   _InitI2CGpio
0032386f   _InitPeripheralClocks
00323e36   _InitPieCtrl
00323e5e   _InitPieVectTable
00323821   _InitPll
00323806   _InitSysCtrl
00323a5c   _InitTzGpio
00323b52   _InitXintf
00323bc2   _InitXintf16Gpio
00323b7b   _InitXintf32Gpio
00322da9   _Init_AD_converter
00322d71   _Init_GPIO
003238fb   _Init_I2C_eeprom
00322f6d   _Init_dsc
00322dcf   _Init_var
0000d780   _IqcM
0000d7f2   _Iqse
0000d7e6   _Iqse_ref
0000d7da   _Iqss
0000d7d6   _Is_mag
0000d7bc   _Is_max
0000d7f0   _Izs
0000d71a   _JOG
0000c028   _K_back_EMF
0000d748   _Ka_cc
00321401   _Key_pad2eeprom
0000d734   _Ki_ccT
0000d926   _Ki_scT
0000d732   _Kp_cc
0000d92a   _Kp_sc
0000d738   _Ktr
0000d736   _Kwr
00322d9f   _LSPCLK_setup
0032278a   _LUF_ISR
00322780   _LVF_ISR
0000c020   _Lds
0000c002   _Local_Remote
0000c01c   _Lqs
00322686   _MRINTA_ISR
00322672   _MRINTB_ISR
0000d705   _MULTI_STEP_BIT0
0000d706   _MULTI_STEP_BIT1
0000d71e   _MULTI_STEP_BIT2
0000d71c   _MULTI_STEP_BIT3
00322690   _MXINTA_ISR
0032267c   _MXINTB_ISR
0000c011   _Machine_state
0000c003   _Max_Con_cur
0000c03c   _Max_Speed
00005000   _McbspaRegs
00005040   _McbspbRegs
00323ee9   _MemCopy
0000c046   _Min_Speed
003224c4   _NMI_ISR
0000d48b   _NewFrame_ByteCnt
0000d493   _NewFrame_Detect
0000d492   _NewFrame_Packet_State
0000d490   _NewFrame_StackPtr
0000c001   _OC_Trip
0000c00b   _OP_Ph_Trip
0000c044   _OV_Limit
0000c005   _OV_Ltd_Fn
0000c042   _OV_Trip
0000c00a   _Out_of_Cnl_t
0000c006   _Over_Load
0000c015   _Over_Spd_Lim
00322794   _PIE_RESERVED
0000d713   _PP
0000c034   _P_rate
0000d48c   _Packet_ByteCnt
0000d489   _Packet_Head
0000d491   _Packet_StackPtr
00380090   _PartIdRegs
00000ce0   _PieCtrlRegs
00000d00   _PieVectTable
003384f8   _PieVectTableInit
0000c00d   _Pn
0000d6c0   _RRXD_Stack
003224b0   _RTOSINT_ISR
0000d481   _RXD
0000d680   _RXD_Stack
0000d482   _RXD_StackReadPtr
0000d480   _RXD_StackWritePtr
003241b4   _RamfuncsLoadEnd
00323f1b   _RamfuncsLoadStart
00008000   _RamfuncsRunStart
0000c014   _RampFunc_Input_Src
00320d6a   _Read_Answer
0032395b   _Read_EEPROM_Data
00320d53   _Read_Parameter
00320cfd   _Read_ReceiveSerialStack
00322d67   _Relay_setup
0000c01e   _Rstator
0000c012   _Run_Stop
0000c016   _Run_Stop_meth
003226fe   _SCIRXINTA_ISR
00322712   _SCIRXINTB_ISR
003226ea   _SCIRXINTC_ISR
00322708   _SCITXINTA_ISR
0032271c   _SCITXINTB_ISR
003226f4   _SCITXINTC_ISR
00322550   _SEQ1INT_ISR
0032255a   _SEQ2INT_ISR
0032265e   _SPIRXINTA_ISR
00322668   _SPITXINTA_ISR
00007050   _SciaRegs
00007750   _ScibRegs
00007770   _ScicRegs
0032376d   _SendDataToECanA
00323795   _SendDataToECanB
00320d31   _Send_Parameter
00320da1   _Serial_Comm_Protocol
00320e42   _Serial_Comm_Service
0032380f   _ServiceDog
00323f18   _SetDBGIER
0000c03a   _Spd_Ctrl_B
0000c009   _Spd_Ctrl_Ki
0000c00c   _Spd_Ctrl_Kp
0000d9c2   _Speed_detect_fault
0000c01a   _Speed_ref
00007040   _SpiaRegs
00321e1e   _StartDMACH1
00321ec5   _StartDMACH2
00321f6c   _StartDMACH3
00322013   _StartDMACH4
003220ba   _StartDMACH5
00322161   _StartDMACH6
00007010   _SysCtrlRegs
00322582   _TINT0_ISR
0000d4c0   _TTXD_Stack
0000d49c   _TXD_Stack
0000d483   _TXD_StackReadPtr
0000d484   _TXD_StackWritePtr
0000d080   _Temp_Registers
0000c024   _Torque_ref
00323471   _TripProc
0000d726   _Tsamp
00322532   _USER10_ISR
0032253c   _USER11_ISR
00322546   _USER12_ISR
003224d8   _USER1_ISR
003224e2   _USER2_ISR
003224ec   _USER3_ISR
003224f6   _USER4_ISR
00322500   _USER5_ISR
0032250a   _USER6_ISR
00322514   _USER7_ISR
0032251e   _USER8_ISR
00322528   _USER9_ISR
0000c048   _UV_Trip
003223a5   _Update_state
00322290   _Update_var
0000c032   _V_rate
0000d7fc   _Van_ref
00321414   _Var_initialize
0000d7a6   _Vas_ref
0000d800   _Vbn_ref
0000d7a4   _Vbs_ref
0000d7fe   _Vcn_ref
0000d7a8   _Vcs_ref
0000d754   _Vdc_measured
0000d7ac   _Vdse_anti
0000d7b6   _Vdse_ref
0000d7d2   _Vdse_ref_fb
0000d79e   _Vdse_ref_ff
0000d7c6   _Vdse_ref_ffa
0000d7ce   _Vdse_ref_integ
0000d792   _Vdse_sat
0000d7b4   _Vdss_ref
0000d78e   _Vdss_sat
0000d79a   _Vmag_delta
0000d7cc   _Vmag_delta1
0000d7ae   _Vmag_delta2
0000d7b0   _Vmag_delta3
0000d7aa   _Vmag_delta4
0000d7a2   _Vmag_delta_avg
0000d7a0   _Vmag_delta_est
0000d7c8   _Vmag_ffa
0000d7ca   _Vmag_ref
0000d806   _Vmax
0000d802   _Vmin
0000d750   _Voltage_Range
0000d790   _Vqse_anti
0000d7ba   _Vqse_ref
0000d7f8   _Vqse_ref_fb
0000d79c   _Vqse_ref_ff
0000d7c4   _Vqse_ref_ffa
0000d7d4   _Vqse_ref_integ
0000d796   _Vqse_sat
0000d7b2   _Vqss_ref
0000d794   _Vqss_sat
0000d7b8   _Vs_mag
0000d7fa   _Vsn
0000d808   _Vsn_max
0000d80c   _Vsn_min
0000c02a   _Vsup
0032258c   _WAKEINT_ISR
0000d728   _Wc_cc
003239af   _Word_Read_data
00323995   _Word_Write_data
0000d76e   _Wr_hat
0000d742   _Wr_ref
00320d8c   _Write_Answer
00323924   _Write_EEPROM_Data
00320ccb   _Write_TransmitSerialStack
00320cdd   _Write_TransmitSerialStack_CRC_Update
0000d918   _Wrm
0000d92c   _Wrm_L
0000d920   _Wrm_err
0000d91c   _Wrm_err_integ
0000d770   _Wrm_hat
0000d744   _Wrm_ref
0000d91a   _Wrpm
0000d924   _Wrpm_err
0000d91e   _Wrpm_err_integ
0000d774   _Wrpm_hat
0000c02c   _Wrpm_rate
0000d928   _Wrpm_ref
0000d740   _Wrpm_ref_user
0000d73e   _Wrpm_set_user
00322564   _XINT1_ISR
0032256e   _XINT2_ISR
0032274e   _XINT3_ISR
00322758   _XINT4_ISR
00322762   _XINT5_ISR
0032276c   _XINT6_ISR
00322776   _XINT7_ISR
00007070   _XIntruptRegs
00000b20   _XintfRegs
00320d21   _Xmitt_Packet_End
00320d0d   _Xmitt_Packet_Head
00004000   _ZONE0_BUF
00000600   __STACK_END
00000200   __STACK_SIZE
00000001   __TI_args_main
ffffffff   ___binit__
ffffffff   ___c_args__
00338000   ___cinit__
00323f1b   ___etext__
ffffffff   ___pinit__
00320000   ___text__
00323e9e   __args_main
0000d6fc   __cleanup_ptr
0000d6fe   __dtors_ptr
0000d6fa   __lock
00323f08   __nop
00323f04   __register_lock
00323f00   __register_unlock
00000400   __stack
0000d6f8   __unlock
00323eb9   _abort
0000d880   _adc
003215cc   _addr2par_num
0000cc39   _addr_ch
0000d6f7   _addr_cnt
0000d752   _alpha_cc
003218d6   _asc2hex
00323db8   _c_int00
0000d841   _cal_offset_cnt
0000d7e2   _cal_tmp0
0000d7e0   _cal_tmp1
00322fab   _calculateOffset
0032373b   _cana_Rx_process
00323701   _cana_Tx_process
0000cc43   _cana_rx_flag
0000cc4c   _cana_rx_high_data
0000cc50   _cana_rx_id
0000cc42   _cana_rx_length
0000cc46   _cana_rx_low_data
0000cc40   _canb_rx_flag
0000cc48   _canb_rx_high_data
0000cc4e   _canb_rx_id
0000cc41   _canb_rx_length
0000cc4a   _canb_rx_low_data
0000da00   _carrier_mode
0000d709   _cc_cnt
0000d70c   _cc_seq_cnt
0000d724   _cc_smp
0000d9c4   _cnt_Err_Vmag_delta
0000d70a   _cntl_cnt
00323cfe   _cos
0000d772   _cos_theta
0000d78c   _cos_theta1
0000d7c0   _cos_thetar
00320000   _current_controller
0000cc3a   _data1
0000d941   _debug_cnt
0000d948   _debug_rd_addr
0000d94a   _debug_rd_addr_tmp
0000d940   _debug_state
0000d942   _debug_sum
0000d943   _debug_sum_temp
0000d980   _debug_tx_buf
0000d945   _debug_tx_end
0000d947   _debug_tx_pos
0000d94c   _debug_wr_addr
0000d94e   _debug_wr_data
0000d946   _debug_wr_size
0000d944   _debug_wr_sum_flag
00322d83   _delay
0000d718   _delay_cnt
00322d91   _delay_long
0032350f   _digital_input_proc
003235b6   _digital_out_proc
00323555   _digital_port_check
0000d916   _dthetarm
000081d2   _ecan0_inta_isr
00008224   _ecan0_intb_isr
0000820a   _ecan1_inta_isr
00008260   _ecan1_intb_isr
003213ca   _eeprom2sys
00322cc5   _epwm1_timer_isr
0000d836   _errno
00323ebb   _exit
0000d81e   _fault
0000d707   _faultEVENT
0000d703   _faultFT_SWPROT_Ias
0000d702   _faultFT_SWPROT_Vdc_UV
0000d700   _faultIas_OC
0000d701   _faultIbs_OC
0000d70f   _faultIcs_OC
00323244   _fault_chk
0000d9c5   _first1
0000d811   _flag
0000d48e   _flag0
0000d9d9   _flagFOC
0000d9d7   _flagFOCC
0000d9c8   _flagGT1_ENA
0000d9cb   _flagGT2_ENA
0000d9c6   _flagPWM_CTR
0000d70b   _flag_Vmag
0000cc3b   _flag_relay
0000d714   _flag_speed_cmd
0000d9cc   _flagadoffset_complete
0000d9c1   _flagccseq
0000d9da   _flagcontrol
0000d9d8   _flagcontroll
0000d9c9   _flagencrst_complete
0000d9ca   _flagencrst_start
0000d9c7   _flagvar_rst
0000d768   _func_flag
0000d9c0   _gPWMTripCode
0000d73c   _gain_tr
0000d73a   _gain_wr
003227a8   _get_cmd
003218ed   _hex2asc
003237bf   _init_can
00323487   _input_state
0000d80a   _integ
00322169   _main
0000cc38   _main_loop_cnt
0000d80e   _mode
0000d9de   _motor_rate_rpm
0000d719   _ms_cnt
0000d710   _offset
0000d911   _op_cnt
0000d9dc   _over_speed_ratio
00321790   _par_num2addr
00322a89   _pwm_buffer_setup
0000da09   _pwm_g1
00322a93   _pwm_g1_setup
0000da01   _pwm_g2
0000d715   _ref_control_mode
0000d72a   _ref_sec
0000d914   _ref_slew_dn
0000d922   _ref_slew_up
0000cc45   _reg_TxOffset
0000d720   _relay_flag
00322fa4   _rst_chk
0032279e   _rsvd_ISR
0000d717   _run_Sensorless
0000d494   _rx_cnt
0000d712   _sc_cnt
0000d7dc   _scale
00321d3b   _sci_debug_init
00008164   _scia_rx_isr
0000811d   _scia_tx_isr
00320b8c   _scib_TxChar
00320b98   _scib_TxString
00320b12   _scib_init
00320c08   _scib_putc
00320c32   _scib_puts
0000d540   _scib_rx_buf
0000d497   _scib_rx_end
00008047   _scib_rx_isr
0000d498   _scib_rx_pos
0000d499   _scib_rxd
0000d640   _scib_tx_buf
0000d495   _scib_tx_end
00008000   _scib_tx_isr
0000d496   _scib_tx_pos
00320bbc   _scib_tx_start
00320ba4   _scic_TxChar
00320bb0   _scic_TxString
00320b45   _scic_init
00320c1d   _scic_putc
00320c92   _scic_puti
00320c4d   _scic_puts
0000d500   _scic_rx_buf
0000d485   _scic_rx_end
0000d5c0   _scic_rx_ibuf
000080e5   _scic_rx_isr
0000d486   _scic_rx_pos
0000d487   _scic_rxd
00320c68   _scic_test
0000d580   _scic_tx_buf
0000d49b   _scic_tx_end
0000d600   _scic_tx_ibuf
000080ad   _scic_tx_isr
0000d49a   _scic_tx_pos
00320be2   _scic_tx_start
0000d716   _sensorless_mode
003234a0   _set_digit_input_funtion
00323d5c   _sin
0000d788   _sin_theta
0000d78a   _sin_theta1
0000d7c2   _sin_thetar
00323a92   _speed_controller
00323e7e   _sqrt
00321a41   _state0_proc
00321bae   _state1_proc
00321bcb   _state2_proc
00321c40   _state3_proc
00321c58   _state4_proc
00321c79   _state5_proc
00321ca8   _state6_proc
00321cc0   _state7_proc
0000d840   _system_first_rst
0000cc44   _test
0000d77c   _thetar_hat
0000d786   _thetar_hat1
0000d776   _thetar_openloop
0000d912   _thetarm_pre
0000d72c   _tmp_cnt
0000d910   _tmp_sc_cnt
0000d48d   _tx_cnt
0000d760   _valda
00321914   _write_txbuf_asc
00321929   _write_txbuf_byte
003219a3   _write_txbuf_long
003218f9   _write_txbuf_string
00321953   _write_txbuf_word
ffffffff   binit
00338000   cinit
0033fff6   code_start
00323f1b   etext
ffffffff   pinit


GLOBAL SYMBOLS: SORTED BY Symbol Address 

address    name
--------   ----
00000001   __TI_args_main
00000200   __STACK_SIZE
00000400   __stack
00000600   __STACK_END
00000880   _DevEmuRegs
00000a80   _FlashRegs
00000ae0   _CsmRegs
00000b00   _AdcMirror
00000b20   _XintfRegs
00000c00   _CpuTimer0Regs
00000c08   _CpuTimer1Regs
00000c10   _CpuTimer2Regs
00000ce0   _PieCtrlRegs
00000d00   _PieVectTable
00001000   _DmaRegs
00004000   _ZONE0_BUF
00005000   _McbspaRegs
00005040   _McbspbRegs
00006000   _ECanaRegs
00006040   _ECanaLAMRegs
00006080   _ECanaMOTSRegs
000060c0   _ECanaMOTORegs
00006100   _ECanaMboxes
00006200   _ECanbRegs
00006240   _ECanbLAMRegs
00006280   _ECanbMOTSRegs
000062c0   _ECanbMOTORegs
00006300   _ECanbMboxes
00006800   _EPwm1Regs
00006840   _EPwm2Regs
00006880   _EPwm3Regs
000068c0   _EPwm4Regs
00006900   _EPwm5Regs
00006940   _EPwm6Regs
00006a00   _ECap1Regs
00006a20   _ECap2Regs
00006a40   _ECap3Regs
00006a60   _ECap4Regs
00006a80   _ECap5Regs
00006aa0   _ECap6Regs
00006b00   _EQep1Regs
00006b40   _EQep2Regs
00006f80   _GpioCtrlRegs
00006fc0   _GpioDataRegs
00006fe0   _GpioIntRegs
00007010   _SysCtrlRegs
00007040   _SpiaRegs
00007050   _SciaRegs
00007070   _XIntruptRegs
00007100   _AdcRegs
00007750   _ScibRegs
00007770   _ScicRegs
00007900   _I2caRegs
00008000   _RamfuncsRunStart
00008000   _scib_tx_isr
00008047   _scib_rx_isr
000080ad   _scic_tx_isr
000080e5   _scic_rx_isr
0000811d   _scia_tx_isr
00008164   _scia_rx_isr
000081d2   _ecan0_inta_isr
0000820a   _ecan1_inta_isr
00008224   _ecan0_intb_isr
00008260   _ecan1_intb_isr
0000827a   _InitFlash
00008295   _DSP28x_usDelay
0000c000   _I_zero_Lim
0000c001   _OC_Trip
0000c002   _Local_Remote
0000c003   _Max_Con_cur
0000c004   _Curr_Lim
0000c005   _OV_Ltd_Fn
0000c006   _Over_Load
0000c007   _Cur_Ctrl_Ki
0000c008   _Cur_Ctrl_Kp
0000c009   _Spd_Ctrl_Ki
0000c00a   _Out_of_Cnl_t
0000c00b   _OP_Ph_Trip
0000c00c   _Spd_Ctrl_Kp
0000c00d   _Pn
0000c00e   _Group_index
0000c00f   _Cntrl_Method
0000c010   _Comm_INDEX
0000c011   _Machine_state
0000c012   _Run_Stop
0000c013   _Comm_GROUP
0000c014   _RampFunc_Input_Src
0000c015   _Over_Spd_Lim
0000c016   _Run_Stop_meth
0000c017   _Fpwm
0000c018   _Base_spd
0000c01a   _Speed_ref
0000c01c   _Lqs
0000c01e   _Rstator
0000c020   _Lds
0000c022   _Inertia
0000c024   _Torque_ref
0000c026   _B_fric
0000c028   _K_back_EMF
0000c02a   _Vsup
0000c02c   _Wrpm_rate
0000c02e   _Decel_Time
0000c030   _Accel_Time
0000c032   _V_rate
0000c034   _P_rate
0000c036   _F_rate
0000c038   _I_rate
0000c03a   _Spd_Ctrl_B
0000c03c   _Max_Speed
0000c03e   _Frequency_ref
0000c040   _Cur_Ctrl_B
0000c042   _OV_Trip
0000c044   _OV_Limit
0000c046   _Min_Speed
0000c048   _UV_Trip
0000c080   _Comm_array
0000cc38   _main_loop_cnt
0000cc39   _addr_ch
0000cc3a   _data1
0000cc3b   _flag_relay
0000cc3c   _EEPROM_WRITE_CHECK
0000cc3e   _F_ref
0000cc40   _canb_rx_flag
0000cc41   _canb_rx_length
0000cc42   _cana_rx_length
0000cc43   _cana_rx_flag
0000cc44   _test
0000cc45   _reg_TxOffset
0000cc46   _cana_rx_low_data
0000cc48   _canb_rx_high_data
0000cc4a   _canb_rx_low_data
0000cc4c   _cana_rx_high_data
0000cc4e   _canb_rx_id
0000cc50   _cana_rx_id
0000cc80   _Data_Registers
0000d080   _Temp_Registers
0000d480   _RXD_StackWritePtr
0000d481   _RXD
0000d482   _RXD_StackReadPtr
0000d483   _TXD_StackReadPtr
0000d484   _TXD_StackWritePtr
0000d485   _scic_rx_end
0000d486   _scic_rx_pos
0000d487   _scic_rxd
0000d488   _CRC
0000d489   _Packet_Head
0000d48a   _Frame_ByteCnt
0000d48b   _NewFrame_ByteCnt
0000d48c   _Packet_ByteCnt
0000d48d   _tx_cnt
0000d48e   _flag0
0000d48f   _Frame_StackPtr
0000d490   _NewFrame_StackPtr
0000d491   _Packet_StackPtr
0000d492   _NewFrame_Packet_State
0000d493   _NewFrame_Detect
0000d494   _rx_cnt
0000d495   _scib_tx_end
0000d496   _scib_tx_pos
0000d497   _scib_rx_end
0000d498   _scib_rx_pos
0000d499   _scib_rxd
0000d49a   _scic_tx_pos
0000d49b   _scic_tx_end
0000d49c   _TXD_Stack
0000d4c0   _TTXD_Stack
0000d500   _scic_rx_buf
0000d540   _scib_rx_buf
0000d580   _scic_tx_buf
0000d5c0   _scic_rx_ibuf
0000d600   _scic_tx_ibuf
0000d640   _scib_tx_buf
0000d680   _RXD_Stack
0000d6c0   _RRXD_Stack
0000d6f7   _addr_cnt
0000d6f8   __unlock
0000d6fa   __lock
0000d6fc   __cleanup_ptr
0000d6fe   __dtors_ptr
0000d700   _faultIas_OC
0000d701   _faultIbs_OC
0000d702   _faultFT_SWPROT_Vdc_UV
0000d703   _faultFT_SWPROT_Ias
0000d704   _AI_offset
0000d705   _MULTI_STEP_BIT0
0000d706   _MULTI_STEP_BIT1
0000d707   _faultEVENT
0000d708   _DRIVE_ENABLE
0000d709   _cc_cnt
0000d70a   _cntl_cnt
0000d70b   _flag_Vmag
0000d70c   _cc_seq_cnt
0000d70d   _Drive_Voltage
0000d70e   _Ibs_offset
0000d70f   _faultIcs_OC
0000d710   _offset
0000d711   _Ias_offset
0000d712   _sc_cnt
0000d713   _PP
0000d714   _flag_speed_cmd
0000d715   _ref_control_mode
0000d716   _sensorless_mode
0000d717   _run_Sensorless
0000d718   _delay_cnt
0000d719   _ms_cnt
0000d71a   _JOG
0000d71b   _DA1_val
0000d71c   _MULTI_STEP_BIT3
0000d71d   _FAULT_RESET
0000d71e   _MULTI_STEP_BIT2
0000d71f   _DacFlag
0000d720   _relay_flag
0000d721   _DA3_val
0000d722   _DA4_val
0000d723   _DA2_val
0000d724   _cc_smp
0000d726   _Tsamp
0000d728   _Wc_cc
0000d72a   _ref_sec
0000d72c   _tmp_cnt
0000d72e   _DA4_mid
0000d730   _DA4_rng
0000d732   _Kp_cc
0000d734   _Ki_ccT
0000d736   _Kwr
0000d738   _Ktr
0000d73a   _gain_wr
0000d73c   _gain_tr
0000d73e   _Wrpm_set_user
0000d740   _Wrpm_ref_user
0000d742   _Wr_ref
0000d744   _Wrm_ref
0000d746   _DA1
0000d748   _Ka_cc
0000d74a   _DA1_mid
0000d74c   _DA1_rng
0000d74e   _AICMD
0000d750   _Voltage_Range
0000d752   _alpha_cc
0000d754   _Vdc_measured
0000d756   _DA3_rng
0000d758   _DA3
0000d75a   _DA4
0000d75c   _DA3_mid
0000d75e   _DA2
0000d760   _valda
0000d762   _DA2_mid
0000d764   _Idse_ref_start
0000d766   _Idse_ref_max
0000d768   _func_flag
0000d76a   _Idse_ref_sensorless
0000d76c   _Ilim
0000d76e   _Wr_hat
0000d770   _Wrm_hat
0000d772   _cos_theta
0000d774   _Wrpm_hat
0000d776   _thetar_openloop
0000d778   _DA2_rng
0000d77a   _Err_thetar
0000d77c   _thetar_hat
0000d77e   _IdcM
0000d780   _IqcM
0000d782   _Idse_ref_fake
0000d784   _Err_IdcM
0000d786   _thetar_hat1
0000d788   _sin_theta
0000d78a   _sin_theta1
0000d78c   _cos_theta1
0000d78e   _Vdss_sat
0000d790   _Vqse_anti
0000d792   _Vdse_sat
0000d794   _Vqss_sat
0000d796   _Vqse_sat
0000d798   _Err_Idse
0000d79a   _Vmag_delta
0000d79c   _Vqse_ref_ff
0000d79e   _Vdse_ref_ff
0000d7a0   _Vmag_delta_est
0000d7a2   _Vmag_delta_avg
0000d7a4   _Vbs_ref
0000d7a6   _Vas_ref
0000d7a8   _Vcs_ref
0000d7aa   _Vmag_delta4
0000d7ac   _Vdse_anti
0000d7ae   _Vmag_delta2
0000d7b0   _Vmag_delta3
0000d7b2   _Vqss_ref
0000d7b4   _Vdss_ref
0000d7b6   _Vdse_ref
0000d7b8   _Vs_mag
0000d7ba   _Vqse_ref
0000d7bc   _Is_max
0000d7be   _Err_Iqse
0000d7c0   _cos_thetar
0000d7c2   _sin_thetar
0000d7c4   _Vqse_ref_ffa
0000d7c6   _Vdse_ref_ffa
0000d7c8   _Vmag_ffa
0000d7ca   _Vmag_ref
0000d7cc   _Vmag_delta1
0000d7ce   _Vdse_ref_integ
0000d7d0   _INV_Vdc
0000d7d2   _Vdse_ref_fb
0000d7d4   _Vqse_ref_integ
0000d7d6   _Is_mag
0000d7d8   _Idse
0000d7da   _Iqss
0000d7dc   _scale
0000d7de   _Idss
0000d7e0   _cal_tmp1
0000d7e2   _cal_tmp0
0000d7e4   _Idse_ref
0000d7e6   _Iqse_ref
0000d7e8   _AINI2
0000d7ea   _AINV2
0000d7ec   _AINI1
0000d7ee   _AINV1
0000d7f0   _Izs
0000d7f2   _Iqse
0000d7f4   _Ibs
0000d7f6   _Ics
0000d7f8   _Vqse_ref_fb
0000d7fa   _Vsn
0000d7fc   _Van_ref
0000d7fe   _Vcn_ref
0000d800   _Vbn_ref
0000d802   _Vmin
0000d804   _Ias
0000d806   _Vmax
0000d808   _Vsn_max
0000d80a   _integ
0000d80c   _Vsn_min
0000d80e   _mode
0000d811   _flag
0000d81e   _fault
0000d836   _errno
0000d840   _system_first_rst
0000d841   _cal_offset_cnt
0000d880   _adc
0000d910   _tmp_sc_cnt
0000d911   _op_cnt
0000d912   _thetarm_pre
0000d914   _ref_slew_dn
0000d916   _dthetarm
0000d918   _Wrm
0000d91a   _Wrpm
0000d91c   _Wrm_err_integ
0000d91e   _Wrpm_err_integ
0000d920   _Wrm_err
0000d922   _ref_slew_up
0000d924   _Wrpm_err
0000d926   _Ki_scT
0000d928   _Wrpm_ref
0000d92a   _Kp_sc
0000d92c   _Wrm_L
0000d940   _debug_state
0000d941   _debug_cnt
0000d942   _debug_sum
0000d943   _debug_sum_temp
0000d944   _debug_wr_sum_flag
0000d945   _debug_tx_end
0000d946   _debug_wr_size
0000d947   _debug_tx_pos
0000d948   _debug_rd_addr
0000d94a   _debug_rd_addr_tmp
0000d94c   _debug_wr_addr
0000d94e   _debug_wr_data
0000d980   _debug_tx_buf
0000d9c0   _gPWMTripCode
0000d9c1   _flagccseq
0000d9c2   _Speed_detect_fault
0000d9c3   _FaultInfo
0000d9c4   _cnt_Err_Vmag_delta
0000d9c5   _first1
0000d9c6   _flagPWM_CTR
0000d9c7   _flagvar_rst
0000d9c8   _flagGT1_ENA
0000d9c9   _flagencrst_complete
0000d9ca   _flagencrst_start
0000d9cb   _flagGT2_ENA
0000d9cc   _flagadoffset_complete
0000d9d7   _flagFOCC
0000d9d8   _flagcontroll
0000d9d9   _flagFOC
0000d9da   _flagcontrol
0000d9dc   _over_speed_ratio
0000d9de   _motor_rate_rpm
0000d9e0   _Err_Vmag_delta
0000d9e2   _CpuTimer1
0000d9ea   _CpuTimer2
0000d9f2   _CpuTimer0
0000da00   _carrier_mode
0000da01   _pwm_g2
0000da09   _pwm_g1
00320000   .text
00320000   ___text__
00320000   _current_controller
00320b12   _scib_init
00320b45   _scic_init
00320b8c   _scib_TxChar
00320b98   _scib_TxString
00320ba4   _scic_TxChar
00320bb0   _scic_TxString
00320bbc   _scib_tx_start
00320be2   _scic_tx_start
00320c08   _scib_putc
00320c1d   _scic_putc
00320c32   _scib_puts
00320c4d   _scic_puts
00320c68   _scic_test
00320c92   _scic_puti
00320ca7   _CRC_16
00320ccb   _Write_TransmitSerialStack
00320cdd   _Write_TransmitSerialStack_CRC_Update
00320cfd   _Read_ReceiveSerialStack
00320d0d   _Xmitt_Packet_Head
00320d21   _Xmitt_Packet_End
00320d31   _Send_Parameter
00320d53   _Read_Parameter
00320d6a   _Read_Answer
00320d8c   _Write_Answer
00320da1   _Serial_Comm_Protocol
00320e42   _Serial_Comm_Service
003213a0   _EEPROM_DATA_INIT
003213ca   _eeprom2sys
00321401   _Key_pad2eeprom
00321414   _Var_initialize
003215cc   _addr2par_num
00321790   _par_num2addr
003218d6   _asc2hex
003218ed   _hex2asc
003218f9   _write_txbuf_string
00321914   _write_txbuf_asc
00321929   _write_txbuf_byte
00321953   _write_txbuf_word
003219a3   _write_txbuf_long
00321a41   _state0_proc
00321bae   _state1_proc
00321bcb   _state2_proc
00321c40   _state3_proc
00321c58   _state4_proc
00321c79   _state5_proc
00321ca8   _state6_proc
00321cc0   _state7_proc
00321d3b   _sci_debug_init
00321d74   _DMAInitialize
00321d7f   _DMACH1AddrConfig
00321d91   _DMACH1BurstConfig
00321da1   _DMACH1TransferConfig
00321db1   _DMACH1WrapConfig
00321dc4   _DMACH1ModeConfig
00321e1e   _StartDMACH1
00321e26   _DMACH2AddrConfig
00321e38   _DMACH2BurstConfig
00321e48   _DMACH2TransferConfig
00321e58   _DMACH2WrapConfig
00321e6b   _DMACH2ModeConfig
00321ec5   _StartDMACH2
00321ecd   _DMACH3AddrConfig
00321edf   _DMACH3BurstConfig
00321eef   _DMACH3TransferConfig
00321eff   _DMACH3WrapConfig
00321f12   _DMACH3ModeConfig
00321f6c   _StartDMACH3
00321f74   _DMACH4AddrConfig
00321f86   _DMACH4BurstConfig
00321f96   _DMACH4TransferConfig
00321fa6   _DMACH4WrapConfig
00321fb9   _DMACH4ModeConfig
00322013   _StartDMACH4
0032201b   _DMACH5AddrConfig
0032202d   _DMACH5BurstConfig
0032203d   _DMACH5TransferConfig
0032204d   _DMACH5WrapConfig
00322060   _DMACH5ModeConfig
003220ba   _StartDMACH5
003220c2   _DMACH6AddrConfig
003220d4   _DMACH6BurstConfig
003220e4   _DMACH6TransferConfig
003220f4   _DMACH6WrapConfig
00322107   _DMACH6ModeConfig
00322161   _StartDMACH6
00322169   _main
00322290   _Update_var
003223a5   _Update_state
00322443   _Get_Monitor
00322492   _INT13_ISR
0032249c   _INT14_ISR
003224a6   _DATALOG_ISR
003224b0   _RTOSINT_ISR
003224ba   _EMUINT_ISR
003224c4   _NMI_ISR
003224ce   _ILLEGAL_ISR
003224d8   _USER1_ISR
003224e2   _USER2_ISR
003224ec   _USER3_ISR
003224f6   _USER4_ISR
00322500   _USER5_ISR
0032250a   _USER6_ISR
00322514   _USER7_ISR
0032251e   _USER8_ISR
00322528   _USER9_ISR
00322532   _USER10_ISR
0032253c   _USER11_ISR
00322546   _USER12_ISR
00322550   _SEQ1INT_ISR
0032255a   _SEQ2INT_ISR
00322564   _XINT1_ISR
0032256e   _XINT2_ISR
00322578   _ADCINT_ISR
00322582   _TINT0_ISR
0032258c   _WAKEINT_ISR
00322596   _EPWM1_TZINT_ISR
003225a0   _EPWM2_TZINT_ISR
003225aa   _EPWM3_TZINT_ISR
003225b4   _EPWM4_TZINT_ISR
003225be   _EPWM5_TZINT_ISR
003225c8   _EPWM6_TZINT_ISR
003225d2   _EPWM1_INT_ISR
003225dc   _EPWM2_INT_ISR
003225e6   _EPWM3_INT_ISR
003225f0   _EPWM4_INT_ISR
003225fa   _EPWM5_INT_ISR
00322604   _EPWM6_INT_ISR
0032260e   _ECAP1_INT_ISR
00322618   _ECAP2_INT_ISR
00322622   _ECAP3_INT_ISR
0032262c   _ECAP4_INT_ISR
00322636   _ECAP5_INT_ISR
00322640   _ECAP6_INT_ISR
0032264a   _EQEP1_INT_ISR
00322654   _EQEP2_INT_ISR
0032265e   _SPIRXINTA_ISR
00322668   _SPITXINTA_ISR
00322672   _MRINTB_ISR
0032267c   _MXINTB_ISR
00322686   _MRINTA_ISR
00322690   _MXINTA_ISR
0032269a   _DINTCH1_ISR
003226a4   _DINTCH2_ISR
003226ae   _DINTCH3_ISR
003226b8   _DINTCH4_ISR
003226c2   _DINTCH5_ISR
003226cc   _DINTCH6_ISR
003226d6   _I2CINT1A_ISR
003226e0   _I2CINT2A_ISR
003226ea   _SCIRXINTC_ISR
003226f4   _SCITXINTC_ISR
003226fe   _SCIRXINTA_ISR
00322708   _SCITXINTA_ISR
00322712   _SCIRXINTB_ISR
0032271c   _SCITXINTB_ISR
00322726   _ECAN0INTA_ISR
00322730   _ECAN1INTA_ISR
0032273a   _ECAN0INTB_ISR
00322744   _ECAN1INTB_ISR
0032274e   _XINT3_ISR
00322758   _XINT4_ISR
00322762   _XINT5_ISR
0032276c   _XINT6_ISR
00322776   _XINT7_ISR
00322780   _LVF_ISR
0032278a   _LUF_ISR
00322794   _PIE_RESERVED
0032279e   _rsvd_ISR
003227a8   _get_cmd
00322a89   _pwm_buffer_setup
00322a93   _pwm_g1_setup
00322cc5   _epwm1_timer_isr
00322d67   _Relay_setup
00322d71   _Init_GPIO
00322d83   _delay
00322d91   _delay_long
00322d9f   _LSPCLK_setup
00322da9   _Init_AD_converter
00322dcf   _Init_var
00322f6d   _Init_dsc
00322fa4   _rst_chk
00322fab   _calculateOffset
00322ffc   _InitGpio
00323244   _fault_chk
00323265   _CheckOverCurrent
00323364   _CheckOverVolt
00323385   _CheckUnderVolt
003233a6   _CheckOverHeat
003233b4   _CheckFaultDriver
003233cf   _CheckSpeedDetection
0032340e   _CheckFaultZC
00323427   _CheckVmagDelta
00323471   _TripProc
00323487   _input_state
003234a0   _set_digit_input_funtion
0032350f   _digital_input_proc
00323555   _digital_port_check
003235b6   _digital_out_proc
003235d1   _InitECan
003235d6   _InitECana
00323654   _InitECanb
003236d2   _InitECanGpio
003236d7   _InitECanaGpio
003236ed   _InitECanbGpio
00323701   _cana_Tx_process
0032373b   _cana_Rx_process
0032376d   _SendDataToECanA
00323795   _SendDataToECanB
003237bf   _init_can
00323806   _InitSysCtrl
0032380f   _ServiceDog
00323819   _DisableDog
00323821   _InitPll
0032386f   _InitPeripheralClocks
003238ca   _CsmUnlock
003238fb   _Init_I2C_eeprom
00323924   _Write_EEPROM_Data
0032395b   _Read_EEPROM_Data
00323995   _Word_Write_data
003239af   _Word_Read_data
003239ca   _InitEPwm
003239cb   _InitEPwmGpio
003239d8   _InitEPwm1Gpio
003239ea   _InitEPwm2Gpio
003239fc   _InitEPwm3Gpio
00323a10   _InitEPwm4Gpio
00323a24   _InitEPwm5Gpio
00323a36   _InitEPwm6Gpio
00323a48   _InitEPwmSyncGpio
00323a5c   _InitTzGpio
00323a92   _speed_controller
00323b52   _InitXintf
00323b7b   _InitXintf32Gpio
00323bc2   _InitXintf16Gpio
00323bfc   FS$$DIV
00323c84   _InitCpuTimers
00323cc3   _ConfigCpuTimer
00323cfe   _cos
00323d5c   _sin
00323db8   _c_int00
00323dfe   _DAC_Setup
00323e36   _InitPieCtrl
00323e55   _EnableInterrupts
00323e5e   _InitPieVectTable
00323e7e   _sqrt
00323e9e   __args_main
00323eb9   C$$EXIT
00323eb9   _abort
00323ebb   _exit
00323ed2   _InitI2C
00323ed3   _InitI2CGpio
00323ee9   _MemCopy
00323f00   __register_unlock
00323f04   __register_lock
00323f08   __nop
00323f11   _DSP28x_DisableInt
00323f15   _DSP28x_RestoreInt
00323f18   _SetDBGIER
00323f1b   _RamfuncsLoadStart
00323f1b   ___etext__
00323f1b   etext
003241b4   _RamfuncsLoadEnd
00338000   ___cinit__
00338000   cinit
003384f8   _PieVectTableInit
0033fff6   code_start
0033fff8   _CsmPwl
00380080   _ADC_cal
00380090   _PartIdRegs
ffffffff   ___binit__
ffffffff   ___c_args__
ffffffff   ___pinit__
ffffffff   binit
ffffffff   pinit

[671 symbols]
