Archive member included because of file (symbol)

c:/winavr-20100110/bin/../lib/gcc/avr/4.3.3/avr6\libgcc.a(_divmodhi4.o)
                              util.o (__divmodhi4)
c:/winavr-20100110/bin/../lib/gcc/avr/4.3.3/avr6\libgcc.a(_udivmodsi4.o)
                              debug_printf.o (__udivmodsi4)
c:/winavr-20100110/bin/../lib/gcc/avr/4.3.3/avr6\libgcc.a(_exit.o)
                              c:/winavr-20100110/bin/../lib/gcc/avr/4.3.3/../../../../avr/lib/avr6/crtm2560.o (exit)
c:/winavr-20100110/bin/../lib/gcc/avr/4.3.3/avr6\libgcc.a(_clear_bss.o)
                              main.o (__do_clear_bss)
c:/winavr-20100110/bin/../lib/gcc/avr/4.3.3/avr6\libgcc.a(_udivmodhi4.o)
                              c:/winavr-20100110/bin/../lib/gcc/avr/4.3.3/avr6\libgcc.a(_divmodhi4.o) (__udivmodhi4)

Allocating common symbols
Common symbol       size              file

text_buf            0x100             display.o
PacketBuf           0x64              main.o
Packet              0x2               main.o
MenuDisplay         0x2               main.o
KeyState            0x3               main.o
LCDDisplay          0x2               main.o
setTime             0x7               display.o
RXD0                0x1               rs232_MMItoPANEL.o
RxBuf               0x8               rs232_MMItoPANEL.o
data_flg            0x2               main.o
CRC                 0x2               main.o

Memory Configuration

Name             Origin             Length             Attributes
text             0x00000000         0x00100000         xr
data             0x00800200         0x0000fe00         rw !x
eeprom           0x00810000         0x00010000         rw !x
fuse             0x00820000         0x00000400         rw !x
lock             0x00830000         0x00000400         rw !x
signature        0x00840000         0x00000400         rw !x
*default*        0x00000000         0xffffffff

Linker script and memory map

Address of section .data set to 0x800200
LOAD c:/winavr-20100110/bin/../lib/gcc/avr/4.3.3/../../../../avr/lib/avr6/crtm2560.o
LOAD main.o
LOAD util.o
LOAD debug_printf.o
LOAD key.o
LOAD display.o
LOAD rs232_MMItoPANEL.o
LOAD 16by2CLCD.o
LOAD c:/winavr-20100110/bin/../lib/gcc/avr/4.3.3/avr6\libgcc.a
LOAD c:/winavr-20100110/bin/../lib/gcc/avr/4.3.3/../../../../avr/lib/avr6\libc.a
LOAD c:/winavr-20100110/bin/../lib/gcc/avr/4.3.3/avr6\libgcc.a

.hash
 *(.hash)

.dynsym
 *(.dynsym)

.dynstr
 *(.dynstr)

.gnu.version
 *(.gnu.version)

.gnu.version_d
 *(.gnu.version_d)

.gnu.version_r
 *(.gnu.version_r)

.rel.init
 *(.rel.init)

.rela.init
 *(.rela.init)

.rel.text
 *(.rel.text)
 *(.rel.text.*)
 *(.rel.gnu.linkonce.t*)

.rela.text
 *(.rela.text)
 *(.rela.text.*)
 *(.rela.gnu.linkonce.t*)

.rel.fini
 *(.rel.fini)

.rela.fini
 *(.rela.fini)

.rel.rodata
 *(.rel.rodata)
 *(.rel.rodata.*)
 *(.rel.gnu.linkonce.r*)

.rela.rodata
 *(.rela.rodata)
 *(.rela.rodata.*)
 *(.rela.gnu.linkonce.r*)

.rel.data
 *(.rel.data)
 *(.rel.data.*)
 *(.rel.gnu.linkonce.d*)

.rela.data
 *(.rela.data)
 *(.rela.data.*)
 *(.rela.gnu.linkonce.d*)

.rel.ctors
 *(.rel.ctors)

.rela.ctors
 *(.rela.ctors)

.rel.dtors
 *(.rel.dtors)

.rela.dtors
 *(.rela.dtors)

.rel.got
 *(.rel.got)

.rela.got
 *(.rela.got)

.rel.bss
 *(.rel.bss)

.rela.bss
 *(.rela.bss)

.rel.plt
 *(.rel.plt)

.rela.plt
 *(.rela.plt)

.text           0x00000000    0x2afda
 *(.vectors)
 .vectors       0x00000000       0xe4 c:/winavr-20100110/bin/../lib/gcc/avr/4.3.3/../../../../avr/lib/avr6/crtm2560.o
                0x00000000                __vectors
                0x00000000                __vector_default
 *(.vectors)
 *(.progmem.gcc*)
 *(.progmem*)
 .progmem.data  0x000000e4     0x335d display.o
                0x00001c2f                PAGE_DIR_3_11_XX
                0x00003191                PAGE_DIR_5_XX
                0x00001dfa                PAGE_DIR_3_14_XX
                0x0000226d                PAGE_DIR_3_17_XX
                0x00001b0e                PAGE_DIR_3_10_XX
                0x00000b73                PAGE_DIR_3_04_XX
                0x000001d2                PAGE_DIR_2_X
                0x00002bfd                PAGE_DIR_3_20_XX
                0x000002f3                PAGE_DIR_2_1_XX
                0x00000205                PAGE_DIR_2_0_XX
                0x000003e1                PAGE_DIR_3_XX
                0x000016ac                PAGE_DIR_3_07_XX
                0x00000348                PAGE_DIR_2_2_XX
                0x00001d2e                PAGE_DIR_3_13_XX
                0x000007ee                PAGE_DIR_3_03_XX
                0x0000016c                PAGE_DIR_1_X
                0x00002ec7                PAGE_DIR_3_21_XX
                0x00002080                PAGE_DIR_3_16_XX
                0x0000313c                PAGE_DIR_4_XX_3_4
                0x00001ca6                PAGE_DIR_3_12_XX
                0x00002fd7                PAGE_DIR_3_22_XX
                0x00001899                PAGE_DIR_3_08_XX
                0x0000058a                PAGE_DIR_3_00_XX
                0x000000e4                PAGE_ROOT
                0x0000323b                PAGE_DIR_5_XX_XX
                0x000019ed                PAGE_DIR_3_09_XX
                0x00003301                PAGE_DIR_6_XX_XX
                0x00002933                PAGE_DIR_3_19_XX
                0x0000069a                PAGE_DIR_3_01_XX
                0x000011f5                PAGE_DIR_3_06_XX
                0x00000744                PAGE_DIR_3_02_XX
                0x000033a1                PAGE_DIR_7_XX_XX
                0x00001e93                PAGE_DIR_3_15_XX
                0x00000ef8                PAGE_DIR_3_05_XX
                0x00003070                PAGE_DIR_3_23_XX
                0x000025e1                PAGE_DIR_3_18_XX
                0x00003442                . = ALIGN (0x2)
 *fill*         0x00003441        0x1 00
                0x00003442                __trampolines_start = .
 *(.trampolines)
 .trampolines   0x00003442      0x1a4 linker stubs
 *(.trampolines*)
                0x000035e6                __trampolines_end = .
 *(.jumptables)
 *(.jumptables*)
 *(.lowtext)
 *(.lowtext*)
                0x000035e6                __ctors_start = .
 *(.ctors)
                0x000035e6                __ctors_end = .
                0x000035e6                __dtors_start = .
 *(.dtors)
                0x000035e6                __dtors_end = .
 SORT(*)(.ctors)
 SORT(*)(.dtors)
 *(.init0)
 .init0         0x000035e6        0x0 c:/winavr-20100110/bin/../lib/gcc/avr/4.3.3/../../../../avr/lib/avr6/crtm2560.o
                0x000035e6                __init
 *(.init0)
 *(.init1)
 *(.init1)
 *(.init2)
 .init2         0x000035e6       0x10 c:/winavr-20100110/bin/../lib/gcc/avr/4.3.3/../../../../avr/lib/avr6/crtm2560.o
 *(.init2)
 *(.init3)
 *(.init3)
 *(.init4)
 .init4         0x000035f6       0x1a c:/winavr-20100110/bin/../lib/gcc/avr/4.3.3/../../../../avr/lib/avr6/crtm2560.o
                0x000035f6                __do_copy_data
 .init4         0x00003610       0x10 c:/winavr-20100110/bin/../lib/gcc/avr/4.3.3/avr6\libgcc.a(_clear_bss.o)
                0x00003610                __do_clear_bss
 *(.init4)
 *(.init5)
 *(.init5)
 *(.init6)
 *(.init6)
 *(.init7)
 *(.init7)
 *(.init8)
 *(.init8)
 *(.init9)
 .init9         0x00003620        0x8 c:/winavr-20100110/bin/../lib/gcc/avr/4.3.3/../../../../avr/lib/avr6/crtm2560.o
 *(.init9)
 *(.text)
 .text          0x00003628        0x4 c:/winavr-20100110/bin/../lib/gcc/avr/4.3.3/../../../../avr/lib/avr6/crtm2560.o
                0x00003628                __vector_38
                0x00003628                __vector_22
                0x00003628                __vector_28
                0x00003628                __vector_1
                0x00003628                __vector_32
                0x00003628                __vector_34
                0x00003628                __vector_24
                0x00003628                __vector_12
                0x00003628                __vector_55
                0x00003628                __vector_46
                0x00003628                __bad_interrupt
                0x00003628                __vector_6
                0x00003628                __vector_31
                0x00003628                __vector_35
                0x00003628                __vector_39
                0x00003628                __vector_3
                0x00003628                __vector_23
                0x00003628                __vector_30
                0x00003628                __vector_45
                0x00003628                __vector_11
                0x00003628                __vector_54
                0x00003628                __vector_13
                0x00003628                __vector_19
                0x00003628                __vector_56
                0x00003628                __vector_7
                0x00003628                __vector_49
                0x00003628                __vector_41
                0x00003628                __vector_43
                0x00003628                __vector_5
                0x00003628                __vector_33
                0x00003628                __vector_47
                0x00003628                __vector_52
                0x00003628                __vector_37
                0x00003628                __vector_4
                0x00003628                __vector_44
                0x00003628                __vector_51
                0x00003628                __vector_9
                0x00003628                __vector_2
                0x00003628                __vector_21
                0x00003628                __vector_15
                0x00003628                __vector_36
                0x00003628                __vector_29
                0x00003628                __vector_40
                0x00003628                __vector_8
                0x00003628                __vector_26
                0x00003628                __vector_48
                0x00003628                __vector_14
                0x00003628                __vector_53
                0x00003628                __vector_10
                0x00003628                __vector_50
                0x00003628                __vector_16
                0x00003628                __vector_18
                0x00003628                __vector_20
                0x00003628                __vector_42
 .text          0x0000362c      0x30e main.o
                0x0000366e                Timer_IntteruptSet
                0x0000362c                MCU_initialize
                0x000037a4                SystemEventAutoClear
                0x00003846                __vector_17
                0x0000369e                SystemTimeTic
                0x00003864                main
 .text          0x0000393a      0x188 util.o
                0x00003952                Delay_ms
                0x0000398c                inttoa
                0x0000393a                Delay_us
 .text          0x00003ac2      0x280 debug_printf.o
                0x00003ac2                debug_devopen
                0x00003af0                debug_printf
 .text          0x00003d42      0x1e2 key.o
                0x00003d42                KeyInit
                0x00003d4e                KeyScan
                0x00003f12                KeyProc
 .text          0x00003f24    0x26a58 display.o
                0x0000a0e2                SYS_3_17_49
                0x0000f8a0                SYS_3_12
                0x0000f6d4                SYS_3_17
                0x0002328e                SYS_3_03_06
                0x0000704c                SYS_5_00_02
                0x0000e2e2                SYS_3_06_34
                0x00020710                SYS_3_03_25
                0x0000ca22                SYS_3_09_10
                0x0000a43c                SYS_3_17_36
                0x0000c2ea                SYS_3_11_04
                0x00017db8                SYS_3_04_32
                0x00009926                SYS_3_18_29
                0x00006658                SYS_5_02_06
                0x0000d682                SYS_3_07_11
                0x0000ffd0                SYS_3
                0x00022966                SYS_3_03_10
                0x0000b47a                SYS_3_15_24
                0x0001d4b4                SYS_3_03_47
                0x0000c3b0                SYS_3_11_01
                0x0000ad42                SYS_3_16_23
                0x0000ed74                SYS_3_05_37
                0x0000e4f2                SYS_3_06_26
                0x0000caa6                SYS_3_09_08
                0x0000bf4e                SYS_3_13_03
                0x000089f0                SYS_3_19_38
                0x0000c686                SYS_3_10_07
                0x0000be46                SYS_3_13_07
                0x0000c78e                SYS_3_10_03
                0x00009272                SYS_3_19_05
                0x0000b1a4                SYS_3_16_06
                0x0000916a                SYS_3_19_09
                0x000079b2                SYS_3_22_08
                0x0000ee7c                SYS_3_05_33
                0x0000d5fe                SYS_3_07_13
                0x00006c16                SYS_5_01_02
                0x00009a2e                SYS_3_18_25
                0x000292c2                SYS_2_2_05
                0x0000d99a                SYS_3_06_70
                0x0000f564                SYS_3_21
                0x0000fd4c                SYS_2_2
                0x00005954                SYS_5_05_07
                0x00029652                SYS_2_1_02
                0x0001d020                SYS_3_03_49
                0x00007826                SYS_3_23_05
                0x000086d8                SYS_3_20_08
                0x0000879e                SYS_3_20_05
                0x0000a796                SYS_3_17_23
                0x00005adc                SYS_5_05_03
                0x00007382                SYS_5_00
                0x0000a6d0                SYS_3_17_26
                0x00004302                SYS_7_02_04
                0x00005cc6                SYS_5_04_09
                0x000083c0                SYS_3_20_20
                0x00009bba                SYS_3_18_19
                0x0000abf8                SYS_3_16_28
                0x0000c57e                SYS_3_10_11
                0x0000bd3e                SYS_3_13_11
                0x00004a3e                SYS_6_00_04
                0x00027e18                SYS_3_00_09
                0x0001160e                SYS_7_01_04_05
                0x0000fb24                SYS_3_05
                0x00008066                SYS_3_20_33
                0x0000e324                SYS_3_06_33
                0x0001bb86                SYS_3_04_05
                0x0000a4c0                SYS_3_17_34
                0x000166d4                SYS_3_04_42
                0x0000e3ea                SYS_3_06_30
                0x0000d958                SYS_3_07_00
                0x0000bcfc                SYS_3_14_00
                0x00006f88                SYS_5_00_04
                0x00017490                SYS_3_04_36
                0x0000d2e6                SYS_3_07_25
                0x0000d472                SYS_3_07_19
                0x00004b8c                SYS_5_08_10
                0x00023e00                SYS_3_03_01
                0x000048d6                SYS_7_01
                0x0000837e                SYS_3_20_21
                0x0000f78c                SYS_3_15
                0x0000ab74                SYS_3_17_04
                0x0000ad84                SYS_3_16_22
                0x0000640c                SYS_5_03_01
                0x0000f3a4                SYS_3_05_04
                0x00009d04                SYS_3_18_14
                0x00021baa                SYS_3_03_16
                0x0000f2de                SYS_3_05_09
                0x0002898a                SYS_3_00_04
                0x0000a502                SYS_3_17_33
                0x0000979a                SYS_3_18_35
                0x0000c5c0                SYS_3_10_10
                0x00003f4e                _cpy_flash2memory
                0x0001197e                SYS_7_01_02_05
                0x0000f25a                SYS_3_05_16
                0x00008e10                SYS_3_19_22
                0x000092b4                SYS_3_19_04
                0x0000e25e                SYS_3_06_36
                0x0002095a                SYS_3_03_24
                0x0000f320                SYS_3_05_06
                0x0000a9e8                SYS_3_17_10
                0x000075c6                SYS_4_01
                0x0000ecae                SYS_3_05_41
                0x00028f38                SYS_3_00_01
                0x0002404a                SYS_3_03_00
                0x0000febc                SYS_6
                0x0000ec2a                SYS_3_05_43
                0x00025050                SYS_3_02_03
                0x0000d5bc                SYS_3_07_14
                0x00004390                SYS_7_02_03
                0x0000d094                SYS_3_08_05
                0x00005a7a                SYS_5_05_04
                0x0001648a                SYS_3_04_43
                0x0000ddfc                SYS_3_06_53
                0x00029baa                SYS_2_0_04
                0x00029970                SYS_2_0_09
                0x000050e8                SYS_5_07_07
                0x0001c942                SYS_3_03_52
                0x0000e00c                SYS_3_06_45
                0x00009020                SYS_3_19_14
                0x0000e198                SYS_3_06_39
                0x00007a36                SYS_3_22_06
                0x00006968                SYS_5_01_09
                0x00012076                SYS_3_21_14
                0x00005fd6                SYS_5_04_01
                0x0001fb9e                SYS_3_03_30
                0x0000df04                SYS_3_06_49
                0x00008c84                SYS_3_19_28
                0x00007fe2                SYS_3_20_35
                0x0000e5b8                SYS_3_06_23
                0x00021df4                SYS_3_03_15
                0x0000f8fc                SYS_3_11
                0x0000bb2e                SYS_3_14_07
                0x00005a18                SYS_5_05_05
                0x000089ae                SYS_3_19_39
                0x0000b1e6                SYS_3_16_05
                0x0000fa10                SYS_3_08
                0x000214cc                SYS_3_03_19
                0x0000cc32                SYS_3_09_02
                0x000098a2                SYS_3_18_31
                0x000125e6                SYS_3_21_11
                0x00005d28                SYS_5_04_08
                0x0000da1e                SYS_3_06_68
                0x0000daa2                SYS_3_06_66
                0x0000c15e                SYS_3_12_03
                0x0000a1ea                SYS_3_17_45
                0x0000b9a2                SYS_3_15_04
                0x0000a376                SYS_3_17_39
                0x00006f26                SYS_5_00_05
                0x000272a6                SYS_3_00_14
                0x00019008                SYS_3_04_24
                0x0000c896                SYS_3_09_16
                0x0001053e                SYS_7_01_00_06
                0x0000bcba                SYS_3_14_01
                0x0000e786                SYS_3_06_16
                0x00008e94                SYS_3_19_20
                0x0001d26a                SYS_3_03_48
                0x0000671c                SYS_5_02_04
                0x000130ba                SYS_3_17_18
                0x0000cb6c                SYS_3_09_05
                0x0001a6ec                SYS_3_04_14
                0x0000b228                SYS_3_16_04
                0x000072bc                SYS_5_03
                0x0000c74c                SYS_3_10_04
                0x000105d8                SYS_7_02_04_06
                0x0000cdbe                SYS_3_08_16
                0x0000cf4a                SYS_3_08_10
                0x000262a0                SYS_3_01_05
                0x00009860                SYS_3_18_32
                0x00017246                SYS_3_04_37
                0x00009ed2                SYS_3_18_07
                0x00006ec4                SYS_5_00_06
                0x00007d0c                SYS_3_21_04
                0x0001410a                SYS_3_05_15
                0x0000af10                SYS_3_16_16
                0x0000f362                SYS_3_05_05
                0x0000e42c                SYS_3_06_29
                0x000078aa                SYS_3_23_03
                0x0000cc74                SYS_3_09_01
                0x0001c264                SYS_3_04_02
                0x0000b7d4                SYS_3_15_11
                0x0000cb2a                SYS_3_09_06
                0x00009548                SYS_3_18_44
                0x00005334                SYS_5_07_01
                0x0000b5c4                SYS_3_15_19
                0x00005f74                SYS_5_04_02
                0x0000db26                SYS_3_06_64
                0x000081f2                SYS_3_20_27
                0x00008f9c                SYS_3_19_16
                0x00009128                SYS_3_19_10
                0x0000a334                SYS_3_17_40
                0x0001e704                SYS_3_03_39
                0x00004e3a                SYS_5_08_03
                0x0000ab32                SYS_3_17_05
                0x0000e912                SYS_3_06_10
                0x00003f38                SYS_password_clr
                0x00010f92                SYS_7_02_01_06
                0x0001c4ae                SYS_3_04_01
                0x0000b0de                SYS_3_16_09
                0x00009716                SYS_3_18_37
                0x00028e1e                SYS_3_00_02
                0x0000c9e0                SYS_3_09_11
                0x0000ec6c                SYS_3_05_42
                0x0000ba26                SYS_3_15_02
                0x0000d78a                SYS_3_07_07
                0x0000d850                SYS_3_07_04
                0x0000ea9e                SYS_3_06_04
                0x00016db2                SYS_3_04_39
                0x000291de                SYS_2_2_07
                0x0000896c                SYS_3_19_40
                0x0000c434                SYS_3_10_16
                0x00007760                SYS_3_23_08
                0x0002a522                SYS_1_2
                0x00023044                SYS_3_03_07
                0x000093fe                SYS_3_18_49
                0x0001e4ba                SYS_3_03_40
                0x000067e0                SYS_5_02_02
                0x0000a8e0                SYS_3_17_16
                0x0000bf0c                SYS_3_13_04
                0x00006222                SYS_5_03_06
                0x0000c602                SYS_3_10_09
                0x00020ba4                SYS_3_03_23
                0x00004b3a                SYS_6_00
                0x0000b70e                SYS_3_15_14
                0x000298fe                SYS_2_0_10
                0x000099aa                SYS_3_18_27
                0x00004fc2                SYS_5_07_10
                0x00026734                SYS_3_01_03
                0x0001e94e                SYS_3_03_38
                0x000117c6                SYS_7_01_03_05
                0x0000d0d6                SYS_3_08_04
                0x00007e14                SYS_3_21_00
                0x000042d0                SYS_0xFFFFFFFF
                0x000092f6                SYS_3_19_03
                0x0000a89e                SYS_3_17_17
                0x000078ec                SYS_3_23_02
                0x0000a7d8                SYS_3_17_22
                0x0000a60a                SYS_3_17_29
                0x0000dcb2                SYS_3_06_58
                0x0000c0da                SYS_3_12_05
                0x000156ce                SYS_3_04_49
                0x00012416                SYS_3_21_12
                0x0000c266                SYS_3_11_06
                0x0000e702                SYS_3_06_18
                0x00004966                SYS_6_02_05
                0x0000ee3a                SYS_3_05_34
                0x00009482                SYS_3_18_47
                0x00020dee                SYS_3_03_22
                0x0000ce42                SYS_3_08_14
                0x000073c4                SYS_4_02_3_4
                0x00029a54                SYS_2_0_07
                0x00008444                SYS_3_20_18
                0x0000dd78                SYS_3_06_55
                0x0001b6f2                SYS_3_04_07
                0x00005ba0                SYS_5_05_01
                0x0000cd3a                SYS_3_08_18
                0x0000ba68                SYS_3_15_01
                0x000097dc                SYS_3_18_34
                0x00023bb6                SYS_3_03_02
                0x0000eae0                SYS_3_06_03
                0x00012986                SYS_3_21_09
                0x0000833c                SYS_3_20_22
                0x00006d9e                SYS_5_00_09
                0x000044ac                SYS_7_02_01
                0x00007fa0                SYS_3_20_36
                0x000100fe                SYS_7_02_03_07
                0x00016240                SYS_3_04_44
                0x00006284                SYS_5_03_05
                0x0001bdd0                SYS_3_04_04
                0x00017924                SYS_3_04_34
                0x0000576a                SYS_5_06_01
                0x0000545a                SYS_5_06_09
                0x0000d3ee                SYS_3_07_21
                0x0000e156                SYS_3_06_40
                0x0000c36e                SYS_3_11_02
                0x000264ea                SYS_3_01_04
                0x00008f18                SYS_3_19_18
                0x0002773a                SYS_3_00_12
                0x00009f98                SYS_3_18_04
                0x0002948a                SYS_2_2_01
                0x00016ffc                SYS_3_04_38
                0x0000ea5c                SYS_3_06_05
                0x00006d3c                SYS_5_00_10
                0x0000af52                SYS_3_16_15
                0x0000f844                SYS_3_13
                0x0000aaf0                SYS_3_17_06
                0x0000a2f2                SYS_3_17_41
                0x00006906                SYS_5_01_10
                0x00028062                SYS_3_00_08
                0x0000fbdc                SYS_3_03
                0x000102d6                SYS_7_01_04_06
                0x00005c02                SYS_5_05_00
                0x0000e46e                SYS_3_06_28
                0x000061c0                SYS_5_03_07
                0x00011118                SYS_7_02_01_05
                0x00008696                SYS_3_20_09
                0x0000dc70                SYS_3_06_59
                0x00029c8e                SYS_2_0_02
                0x000071b4                SYS_5_07
                0x0000960e                SYS_3_18_41
                0x00008fde                SYS_3_19_15
                0x00009b36                SYS_3_18_21
                0x0000db68                SYS_3_06_63
                0x0000ad00                SYS_3_16_24
                0x0000ff18                SYS_5
                0x000142da                SYS_3_05_14
                0x0000ff74                SYS_4
                0x0001e026                SYS_3_03_42
                0x0000b4fe                SYS_3_15_22
                0x000295e0                SYS_2_1_03
                0x00004f60                SYS_5_08_00
                0x0000d19c                SYS_3_08_01
                0x0001345a                SYS_3_17_11
                0x00015484                SYS_3_04_50
                0x0002a04e                SYS_1_4
                0x0001adca                SYS_3_04_11
                0x000284f6                SYS_3_00_06
                0x00018496                SYS_3_04_29
                0x00019b7a                SYS_3_04_19
                0x0000c7d0                SYS_3_10_02
                0x0000514a                SYS_5_07_06
                0x0001f954                SYS_3_03_31
                0x00010a9c                SYS_7_02_03_05
                0x0000a64c                SYS_3_17_28
                0x0000dfca                SYS_3_06_46
                0x0000c11c                SYS_3_12_04
                0x00005644                SYS_5_06_04
                0x0002981a                SYS_2_0_12
                0x0000b8dc                SYS_3_15_07
                0x00006a8e                SYS_5_01_06
                0x00011cee                SYS_7_01_00_05
                0x0000f508                SYS_3_22
                0x0000488e                SYS_7_02
                0x000296c4                SYS_2_1_01
                0x0000d118                SYS_3_08_03
                0x0001362a                SYS_3_17_03
                0x00009cc2                SYS_3_18_15
                0x00008b7c                SYS_3_19_32
                0x00008822                SYS_3_20_03
                0x000204c6                SYS_3_03_26
                0x00005e4e                SYS_5_04_05
                0x0001cdd6                SYS_3_03_50
                0x00025bc2                SYS_3_01_08
                0x00007e56                SYS_3_20_41
                0x0000bdc2                SYS_3_13_09
                0x000046e4                SYS_7_01_02
                0x00005d8a                SYS_5_04_07
                0x0000f0ce                SYS_3_05_24
                0x00029418                SYS_2_2_02
                0x0000d9dc                SYS_3_06_69
                0x0000ef84                SYS_3_05_29
                0x00008d08                SYS_3_19_26
                0x0001db92                SYS_3_03_44
                0x0000f194                SYS_3_05_21
                0x00008e52                SYS_3_19_21
                0x00024e06                SYS_3_02_04
                0x0000d4f6                SYS_3_07_17
                0x0000ed32                SYS_3_05_39
                0x00019930                SYS_3_04_20
                0x00007f5e                SYS_3_20_37
                0x00007dd2                SYS_3_21_01
                0x0000ca64                SYS_3_09_09
                0x0000d052                SYS_3_08_06
                0x00005f12                SYS_5_04_03
                0x0001a00e                SYS_3_04_17
                0x0000fac8                SYS_3_06
                0x00021960                SYS_3_03_17
                0x0000c644                SYS_3_10_08
                0x0000520e                SYS_5_07_04
                0x00007b3e                SYS_3_22_02
                0x00005086                SYS_5_07_08
                0x00010088                SYS_7_02_04_07
                0x0000755c                SYS_4_02
                0x0001fde8                SYS_3_03_29
                0x0000d262                SYS_3_07_27
                0x000085d0                SYS_3_20_12
                0x00009b78                SYS_3_18_20
                0x00010dda                SYS_7_02_02_05
                0x0000c854                SYS_3_10_00
                0x00029334                SYS_2_2_04
                0x00007402                SYS_4_01_3_4
                0x0000f678                SYS_3_18
                0x0000e744                SYS_3_06_17
                0x00004e9c                SYS_5_08_02
                0x0002203e                SYS_3_03_14
                0x000112d0                SYS_7_02_00_06
                0x0000e5fa                SYS_3_06_22
                0x00021038                SYS_3_03_21
                0x000094c4                SYS_3_18_46
                0x0000937a                SYS_3_19_01
                0x0000b018                SYS_3_16_12
                0x0000d1de                SYS_3_08_00
                0x0000b582                SYS_3_15_20
                0x00007340                SYS_5_01
                0x00009230                SYS_3_19_06
                0x0000ddba                SYS_3_06_54
                0x0000f46a                SYS_3_05_01
                0x0000b648                SYS_3_15_17
                0x00009af4                SYS_3_18_22
                0x0000a1a8                SYS_3_17_46
                0x0000bc78                SYS_3_14_02
                0x0000af94                SYS_3_16_14
                0x0002a2b8                SYS_1_3
                0x0002a84e                SYS_1_0
                0x00004cb2                SYS_5_08_07
                0x0000ce00                SYS_3_08_15
                0x0000a47e                SYS_3_17_35
                0x000093bc                SYS_3_19_00
                0x0000d3ac                SYS_3_07_22
                0x00025978                SYS_3_01_09
                0x000082b8                SYS_3_20_24
                0x00007d90                SYS_3_21_02
                0x0000fe60                SYS_7
                0x0000d892                SYS_3_07_03
                0x0000d57a                SYS_3_07_15
                0x00010174                SYS_7_02_02_07
                0x0000677e                SYS_5_02_03
                0x00006594                SYS_5_02_08
                0x0000aece                SYS_3_16_17
                0x0000b816                SYS_3_15_10
                0x00015dac                SYS_3_04_46
                0x00009692                SYS_3_18_39
                0x00029b38                SYS_2_0_05
                0x00009968                SYS_3_18_28
                0x0001040a                SYS_7_01_02_06
                0x0000ea1a                SYS_3_06_06
                0x00008234                SYS_3_20_26
                0x0000e114                SYS_3_06_41
                0x00006cda                SYS_5_01_00
                0x0001d948                SYS_3_03_45
                0x00018dbe                SYS_3_04_25
                0x0000d538                SYS_3_07_16
                0x0000b540                SYS_3_15_21
                0x0000adc6                SYS_3_16_21
                0x00009c3e                SYS_3_18_17
                0x000068a4                SYS_5_02_00
                0x0001a258                SYS_3_04_16
                0x0000bf90                SYS_3_13_02
                0x0000615e                SYS_5_03_08
                0x0000a712                SYS_3_17_25
                0x00024294                SYS_3_02_09
                0x0000b05a                SYS_3_16_11
                0x0000e63c                SYS_3_06_21
                0x00005270                SYS_5_07_03
                0x00003f7e                _TEXT
                0x000088e8                SYS_3_20_00
                0x00015918                SYS_3_04_48
                0x0000dbaa                SYS_3_06_62
                0x0000c95c                SYS_3_09_13
                0x00005dec                SYS_5_04_06
                0x000274f0                SYS_3_00_13
                0x0001949c                SYS_3_04_22
                0x0000e8d0                SYS_3_06_11
                0x00009e4e                SYS_3_18_09
                0x00008a32                SYS_3_19_37
                0x00006fea                SYS_5_00_03
                0x000282ac                SYS_3_00_07
                0x0000f218                SYS_3_05_17
                0x00009650                SYS_3_18_40
                0x0000cae8                SYS_3_09_07
                0x0001467a                SYS_3_05_12
                0x0000a754                SYS_3_17_24
                0x00029d72                SYS_2_0_00
                0x00009062                SYS_3_19_13
                0x0000fda8                SYS_2_1
                0x000059b6                SYS_5_05_06
                0x0002271c                SYS_3_03_11
                0x0000f9b4                SYS_3_09
                0x000080ea                SYS_3_20_31
                0x0000e4b0                SYS_3_06_27
                0x00007868                SYS_3_23_04
                0x0001484a                SYS_3_05_11
                0x0001b25e                SYS_3_04_09
                0x0000eebe                SYS_3_05_32
                0x0000d706                SYS_3_07_09
                0x00008276                SYS_3_20_25
                0x0000d36a                SYS_3_07_23
                0x00004efe                SYS_5_08_01
                0x0000f428                SYS_3_05_02
                0x0000b438                SYS_3_15_25
                0x0000727a                SYS_5_04
                0x0000fcf0                SYS_3_00
                0x0000b162                SYS_3_16_07
                0x00007afc                SYS_3_22_03
                0x0000b68a                SYS_3_15_16
                0x00008486                SYS_3_20_17
                0x0000b2ee                SYS_3_16_01
                0x00004800                SYS_7_01_00
                0x0000dc2e                SYS_3_06_60
                0x0000a81a                SYS_3_17_21
                0x0000e366                SYS_3_06_32
                0x00011456                SYS_7_02_00_05
                0x00023722                SYS_3_03_04
                0x0001b014                SYS_3_04_10
                0x00007eda                SYS_3_20_39
                0x00006e00                SYS_5_00_08
                0x0000d6c4                SYS_3_07_10
                0x00029de4                SYS_1_5
                0x0000fc94                SYS_3_01
                0x00012eea                SYS_3_17_19
                0x00008b3a                SYS_3_19_33
                0x00004ae8                SYS_6_01
                0x000176da                SYS_3_04_35
                0x00005024                SYS_5_07_09
                0x0001ede2                SYS_3_03_36
                0x000057cc                SYS_5_06_00
                0x0000c224                SYS_3_12_00
                0x000196e6                SYS_3_04_21
                0x00007c04                SYS_3_21_08
                0x00006af0                SYS_5_01_05
                0x00005c64                SYS_5_04_10
                0x00018b74                SYS_3_04_26
                0x000058f2                SYS_5_05_08
                0x00009fda                SYS_3_18_03
                0x00004dd8                SYS_5_08_04
                0x0000e534                SYS_3_06_25
                0x00006348                SYS_5_03_03
                0x0000bbb2                SYS_3_14_05
                0x00004c50                SYS_5_08_08
                0x0000e2a0                SYS_3_06_35
                0x000053f8                SYS_5_06_10
                0x00014bea                SYS_3_05_07
                0x0000a68e                SYS_3_17_27
                0x000064d0                SYS_5_02_10
                0x000101ea                SYS_7_02_01_07
                0x0000d430                SYS_3_07_20
                0x00015b62                SYS_3_04_47
                0x0000f1d6                SYS_3_05_20
                0x0000c91a                SYS_3_09_14
                0x0000ac3a                SYS_3_16_27
                0x0000b858                SYS_3_15_09
                0x00008d4a                SYS_3_19_25
                0x0000ebe8                SYS_3_05_44
                0x0002572e                SYS_3_02_00
                0x0000f5c0                SYS_3_20
                0x00008af8                SYS_3_19_34
                0x00024bbc                SYS_3_02_05
                0x0000bfd2                SYS_3_13_01
                0x00009c80                SYS_3_18_16
                0x0000b3f6                SYS_3_15_26
                0x00009506                SYS_3_18_45
                0x000049b0                SYS_6_01_05
                0x0000ce84                SYS_3_08_13
                0x000084c8                SYS_3_20_16
                0x0000551e                SYS_5_06_07
                0x0000eb64                SYS_3_06_01
                0x00026056                SYS_3_01_06
                0x0000ef00                SYS_3_05_31
                0x00010370                SYS_7_01_03_06
                0x0000e84c                SYS_3_06_13
                0x0000a544                SYS_3_17_32
                0x00007d4e                SYS_3_21_03
                0x0002529a                SYS_3_02_02
                0x000186e0                SYS_3_04_28
                0x0000453a                SYS_7_02_00
                0x0000c014                SYS_3_13_00
                0x000088a6                SYS_3_20_01
                0x00007f1c                SYS_3_20_38
                0x00008864                SYS_3_20_02
                0x000049fa                SYS_6_01_03
                0x0000b2ac                SYS_3_16_02
                0x0000c6c8                SYS_3_10_06
                0x00021716                SYS_3_03_18
                0x000096d4                SYS_3_18_38
                0x000098e4                SYS_3_18_30
                0x0000dec2                SYS_3_06_50
                0x0000b750                SYS_3_15_13
                0x0000b9e4                SYS_3_15_03
                0x000079f4                SYS_3_22_07
                0x0001824c                SYS_3_04_30
                0x000224d2                SYS_3_03_12
                0x00011b36                SYS_7_01_01_05
                0x0000f730                SYS_3_16
                0x0000aaae                SYS_3_17_07
                0x0000a01c                SYS_3_18_02
                0x0000a9a6                SYS_3_17_13
                0x0000a2b0                SYS_3_17_42
                0x00007110                SYS_5_00_00
                0x0000e576                SYS_3_06_24
                0x0000c53c                SYS_3_10_12
                0x0000fb80                SYS_3_04
                0x0000792e                SYS_3_23_01
                0x0000771e                SYS_3_23_09
                0x0000b372                SYS_3_15_28
                0x000087e0                SYS_3_20_04
                0x0001523a                SYS_3_04_51
                0x0000ccf8                SYS_3_08_19
                0x00029ac6                SYS_2_0_06
                0x0000d220                SYS_3_07_28
                0x0000c098                SYS_3_12_06
                0x00008654                SYS_3_20_10
                0x0000a3b8                SYS_3_17_38
                0x0000d7cc                SYS_3_07_06
                0x00012d20                SYS_3_17_50
                0x0002a910                SYS_1
                0x0000c812                SYS_3_10_01
                0x00009ab2                SYS_3_18_23
                0x00008ab6                SYS_3_19_35
                0x00005890                SYS_5_05_09
                0x0002a78c                SYS_1_1
                0x000070ae                SYS_5_00_01
                0x000234d8                SYS_3_03_05
                0x0000ef42                SYS_3_05_30
                0x0000edf8                SYS_3_05_35
                0x00006842                SYS_5_02_01
                0x0000beca                SYS_3_13_05
                0x0000de80                SYS_3_06_51
                0x0001f4c0                SYS_3_03_33
                0x0000e04e                SYS_3_06_44
                0x0000cf08                SYS_3_08_11
                0x0001f02c                SYS_3_03_35
                0x0000f008                SYS_3_05_27
                0x0000d80e                SYS_3_07_05
                0x0000816e                SYS_3_20_29
                0x0000e954                SYS_3_06_09
                0x000139ca                SYS_3_17_01
                0x00006b52                SYS_5_01_04
                0x000294fc                SYS_2_2_00
                0x000065f6                SYS_5_02_07
                0x00027bce                SYS_3_00_10
                0x00009e90                SYS_3_18_08
                0x00007440                SYS_4_00_3_4
                0x0000491e                SYS_7_00
                0x0000bbf4                SYS_3_14_04
                0x00009e0c                SYS_3_18_10
                0x00009338                SYS_3_19_02
                0x0000baec                SYS_3_14_08
                0x0000582e                SYS_5_05_10
                0x0000b792                SYS_3_15_12
                0x00007172                SYS_5_08
                0x0000b330                SYS_3_16_00
                0x0000c1e2                SYS_3_12_01
                0x0000c2a8                SYS_3_11_05
                0x00004656                SYS_7_01_03
                0x000297a8                SYS_2_0_13
                0x00026e12                SYS_3_01_00
                0x00008dce                SYS_3_19_23
                0x000254e4                SYS_3_02_01
                0x0001dddc                SYS_3_03_43
                0x0000e80a                SYS_3_06_14
                0x0002956e                SYS_2_1_04
                0x000293a6                SYS_2_2_03
                0x00008cc6                SYS_3_19_27
                0x0000e6c0                SYS_3_06_19
                0x00024972                SYS_3_02_06
                0x0001892a                SYS_3_04_27
                0x0001d6fe                SYS_3_03_46
                0x000060fc                SYS_5_03_09
                0x0000cfce                SYS_3_08_08
                0x0000812c                SYS_3_20_30
                0x0001a4a2                SYS_3_04_15
                0x00014ff0                SYS_3_04_52
                0x00010916                SYS_7_02_03_06
                0x0000dd36                SYS_3_06_56
                0x000052d2                SYS_5_07_02
                0x00008024                SYS_3_20_34
                0x00007630                SYS_4_00
                0x00028bd4                SYS_3_00_03
                0x00016b68                SYS_3_04_40
                0x0002988c                SYS_2_0_11
                0x0000f4ac                SYS_3_23
                0x0000dae4                SYS_3_06_65
                0x0000ac7c                SYS_3_16_26
                0x00008ed6                SYS_3_19_19
                0x0000ae08                SYS_3_16_20
                0x0000a166                SYS_3_17_47
                0x00009d88                SYS_3_18_12
                0x0000f7e8                SYS_3_14
                0x0000d8d4                SYS_3_07_02
                0x0000f61c                SYS_3_19
                0x00010260                SYS_7_02_00_07
                0x00022dfa                SYS_3_03_08
                0x0000f3e6                SYS_3_05_03
                0x000074c8                SYS_4_01_3
                0x0000be88                SYS_3_13_06
                0x0001c01a                SYS_3_04_03
                0x0000e67e                SYS_3_06_20
                0x0000cbf0                SYS_3_09_03
                0x00014f8a                SYS_ParameterEdt
                0x0002705c                SYS_3_00_15
                0x0001cb8c                SYS_3_03_51
                0x0001c6f8                SYS_3_04_00
                0x000091ac                SYS_3_19_08
                0x00029052                SYS_3_00_00
                0x0000c99e                SYS_3_09_12
                0x0000b6cc                SYS_3_15_15
                0x0000892a                SYS_3_19_41
                0x00007512                SYS_4_00_3
                0x0001b4a8                SYS_3_04_08
                0x00028740                SYS_3_00_05
                0x00005580                SYS_5_06_06
                0x000069ca                SYS_5_01_08
                0x0000a3fa                SYS_3_17_37
                0x00009f14                SYS_3_18_06
                0x0000a22c                SYS_3_17_44
                0x000090e6                SYS_3_19_11
                0x0000e9d8                SYS_3_06_07
                0x0000e0d2                SYS_3_06_42
                0x0000bd80                SYS_3_13_10
                0x0000aa2a                SYS_3_17_09
                0x0001328a                SYS_3_17_12
                0x0000958a                SYS_3_18_43
                0x0000e1da                SYS_3_06_38
                0x0000b120                SYS_3_16_08
                0x0000b606                SYS_3_15_18
                0x0000a85c                SYS_3_17_20
                0x0000ecf0                SYS_3_05_40
                0x0000baaa                SYS_3_15_00
                0x00006a2c                SYS_5_01_07
                0x0000f04a                SYS_3_05_26
                0x0000981e                SYS_3_18_33
                0x0000b89a                SYS_3_15_08
                0x0000d748                SYS_3_07_08
                0x000144aa                SYS_3_05_13
                0x00007cca                SYS_3_21_05
                0x0000b4bc                SYS_3_15_23
                0x0000edb6                SYS_3_05_36
                0x0000a964                SYS_3_17_14
                0x0000875c                SYS_3_20_06
                0x00010c54                SYS_7_02_02_06
                0x00006532                SYS_5_02_09
                0x000077a2                SYS_3_23_07
                0x0000ae4a                SYS_3_16_19
                0x0001a936                SYS_3_04_13
                0x0000b3b4                SYS_3_15_27
                0x000072fe                SYS_5_02
                0x00008402                SYS_3_20_19
                0x000299e2                SYS_2_0_08
                0x000076dc                SYS_3_23_10
                0x000090a4                SYS_3_19_12
                0x00014dba                SYS_3_05_00
                0x0001075e                SYS_7_02_04_05
                0x00020032                SYS_3_03_28
                0x000082fa                SYS_3_20_23
                0x00026bc8                SYS_3_01_01
                0x00027984                SYS_3_00_11
                0x00007c46                SYS_3_21_07
                0x000066ba                SYS_5_02_05
                0x0001002c                SYS_2
                0x0000d4b4                SYS_3_07_18
                0x000127b6                SYS_3_21_10
                0x00008c00                SYS_3_19_30
                0x00007b80                SYS_3_22_01
                0x0001ab80                SYS_3_04_12
                0x0000c4fa                SYS_3_10_13
                0x0000f958                SYS_3_10
                0x0000d010                SYS_3_08_07
                0x00009440                SYS_3_18_48
                0x0000fa6c                SYS_3_07
                0x00008bbe                SYS_3_19_31
                0x00007aba                SYS_3_22_04
                0x0001f70a                SYS_3_03_32
                0x0001f276                SYS_3_03_34
                0x00005396                SYS_5_07_00
                0x00004772                SYS_7_01_01
                0x0000e3a8                SYS_3_06_31
                0x00012246                SYS_3_21_13
                0x0000c1a0                SYS_3_12_02
                0x00006038                SYS_5_04_00
                0x00009f56                SYS_3_18_05
                0x0000e996                SYS_3_06_08
                0x0000b91e                SYS_3_15_06
                0x0000e090                SYS_3_06_43
                0x0002396c                SYS_3_03_03
                0x00022bb0                SYS_3_03_09
                0x00009d46                SYS_3_18_13
                0x00009bfc                SYS_3_18_18
                0x00013d6a                SYS_3_05_19
                0x00007bc2                SYS_3_22_00
                0x0000de3e                SYS_3_06_52
                0x00004a88                SYS_6_02
                0x00003f6e                MainSYSTEM
                0x00007a78                SYS_3_22_05
                0x00029d00                SYS_2_0_01
                0x000095cc                SYS_3_18_42
                0x0000c3f2                SYS_3_11_00
                0x00011ea6                SYS_3_21_15
                0x0002027c                SYS_3_03_27
                0x000056a6                SYS_5_06_03
                0x000045c8                SYS_7_01_04
                0x00025e0c                SYS_3_01_07
                0x0000acbe                SYS_3_16_25
                0x0000a586                SYS_3_17_31
                0x0000a124                SYS_3_17_48
                0x0000d15a                SYS_3_08_02
                0x0000aa6c                SYS_3_17_08
                0x0000a26e                SYS_3_17_43
                0x000244de                SYS_3_02_08
                0x000063aa                SYS_5_03_02
                0x00015ff6                SYS_3_04_45
                0x00003f24                DisplayInit
                0x00014a1a                SYS_3_05_08
                0x00009758                SYS_3_18_36
                0x0000c32c                SYS_3_11_03
                0x000055e2                SYS_5_06_05
                0x0000e88e                SYS_3_06_12
                0x0000858e                SYS_3_20_13
                0x0000d328                SYS_3_07_24
                0x00022288                SYS_3_03_13
                0x0000e7c8                SYS_3_06_15
                0x0000ae8c                SYS_3_16_18
                0x000062e6                SYS_5_03_04
                0x0000871a                SYS_3_20_07
                0x0000b26a                SYS_3_16_03
                0x00005b3e                SYS_5_05_02
                0x00019dc4                SYS_3_04_18
                0x0000be04                SYS_3_13_08
                0x0000b09c                SYS_3_16_10
                0x000054bc                SYS_5_06_08
                0x000091ee                SYS_3_19_07
                0x000051ac                SYS_5_07_05
                0x0000850a                SYS_3_20_15
                0x0000eba6                SYS_3_06_00
                0x0000df88                SYS_3_06_47
                0x00008612                SYS_3_20_11
                0x00019252                SYS_3_04_23
                0x0000747e                SYS_4_02_3
                0x0000d640                SYS_3_07_12
                0x000099ec                SYS_3_18_26
                0x00029250                SYS_2_2_06
                0x00006c78                SYS_5_01_01
                0x00012b56                SYS_3_17_51
                0x00006e62                SYS_5_00_07
                0x0000c4b8                SYS_3_10_14
                0x0000fc38                SYS_3_02
                0x0000a922                SYS_3_17_15
                0x0000ccb6                SYS_3_09_00
                0x0000cbae                SYS_3_09_04
                0x0000c70a                SYS_3_10_05
                0x0000e21c                SYS_3_06_37
                0x00017b6e                SYS_3_04_33
                0x0000cd7c                SYS_3_08_17
                0x000104a4                SYS_7_01_01_06
                0x0000eb22                SYS_3_06_02
                0x00008d8c                SYS_3_19_24
                0x00005708                SYS_5_06_02
                0x0000c8d8                SYS_3_09_15
                0x0000abb6                SYS_3_17_00
                0x0000fe04                SYS_2_0
                0x00006bb4                SYS_5_01_03
                0x00007c88                SYS_3_21_06
                0x0000efc6                SYS_3_05_28
                0x0000bc36                SYS_3_14_03
                0x00029736                SYS_2_1_00
                0x0000f110                SYS_3_05_23
                0x0000afd6                SYS_3_16_13
                0x0000a05e                SYS_3_18_01
                0x0000c476                SYS_3_10_15
                0x00004d14                SYS_5_08_06
                0x000077e4                SYS_3_23_06
                0x00007970                SYS_3_23_00
                0x00007238                SYS_5_05
                0x0000646e                SYS_5_03_00
                0x00007e98                SYS_3_20_40
                0x0000f08c                SYS_3_05_25
                0x0000c056                SYS_3_12_07
                0x0001691e                SYS_3_04_41
                0x0000da60                SYS_3_06_67
                0x000137fa                SYS_3_17_02
                0x0002916c                SYS_2_2_08
                0x00013b9a                SYS_3_05_38
                0x00008a74                SYS_3_19_36
                0x0000f152                SYS_3_05_22
                0x00008c42                SYS_3_19_29
                0x0000609a                SYS_5_03_10
                0x00024728                SYS_3_02_07
                0x00021282                SYS_3_03_20
                0x0000bb70                SYS_3_14_06
                0x0000cf8c                SYS_3_08_09
                0x0000cec6                SYS_3_08_12
                0x00005eb0                SYS_5_04_04
                0x00029c1c                SYS_2_0_03
                0x0000dcf4                SYS_3_06_57
                0x0000854c                SYS_3_20_14
                0x0000769a                SYS_3_23_11
                0x000071f6                SYS_5_06
                0x000081b0                SYS_3_20_28
                0x0001eb98                SYS_3_03_37
                0x0000b960                SYS_3_15_05
                0x0002697e                SYS_3_01_02
                0x0000df46                SYS_3_06_48
                0x0000a5c8                SYS_3_17_30
                0x00004bee                SYS_5_08_09
                0x0000d916                SYS_3_07_01
                0x00009a70                SYS_3_18_24
                0x0000441e                SYS_7_02_02
                0x00013f3a                SYS_3_05_18
                0x000080a8                SYS_3_20_32
                0x0001e270                SYS_3_03_41
                0x00004d76                SYS_5_08_05
                0x0000f29c                SYS_3_05_10
                0x0001b93c                SYS_3_04_06
                0x0000dbec                SYS_3_06_61
                0x00008f5a                SYS_3_19_17
                0x0000a0a0                SYS_3_18_00
                0x0000d2a4                SYS_3_07_26
                0x00018002                SYS_3_04_31
                0x00009dca                SYS_3_18_11
 .text          0x0002a97c      0x514 rs232_MMItoPANEL.o
                0x0002a9a0                WriteDataMem
                0x0002acfe                SCIC_Rx_process
                0x0002aa34                __vector_25
                0x0002ae5e                __vector_27
                0x0002a9de                TX0_char
                0x0002a9be                ReadDataMem
                0x0002a97c                UART_init
                0x0002a9ee                CRC_16
                0x0002abd4                SCIC_Tx_process
 .text          0x0002ae90       0xb4 16by2CLCD.o
                0x0002af0a                CLCD_string
                0x0002af28                CLCD_cursor_OFF
                0x0002aec4                CLCD_command
                0x0002aee8                CLCD_initialize
                0x0002af36                CLCD_cursor_ON
                0x0002ae90                CLCD_BackLightOnOff
                0x0002ae9c                CLCD_data
 .text          0x0002af44        0x0 c:/winavr-20100110/bin/../lib/gcc/avr/4.3.3/avr6\libgcc.a(_divmodhi4.o)
 .text          0x0002af44        0x0 c:/winavr-20100110/bin/../lib/gcc/avr/4.3.3/avr6\libgcc.a(_udivmodsi4.o)
 .text          0x0002af44        0x0 c:/winavr-20100110/bin/../lib/gcc/avr/4.3.3/avr6\libgcc.a(_exit.o)
 .text          0x0002af44        0x0 c:/winavr-20100110/bin/../lib/gcc/avr/4.3.3/avr6\libgcc.a(_clear_bss.o)
 .text          0x0002af44        0x0 c:/winavr-20100110/bin/../lib/gcc/avr/4.3.3/avr6\libgcc.a(_udivmodhi4.o)
                0x0002af44                . = ALIGN (0x2)
 *(.text.*)
 .text.libgcc   0x0002af44       0x26 c:/winavr-20100110/bin/../lib/gcc/avr/4.3.3/avr6\libgcc.a(_divmodhi4.o)
                0x0002af44                __divmodhi4
                0x0002af44                _div
 .text.libgcc   0x0002af6a       0x44 c:/winavr-20100110/bin/../lib/gcc/avr/4.3.3/avr6\libgcc.a(_udivmodsi4.o)
                0x0002af6a                __udivmodsi4
 .text.libgcc   0x0002afae        0x0 c:/winavr-20100110/bin/../lib/gcc/avr/4.3.3/avr6\libgcc.a(_exit.o)
 .text.libgcc   0x0002afae        0x0 c:/winavr-20100110/bin/../lib/gcc/avr/4.3.3/avr6\libgcc.a(_clear_bss.o)
 .text.libgcc   0x0002afae       0x28 c:/winavr-20100110/bin/../lib/gcc/avr/4.3.3/avr6\libgcc.a(_udivmodhi4.o)
                0x0002afae                __udivmodhi4
                0x0002afd6                . = ALIGN (0x2)
 *(.fini9)
 .fini9         0x0002afd6        0x0 c:/winavr-20100110/bin/../lib/gcc/avr/4.3.3/avr6\libgcc.a(_exit.o)
                0x0002afd6                exit
                0x0002afd6                _exit
 *(.fini9)
 *(.fini8)
 *(.fini8)
 *(.fini7)
 *(.fini7)
 *(.fini6)
 *(.fini6)
 *(.fini5)
 *(.fini5)
 *(.fini4)
 *(.fini4)
 *(.fini3)
 *(.fini3)
 *(.fini2)
 *(.fini2)
 *(.fini1)
 *(.fini1)
 *(.fini0)
 .fini0         0x0002afd6        0x4 c:/winavr-20100110/bin/../lib/gcc/avr/4.3.3/avr6\libgcc.a(_exit.o)
 *(.fini0)
                0x0002afda                _etext = .

.data           0x00800200      0x272 load address 0x0002afda
                0x00800200                PROVIDE (__data_start, .)
 *(.data)
 .data          0x00800200        0x0 c:/winavr-20100110/bin/../lib/gcc/avr/4.3.3/../../../../avr/lib/avr6/crtm2560.o
 .data          0x00800200       0x23 main.o
                0x00800222                _1s_Cnt
                0x0080021d                PacketCMD
                0x00800220                _200ms_Cnt
                0x00800221                _500ms_Cnt
                0x0080021f                _100ms_Cnt
                0x0080021e                _10ms_Cnt
 .data          0x00800223        0x0 util.o
 .data          0x00800223        0x0 debug_printf.o
 .data          0x00800223        0x4 key.o
                0x00800224                key_signal_B
                0x00800225                key_data
                0x00800223                key_signal_A
 .data          0x00800227      0x249 display.o
 .data          0x00800470        0x0 rs232_MMItoPANEL.o
 .data          0x00800470        0x1 16by2CLCD.o
                0x00800470                posInpage
 .data          0x00800471        0x0 c:/winavr-20100110/bin/../lib/gcc/avr/4.3.3/avr6\libgcc.a(_divmodhi4.o)
 .data          0x00800471        0x0 c:/winavr-20100110/bin/../lib/gcc/avr/4.3.3/avr6\libgcc.a(_udivmodsi4.o)
 .data          0x00800471        0x0 c:/winavr-20100110/bin/../lib/gcc/avr/4.3.3/avr6\libgcc.a(_exit.o)
 .data          0x00800471        0x0 c:/winavr-20100110/bin/../lib/gcc/avr/4.3.3/avr6\libgcc.a(_clear_bss.o)
 .data          0x00800471        0x0 c:/winavr-20100110/bin/../lib/gcc/avr/4.3.3/avr6\libgcc.a(_udivmodhi4.o)
 *(.data*)
 *(.rodata)
 *(.rodata*)
 *(.gnu.linkonce.d*)
                0x00800472                . = ALIGN (0x2)
 *fill*         0x00800471        0x1 00
                0x00800472                _edata = .
                0x00800472                PROVIDE (__data_end, .)

.bss            0x00800472      0x1bd
                0x00800472                PROVIDE (__bss_start, .)
 *(.bss)
 .bss           0x00800472        0x0 c:/winavr-20100110/bin/../lib/gcc/avr/4.3.3/../../../../avr/lib/avr6/crtm2560.o
 .bss           0x00800472       0x13 main.o
                0x00800473                TimeTic_1ms
                0x0080047a                Toggle500ms
                0x00800478                TimeTic_1s
                0x00800481                EventTimeB
                0x00800475                TimeTic_100ms
                0x00800474                TimeTic_10ms
                0x00800482                EventTimeC
                0x00800477                TimeTic_500ms
                0x0080047d                EventFlagC
                0x0080047e                EventFlagD
                0x00800472                TimerTicFlag
                0x0080047b                EventFlagA
                0x00800480                EventTimeA
                0x00800484                EventTimeE
                0x00800476                TimeTic_200ms
                0x00800483                EventTimeD
                0x0080047c                EventFlagB
                0x00800479                Toggle10ms
                0x0080047f                EventFlagE
 .bss           0x00800485        0x0 util.o
 .bss           0x00800485        0x2 debug_printf.o
 .bss           0x00800487        0x3 key.o
                0x00800489                LongKeyFlag
                0x00800487                key_press_time
 .bss           0x0080048a       0x1a display.o
                0x0080048b                password
                0x00800495                RunFlag
                0x00800493                pass_pos
                0x0080049c                Temporary
                0x00800497                Tset_pos
                0x00800496                StopFlag
                0x00800494                Edit_flag
                0x0080048f                _password
                0x0080049a                edit_Temp
                0x0080048a                RefreshFlag
                0x00800498                eeprom_addr
 .bss           0x008004a4        0xa rs232_MMItoPANEL.o
                0x008004a6                RxAddr
                0x008004aa                RxCRC
                0x008004a4                SciC_RxStep
                0x008004a5                SciC_RxFlag
                0x008004a8                RxData
                0x008004ac                SCI_TxOffset
 .bss           0x008004ae        0x0 16by2CLCD.o
 .bss           0x008004ae        0x0 c:/winavr-20100110/bin/../lib/gcc/avr/4.3.3/avr6\libgcc.a(_divmodhi4.o)
 .bss           0x008004ae        0x0 c:/winavr-20100110/bin/../lib/gcc/avr/4.3.3/avr6\libgcc.a(_udivmodsi4.o)
 .bss           0x008004ae        0x0 c:/winavr-20100110/bin/../lib/gcc/avr/4.3.3/avr6\libgcc.a(_exit.o)
 .bss           0x008004ae        0x0 c:/winavr-20100110/bin/../lib/gcc/avr/4.3.3/avr6\libgcc.a(_clear_bss.o)
 .bss           0x008004ae        0x0 c:/winavr-20100110/bin/../lib/gcc/avr/4.3.3/avr6\libgcc.a(_udivmodhi4.o)
 *(.bss*)
 *(COMMON)
 COMMON         0x008004ae       0x71 main.o
                0x008004ae                PacketBuf
                0x00800512                Packet
                0x00800514                MenuDisplay
                0x00800516                KeyState
                0x00800519                LCDDisplay
                0x0080051b                data_flg
                0x0080051d                CRC
 COMMON         0x0080051f      0x107 display.o
                0x0080051f                text_buf
                0x0080061f                setTime
 COMMON         0x00800626        0x9 rs232_MMItoPANEL.o
                0x00800626                RXD0
                0x00800627                RxBuf
                0x0080062f                PROVIDE (__bss_end, .)
                0x0002afda                __data_load_start = LOADADDR (.data)
                0x0002b24c                __data_load_end = (__data_load_start + SIZEOF (.data))

.noinit         0x0080062f        0x0
                0x0080062f                PROVIDE (__noinit_start, .)
 *(.noinit*)
                0x0080062f                PROVIDE (__noinit_end, .)
                0x0080062f                _end = .
                0x0080062f                PROVIDE (__heap_start, .)

.eeprom         0x00810000        0x0
 *(.eeprom*)
                0x00810000                __eeprom_end = .

.fuse
 *(.fuse)
 *(.lfuse)
 *(.hfuse)
 *(.efuse)

.lock
 *(.lock*)

.signature
 *(.signature*)

.stab
 *(.stab)

.stabstr
 *(.stabstr)

.stab.excl
 *(.stab.excl)

.stab.exclstr
 *(.stab.exclstr)

.stab.index
 *(.stab.index)

.stab.indexstr
 *(.stab.indexstr)

.comment
 *(.comment)

.debug
 *(.debug)

.line
 *(.line)

.debug_srcinfo
 *(.debug_srcinfo)

.debug_sfnames
 *(.debug_sfnames)

.debug_aranges  0x00000000       0xe0
 *(.debug_aranges)
 .debug_aranges
                0x00000000       0x20 main.o
 .debug_aranges
                0x00000020       0x20 util.o
 .debug_aranges
                0x00000040       0x20 debug_printf.o
 .debug_aranges
                0x00000060       0x20 key.o
 .debug_aranges
                0x00000080       0x20 display.o
 .debug_aranges
                0x000000a0       0x20 rs232_MMItoPANEL.o
 .debug_aranges
                0x000000c0       0x20 16by2CLCD.o

.debug_pubnames
                0x00000000     0x408c
 *(.debug_pubnames)
 .debug_pubnames
                0x00000000      0x25b main.o
 .debug_pubnames
                0x0000025b       0x37 util.o
 .debug_pubnames
                0x00000292       0x4a debug_printf.o
 .debug_pubnames
                0x000002dc       0x95 key.o
 .debug_pubnames
                0x00000371     0x3b40 display.o
 .debug_pubnames
                0x00003eb1      0x139 rs232_MMItoPANEL.o
 .debug_pubnames
                0x00003fea       0xa2 16by2CLCD.o

.debug_info     0x00000000     0x6724
 *(.debug_info)
 .debug_info    0x00000000      0x451 main.o
 .debug_info    0x00000451      0x102 util.o
 .debug_info    0x00000553      0x2ac debug_printf.o
 .debug_info    0x000007ff      0x16b key.o
 .debug_info    0x0000096a     0x5720 display.o
 .debug_info    0x0000608a      0x50e rs232_MMItoPANEL.o
 .debug_info    0x00006598      0x18c 16by2CLCD.o
 *(.gnu.linkonce.wi.*)

.debug_abbrev   0x00000000      0x85e
 *(.debug_abbrev)
 .debug_abbrev  0x00000000      0x140 main.o
 .debug_abbrev  0x00000140       0xb1 util.o
 .debug_abbrev  0x000001f1      0x176 debug_printf.o
 .debug_abbrev  0x00000367       0xb0 key.o
 .debug_abbrev  0x00000417      0x1f3 display.o
 .debug_abbrev  0x0000060a      0x1ae rs232_MMItoPANEL.o
 .debug_abbrev  0x000007b8       0xa6 16by2CLCD.o

.debug_line     0x00000000    0x1c781
 *(.debug_line)
 .debug_line    0x00000000      0x4d3 main.o
 .debug_line    0x000004d3      0x19e util.o
 .debug_line    0x00000671      0x216 debug_printf.o
 .debug_line    0x00000887      0x1a9 key.o
 .debug_line    0x00000a30    0x1b6ce display.o
 .debug_line    0x0001c0fe      0x4d0 rs232_MMItoPANEL.o
 .debug_line    0x0001c5ce      0x1b3 16by2CLCD.o

.debug_frame    0x00000000     0x3a50
 *(.debug_frame)
 .debug_frame   0x00000000       0x70 main.o
 .debug_frame   0x00000070       0x40 util.o
 .debug_frame   0x000000b0       0x40 debug_printf.o
 .debug_frame   0x000000f0       0x40 key.o
 .debug_frame   0x00000130     0x3800 display.o
 .debug_frame   0x00003930       0xa0 rs232_MMItoPANEL.o
 .debug_frame   0x000039d0       0x80 16by2CLCD.o

.debug_str      0x00000000     0x31e7
 *(.debug_str)
 .debug_str     0x00000000      0x27c main.o
                                0x2b5 (size before relaxing)
 .debug_str     0x0000027c       0x43 util.o
                                 0x99 (size before relaxing)
 .debug_str     0x000002bf       0xd9 debug_printf.o
                                0x176 (size before relaxing)
 .debug_str     0x00000398       0x5a key.o
                                0x12e (size before relaxing)
 .debug_str     0x000003f2     0x2c86 display.o
                               0x2e6a (size before relaxing)
 .debug_str     0x00003078       0xe8 rs232_MMItoPANEL.o
                                0x1d4 (size before relaxing)
 .debug_str     0x00003160       0x87 16by2CLCD.o
                                0x14d (size before relaxing)

.debug_loc      0x00000000      0xd39
 *(.debug_loc)
 .debug_loc     0x00000000       0x18 main.o
 .debug_loc     0x00000018       0x90 util.o
 .debug_loc     0x000000a8      0x367 debug_printf.o
 .debug_loc     0x0000040f      0x132 key.o
 .debug_loc     0x00000541      0x6a0 display.o
 .debug_loc     0x00000be1       0xd1 rs232_MMItoPANEL.o
 .debug_loc     0x00000cb2       0x87 16by2CLCD.o

.debug_macinfo
 *(.debug_macinfo)
OUTPUT(OK2560_BD.elf elf32-avr)
LOAD linker stubs
