Archive member included because of file (symbol)

c:/winavr-20100110/bin/../lib/gcc/avr/4.3.3/avr6\libgcc.a(_divmodhi4.o)
                              util.o (__divmodhi4)
c:/winavr-20100110/bin/../lib/gcc/avr/4.3.3/avr6\libgcc.a(_udivmodsi4.o)
                              debug_printf.o (__udivmodsi4)
c:/winavr-20100110/bin/../lib/gcc/avr/4.3.3/avr6\libgcc.a(_exit.o)
                              c:/winavr-20100110/bin/../lib/gcc/avr/4.3.3/../../../../avr/lib/avr6/crtm2560.o (exit)
c:/winavr-20100110/bin/../lib/gcc/avr/4.3.3/avr6\libgcc.a(_clear_bss.o)
                              main.o (__do_clear_bss)
c:/winavr-20100110/bin/../lib/gcc/avr/4.3.3/avr6\libgcc.a(_udivmodhi4.o)
                              c:/winavr-20100110/bin/../lib/gcc/avr/4.3.3/avr6\libgcc.a(_divmodhi4.o) (__udivmodhi4)

Allocating common symbols
Common symbol       size              file

text_buf            0x100             display.o
PacketBuf           0x64              main.o
Packet              0x2               main.o
MenuDisplay         0x2               display.o
KeyState            0x3               main.o
setTime             0x7               display.o
RXD0                0x1               rs232_MMItoPANEL.o
RxBuf               0x8               rs232_MMItoPANEL.o
data_flg            0x2               main.o
CRC                 0x2               main.o

Memory Configuration

Name             Origin             Length             Attributes
text             0x00000000         0x00100000         xr
data             0x00800200         0x0000fe00         rw !x
eeprom           0x00810000         0x00010000         rw !x
fuse             0x00820000         0x00000400         rw !x
lock             0x00830000         0x00000400         rw !x
signature        0x00840000         0x00000400         rw !x
*default*        0x00000000         0xffffffff

Linker script and memory map

Address of section .data set to 0x800200
LOAD c:/winavr-20100110/bin/../lib/gcc/avr/4.3.3/../../../../avr/lib/avr6/crtm2560.o
LOAD main.o
LOAD util.o
LOAD debug_printf.o
LOAD key.o
LOAD display.o
LOAD rs232_MMItoPANEL.o
LOAD 16by2CLCD.o
LOAD c:/winavr-20100110/bin/../lib/gcc/avr/4.3.3/avr6\libgcc.a
LOAD c:/winavr-20100110/bin/../lib/gcc/avr/4.3.3/../../../../avr/lib/avr6\libc.a
LOAD c:/winavr-20100110/bin/../lib/gcc/avr/4.3.3/avr6\libgcc.a

.hash
 *(.hash)

.dynsym
 *(.dynsym)

.dynstr
 *(.dynstr)

.gnu.version
 *(.gnu.version)

.gnu.version_d
 *(.gnu.version_d)

.gnu.version_r
 *(.gnu.version_r)

.rel.init
 *(.rel.init)

.rela.init
 *(.rela.init)

.rel.text
 *(.rel.text)
 *(.rel.text.*)
 *(.rel.gnu.linkonce.t*)

.rela.text
 *(.rela.text)
 *(.rela.text.*)
 *(.rela.gnu.linkonce.t*)

.rel.fini
 *(.rel.fini)

.rela.fini
 *(.rela.fini)

.rel.rodata
 *(.rel.rodata)
 *(.rel.rodata.*)
 *(.rel.gnu.linkonce.r*)

.rela.rodata
 *(.rela.rodata)
 *(.rela.rodata.*)
 *(.rela.gnu.linkonce.r*)

.rel.data
 *(.rel.data)
 *(.rel.data.*)
 *(.rel.gnu.linkonce.d*)

.rela.data
 *(.rela.data)
 *(.rela.data.*)
 *(.rela.gnu.linkonce.d*)

.rel.ctors
 *(.rel.ctors)

.rela.ctors
 *(.rela.ctors)

.rel.dtors
 *(.rel.dtors)

.rela.dtors
 *(.rela.dtors)

.rel.got
 *(.rel.got)

.rela.got
 *(.rela.got)

.rel.bss
 *(.rel.bss)

.rela.bss
 *(.rela.bss)

.rel.plt
 *(.rel.plt)

.rela.plt
 *(.rela.plt)

.text           0x00000000    0x36f7c
 *(.vectors)
 .vectors       0x00000000       0xe4 c:/winavr-20100110/bin/../lib/gcc/avr/4.3.3/../../../../avr/lib/avr6/crtm2560.o
                0x00000000                __vectors
                0x00000000                __vector_default
 *(.vectors)
 *(.progmem.gcc*)
 *(.progmem*)
 .progmem.data  0x000000e4     0x335d display.o
                0x00001c2f                PAGE_DIR_3_11_XX
                0x00003191                PAGE_DIR_5_XX
                0x00001dfa                PAGE_DIR_3_14_XX
                0x0000226d                PAGE_DIR_3_17_XX
                0x00001b0e                PAGE_DIR_3_10_XX
                0x00000b73                PAGE_DIR_3_04_XX
                0x000001d2                PAGE_DIR_2_X
                0x00002bfd                PAGE_DIR_3_20_XX
                0x000002f3                PAGE_DIR_2_1_XX
                0x00000205                PAGE_DIR_2_0_XX
                0x000003e1                PAGE_DIR_3_XX
                0x000016ac                PAGE_DIR_3_07_XX
                0x00000348                PAGE_DIR_2_2_XX
                0x00001d2e                PAGE_DIR_3_13_XX
                0x000007ee                PAGE_DIR_3_03_XX
                0x0000016c                PAGE_DIR_1_X
                0x00002ec7                PAGE_DIR_3_21_XX
                0x00002080                PAGE_DIR_3_16_XX
                0x0000313c                PAGE_DIR_4_XX_3_4
                0x00001ca6                PAGE_DIR_3_12_XX
                0x00002fd7                PAGE_DIR_3_22_XX
                0x00001899                PAGE_DIR_3_08_XX
                0x0000058a                PAGE_DIR_3_00_XX
                0x000000e4                PAGE_ROOT
                0x0000323b                PAGE_DIR_5_XX_XX
                0x000019ed                PAGE_DIR_3_09_XX
                0x00003301                PAGE_DIR_6_XX_XX
                0x00002933                PAGE_DIR_3_19_XX
                0x0000069a                PAGE_DIR_3_01_XX
                0x000011f5                PAGE_DIR_3_06_XX
                0x00000744                PAGE_DIR_3_02_XX
                0x000033a1                PAGE_DIR_7_XX_XX
                0x00001e93                PAGE_DIR_3_15_XX
                0x00000ef8                PAGE_DIR_3_05_XX
                0x00003070                PAGE_DIR_3_23_XX
                0x000025e1                PAGE_DIR_3_18_XX
                0x00003442                . = ALIGN (0x2)
 *fill*         0x00003441        0x1 00
                0x00003442                __trampolines_start = .
 *(.trampolines)
 .trampolines   0x00003442      0x584 linker stubs
 *(.trampolines*)
                0x000039c6                __trampolines_end = .
 *(.jumptables)
 *(.jumptables*)
 *(.lowtext)
 *(.lowtext*)
                0x000039c6                __ctors_start = .
 *(.ctors)
                0x000039c6                __ctors_end = .
                0x000039c6                __dtors_start = .
 *(.dtors)
                0x000039c6                __dtors_end = .
 SORT(*)(.ctors)
 SORT(*)(.dtors)
 *(.init0)
 .init0         0x000039c6        0x0 c:/winavr-20100110/bin/../lib/gcc/avr/4.3.3/../../../../avr/lib/avr6/crtm2560.o
                0x000039c6                __init
 *(.init0)
 *(.init1)
 *(.init1)
 *(.init2)
 .init2         0x000039c6       0x10 c:/winavr-20100110/bin/../lib/gcc/avr/4.3.3/../../../../avr/lib/avr6/crtm2560.o
 *(.init2)
 *(.init3)
 *(.init3)
 *(.init4)
 .init4         0x000039d6       0x1a c:/winavr-20100110/bin/../lib/gcc/avr/4.3.3/../../../../avr/lib/avr6/crtm2560.o
                0x000039d6                __do_copy_data
 .init4         0x000039f0       0x10 c:/winavr-20100110/bin/../lib/gcc/avr/4.3.3/avr6\libgcc.a(_clear_bss.o)
                0x000039f0                __do_clear_bss
 *(.init4)
 *(.init5)
 *(.init5)
 *(.init6)
 *(.init6)
 *(.init7)
 *(.init7)
 *(.init8)
 *(.init8)
 *(.init9)
 .init9         0x00003a00        0x8 c:/winavr-20100110/bin/../lib/gcc/avr/4.3.3/../../../../avr/lib/avr6/crtm2560.o
 *(.init9)
 *(.text)
 .text          0x00003a08        0x4 c:/winavr-20100110/bin/../lib/gcc/avr/4.3.3/../../../../avr/lib/avr6/crtm2560.o
                0x00003a08                __vector_38
                0x00003a08                __vector_22
                0x00003a08                __vector_28
                0x00003a08                __vector_1
                0x00003a08                __vector_32
                0x00003a08                __vector_34
                0x00003a08                __vector_24
                0x00003a08                __vector_12
                0x00003a08                __vector_55
                0x00003a08                __vector_46
                0x00003a08                __bad_interrupt
                0x00003a08                __vector_6
                0x00003a08                __vector_31
                0x00003a08                __vector_35
                0x00003a08                __vector_39
                0x00003a08                __vector_3
                0x00003a08                __vector_23
                0x00003a08                __vector_30
                0x00003a08                __vector_45
                0x00003a08                __vector_11
                0x00003a08                __vector_54
                0x00003a08                __vector_13
                0x00003a08                __vector_19
                0x00003a08                __vector_56
                0x00003a08                __vector_7
                0x00003a08                __vector_49
                0x00003a08                __vector_41
                0x00003a08                __vector_43
                0x00003a08                __vector_5
                0x00003a08                __vector_33
                0x00003a08                __vector_47
                0x00003a08                __vector_52
                0x00003a08                __vector_37
                0x00003a08                __vector_4
                0x00003a08                __vector_44
                0x00003a08                __vector_51
                0x00003a08                __vector_9
                0x00003a08                __vector_2
                0x00003a08                __vector_21
                0x00003a08                __vector_15
                0x00003a08                __vector_36
                0x00003a08                __vector_29
                0x00003a08                __vector_40
                0x00003a08                __vector_8
                0x00003a08                __vector_26
                0x00003a08                __vector_48
                0x00003a08                __vector_14
                0x00003a08                __vector_53
                0x00003a08                __vector_10
                0x00003a08                __vector_50
                0x00003a08                __vector_16
                0x00003a08                __vector_18
                0x00003a08                __vector_20
                0x00003a08                __vector_42
 .text          0x00003a0c      0x30e main.o
                0x00003a4e                Timer_IntteruptSet
                0x00003a0c                MCU_initialize
                0x00003b84                SystemEventAutoClear
                0x00003c26                __vector_17
                0x00003a7e                SystemTimeTic
                0x00003c44                main
 .text          0x00003d1a      0x188 util.o
                0x00003d32                Delay_ms
                0x00003d6c                inttoa
                0x00003d1a                Delay_us
 .text          0x00003ea2      0x280 debug_printf.o
                0x00003ea2                debug_devopen
                0x00003ed0                debug_printf
 .text          0x00004122      0x1e2 key.o
                0x00004122                KeyInit
                0x0000412e                KeyScan
                0x000042f2                KeyProc
 .text          0x00004304    0x3261a display.o
                0x000169ac                SYS_3_17_49
                0x00008358                SYS_3_12
                0x0000818c                SYS_3_17
                0x00033190                SYS_3_03_06
                0x0000789e                SYS_5_00_02
                0x000278f8                SYS_3_06_34
                0x00031df8                SYS_3_03_25
                0x000215f8                SYS_3_09_10
                0x00017714                SYS_3_17_36
                0x0001f918                SYS_3_11_04
                0x0002e018                SYS_3_04_32
                0x000148ac                SYS_3_18_29
                0x00006da6                SYS_5_02_06
                0x00024778                SYS_3_07_11
                0x00008a88                SYS_3
                0x00032d70                SYS_3_03_10
                0x0001bf44                SYS_3_15_24
                0x00030748                SYS_3_03_47
                0x0001fc30                SYS_3_11_01
                0x0001a264                SYS_3_16_23
                0x0002a448                SYS_3_05_37
                0x00028138                SYS_3_06_26
                0x00021808                SYS_3_09_08
                0x0001ea9e                SYS_3_13_03
                0x00010bd4                SYS_3_19_38
                0x00020788                SYS_3_10_07
                0x0001e67e                SYS_3_13_07
                0x00020ba8                SYS_3_10_03
                0x00012ddc                SYS_3_19_05
                0x0001b3ec                SYS_3_16_06
                0x000129bc                SYS_3_19_09
                0x0000c3a4                SYS_3_22_08
                0x0002a868                SYS_3_05_33
                0x00024568                SYS_3_07_13
                0x000073fa                SYS_5_01_02
                0x00014ccc                SYS_3_18_25
                0x000253d8                SYS_3_06_70
                0x0000aab4                SYS_2_2_05
                0x0000801c                SYS_3_21
                0x00008804                SYS_2_2
                0x00005f4e                SYS_5_05_07
                0x0000ae44                SYS_2_1_02
                0x00030538                SYS_3_03_49
                0x0000bd74                SYS_3_23_05
                0x0000ff74                SYS_3_20_08
                0x0001028c                SYS_3_20_05
                0x0001847c                SYS_3_17_23
                0x000060fe                SYS_5_05_03
                0x00007c42                SYS_5_00
                0x00018164                SYS_3_17_26
                0x000046f4                SYS_7_02_04
                0x0000631a                SYS_5_04_09
                0x0000f314                SYS_3_20_20
                0x000152fc                SYS_3_18_19
                0x00019d3c                SYS_3_16_28
                0x00020368                SYS_3_10_11
                0x0001e25e                SYS_3_13_11
                0x00004eb2                SYS_6_00_04
                0x000353a2                SYS_3_00_09
                0x0000a0c6                SYS_7_01_04_05
                0x000085dc                SYS_3_05
                0x0000e5ac                SYS_3_20_33
                0x00027a00                SYS_3_06_33
                0x0002fbf0                SYS_3_04_05
                0x00017924                SYS_3_17_34
                0x0002d5c8                SYS_3_04_42
                0x00027d18                SYS_3_06_30
                0x000252d0                SYS_3_07_00
                0x0001e156                SYS_3_14_00
                0x000077c6                SYS_5_00_04
                0x0002dbf8                SYS_3_04_36
                0x00023908                SYS_3_07_25
                0x00023f38                SYS_3_07_19
                0x0000501e                SYS_5_08_10
                0x000336b8                SYS_3_03_01
                0x00004d36                SYS_7_01
                0x0000f20c                SYS_3_20_21
                0x00008244                SYS_3_15
                0x00019814                SYS_3_17_04
                0x0001a36c                SYS_3_16_22
                0x00006b1e                SYS_5_03_01
                0x0002c650                SYS_3_05_04
                0x00015824                SYS_3_18_14
                0x00032740                SYS_3_03_16
                0x0002c128                SYS_3_05_09
                0x000358ca                SYS_3_00_04
                0x00017a2c                SYS_3_17_33
                0x0001427c                SYS_3_18_35
                0x00020470                SYS_3_10_10
                0x00004340                _cpy_flash2memory
                0x0000a436                SYS_7_01_02_05
                0x0002b9f0                SYS_3_05_16
                0x00011c54                SYS_3_19_22
                0x00012ee4                SYS_3_19_04
                0x000276e8                SYS_3_06_36
                0x00031f00                SYS_3_03_24
                0x0002c440                SYS_3_05_06
                0x000191e4                SYS_3_17_10
                0x00007e90                SYS_4_01
                0x0002a028                SYS_3_05_41
                0x00035be2                SYS_3_00_01
                0x000337c0                SYS_3_03_00
                0x00008974                SYS_6
                0x00029e18                SYS_3_05_43
                0x00033f02                SYS_3_02_03
                0x00024460                SYS_3_07_14
                0x0000478c                SYS_7_02_03
                0x00022fc0                SYS_3_08_05
                0x00006092                SYS_5_05_04
                0x0002d4c0                SYS_3_04_43
                0x00026560                SYS_3_06_53
                0x0000b39c                SYS_2_0_04
                0x0000b162                SYS_2_0_09
                0x00005606                SYS_5_07_07
                0x00030220                SYS_3_03_52
                0x00026da0                SYS_3_06_45
                0x00012494                SYS_3_19_14
                0x000273d0                SYS_3_06_39
                0x0000c5b4                SYS_3_22_06
                0x00007106                SYS_5_01_09
                0x0000cdf4                SYS_3_21_14
                0x0000667a                SYS_5_04_01
                0x000318d0                SYS_3_03_30
                0x00026980                SYS_3_06_49
                0x00011624                SYS_3_19_28
                0x0000e39c                SYS_3_20_35
                0x00028450                SYS_3_06_23
                0x00032848                SYS_3_03_15
                0x000083b4                SYS_3_11
                0x0001da14                SYS_3_14_07
                0x00006026                SYS_5_05_05
                0x00010acc                SYS_3_19_39
                0x0001b4f4                SYS_3_16_05
                0x000084c8                SYS_3_08
                0x00032428                SYS_3_03_19
                0x00021e38                SYS_3_09_02
                0x0001469c                SYS_3_18_31
                0x0000d10c                SYS_3_21_11
                0x00006386                SYS_5_04_08
                0x000255e8                SYS_3_06_68
                0x000257f8                SYS_3_06_66
                0x0001f2e8                SYS_3_12_03
                0x00016dcc                SYS_3_17_45
                0x0001d3e4                SYS_3_15_04
                0x000173fc                SYS_3_17_39
                0x0000775a                SYS_5_00_05
                0x00034e7a                SYS_3_00_14
                0x0002e858                SYS_3_04_24
                0x00020fc8                SYS_3_09_16
                0x0001e04e                SYS_3_14_01
                0x00008ff6                SYS_7_01_00_06
                0x00028b88                SYS_3_06_16
                0x00011e64                SYS_3_19_20
                0x00030640                SYS_3_03_48
                0x00006e7e                SYS_5_02_04
                0x000189a4                SYS_3_17_18
                0x00021b20                SYS_3_09_05
                0x0002f2a8                SYS_3_04_14
                0x0001b5fc                SYS_3_16_04
                0x00007b5e                SYS_5_03
                0x00020aa0                SYS_3_10_04
                0x00009090                SYS_7_02_04_06
                0x00022468                SYS_3_08_16
                0x00022a98                SYS_3_08_10
                0x00034742                SYS_3_01_05
                0x00014594                SYS_3_18_32
                0x0002daf0                SYS_3_04_37
                0x00015f5c                SYS_3_18_07
                0x000076ee                SYS_5_00_06
                0x0000d844                SYS_3_21_04
                0x0002baf8                SYS_3_05_15
                0x0001a99c                SYS_3_16_16
                0x0002c548                SYS_3_05_05
                0x00027e20                SYS_3_06_29
                0x0000bf84                SYS_3_23_03
                0x00021f40                SYS_3_09_01
                0x0002ff08                SYS_3_04_02
                0x0001ccac                SYS_3_15_11
                0x00021a18                SYS_3_09_06
                0x00013934                SYS_3_18_44
                0x0000588e                SYS_5_07_01
                0x0001c46c                SYS_3_15_19
                0x0000660e                SYS_5_04_02
                0x00025a08                SYS_3_06_64
                0x0000ebdc                SYS_3_20_27
                0x00012284                SYS_3_19_16
                0x000128b4                SYS_3_19_10
                0x000172f4                SYS_3_17_40
                0x00030f88                SYS_3_03_39
                0x00005312                SYS_5_08_03
                0x0001970c                SYS_3_17_05
                0x000291b8                SYS_3_06_10
                0x0000432a                SYS_password_clr
                0x00009a4a                SYS_7_02_01_06
                0x00030010                SYS_3_04_01
                0x0001b0d4                SYS_3_16_09
                0x0001406c                SYS_3_18_37
                0x00035ada                SYS_3_00_02
                0x000214f0                SYS_3_09_11
                0x00029f20                SYS_3_05_42
                0x0001d5f4                SYS_3_15_02
                0x00024b98                SYS_3_07_07
                0x00024eb0                SYS_3_07_04
                0x000297e8                SYS_3_06_04
                0x0002d8e0                SYS_3_04_39
                0x0000a9d0                SYS_2_2_07
                0x000109c4                SYS_3_19_40
                0x0001fe40                SYS_3_10_16
                0x0000ba5c                SYS_3_23_08
                0x00036530                SYS_1_2
                0x00033088                SYS_3_03_07
                0x0001340c                SYS_3_18_49
                0x00030e80                SYS_3_03_40
                0x00006f56                SYS_5_02_02
                0x00018bb4                SYS_3_17_16
                0x0001e996                SYS_3_13_04
                0x00006902                SYS_5_03_06
                0x00020578                SYS_3_10_09
                0x00032008                SYS_3_03_23
                0x00004fc2                SYS_6_00
                0x0001c994                SYS_3_15_14
                0x0000b0f0                SYS_2_0_10
                0x00014abc                SYS_3_18_27
                0x000054c2                SYS_5_07_10
                0x00034952                SYS_3_01_03
                0x00031090                SYS_3_03_38
                0x0000a27e                SYS_7_01_03_05
                0x000230c8                SYS_3_08_04
                0x0000dc64                SYS_3_21_00
                0x000046c2                SYS_0xFFFFFFFF
                0x00012fec                SYS_3_19_03
                0x00018aac                SYS_3_17_17
                0x0000c08c                SYS_3_23_02
                0x00018584                SYS_3_17_22
                0x00017e4c                SYS_3_17_29
                0x00026038                SYS_3_06_58
                0x0001f0d8                SYS_3_12_05
                0x0002ce90                SYS_3_04_49
                0x0000d004                SYS_3_21_12
                0x0001f708                SYS_3_11_06
                0x00028978                SYS_3_06_18
                0x00004dda                SYS_6_02_05
                0x0002a760                SYS_3_05_34
                0x0001361c                SYS_3_18_47
                0x00032110                SYS_3_03_22
                0x00022678                SYS_3_08_14
                0x00007c8e                SYS_4_02_3_4
                0x0000f524                SYS_3_20_18
                0x0000b246                SYS_2_0_07
                0x00026350                SYS_3_06_55
                0x0002f9e0                SYS_3_04_07
                0x000061d6                SYS_5_05_01
                0x00022258                SYS_3_08_18
                0x0001d6fc                SYS_3_15_01
                0x00014384                SYS_3_18_34
                0x000335b0                SYS_3_03_02
                0x000298f0                SYS_3_06_03
                0x0000d31c                SYS_3_21_09
                0x0000f104                SYS_3_20_22
                0x000075aa                SYS_5_00_09
                0x000048bc                SYS_7_02_01
                0x0000e294                SYS_3_20_36
                0x00008bb6                SYS_7_02_03_07
                0x0002d3b8                SYS_3_04_44
                0x0000696e                SYS_5_03_05
                0x0002fcf8                SYS_3_04_04
                0x0002de08                SYS_3_04_34
                0x00005d32                SYS_5_06_01
                0x000059d2                SYS_5_06_09
                0x00023d28                SYS_3_07_21
                0x000272c8                SYS_3_06_40
                0x0001fb28                SYS_3_11_02
                0x0003484a                SYS_3_01_04
                0x00012074                SYS_3_19_18
                0x0003508a                SYS_3_00_12
                0x00016274                SYS_3_18_04
                0x0002d9e8                SYS_3_04_38
                0x000296e0                SYS_3_06_05
                0x0000ac7c                SYS_2_2_01
                0x0000753e                SYS_5_00_10
                0x0001aaa4                SYS_3_16_15
                0x000082fc                SYS_3_13
                0x00019604                SYS_3_17_06
                0x000171ec                SYS_3_17_41
                0x0000709a                SYS_5_01_10
                0x000354aa                SYS_3_00_08
                0x00008694                SYS_3_03
                0x00008d8e                SYS_7_01_04_06
                0x00006242                SYS_5_05_00
                0x00027f28                SYS_3_06_28
                0x00006896                SYS_5_03_07
                0x00009bd0                SYS_7_02_01_05
                0x0000fe6c                SYS_3_20_09
                0x00025f30                SYS_3_06_59
                0x0000b480                SYS_2_0_02
                0x00007a2e                SYS_5_07
                0x00013c4c                SYS_3_18_41
                0x0001238c                SYS_3_19_15
                0x000150ec                SYS_3_18_21
                0x00025b10                SYS_3_06_63
                0x0001a15c                SYS_3_16_24
                0x000089d0                SYS_5
                0x0002bc00                SYS_3_05_14
                0x00008a2c                SYS_4
                0x00030c70                SYS_3_03_42
                0x0001c154                SYS_3_15_22
                0x0000add2                SYS_2_1_03
                0x00005456                SYS_5_08_00
                0x000233e0                SYS_3_08_01
                0x000190dc                SYS_3_17_11
                0x0002cd88                SYS_3_04_50
                0x0003605c                SYS_1_4
                0x0002f5c0                SYS_3_04_11
                0x000356ba                SYS_3_00_06
                0x0002e330                SYS_3_04_29
                0x0002ed80                SYS_3_04_19
                0x00020cb0                SYS_3_10_02
                0x00005672                SYS_5_07_06
                0x000317c8                SYS_3_03_31
                0x00009554                SYS_7_02_03_05
                0x00017f54                SYS_3_17_28
                0x00026c98                SYS_3_06_46
                0x0001f1e0                SYS_3_12_04
                0x00005bee                SYS_5_06_04
                0x0000b00c                SYS_2_0_12
                0x0001d0cc                SYS_3_15_07
                0x0000724a                SYS_5_01_06
                0x0000a7a6                SYS_7_01_00_05
                0x00007fc0                SYS_3_22
                0x00004ce4                SYS_7_02
                0x0000aeb6                SYS_2_1_01
                0x000231d0                SYS_3_08_03
                0x0001991c                SYS_3_17_03
                0x0001571c                SYS_3_18_15
                0x00011204                SYS_3_19_32
                0x0001049c                SYS_3_20_03
                0x00031cf0                SYS_3_03_26
                0x000064ca                SYS_5_04_05
                0x00030430                SYS_3_03_50
                0x0003442a                SYS_3_01_08
                0x0000dd6c                SYS_3_20_41
                0x0001e46e                SYS_3_13_09
                0x00004b1c                SYS_7_01_02
                0x000063f2                SYS_5_04_07
                0x0002b1b0                SYS_3_05_24
                0x0000ac0a                SYS_2_2_02
                0x000254e0                SYS_3_06_69
                0x0002ac88                SYS_3_05_29
                0x00011834                SYS_3_19_26
                0x00030a60                SYS_3_03_44
                0x0002b4c8                SYS_3_05_21
                0x00011d5c                SYS_3_19_21
                0x00033dfa                SYS_3_02_04
                0x00024148                SYS_3_07_17
                0x0002a238                SYS_3_05_39
                0x0002ec78                SYS_3_04_20
                0x0000e18c                SYS_3_20_37
                0x0000db5c                SYS_3_21_01
                0x00021700                SYS_3_09_09
                0x00022eb8                SYS_3_08_06
                0x000065a2                SYS_5_04_03
                0x0002ef90                SYS_3_04_17
                0x00008580                SYS_3_06
                0x00032638                SYS_3_03_17
                0x00020680                SYS_3_10_08
                0x0000574a                SYS_5_07_04
                0x0000c9d4                SYS_3_22_02
                0x0000559a                SYS_5_07_08
                0x00008b40                SYS_7_02_04_07
                0x00007e26                SYS_4_02
                0x000319d8                SYS_3_03_29
                0x000236f8                SYS_3_07_27
                0x0000fb54                SYS_3_20_12
                0x000151f4                SYS_3_18_20
                0x00009892                SYS_7_02_02_05
                0x00020ec0                SYS_3_10_00
                0x0000ab26                SYS_2_2_04
                0x00007ccc                SYS_4_01_3_4
                0x00028a80                SYS_3_06_17
                0x00008130                SYS_3_18
                0x0000537e                SYS_5_08_02
                0x00032950                SYS_3_03_14
                0x00009d88                SYS_7_02_00_06
                0x00028558                SYS_3_06_22
                0x00032218                SYS_3_03_21
                0x00013724                SYS_3_18_46
                0x000131fc                SYS_3_19_01
                0x0001adbc                SYS_3_16_12
                0x000234e8                SYS_3_08_00
                0x0001c364                SYS_3_15_20
                0x00007bf6                SYS_5_01
                0x00012cd4                SYS_3_19_06
                0x00026458                SYS_3_06_54
                0x0002c968                SYS_3_05_01
                0x0001c67c                SYS_3_15_17
                0x00014fe4                SYS_3_18_22
                0x00016cc4                SYS_3_17_46
                0x0001df46                SYS_3_14_02
                0x0001abac                SYS_3_16_14
                0x000362c6                SYS_1_3
                0x0003685c                SYS_1_0
                0x00005162                SYS_5_08_07
                0x00022570                SYS_3_08_15
                0x0001781c                SYS_3_17_35
                0x00013304                SYS_3_19_00
                0x00023c20                SYS_3_07_22
                0x00034322                SYS_3_01_09
                0x0000eef4                SYS_3_20_24
                0x0000da54                SYS_3_21_02
                0x00008918                SYS_7
                0x00024fb8                SYS_3_07_03
                0x00024358                SYS_3_07_15
                0x00008c2c                SYS_7_02_02_07
                0x00006eea                SYS_5_02_03
                0x00006cce                SYS_5_02_08
                0x0001a894                SYS_3_16_17
                0x0001cdb4                SYS_3_15_10
                0x0002d1a8                SYS_3_04_46
                0x00013e5c                SYS_3_18_39
                0x0000b32a                SYS_2_0_05
                0x000149b4                SYS_3_18_28
                0x00008ec2                SYS_7_01_02_06
                0x000295d8                SYS_3_06_06
                0x0000ece4                SYS_3_20_26
                0x000271c0                SYS_3_06_41
                0x000074d2                SYS_5_01_00
                0x00030958                SYS_3_03_45
                0x0002e750                SYS_3_04_25
                0x00024250                SYS_3_07_16
                0x0001c25c                SYS_3_15_21
                0x0001a474                SYS_3_16_21
                0x0001550c                SYS_3_18_17
                0x0000702e                SYS_5_02_00
                0x0002f098                SYS_3_04_16
                0x0001eba6                SYS_3_13_02
                0x0000682a                SYS_5_03_08
                0x0001826c                SYS_3_17_25
                0x000338c8                SYS_3_02_09
                0x0001aec4                SYS_3_16_11
                0x00028660                SYS_3_06_21
                0x000057b6                SYS_5_07_03
                0x00004370                _TEXT
                0x000107b4                SYS_3_20_00
                0x0002cf98                SYS_3_04_48
                0x00025c18                SYS_3_06_62
                0x000212e0                SYS_3_09_13
                0x0000645e                SYS_5_04_06
                0x00034f82                SYS_3_00_13
                0x0002ea68                SYS_3_04_22
                0x000290b0                SYS_3_06_11
                0x00015d4c                SYS_3_18_09
                0x00010cdc                SYS_3_19_37
                0x00007832                SYS_5_00_03
                0x000355b2                SYS_3_00_07
                0x0002b8e8                SYS_3_05_17
                0x00013d54                SYS_3_18_40
                0x00021910                SYS_3_09_07
                0x0002be10                SYS_3_05_12
                0x00018374                SYS_3_17_24
                0x0000b564                SYS_2_0_00
                0x0001259c                SYS_3_19_13
                0x00008860                SYS_2_1
                0x00005fba                SYS_5_05_06
                0x00032c68                SYS_3_03_11
                0x0000846c                SYS_3_09
                0x0000e7bc                SYS_3_20_31
                0x00028030                SYS_3_06_27
                0x0000be7c                SYS_3_23_04
                0x0002bf18                SYS_3_05_11
                0x0002f7d0                SYS_3_04_09
                0x0002a970                SYS_3_05_32
                0x00024988                SYS_3_07_09
                0x0000edec                SYS_3_20_25
                0x00023b18                SYS_3_07_23
                0x000053ea                SYS_5_08_01
                0x0002c860                SYS_3_05_02
                0x0001be3c                SYS_3_15_25
                0x00007b12                SYS_5_04
                0x0001b2e4                SYS_3_16_07
                0x0000c8cc                SYS_3_22_03
                0x000087a8                SYS_3_00
                0x0001c784                SYS_3_15_16
                0x0000f62c                SYS_3_20_17
                0x0001b914                SYS_3_16_01
                0x00004c4c                SYS_7_01_00
                0x00025e28                SYS_3_06_60
                0x0001868c                SYS_3_17_21
                0x00027b08                SYS_3_06_32
                0x00009f0e                SYS_7_02_00_05
                0x000333a0                SYS_3_03_04
                0x0002f6c8                SYS_3_04_10
                0x0000df7c                SYS_3_20_39
                0x00007616                SYS_5_00_08
                0x00024880                SYS_3_07_10
                0x00035df2                SYS_1_5
                0x0000874c                SYS_3_01
                0x0001889c                SYS_3_17_19
                0x000110fc                SYS_3_19_33
                0x00004f66                SYS_6_01
                0x0002dd00                SYS_3_04_35
                0x0000552e                SYS_5_07_09
                0x000312a0                SYS_3_03_36
                0x00005d9e                SYS_5_06_00
                0x0001f600                SYS_3_12_00
                0x0002eb70                SYS_3_04_21
                0x0000d424                SYS_3_21_08
                0x000072b6                SYS_5_01_05
                0x000062ae                SYS_5_04_10
                0x0002e648                SYS_3_04_26
                0x00005ee2                SYS_5_05_08
                0x0001637c                SYS_3_18_03
                0x000052a6                SYS_5_08_04
                0x00028240                SYS_3_06_25
                0x00006a46                SYS_5_03_03
                0x0001dc24                SYS_3_14_05
                0x000050f6                SYS_5_08_08
                0x000277f0                SYS_3_06_35
                0x00005966                SYS_5_06_10
                0x0002c338                SYS_3_05_07
                0x0001805c                SYS_3_17_27
                0x00006bf6                SYS_5_02_10
                0x00008ca2                SYS_7_02_01_07
                0x00023e30                SYS_3_07_20
                0x0002d0a0                SYS_3_04_47
                0x0002b5d0                SYS_3_05_20
                0x000211d8                SYS_3_09_14
                0x00019e44                SYS_3_16_27
                0x0001cebc                SYS_3_15_09
                0x0001193c                SYS_3_19_25
                0x00029d10                SYS_3_05_44
                0x0003421a                SYS_3_02_00
                0x00008078                SYS_3_20
                0x00010ff4                SYS_3_19_34
                0x00033cf2                SYS_3_02_05
                0x0001ecae                SYS_3_13_01
                0x00015614                SYS_3_18_16
                0x0001bd34                SYS_3_15_26
                0x0001382c                SYS_3_18_45
                0x00004e24                SYS_6_01_05
                0x00022780                SYS_3_08_13
                0x0000f734                SYS_3_20_16
                0x00005aaa                SYS_5_06_07
                0x00029b00                SYS_3_06_01
                0x0003463a                SYS_3_01_06
                0x0002aa78                SYS_3_05_31
                0x00008e28                SYS_7_01_03_06
                0x00028ea0                SYS_3_06_13
                0x00017b34                SYS_3_17_32
                0x0000d94c                SYS_3_21_03
                0x0003400a                SYS_3_02_02
                0x0002e438                SYS_3_04_28
                0x00004954                SYS_7_02_00
                0x0001edb6                SYS_3_13_00
                0x000106ac                SYS_3_20_01
                0x0000e084                SYS_3_20_38
                0x000105a4                SYS_3_20_02
                0x00004e6e                SYS_6_01_03
                0x0001b80c                SYS_3_16_02
                0x00020890                SYS_3_10_06
                0x00032530                SYS_3_03_18
                0x00013f64                SYS_3_18_38
                0x000147a4                SYS_3_18_30
                0x00026878                SYS_3_06_50
                0x0001ca9c                SYS_3_15_13
                0x0001d4ec                SYS_3_15_03
                0x0000c4ac                SYS_3_22_07
                0x0002e228                SYS_3_04_30
                0x00032b60                SYS_3_03_12
                0x0000a5ee                SYS_7_01_01_05
                0x000194fc                SYS_3_17_07
                0x000081e8                SYS_3_16
                0x00016484                SYS_3_18_02
                0x00018ecc                SYS_3_17_13
                0x000170e4                SYS_3_17_42
                0x00007976                SYS_5_00_00
                0x00028348                SYS_3_06_24
                0x00020260                SYS_3_10_12
                0x00008638                SYS_3_04
                0x0000c194                SYS_3_23_01
                0x0000b954                SYS_3_23_09
                0x0001bb24                SYS_3_15_28
                0x00010394                SYS_3_20_04
                0x0002cc80                SYS_3_04_51
                0x00022150                SYS_3_08_19
                0x0000b2b8                SYS_2_0_06
                0x000235f0                SYS_3_07_28
                0x0001efd0                SYS_3_12_06
                0x0000fd64                SYS_3_20_10
                0x00017504                SYS_3_17_38
                0x00024ca0                SYS_3_07_06
                0x000168a4                SYS_3_17_50
                0x0000b5d6                SYS_1
                0x00020db8                SYS_3_10_01
                0x00014edc                SYS_3_18_23
                0x00010eec                SYS_3_19_35
                0x00005e76                SYS_5_05_09
                0x0003679a                SYS_1_1
                0x0000790a                SYS_5_00_01
                0x00033298                SYS_3_03_05
                0x0002ab80                SYS_3_05_30
                0x0002a658                SYS_3_05_35
                0x00006fc2                SYS_5_02_01
                0x0001e88e                SYS_3_13_05
                0x00026770                SYS_3_06_51
                0x000315b8                SYS_3_03_33
                0x00026ea8                SYS_3_06_44
                0x00022990                SYS_3_08_11
                0x000313a8                SYS_3_03_35
                0x0002ae98                SYS_3_05_27
                0x00024da8                SYS_3_07_05
                0x0000e9cc                SYS_3_20_29
                0x000292c0                SYS_3_06_09
                0x00019b2c                SYS_3_17_01
                0x00007322                SYS_5_01_04
                0x0000acee                SYS_2_2_00
                0x00006d3a                SYS_5_02_07
                0x0003529a                SYS_3_00_10
                0x00015e54                SYS_3_18_08
                0x00007d0a                SYS_4_00_3_4
                0x00004d88                SYS_7_00
                0x0001dd2c                SYS_3_14_04
                0x00015c44                SYS_3_18_10
                0x000130f4                SYS_3_19_02
                0x0001d90c                SYS_3_14_08
                0x00005e0a                SYS_5_05_10
                0x0001cba4                SYS_3_15_12
                0x000079e2                SYS_5_08
                0x0001ba1c                SYS_3_16_00
                0x0001f4f8                SYS_3_12_01
                0x0001f810                SYS_3_11_05
                0x00004a84                SYS_7_01_03
                0x0000af9a                SYS_2_0_13
                0x00034c6a                SYS_3_01_00
                0x00011b4c                SYS_3_19_23
                0x00034112                SYS_3_02_01
                0x00030b68                SYS_3_03_43
                0x00028d98                SYS_3_06_14
                0x0000ad60                SYS_2_1_04
                0x0000ab98                SYS_2_2_03
                0x0001172c                SYS_3_19_27
                0x00028870                SYS_3_06_19
                0x00033bea                SYS_3_02_06
                0x0002e540                SYS_3_04_27
                0x00030850                SYS_3_03_46
                0x000067be                SYS_5_03_09
                0x00022ca8                SYS_3_08_08
                0x0000e8c4                SYS_3_20_30
                0x0002f1a0                SYS_3_04_15
                0x0002cb78                SYS_3_04_52
                0x00026248                SYS_3_06_56
                0x000093ce                SYS_7_02_03_06
                0x00005822                SYS_5_07_02
                0x0000e4a4                SYS_3_20_34
                0x00007efa                SYS_4_00
                0x000359d2                SYS_3_00_03
                0x0002d7d8                SYS_3_04_40
                0x0000b07e                SYS_2_0_11
                0x00025900                SYS_3_06_65
                0x00019f4c                SYS_3_16_26
                0x00007f64                SYS_3_23
                0x00011f6c                SYS_3_19_19
                0x0001a57c                SYS_3_16_20
                0x00016bbc                SYS_3_17_47
                0x00015a34                SYS_3_18_12
                0x000082a0                SYS_3_14
                0x000250c0                SYS_3_07_02
                0x000080d4                SYS_3_19
                0x00008d18                SYS_7_02_00_07
                0x00032f80                SYS_3_03_08
                0x0002c758                SYS_3_05_03
                0x00007d92                SYS_4_01_3
                0x0001e786                SYS_3_13_06
                0x0002fe00                SYS_3_04_03
                0x00028768                SYS_3_06_20
                0x00021d30                SYS_3_09_03
                0x0000b642                SYS_ParameterEdt
                0x00034d72                SYS_3_00_15
                0x00030328                SYS_3_03_51
                0x00030118                SYS_3_04_00
                0x00012ac4                SYS_3_19_08
                0x00035cea                SYS_3_00_00
                0x000213e8                SYS_3_09_12
                0x0001c88c                SYS_3_15_15
                0x000108bc                SYS_3_19_41
                0x00007ddc                SYS_4_00_3
                0x0002f8d8                SYS_3_04_08
                0x000357c2                SYS_3_00_05
                0x00005b16                SYS_5_06_06
                0x00007172                SYS_5_01_08
                0x0001760c                SYS_3_17_37
                0x00016064                SYS_3_18_06
                0x00016ed4                SYS_3_17_44
                0x000127ac                SYS_3_19_11
                0x000294d0                SYS_3_06_07
                0x000270b8                SYS_3_06_42
                0x0001e366                SYS_3_13_10
                0x000192ec                SYS_3_17_09
                0x00018fd4                SYS_3_17_12
                0x00013a3c                SYS_3_18_43
                0x000274d8                SYS_3_06_38
                0x0001b1dc                SYS_3_16_08
                0x0001c574                SYS_3_15_18
                0x00018794                SYS_3_17_20
                0x0002a130                SYS_3_05_40
                0x0001d804                SYS_3_15_00
                0x000071de                SYS_5_01_07
                0x0002afa0                SYS_3_05_26
                0x0001448c                SYS_3_18_33
                0x0001cfc4                SYS_3_15_08
                0x00024a90                SYS_3_07_08
                0x0002bd08                SYS_3_05_13
                0x0000d73c                SYS_3_21_05
                0x0001c04c                SYS_3_15_23
                0x0002a550                SYS_3_05_36
                0x00018dc4                SYS_3_17_14
                0x00010184                SYS_3_20_06
                0x0000970c                SYS_7_02_02_06
                0x00006c62                SYS_5_02_09
                0x0000bb64                SYS_3_23_07
                0x0001a684                SYS_3_16_19
                0x0002f3b0                SYS_3_04_13
                0x0001bc2c                SYS_3_15_27
                0x00007baa                SYS_5_02
                0x0000f41c                SYS_3_20_19
                0x0000b1d4                SYS_2_0_08
                0x0000b84c                SYS_3_23_10
                0x000126a4                SYS_3_19_12
                0x0002ca70                SYS_3_05_00
                0x00009216                SYS_7_02_04_05
                0x00031ae0                SYS_3_03_28
                0x0000effc                SYS_3_20_23
                0x00034b62                SYS_3_01_01
                0x00035192                SYS_3_00_11
                0x0000d52c                SYS_3_21_07
                0x00006e12                SYS_5_02_05
                0x00008ae4                SYS_2
                0x00024040                SYS_3_07_18
                0x0000d214                SYS_3_21_10
                0x00011414                SYS_3_19_30
                0x0000cadc                SYS_3_22_01
                0x0002f4b8                SYS_3_04_12
                0x00020158                SYS_3_10_13
                0x00008410                SYS_3_10
                0x00022db0                SYS_3_08_07
                0x00013514                SYS_3_18_48
                0x00008524                SYS_3_07
                0x0001130c                SYS_3_19_31
                0x0000c7c4                SYS_3_22_04
                0x000316c0                SYS_3_03_32
                0x000314b0                SYS_3_03_34
                0x000058fa                SYS_5_07_00
                0x00004bb4                SYS_7_01_01
                0x00027c10                SYS_3_06_31
                0x0001f3f0                SYS_3_12_02
                0x0000cefc                SYS_3_21_13
                0x000066e6                SYS_5_04_00
                0x0001616c                SYS_3_18_05
                0x000293c8                SYS_3_06_08
                0x0001d1d4                SYS_3_15_06
                0x00026fb0                SYS_3_06_43
                0x000334a8                SYS_3_03_03
                0x00032e78                SYS_3_03_09
                0x0001592c                SYS_3_18_13
                0x00015404                SYS_3_18_18
                0x0002b6d8                SYS_3_05_19
                0x0000cbe4                SYS_3_22_00
                0x00026668                SYS_3_06_52
                0x00004efc                SYS_6_02
                0x00004360                MainSYSTEM
                0x0000c6bc                SYS_3_22_05
                0x0000b4f2                SYS_2_0_01
                0x00013b44                SYS_3_18_42
                0x0001fd38                SYS_3_11_00
                0x0000ccec                SYS_3_21_15
                0x00031be8                SYS_3_03_27
                0x00005c5a                SYS_5_06_03
                0x000049ec                SYS_7_01_04
                0x00034532                SYS_3_01_07
                0x0001a054                SYS_3_16_25
                0x00017c3c                SYS_3_17_31
                0x00016ab4                SYS_3_17_48
                0x000232d8                SYS_3_08_02
                0x000193f4                SYS_3_17_08
                0x00016fdc                SYS_3_17_43
                0x000339d0                SYS_3_02_08
                0x00006ab2                SYS_5_03_02
                0x0002d2b0                SYS_3_04_45
                0x00004304                DisplayInit
                0x0002c230                SYS_3_05_08
                0x00014174                SYS_3_18_36
                0x0001fa20                SYS_3_11_03
                0x00005b82                SYS_5_06_05
                0x00028fa8                SYS_3_06_12
                0x0000fa4c                SYS_3_20_13
                0x00023a10                SYS_3_07_24
                0x00032a58                SYS_3_03_13
                0x00028c90                SYS_3_06_15
                0x0001a78c                SYS_3_16_18
                0x000069da                SYS_5_03_04
                0x0001007c                SYS_3_20_07
                0x0001b704                SYS_3_16_03
                0x0000616a                SYS_5_05_02
                0x0002ee88                SYS_3_04_18
                0x0001e576                SYS_3_13_08
                0x0001afcc                SYS_3_16_10
                0x00005a3e                SYS_5_06_08
                0x00012bcc                SYS_3_19_07
                0x000056de                SYS_5_07_05
                0x0000f83c                SYS_3_20_15
                0x00029c08                SYS_3_06_00
                0x00026b90                SYS_3_06_47
                0x0000fc5c                SYS_3_20_11
                0x0002e960                SYS_3_04_23
                0x00007d48                SYS_4_02_3
                0x00024670                SYS_3_07_12
                0x00014bc4                SYS_3_18_26
                0x0000aa42                SYS_2_2_06
                0x00007466                SYS_5_01_01
                0x0001679c                SYS_3_17_51
                0x00007682                SYS_5_00_07
                0x00020050                SYS_3_10_14
                0x000086f0                SYS_3_02
                0x00018cbc                SYS_3_17_15
                0x00022048                SYS_3_09_00
                0x00021c28                SYS_3_09_04
                0x00020998                SYS_3_10_05
                0x000275e0                SYS_3_06_37
                0x0002df10                SYS_3_04_33
                0x00022360                SYS_3_08_17
                0x00008f5c                SYS_7_01_01_06
                0x000299f8                SYS_3_06_02
                0x00011a44                SYS_3_19_24
                0x00005cc6                SYS_5_06_02
                0x000210d0                SYS_3_09_15
                0x00019c34                SYS_3_17_00
                0x000088bc                SYS_2_0
                0x0000738e                SYS_5_01_03
                0x0000d634                SYS_3_21_06
                0x0002ad90                SYS_3_05_28
                0x0001de3e                SYS_3_14_03
                0x0002b2b8                SYS_3_05_23
                0x0000af28                SYS_2_1_00
                0x0001acb4                SYS_3_16_13
                0x0001658c                SYS_3_18_01
                0x0001ff48                SYS_3_10_15
                0x000051ce                SYS_5_08_06
                0x0000bc6c                SYS_3_23_06
                0x0000c29c                SYS_3_23_00
                0x00007ac6                SYS_5_05
                0x00006b8a                SYS_5_03_00
                0x0000de74                SYS_3_20_40
                0x0002b0a8                SYS_3_05_25
                0x0001eebe                SYS_3_12_07
                0x0002d6d0                SYS_3_04_41
                0x000256f0                SYS_3_06_67
                0x00019a24                SYS_3_17_02
                0x0000a95e                SYS_2_2_08
                0x0002a340                SYS_3_05_38
                0x00010de4                SYS_3_19_36
                0x0002b3c0                SYS_3_05_22
                0x0001151c                SYS_3_19_29
                0x00006752                SYS_5_03_10
                0x00033ae2                SYS_3_02_07
                0x00032320                SYS_3_03_20
                0x0001db1c                SYS_3_14_06
                0x00022ba0                SYS_3_08_09
                0x00022888                SYS_3_08_12
                0x00006536                SYS_5_04_04
                0x0000b40e                SYS_2_0_03
                0x00026140                SYS_3_06_57
                0x0000f944                SYS_3_20_14
                0x0000b744                SYS_3_23_11
                0x00007a7a                SYS_5_06
                0x0000ead4                SYS_3_20_28
                0x00031198                SYS_3_03_37
                0x0001d2dc                SYS_3_15_05
                0x00034a5a                SYS_3_01_02
                0x00026a88                SYS_3_06_48
                0x00017d44                SYS_3_17_30
                0x0000508a                SYS_5_08_09
                0x000251c8                SYS_3_07_01
                0x00014dd4                SYS_3_18_24
                0x00004824                SYS_7_02_02
                0x0002b7e0                SYS_3_05_18
                0x0000e6b4                SYS_3_20_32
                0x00030d78                SYS_3_03_41
                0x0000523a                SYS_5_08_05
                0x0002c020                SYS_3_05_10
                0x0002fae8                SYS_3_04_06
                0x00025d20                SYS_3_06_61
                0x0001217c                SYS_3_19_17
                0x00016694                SYS_3_18_00
                0x00023800                SYS_3_07_26
                0x0002e120                SYS_3_04_31
                0x00015b3c                SYS_3_18_11
 .text          0x0003691e      0x514 rs232_MMItoPANEL.o
                0x00036942                WriteDataMem
                0x00036ca0                SCIC_Rx_process
                0x000369d6                __vector_25
                0x00036e00                __vector_27
                0x00036980                TX0_char
                0x00036960                ReadDataMem
                0x0003691e                UART_init
                0x00036990                CRC_16
                0x00036b76                SCIC_Tx_process
 .text          0x00036e32       0xb4 16by2CLCD.o
                0x00036eac                CLCD_string
                0x00036eca                CLCD_cursor_OFF
                0x00036e66                CLCD_command
                0x00036e8a                CLCD_initialize
                0x00036ed8                CLCD_cursor_ON
                0x00036e32                CLCD_BackLightOnOff
                0x00036e3e                CLCD_data
 .text          0x00036ee6        0x0 c:/winavr-20100110/bin/../lib/gcc/avr/4.3.3/avr6\libgcc.a(_divmodhi4.o)
 .text          0x00036ee6        0x0 c:/winavr-20100110/bin/../lib/gcc/avr/4.3.3/avr6\libgcc.a(_udivmodsi4.o)
 .text          0x00036ee6        0x0 c:/winavr-20100110/bin/../lib/gcc/avr/4.3.3/avr6\libgcc.a(_exit.o)
 .text          0x00036ee6        0x0 c:/winavr-20100110/bin/../lib/gcc/avr/4.3.3/avr6\libgcc.a(_clear_bss.o)
 .text          0x00036ee6        0x0 c:/winavr-20100110/bin/../lib/gcc/avr/4.3.3/avr6\libgcc.a(_udivmodhi4.o)
                0x00036ee6                . = ALIGN (0x2)
 *(.text.*)
 .text.libgcc   0x00036ee6       0x26 c:/winavr-20100110/bin/../lib/gcc/avr/4.3.3/avr6\libgcc.a(_divmodhi4.o)
                0x00036ee6                __divmodhi4
                0x00036ee6                _div
 .text.libgcc   0x00036f0c       0x44 c:/winavr-20100110/bin/../lib/gcc/avr/4.3.3/avr6\libgcc.a(_udivmodsi4.o)
                0x00036f0c                __udivmodsi4
 .text.libgcc   0x00036f50        0x0 c:/winavr-20100110/bin/../lib/gcc/avr/4.3.3/avr6\libgcc.a(_exit.o)
 .text.libgcc   0x00036f50        0x0 c:/winavr-20100110/bin/../lib/gcc/avr/4.3.3/avr6\libgcc.a(_clear_bss.o)
 .text.libgcc   0x00036f50       0x28 c:/winavr-20100110/bin/../lib/gcc/avr/4.3.3/avr6\libgcc.a(_udivmodhi4.o)
                0x00036f50                __udivmodhi4
                0x00036f78                . = ALIGN (0x2)
 *(.fini9)
 .fini9         0x00036f78        0x0 c:/winavr-20100110/bin/../lib/gcc/avr/4.3.3/avr6\libgcc.a(_exit.o)
                0x00036f78                exit
                0x00036f78                _exit
 *(.fini9)
 *(.fini8)
 *(.fini8)
 *(.fini7)
 *(.fini7)
 *(.fini6)
 *(.fini6)
 *(.fini5)
 *(.fini5)
 *(.fini4)
 *(.fini4)
 *(.fini3)
 *(.fini3)
 *(.fini2)
 *(.fini2)
 *(.fini1)
 *(.fini1)
 *(.fini0)
 .fini0         0x00036f78        0x4 c:/winavr-20100110/bin/../lib/gcc/avr/4.3.3/avr6\libgcc.a(_exit.o)
 *(.fini0)
                0x00036f7c                _etext = .

.data           0x00800200      0x21c load address 0x00036f7c
                0x00800200                PROVIDE (__data_start, .)
 *(.data)
 .data          0x00800200        0x0 c:/winavr-20100110/bin/../lib/gcc/avr/4.3.3/../../../../avr/lib/avr6/crtm2560.o
 .data          0x00800200       0x23 main.o
                0x00800222                _1s_Cnt
                0x0080021d                PacketCMD
                0x00800220                _200ms_Cnt
                0x00800221                _500ms_Cnt
                0x0080021f                _100ms_Cnt
                0x0080021e                _10ms_Cnt
 .data          0x00800223        0x0 util.o
 .data          0x00800223        0x0 debug_printf.o
 .data          0x00800223        0x4 key.o
                0x00800224                key_signal_B
                0x00800225                key_data
                0x00800223                key_signal_A
 .data          0x00800227      0x1f4 display.o
 .data          0x0080041b        0x0 rs232_MMItoPANEL.o
 .data          0x0080041b        0x1 16by2CLCD.o
                0x0080041b                posInpage
 .data          0x0080041c        0x0 c:/winavr-20100110/bin/../lib/gcc/avr/4.3.3/avr6\libgcc.a(_divmodhi4.o)
 .data          0x0080041c        0x0 c:/winavr-20100110/bin/../lib/gcc/avr/4.3.3/avr6\libgcc.a(_udivmodsi4.o)
 .data          0x0080041c        0x0 c:/winavr-20100110/bin/../lib/gcc/avr/4.3.3/avr6\libgcc.a(_exit.o)
 .data          0x0080041c        0x0 c:/winavr-20100110/bin/../lib/gcc/avr/4.3.3/avr6\libgcc.a(_clear_bss.o)
 .data          0x0080041c        0x0 c:/winavr-20100110/bin/../lib/gcc/avr/4.3.3/avr6\libgcc.a(_udivmodhi4.o)
 *(.data*)
 *(.rodata)
 *(.rodata*)
 *(.gnu.linkonce.d*)
                0x0080041c                . = ALIGN (0x2)
                0x0080041c                _edata = .
                0x0080041c                PROVIDE (__data_end, .)

.bss            0x0080041c      0x1bb
                0x0080041c                PROVIDE (__bss_start, .)
 *(.bss)
 .bss           0x0080041c        0x0 c:/winavr-20100110/bin/../lib/gcc/avr/4.3.3/../../../../avr/lib/avr6/crtm2560.o
 .bss           0x0080041c       0x13 main.o
                0x0080041d                TimeTic_1ms
                0x00800424                Toggle500ms
                0x00800422                TimeTic_1s
                0x0080042b                EventTimeB
                0x0080041f                TimeTic_100ms
                0x0080041e                TimeTic_10ms
                0x0080042c                EventTimeC
                0x00800421                TimeTic_500ms
                0x00800427                EventFlagC
                0x00800428                EventFlagD
                0x0080041c                TimerTicFlag
                0x00800425                EventFlagA
                0x0080042a                EventTimeA
                0x0080042e                EventTimeE
                0x00800420                TimeTic_200ms
                0x0080042d                EventTimeD
                0x00800426                EventFlagB
                0x00800423                Toggle10ms
                0x00800429                EventFlagE
 .bss           0x0080042f        0x0 util.o
 .bss           0x0080042f        0x2 debug_printf.o
 .bss           0x00800431        0x3 key.o
                0x00800433                LongKeyFlag
                0x00800431                key_press_time
 .bss           0x00800434       0x1a display.o
                0x00800437                password
                0x00800441                RunFlag
                0x0080043f                pass_pos
                0x00800435                Temporary
                0x00800443                Tset_pos
                0x00800442                StopFlag
                0x00800440                Edit_flag
                0x0080043b                _password
                0x00800446                edit_Temp
                0x00800434                RefreshFlag
                0x00800444                eeprom_addr
 .bss           0x0080044e        0xa rs232_MMItoPANEL.o
                0x00800450                RxAddr
                0x00800454                RxCRC
                0x0080044e                SciC_RxStep
                0x0080044f                SciC_RxFlag
                0x00800452                RxData
                0x00800456                SCI_TxOffset
 .bss           0x00800458        0x0 16by2CLCD.o
 .bss           0x00800458        0x0 c:/winavr-20100110/bin/../lib/gcc/avr/4.3.3/avr6\libgcc.a(_divmodhi4.o)
 .bss           0x00800458        0x0 c:/winavr-20100110/bin/../lib/gcc/avr/4.3.3/avr6\libgcc.a(_udivmodsi4.o)
 .bss           0x00800458        0x0 c:/winavr-20100110/bin/../lib/gcc/avr/4.3.3/avr6\libgcc.a(_exit.o)
 .bss           0x00800458        0x0 c:/winavr-20100110/bin/../lib/gcc/avr/4.3.3/avr6\libgcc.a(_clear_bss.o)
 .bss           0x00800458        0x0 c:/winavr-20100110/bin/../lib/gcc/avr/4.3.3/avr6\libgcc.a(_udivmodhi4.o)
 *(.bss*)
 *(COMMON)
 COMMON         0x00800458       0x6d main.o
                0x00800458                PacketBuf
                0x008004bc                Packet
                0x008004be                KeyState
                0x008004c1                data_flg
                0x008004c3                CRC
 COMMON         0x008004c5      0x109 display.o
                0x008004c5                text_buf
                0x008005c5                MenuDisplay
                0x008005c7                setTime
 COMMON         0x008005ce        0x9 rs232_MMItoPANEL.o
                0x008005ce                RXD0
                0x008005cf                RxBuf
                0x008005d7                PROVIDE (__bss_end, .)
                0x00036f7c                __data_load_start = LOADADDR (.data)
                0x00037198                __data_load_end = (__data_load_start + SIZEOF (.data))

.noinit         0x008005d7        0x0
                0x008005d7                PROVIDE (__noinit_start, .)
 *(.noinit*)
                0x008005d7                PROVIDE (__noinit_end, .)
                0x008005d7                _end = .
                0x008005d7                PROVIDE (__heap_start, .)

.eeprom         0x00810000        0x0
 *(.eeprom*)
                0x00810000                __eeprom_end = .

.fuse
 *(.fuse)
 *(.lfuse)
 *(.hfuse)
 *(.efuse)

.lock
 *(.lock*)

.signature
 *(.signature*)

.stab
 *(.stab)

.stabstr
 *(.stabstr)

.stab.excl
 *(.stab.excl)

.stab.exclstr
 *(.stab.exclstr)

.stab.index
 *(.stab.index)

.stab.indexstr
 *(.stab.indexstr)

.comment
 *(.comment)

.debug
 *(.debug)

.line
 *(.line)

.debug_srcinfo
 *(.debug_srcinfo)

.debug_sfnames
 *(.debug_sfnames)

.debug_aranges  0x00000000       0xe0
 *(.debug_aranges)
 .debug_aranges
                0x00000000       0x20 main.o
 .debug_aranges
                0x00000020       0x20 util.o
 .debug_aranges
                0x00000040       0x20 debug_printf.o
 .debug_aranges
                0x00000060       0x20 key.o
 .debug_aranges
                0x00000080       0x20 display.o
 .debug_aranges
                0x000000a0       0x20 rs232_MMItoPANEL.o
 .debug_aranges
                0x000000c0       0x20 16by2CLCD.o

.debug_pubnames
                0x00000000     0x403f
 *(.debug_pubnames)
 .debug_pubnames
                0x00000000      0x23c main.o
 .debug_pubnames
                0x0000023c       0x37 util.o
 .debug_pubnames
                0x00000273       0x4a debug_printf.o
 .debug_pubnames
                0x000002bd       0x95 key.o
 .debug_pubnames
                0x00000352     0x3b31 display.o
 .debug_pubnames
                0x00003e83      0x11a rs232_MMItoPANEL.o
 .debug_pubnames
                0x00003f9d       0xa2 16by2CLCD.o

.debug_info     0x00000000     0x66be
 *(.debug_info)
 .debug_info    0x00000000      0x43a main.o
 .debug_info    0x0000043a      0x102 util.o
 .debug_info    0x0000053c      0x2ac debug_printf.o
 .debug_info    0x000007e8      0x16b key.o
 .debug_info    0x00000953     0x56fd display.o
 .debug_info    0x00006050      0x4e2 rs232_MMItoPANEL.o
 .debug_info    0x00006532      0x18c 16by2CLCD.o
 *(.gnu.linkonce.wi.*)

.debug_abbrev   0x00000000      0x84e
 *(.debug_abbrev)
 .debug_abbrev  0x00000000      0x140 main.o
 .debug_abbrev  0x00000140       0xb1 util.o
 .debug_abbrev  0x000001f1      0x176 debug_printf.o
 .debug_abbrev  0x00000367       0xb0 key.o
 .debug_abbrev  0x00000417      0x1f3 display.o
 .debug_abbrev  0x0000060a      0x19e rs232_MMItoPANEL.o
 .debug_abbrev  0x000007a8       0xa6 16by2CLCD.o

.debug_line     0x00000000    0x1da00
 *(.debug_line)
 .debug_line    0x00000000      0x4d3 main.o
 .debug_line    0x000004d3      0x19e util.o
 .debug_line    0x00000671      0x216 debug_printf.o
 .debug_line    0x00000887      0x1a9 key.o
 .debug_line    0x00000a30    0x1c95a display.o
 .debug_line    0x0001d38a      0x4c3 rs232_MMItoPANEL.o
 .debug_line    0x0001d84d      0x1b3 16by2CLCD.o

.debug_frame    0x00000000     0x3a50
 *(.debug_frame)
 .debug_frame   0x00000000       0x70 main.o
 .debug_frame   0x00000070       0x40 util.o
 .debug_frame   0x000000b0       0x40 debug_printf.o
 .debug_frame   0x000000f0       0x40 key.o
 .debug_frame   0x00000130     0x3800 display.o
 .debug_frame   0x00003930       0xa0 rs232_MMItoPANEL.o
 .debug_frame   0x000039d0       0x80 16by2CLCD.o

.debug_str      0x00000000     0x31dc
 *(.debug_str)
 .debug_str     0x00000000      0x271 main.o
                                0x2aa (size before relaxing)
 .debug_str     0x00000271       0x43 util.o
                                 0x99 (size before relaxing)
 .debug_str     0x000002b4       0xd9 debug_printf.o
                                0x176 (size before relaxing)
 .debug_str     0x0000038d       0x5a key.o
                                0x12e (size before relaxing)
 .debug_str     0x000003e7     0x2c86 display.o
                               0x2e5a (size before relaxing)
 .debug_str     0x0000306d       0xe8 rs232_MMItoPANEL.o
                                0x1bd (size before relaxing)
 .debug_str     0x00003155       0x87 16by2CLCD.o
                                0x14d (size before relaxing)

.debug_loc      0x00000000      0xe27
 *(.debug_loc)
 .debug_loc     0x00000000       0x18 main.o
 .debug_loc     0x00000018       0x90 util.o
 .debug_loc     0x000000a8      0x367 debug_printf.o
 .debug_loc     0x0000040f      0x132 key.o
 .debug_loc     0x00000541      0x78e display.o
 .debug_loc     0x00000ccf       0xd1 rs232_MMItoPANEL.o
 .debug_loc     0x00000da0       0x87 16by2CLCD.o

.debug_macinfo
 *(.debug_macinfo)
OUTPUT(OK2560_BD.elf elf32-avr)
LOAD linker stubs
