Archive member included because of file (symbol)

c:/winavr-20100110/bin/../lib/gcc/avr/4.3.3/avr6\libgcc.a(_mulsi3.o)
                              display.o (__mulsi3)
c:/winavr-20100110/bin/../lib/gcc/avr/4.3.3/avr6\libgcc.a(_udivmodhi4.o)
                              display.o (__udivmodhi4)
c:/winavr-20100110/bin/../lib/gcc/avr/4.3.3/avr6\libgcc.a(_divmodhi4.o)
                              util.o (__divmodhi4)
c:/winavr-20100110/bin/../lib/gcc/avr/4.3.3/avr6\libgcc.a(_udivmodsi4.o)
                              debug_printf.o (__udivmodsi4)
c:/winavr-20100110/bin/../lib/gcc/avr/4.3.3/avr6\libgcc.a(_exit.o)
                              c:/winavr-20100110/bin/../lib/gcc/avr/4.3.3/../../../../avr/lib/avr6/crtm2560.o (exit)
c:/winavr-20100110/bin/../lib/gcc/avr/4.3.3/avr6\libgcc.a(_clear_bss.o)
                              main.o (__do_clear_bss)

Allocating common symbols
Common symbol       size              file

PAR_UP_DN_flg       0x1               rs232_MMItoPANEL.o
Para_count          0x2               rs232_MMItoPANEL.o
text_buf            0x100             display.o
Frame_StackPtr      0x1               rs232_MMItoPANEL.o
NewFrame_ByteCnt    0x1               rs232_MMItoPANEL.o
DATA_Sending_flg    0x1               rs232_MMItoPANEL.o
PacketBuf           0x64              main.o
RXD                 0x1               rs232_MMItoPANEL.o
Packet_StackPtr     0x1               rs232_MMItoPANEL.o
Packet              0x2               main.o
RXD_StackWritePtr   0x1               rs232_MMItoPANEL.o
NewFrame_StackPtr   0x1               rs232_MMItoPANEL.o
Run_Signal_flg      0x1               rs232_MMItoPANEL.o
old_naveMENU        0x4               display.o
TXD_StackWritePtr   0x1               rs232_MMItoPANEL.o
Comm_arry_ptr       0x2               rs232_MMItoPANEL.o
RRXD_Stack          0x37              rs232_MMItoPANEL.o
KeyState            0x4               main.o
RXD_StackReadPtr    0x1               rs232_MMItoPANEL.o
naviMENU            0x4               display.o
NewFrame_Detect     0x1               rs232_MMItoPANEL.o
Packet_Head         0x2               main.o
setTime             0x7               display.o
Frame_ByteCnt       0x1               rs232_MMItoPANEL.o
TXD_Stack           0x14              rs232_MMItoPANEL.o
ms_cnt              0x2               rs232_MMItoPANEL.o
TimeOut_Cnt         0x2               rs232_MMItoPANEL.o
err_cnt             0x2               rs232_MMItoPANEL.o
RXD_Stack           0x37              rs232_MMItoPANEL.o
s_reg               0x2               rs232_MMItoPANEL.o
NewFrame_Packet_State
                    0x1               rs232_MMItoPANEL.o
data_flg            0x2               main.o
TXD_StackReadPtr    0x1               rs232_MMItoPANEL.o
CRC                 0x2               main.o
Packet_ByteCnt      0x1               rs232_MMItoPANEL.o

Memory Configuration

Name             Origin             Length             Attributes
text             0x00000000         0x00100000         xr
data             0x00800200         0x0000fe00         rw !x
eeprom           0x00810000         0x00010000         rw !x
fuse             0x00820000         0x00000400         rw !x
lock             0x00830000         0x00000400         rw !x
signature        0x00840000         0x00000400         rw !x
*default*        0x00000000         0xffffffff

Linker script and memory map

Address of section .data set to 0x800200
LOAD c:/winavr-20100110/bin/../lib/gcc/avr/4.3.3/../../../../avr/lib/avr6/crtm2560.o
LOAD main.o
LOAD util.o
LOAD debug_printf.o
LOAD key.o
LOAD display.o
LOAD rs232_MMItoPANEL.o
LOAD 16by2CLCD.o
LOAD c:/winavr-20100110/bin/../lib/gcc/avr/4.3.3/avr6\libgcc.a
LOAD c:/winavr-20100110/bin/../lib/gcc/avr/4.3.3/../../../../avr/lib/avr6\libc.a
LOAD c:/winavr-20100110/bin/../lib/gcc/avr/4.3.3/avr6\libgcc.a

.hash
 *(.hash)

.dynsym
 *(.dynsym)

.dynstr
 *(.dynstr)

.gnu.version
 *(.gnu.version)

.gnu.version_d
 *(.gnu.version_d)

.gnu.version_r
 *(.gnu.version_r)

.rel.init
 *(.rel.init)

.rela.init
 *(.rela.init)

.rel.text
 *(.rel.text)
 *(.rel.text.*)
 *(.rel.gnu.linkonce.t*)

.rela.text
 *(.rela.text)
 *(.rela.text.*)
 *(.rela.gnu.linkonce.t*)

.rel.fini
 *(.rel.fini)

.rela.fini
 *(.rela.fini)

.rel.rodata
 *(.rel.rodata)
 *(.rel.rodata.*)
 *(.rel.gnu.linkonce.r*)

.rela.rodata
 *(.rela.rodata)
 *(.rela.rodata.*)
 *(.rela.gnu.linkonce.r*)

.rel.data
 *(.rel.data)
 *(.rel.data.*)
 *(.rel.gnu.linkonce.d*)

.rela.data
 *(.rela.data)
 *(.rela.data.*)
 *(.rela.gnu.linkonce.d*)

.rel.ctors
 *(.rel.ctors)

.rela.ctors
 *(.rela.ctors)

.rel.dtors
 *(.rel.dtors)

.rela.dtors
 *(.rela.dtors)

.rel.got
 *(.rel.got)

.rela.got
 *(.rela.got)

.rel.bss
 *(.rel.bss)

.rela.bss
 *(.rela.bss)

.rel.plt
 *(.rel.plt)

.rela.plt
 *(.rela.plt)

.text           0x00000000    0x2d81a
 *(.vectors)
 .vectors       0x00000000       0xe4 c:/winavr-20100110/bin/../lib/gcc/avr/4.3.3/../../../../avr/lib/avr6/crtm2560.o
                0x00000000                __vectors
                0x00000000                __vector_default
 *(.vectors)
 *(.progmem.gcc*)
 *(.progmem*)
 .progmem.data  0x000000e4     0x335d display.o
                0x00001c2f                PAGE_DIR_3_11_XX
                0x00003191                PAGE_DIR_5_XX
                0x00001dfa                PAGE_DIR_3_14_XX
                0x0000226d                PAGE_DIR_3_17_XX
                0x00001b0e                PAGE_DIR_3_10_XX
                0x00000b73                PAGE_DIR_3_04_XX
                0x000001d2                PAGE_DIR_2_X
                0x00002bfd                PAGE_DIR_3_20_XX
                0x000002f3                PAGE_DIR_2_1_XX
                0x00000205                PAGE_DIR_2_0_XX
                0x000003e1                PAGE_DIR_3_XX
                0x000016ac                PAGE_DIR_3_07_XX
                0x00000348                PAGE_DIR_2_2_XX
                0x00001d2e                PAGE_DIR_3_13_XX
                0x000007ee                PAGE_DIR_3_03_XX
                0x0000016c                PAGE_DIR_1_X
                0x00002ec7                PAGE_DIR_3_21_XX
                0x00002080                PAGE_DIR_3_16_XX
                0x0000313c                PAGE_DIR_4_XX_3_4
                0x00001ca6                PAGE_DIR_3_12_XX
                0x00002fd7                PAGE_DIR_3_22_XX
                0x00001899                PAGE_DIR_3_08_XX
                0x0000058a                PAGE_DIR_3_00_XX
                0x000000e4                PAGE_ROOT
                0x0000323b                PAGE_DIR_5_XX_XX
                0x000019ed                PAGE_DIR_3_09_XX
                0x00003301                PAGE_DIR_6_XX_XX
                0x00002933                PAGE_DIR_3_19_XX
                0x0000069a                PAGE_DIR_3_01_XX
                0x000011f5                PAGE_DIR_3_06_XX
                0x00000744                PAGE_DIR_3_02_XX
                0x000033a1                PAGE_DIR_7_XX_XX
                0x00001e93                PAGE_DIR_3_15_XX
                0x00000ef8                PAGE_DIR_3_05_XX
                0x00003070                PAGE_DIR_3_23_XX
                0x000025e1                PAGE_DIR_3_18_XX
                0x00003442                . = ALIGN (0x2)
 *fill*         0x00003441        0x1 00
                0x00003442                __trampolines_start = .
 *(.trampolines)
 .trampolines   0x00003442        0x0 linker stubs
 *(.trampolines*)
                0x00003442                __trampolines_end = .
 *(.jumptables)
 *(.jumptables*)
 *(.lowtext)
 *(.lowtext*)
                0x00003442                __ctors_start = .
 *(.ctors)
                0x00003442                __ctors_end = .
                0x00003442                __dtors_start = .
 *(.dtors)
                0x00003442                __dtors_end = .
 SORT(*)(.ctors)
 SORT(*)(.dtors)
 *(.init0)
 .init0         0x00003442        0x0 c:/winavr-20100110/bin/../lib/gcc/avr/4.3.3/../../../../avr/lib/avr6/crtm2560.o
                0x00003442                __init
 *(.init0)
 *(.init1)
 *(.init1)
 *(.init2)
 .init2         0x00003442       0x10 c:/winavr-20100110/bin/../lib/gcc/avr/4.3.3/../../../../avr/lib/avr6/crtm2560.o
 *(.init2)
 *(.init3)
 *(.init3)
 *(.init4)
 .init4         0x00003452       0x1a c:/winavr-20100110/bin/../lib/gcc/avr/4.3.3/../../../../avr/lib/avr6/crtm2560.o
                0x00003452                __do_copy_data
 .init4         0x0000346c       0x10 c:/winavr-20100110/bin/../lib/gcc/avr/4.3.3/avr6\libgcc.a(_clear_bss.o)
                0x0000346c                __do_clear_bss
 *(.init4)
 *(.init5)
 *(.init5)
 *(.init6)
 *(.init6)
 *(.init7)
 *(.init7)
 *(.init8)
 *(.init8)
 *(.init9)
 .init9         0x0000347c        0x8 c:/winavr-20100110/bin/../lib/gcc/avr/4.3.3/../../../../avr/lib/avr6/crtm2560.o
 *(.init9)
 *(.text)
 .text          0x00003484        0x4 c:/winavr-20100110/bin/../lib/gcc/avr/4.3.3/../../../../avr/lib/avr6/crtm2560.o
                0x00003484                __vector_38
                0x00003484                __vector_22
                0x00003484                __vector_28
                0x00003484                __vector_1
                0x00003484                __vector_34
                0x00003484                __vector_24
                0x00003484                __vector_12
                0x00003484                __vector_55
                0x00003484                __vector_46
                0x00003484                __bad_interrupt
                0x00003484                __vector_6
                0x00003484                __vector_31
                0x00003484                __vector_35
                0x00003484                __vector_39
                0x00003484                __vector_3
                0x00003484                __vector_23
                0x00003484                __vector_30
                0x00003484                __vector_45
                0x00003484                __vector_11
                0x00003484                __vector_54
                0x00003484                __vector_13
                0x00003484                __vector_19
                0x00003484                __vector_56
                0x00003484                __vector_7
                0x00003484                __vector_49
                0x00003484                __vector_41
                0x00003484                __vector_43
                0x00003484                __vector_5
                0x00003484                __vector_33
                0x00003484                __vector_47
                0x00003484                __vector_52
                0x00003484                __vector_37
                0x00003484                __vector_4
                0x00003484                __vector_44
                0x00003484                __vector_51
                0x00003484                __vector_9
                0x00003484                __vector_2
                0x00003484                __vector_21
                0x00003484                __vector_15
                0x00003484                __vector_36
                0x00003484                __vector_29
                0x00003484                __vector_40
                0x00003484                __vector_8
                0x00003484                __vector_26
                0x00003484                __vector_48
                0x00003484                __vector_14
                0x00003484                __vector_53
                0x00003484                __vector_10
                0x00003484                __vector_50
                0x00003484                __vector_16
                0x00003484                __vector_18
                0x00003484                __vector_20
                0x00003484                __vector_42
 .text          0x00003488      0x3bc main.o
                0x00003510                Timer_IntteruptSet
                0x00003488                MCU_initialize
                0x00003690                SystemEventAutoClear
                0x00003752                __vector_17
                0x00003558                SystemTimeTic
                0x0000377c                main
 .text          0x00003844      0x312 util.o
                0x0000387a                Delay_ms
                0x000038d0                inttoa
                0x00003844                Delay_us
 .text          0x00003b56      0x444 debug_printf.o
                0x00003b56                debug_devopen
                0x00003bae                debug_printf
 .text          0x00003f9a      0x168 key.o
                0x00003f9a                KeyInit
                0x00003fda                KeyScan
                0x00003fb8                KeyProc
 .text          0x00004102    0x28a24 display.o
                0x00016dfc                SYS_3_17_49
                0x0001428e                SYS_3_12
                0x00004668                PAGE_2_0_08
                0x000142e8                SYS_3_17
                0x0000a9be                PAGE_3_17_47
                0x00006300                PAGE_3_04_14
                0x0000a068                PAGE_3_16_26
                0x00014a88                SYS_3_03_06
                0x000101a8                PAGE_5_07_04
                0x00004140                irregularPAGE_handler
                0x00018178                SYS_5_00_02
                0x0001024c                PAGE_5_07_05
                0x00005bea                PAGE_3_03_29
                0x00010bde                PAGE_5_08_09
                0x0001580e                SYS_3_06_34
                0x0000d3ce                PAGE_5_00_09
                0x0000af54                PAGE_3_18_25
                0x00014bde                SYS_3_03_25
                0x00015fbe                SYS_3_09_10
                0x00016d12                SYS_3_17_36
                0x000046c8                PAGE_2_0_10
                0x0000c8a6                PAGE_3_23_02
                0x00009832                PAGE_3_15_11
                0x00016256                SYS_3_11_04
                0x00015066                SYS_3_04_32
                0x00013034                PAGE_7_02_04_06
                0x0001708c                SYS_3_18_29
                0x0000c020                PAGE_3_20_23
                0x0000bf90                PAGE_3_20_20
                0x0000c932                PAGE_3_23_05
                0x00012b86                PAGE_7_02_03_05
                0x0001adcc                SYS_Base_KeyFunction
                0x00006c26                PAGE_3_05_10
                0x000183ec                SYS_5_02_06
                0x00015bbe                SYS_3_07_11
                0x000058ea                PAGE_3_03_13
                0x000133d2                SYS_3
                0x00014ad0                SYS_3_03_10
                0x0001199c                PAGE_7_01_03_05
                0x0000af24                PAGE_3_18_24
                0x00016786                SYS_3_15_24
                0x00014d6a                SYS_3_03_47
                0x00016220                SYS_3_11_01
                0x00004f12                PAGE_3_23
                0x000169ce                SYS_3_16_23
                0x0000fc92                PAGE_5_06_07
                0x000154ca                SYS_3_05_37
                0x00006990                PAGE_3_04_49
                0x000163f2                SYS_3_13_03
                0x00015f9a                SYS_3_09_08
                0x0001577e                SYS_3_06_26
                0x00006900                PAGE_3_04_46
                0x00017502                SYS_3_19_38
                0x000056b0                PAGE_3_03_01
                0x0001610a                SYS_3_10_07
                0x000086d8                PAGE_3_08_08
                0x0001643a                SYS_3_13_07
                0x0000c646                PAGE_3_21_14
                0x0000b99a                PAGE_3_19_30
                0x0000a1de                PAGE_3_17_05
                0x000160c2                SYS_3_10_03
                0x0000a2fe                PAGE_3_17_11
                0x00006ec6                PAGE_3_05_24
                0x0000d09a                PAGE_5_00_04
                0x000172b0                SYS_3_19_05
                0x00009aa2                PAGE_3_15_24
                0x000059aa                PAGE_3_03_17
                0x0001689c                SYS_3_16_06
                0x0000baea                PAGE_3_19_37
                0x000050f8                PAGE_3_00_08
                0x000172f8                SYS_3_19_09
                0x0000ceb4                PAGE_5_00_01
                0x0000b104                PAGE_3_18_34
                0x00017ade                SYS_3_22_08
                0x0000e5a0                PAGE_5_03_04
                0x000057fa                PAGE_3_03_08
                0x00007aec                PAGE_3_06_44
                0x00005e5a                PAGE_3_03_42
                0x00015482                SYS_3_05_33
                0x00007dbc                PAGE_3_06_59
                0x0001828e                SYS_5_01_02
                0x00015be2                SYS_3_07_13
                0x00017044                SYS_3_18_25
                0x00015a96                SYS_3_06_70
                0x00014114                SYS_2_2_05
                0x00014330                SYS_3_21
                0x00018740                SYS_5_05_07
                0x00013fde                SYS_2_2
                0x00007d8c                PAGE_3_06_58
                0x00013f80                SYS_2_1_02
                0x00014d8e                SYS_3_03_49
                0x00008056                PAGE_3_07_02
                0x0000de9e                PAGE_5_02_04
                0x0000ddfc                PAGE_5_02_03
                0x00009df8                PAGE_3_16_13
                0x000089ce                PAGE_3_09_04
                0x0000cb92                PAGE_4_02_3
                0x00017b9a                SYS_3_23_05
                0x0001762a                SYS_3_20_08
                0x000175f4                SYS_3_20_05
                0x000186f8                SYS_5_05_03
                0x00016c28                SYS_3_17_23
                0x0000afe4                PAGE_3_18_28
                0x0001172a                PAGE_7_01_02_05
                0x0000d32a                PAGE_5_00_08
                0x0001803a                SYS_5_00
                0x0000c78c                PAGE_3_22_05
                0x00016c5e                SYS_3_17_26
                0x00007c0c                PAGE_3_06_50
                0x0000757c                PAGE_3_06_15
                0x00005f4a                PAGE_3_03_47
                0x00019a4e                SYS_7_02_04
                0x0000959c                PAGE_3_14_06
                0x0001864e                SYS_5_04_09
                0x0000caf0                PAGE_4_02
                0x000064e0                PAGE_3_04_24
                0x00009772                PAGE_3_15_07
                0x000078dc                PAGE_3_06_33
                0x0000f260                PAGE_5_05_02
                0x000058ba                PAGE_3_03_12
                0x00017702                SYS_3_20_20
                0x00016fd8                SYS_3_18_19
                0x00012980                PAGE_7_02_02_06
                0x00016a28                SYS_3_16_28
                0x00006690                PAGE_3_04_33
                0x00005624                PAGE_3_02_08
                0x0000739c                PAGE_3_06_05
                0x00016152                SYS_3_10_11
                0x00005654                PAGE_3_02_09
                0x000045d8                PAGE_2_0_05
                0x00016482                SYS_3_13_11
                0x0000c466                PAGE_3_21_04
                0x00018bfa                SYS_6_00_04
                0x0000fe7e                PAGE_5_06_10
                0x00008ea4                PAGE_3_10_13
                0x0000bb7a                PAGE_3_19_40
                0x0000ac84                PAGE_3_18_10
                0x0001446a                SYS_3_00_09
                0x00007c3c                PAGE_3_06_51
                0x000075ac                PAGE_3_06_16
                0x0001972c                SYS_7_01_04_05
                0x0000e830                PAGE_5_03_08
                0x00014210                SYS_3_05
                0x000177ec                SYS_3_20_33
                0x000157fc                SYS_3_06_33
                0x0000ba5a                PAGE_3_19_34
                0x00008678                PAGE_3_08_06
                0x00014e80                SYS_3_04_05
                0x00016cee                SYS_3_17_34
                0x0000ce14                PAGE_5_00_00
                0x00008202                PAGE_3_07_11
                0x0001511a                SYS_3_04_42
                0x000157c6                SYS_3_06_30
                0x00013188                PAGE_7_02_04_07
                0x00015ad0                SYS_3_07_00
                0x00014366                SYS_3_24
                0x00004984                PAGE_2_2_06
                0x000164bc                SYS_3_14_00
                0x0001819c                SYS_5_00_04
                0x000150ae                SYS_3_04_36
                0x00011fb0                PAGE_7_02_02
                0x00015cba                SYS_3_07_25
                0x00018ab8                SYS_5_08_10
                0x00015c4e                SYS_3_07_19
                0x00004eda                PAGE_3_22
                0x00014a2e                SYS_3_03_01
                0x00018d02                SYS_7_01
                0x00017714                SYS_3_20_21
                0x0000c380                PAGE_3_20_41
                0x000142c4                SYS_3_15
                0x00016ad2                SYS_3_17_04
                0x000169bc                SYS_3_16_22
                0x0000ffc2                PAGE_5_07_01
                0x00006d16                PAGE_3_05_15
                0x0000f590                PAGE_5_05_07
                0x000184a8                SYS_5_03_01
                0x00006d46                PAGE_3_05_16
                0x00016f7e                SYS_3_18_14
                0x00015278                SYS_3_05_04
                0x00014b3c                SYS_3_03_16
                0x0000904a                PAGE_3_11_05
                0x000152d2                SYS_3_05_09
                0x000048c8                PAGE_2_2_02
                0x000073cc                PAGE_3_06_06
                0x00014410                SYS_3_00_04
                0x0000c962                PAGE_3_23_06
                0x0000cc6e                PAGE_5_00
                0x00008bae                PAGE_3_09_14
                0x0000faa6                PAGE_5_06_04
                0x00016cdc                SYS_3_17_33
                0x0000ee8e                PAGE_5_04_07
                0x00005a9a                PAGE_3_03_22
                0x000170f8                SYS_3_18_35
                0x000053be                PAGE_3_01_05
                0x0000a4ae                PAGE_3_17_20
                0x00016140                SYS_3_10_10
                0x0001aed4                _cpy_flash2memory
                0x000083b2                PAGE_3_07_20
                0x000192d8                SYS_7_01_02_05
                0x0000a53e                PAGE_3_17_23
                0x000090da                PAGE_3_12_00
                0x0000956c                PAGE_3_14_05
                0x000055c4                PAGE_3_02_06
                0x00015350                SYS_3_05_16
                0x00006750                PAGE_3_04_37
                0x0000c496                PAGE_3_21_05
                0x0000c0b0                PAGE_3_20_26
                0x00005cda                PAGE_3_03_34
                0x000173e2                SYS_3_19_22
                0x0000fbee                PAGE_5_06_06
                0x0000c526                PAGE_3_21_08
                0x00009bbe                PAGE_3_16_01
                0x0001729e                SYS_3_19_04
                0x00015832                SYS_3_06_36
                0x00008e44                PAGE_3_10_11
                0x00014bcc                SYS_3_03_24
                0x0001529c                SYS_3_05_06
                0x00016b3e                SYS_3_17_10
                0x00009a12                PAGE_3_15_21
                0x00017d24                SYS_4_01
                0x00015512                SYS_3_05_41
                0x000143da                SYS_3_00_01
                0x0000b75a                PAGE_3_19_18
                0x00006fb6                PAGE_3_05_29
                0x0000b81a                PAGE_3_19_22
                0x000149f4                SYS_3_03_00
                0x0000b224                PAGE_3_18_40
                0x000135ee                SYS_6
                0x0000a74e                PAGE_3_17_34
                0x00015536                SYS_3_05_43
                0x00006450                PAGE_3_04_21
                0x00007cfc                PAGE_3_06_55
                0x000051b8                PAGE_3_00_12
                0x0001494e                SYS_3_02_03
                0x00008a5e                PAGE_3_09_07
                0x0000c3b0                PAGE_3_21_00
                0x000139a4                SYS_1_1_0
                0x0000bf30                PAGE_3_20_18
                0x0000ae34                PAGE_3_18_19
                0x00009dc8                PAGE_3_16_12
                0x00015bf4                SYS_3_07_14
                0x0001160c                PAGE_7_01_01_06
                0x00019a10                SYS_7_02_03
                0x00015dac                SYS_3_08_05
                0x00004276                PAGE_6
                0x0000b57a                PAGE_3_19_08
                0x0001870a                SYS_5_05_04
                0x00009b32                PAGE_3_15_27
                0x00015964                SYS_3_06_53
                0x0001512c                SYS_3_04_43
                0x00013dfe                SYS_2_0_09
                0x00013da4                SYS_2_0_04
                0x0001896c                SYS_5_07_07
                0x000074ec                PAGE_3_06_12
                0x00014dc4                SYS_3_03_52
                0x0000745c                PAGE_3_06_09
                0x000158d4                SYS_3_06_45
                0x00017352                SYS_3_19_14
                0x0000d8e4                PAGE_5_01_06
                0x0000c200                PAGE_3_20_33
                0x00015868                SYS_3_06_39
                0x00006150                PAGE_3_04_05
                0x00009d38                PAGE_3_16_09
                0x0001830c                SYS_5_01_09
                0x00017aba                SYS_3_22_06
                0x000179da                SYS_3_21_14
                0x00009456                PAGE_3_13_11
                0x000092d8                PAGE_3_13_03
                0x000185be                SYS_5_04_01
                0x00014c38                SYS_3_03_30
                0x0001591c                SYS_3_06_49
                0x000051e8                PAGE_3_00_13
                0x00006360                PAGE_3_04_16
                0x00005c4a                PAGE_3_03_31
                0x00005536                PAGE_3_02_03
                0x0000dad0                PAGE_5_01_09
                0x0000aaae                PAGE_3_18_00
                0x0000bdb0                PAGE_3_20_10
                0x0001744e                SYS_3_19_28
                0x00006660                PAGE_3_04_32
                0x00017810                SYS_3_20_35
                0x00015748                SYS_3_06_23
                0x00014b2a                SYS_3_03_15
                0x0000edea                PAGE_5_04_06
                0x000087c8                PAGE_3_08_13
                0x0001427c                SYS_3_11
                0x00016562                SYS_3_14_07
                0x00008858                PAGE_3_08_16
                0x0001871c                SYS_5_05_05
                0x00017514                SYS_3_19_39
                0x0001688a                SYS_3_16_05
                0x00014246                SYS_3_08
                0x00008ed4                PAGE_3_10_14
                0x000094e0                PAGE_3_14_02
                0x00010580                PAGE_5_07_10
                0x00014b72                SYS_3_03_19
                0x0000544e                PAGE_3_01_08
                0x00015f2e                SYS_3_09_02
                0x0000b93a                PAGE_3_19_28
                0x000170b0                SYS_3_18_31
                0x00006ef6                PAGE_3_05_25
                0x0000b074                PAGE_3_18_31
                0x0000c5e6                PAGE_3_21_12
                0x00004ab4                PAGE_3_03
                0x000179a4                SYS_3_21_11
                0x00004caa                PAGE_3_12
                0x0000b0d4                PAGE_3_18_33
                0x00010d5c                PAGE_6_01
                0x0001863c                SYS_5_04_08
                0x00015a72                SYS_3_06_68
                0x00010d26                PAGE_6_00
                0x00016312                SYS_3_12_03
                0x00015a4e                SYS_3_06_66
                0x00016db4                SYS_3_17_45
                0x0000b2b4                PAGE_3_18_43
                0x0001661e                SYS_3_15_04
                0x0000d5b6                PAGE_5_01_01
                0x00016d48                SYS_3_17_39
                0x000181ae                SYS_5_00_05
                0x00014fd6                SYS_3_04_24
                0x000144c4                SYS_3_00_14
                0x0001602a                SYS_3_09_16
                0x00006ad8                PAGE_3_05_03
                0x0000abf4                PAGE_3_18_07
                0x00004452                PAGE_2_0
                0x0000858e                PAGE_3_08_01
                0x0000f634                PAGE_5_05_08
                0x00019058                SYS_7_01_00_06
                0x000164f6                SYS_3_14_01
                0x00009712                PAGE_3_15_05
                0x000156ca                SYS_3_06_16
                0x00008a2e                PAGE_3_09_06
                0x000173be                SYS_3_19_20
                0x00014d7c                SYS_3_03_48
                0x000183c8                SYS_5_02_04
                0x00008142                PAGE_3_07_07
                0x00016bce                SYS_3_17_18
                0x0000bb1a                PAGE_3_19_38
                0x00015f64                SYS_3_09_05
                0x00014f22                SYS_3_04_14
                0x0000457a                PAGE_2_0_03
                0x00006270                PAGE_3_04_11
                0x00016878                SYS_3_16_04
                0x00018098                SYS_5_03
                0x0000c7ec                PAGE_3_22_07
                0x0001187e                PAGE_7_01_02_06
                0x000160d4                SYS_3_10_04
                0x00006810                PAGE_3_04_41
                0x00005332                PAGE_3_01_02
                0x0000dcb8                PAGE_5_02_01
                0x0000bc34                PAGE_3_20_02
                0x0000bcc0                PAGE_3_20_05
                0x0000abc4                PAGE_3_18_06
                0x0000a65e                PAGE_3_17_29
                0x0001ab80                SYS_7_02_04_06
                0x00015e72                SYS_3_08_16
                0x0000a56e                PAGE_3_17_24
                0x00015e06                SYS_3_08_10
                0x0000a47e                PAGE_3_17_19
                0x0001486e                SYS_3_01_05
                0x000047b4                PAGE_2_1_01
                0x000065d0                PAGE_3_04_29
                0x000170c2                SYS_3_18_32
                0x00016f00                SYS_3_18_07
                0x000150c0                SYS_3_04_37
                0x00009f78                PAGE_3_16_21
                0x0000cde4                PAGE_5_08
                0x000181c0                SYS_5_00_06
                0x00006390                PAGE_3_04_17
                0x00006fe6                PAGE_3_05_30
                0x00017926                SYS_3_21_04
                0x0001533e                SYS_3_05_15
                0x0000796c                PAGE_3_06_36
                0x00016950                SYS_3_16_16
                0x000104dc                PAGE_5_07_09
                0x0000bbaa                PAGE_3_19_41
                0x00006120                PAGE_3_04_04
                0x0000b4ea                PAGE_3_19_05
                0x0000ada4                PAGE_3_18_16
                0x0000ec00                PAGE_5_04_03
                0x00008d84                PAGE_3_10_07
                0x0001528a                SYS_3_05_05
                0x000157b4                SYS_3_06_29
                0x0000e78c                PAGE_5_03_07
                0x00008918                PAGE_3_09_00
                0x0000420a                PAGE_4
                0x00017b76                SYS_3_23_03
                0x00015f1c                SYS_3_09_01
                0x00009c48                PAGE_3_16_04
                0x0001669c                SYS_3_15_11
                0x00014e4a                SYS_3_04_02
                0x00015f76                SYS_3_09_06
                0x0001719a                SYS_3_18_44
                0x00018900                SYS_5_07_01
                0x0001672c                SYS_3_15_19
                0x00009396                PAGE_3_13_07
                0x000185d0                SYS_5_04_02
                0x000069c0                PAGE_3_04_50
                0x000091c0                PAGE_3_12_05
                0x00007f3c                PAGE_3_06_67
                0x00017780                SYS_3_20_27
                0x00015a2a                SYS_3_06_64
                0x00017376                SYS_3_19_16
                0x00010e38                PAGE_6_01_05
                0x0000a77e                PAGE_3_17_35
                0x0001730a                SYS_3_19_10
                0x00016d5a                SYS_3_17_40
                0x00009190                PAGE_3_12_04
                0x0000e1d2                PAGE_5_02_09
                0x00014cda                SYS_3_03_39
                0x00008322                PAGE_3_07_17
                0x00018a3a                SYS_5_08_03
                0x00016ae4                SYS_3_17_05
                0x00006840                PAGE_3_04_42
                0x0001565e                SYS_3_06_10
                0x000076cc                PAGE_3_06_22
                0x0001adaa                SYS_password_clr
                0x00010c82                PAGE_5_08_10
                0x0001a028                SYS_7_02_01_06
                0x00014e38                SYS_3_04_01
                0x00008fbe                PAGE_3_11_02
                0x0000600a                PAGE_3_03_51
                0x00010ea8                PAGE_7_00
                0x0000c140                PAGE_3_20_29
                0x0001277a                PAGE_7_02_01_07
                0x000168d2                SYS_3_16_09
                0x0001711c                SYS_3_18_37
                0x000143ec                SYS_3_00_02
                0x00015fd0                SYS_3_09_11
                0x0000c170                PAGE_3_20_30
                0x00015524                SYS_3_05_42
                0x000048f6                PAGE_2_2_03
                0x000165fa                SYS_3_15_02
                0x00006a50                PAGE_3_05_00
                0x0000f8c0                PAGE_5_06_01
                0x00004788                PAGE_2_1_00
                0x00015b76                SYS_3_07_07
                0x000079cc                PAGE_3_06_38
                0x00015b40                SYS_3_07_04
                0x000155f2                SYS_3_06_04
                0x000150e4                SYS_3_04_39
                0x0000b60a                PAGE_3_19_11
                0x00014138                SYS_2_2_07
                0x0000b1c4                PAGE_3_18_38
                0x00017526                SYS_3_19_40
                0x0000b69a                PAGE_3_19_14
                0x000161ac                SYS_3_10_16
                0x00017bd0                SYS_3_23_08
                0x00013a58                SYS_1_2
                0x00014a9a                SYS_3_03_07
                0x0000b3a4                PAGE_3_18_48
                0x00005b8a                PAGE_3_03_27
                0x000171f4                SYS_3_18_49
                0x00014cec                SYS_3_03_40
                0x000183a4                SYS_5_02_02
                0x0000db74                PAGE_5_01_10
                0x00016baa                SYS_3_17_16
                0x00016404                SYS_3_13_04
                0x0000dfe6                PAGE_5_02_06
                0x00018502                SYS_5_03_06
                0x000074bc                PAGE_3_06_11
                0x0001612e                SYS_3_10_09
                0x00004a14                PAGE_3_00
                0x00009eb8                PAGE_3_16_17
                0x00014bba                SYS_3_03_23
                0x00018af2                SYS_6_00
                0x00006f86                PAGE_3_05_28
                0x0000aa4e                PAGE_3_17_50
                0x0000e3ba                PAGE_5_03_01
                0x000166d2                SYS_3_15_14
                0x0000a1ae                PAGE_3_17_04
                0x0000a124                PAGE_3_17_01
                0x00013e10                SYS_2_0_10
                0x00017068                SYS_3_18_27
                0x000189a2                SYS_5_07_10
                0x000106c4                PAGE_5_08_01
                0x0001484a                SYS_3_01_03
                0x00014cc8                SYS_3_03_38
                0x0001282c                PAGE_7_02_02_05
                0x00019502                SYS_7_01_03_05
                0x0000b374                PAGE_3_18_47
                0x000085bc                PAGE_3_08_02
                0x00009922                PAGE_3_15_16
                0x00005068                PAGE_3_00_05
                0x00015d9a                SYS_3_08_04
                0x000178b6                SYS_3_21_00
                0x0000573a                PAGE_3_03_04
                0x0001ad74                SYS_0xFFFFFFFF
                0x0000a89e                PAGE_3_17_41
                0x0001728c                SYS_3_19_03
                0x00016bbc                SYS_3_17_17
                0x00017b64                SYS_3_23_02
                0x00009b02                PAGE_3_15_26
                0x00016c16                SYS_3_17_22
                0x0000594a                PAGE_3_03_15
                0x00016c94                SYS_3_17_29
                0x000159be                SYS_3_06_58
                0x00016336                SYS_3_12_05
                0x00015198                SYS_3_04_49
                0x000179b6                SYS_3_21_12
                0x00009306                PAGE_3_13_04
                0x000070a6                PAGE_3_05_34
                0x00007076                PAGE_3_05_33
                0x00007b4c                PAGE_3_06_46
                0x00008442                PAGE_3_07_23
                0x0001627a                SYS_3_11_06
                0x00018c8a                SYS_6_02_05
                0x000156ee                SYS_3_06_18
                0x000088b8                PAGE_3_08_18
                0x00007226                PAGE_3_05_42
                0x000080b2                PAGE_3_07_04
                0x00015494                SYS_3_05_34
                0x00008972                PAGE_3_09_02
                0x000171d0                SYS_3_18_47
                0x00014ba8                SYS_3_03_22
                0x00015e4e                SYS_3_08_14
                0x00008232                PAGE_3_07_12
                0x0000541e                PAGE_3_01_07
                0x0000d472                PAGE_5_00_10
                0x00018004                SYS_4_02_3_4
                0x0000c72e                PAGE_3_22_03
                0x000176de                SYS_3_20_18
                0x00013dda                SYS_2_0_07
                0x00015988                SYS_3_06_55
                0x00005eea                PAGE_3_03_45
                0x000186d4                SYS_5_05_01
                0x00014ea4                SYS_3_04_07
                0x00015e96                SYS_3_08_18
                0x000165e8                SYS_3_15_01
                0x000170e6                SYS_3_18_34
                0x00006540                PAGE_3_04_26
                0x00005dca                PAGE_3_03_39
                0x0000cc36                PAGE_4_02_3_4
                0x000155e0                SYS_3_06_03
                0x00014a40                SYS_3_03_02
                0x000097d2                PAGE_3_15_09
                0x00017980                SYS_3_21_09
                0x0000433a                PAGE_1_1
                0x00006bc6                PAGE_3_05_08
                0x0000ace4                PAGE_3_18_12
                0x00017726                SYS_3_20_22
                0x00019994                SYS_7_02_01
                0x000181f6                SYS_5_00_09
                0x0001139a                PAGE_7_01_00_06
                0x00017822                SYS_3_20_36
                0x0000bea0                PAGE_3_20_15
                0x0001a956                SYS_7_02_03_07
                0x0001513e                SYS_3_04_44
                0x000184f0                SYS_5_03_05
                0x0000603a                PAGE_3_03_52
                0x00014e6e                SYS_3_04_04
                0x0001887a                SYS_5_06_09
                0x000187ea                SYS_5_06_01
                0x0001508a                SYS_3_04_34
                0x00015c72                SYS_3_07_21
                0x00016232                SYS_3_11_02
                0x0001587a                SYS_3_06_40
                0x00011d62                PAGE_7_01_04_06
                0x0001485c                SYS_3_01_04
                0x0001739a                SYS_3_19_18
                0x000144a0                SYS_3_00_12
                0x000044f2                PAGE_2_0_00
                0x00016eca                SYS_3_18_04
                0x00018208                SYS_5_00_10
                0x00015604                SYS_3_06_05
                0x000150d2                SYS_3_04_38
                0x000140cc                SYS_2_2_01
                0x0000c290                PAGE_3_20_36
                0x00007eac                PAGE_3_06_64
                0x000077bc                PAGE_3_06_27
                0x00007e7c                PAGE_3_06_63
                0x0000778c                PAGE_3_06_26
                0x0001693e                SYS_3_16_15
                0x000142a0                SYS_3_13
                0x00016af6                SYS_3_17_06
                0x000045a8                PAGE_2_0_04
                0x0000a92e                PAGE_3_17_44
                0x0000a098                PAGE_3_16_27
                0x00016d6c                SYS_3_17_41
                0x00006096                PAGE_3_04_01
                0x0001831e                SYS_5_01_10
                0x000102f0                PAGE_5_07_06
                0x0000e276                PAGE_5_02_10
                0x00014458                SYS_3_00_08
                0x000141ec                SYS_3_03
                0x00019900                SYS_7_01_04_06
                0x0001869a                SYS_5_05_00
                0x000157a2                SYS_3_06_28
                0x00010a96                PAGE_5_08_07
                0x00019e54                SYS_7_02_01_05
                0x00018514                SYS_5_03_07
                0x0001763c                SYS_3_20_09
                0x000159d0                SYS_3_06_59
                0x00013d80                SYS_2_0_02
                0x0000cab8                PAGE_4_01
                0x000180e0                SYS_5_07
                0x00017164                SYS_3_18_41
                0x00017364                SYS_3_19_15
                0x0000c902                PAGE_3_23_04
                0x00009802                PAGE_3_15_10
                0x0000ccc8                PAGE_5_02
                0x00004c72                PAGE_3_11
                0x00010766                PAGE_5_08_02
                0x0000a3ee                PAGE_3_17_16
                0x000046f8                PAGE_2_0_11
                0x00016ffc                SYS_3_18_21
                0x000081a2                PAGE_3_07_09
                0x00015a18                SYS_3_06_63
                0x0000bfc0                PAGE_3_20_21
                0x0000ad74                PAGE_3_18_15
                0x0000a80e                PAGE_3_17_38
                0x00012e2e                PAGE_7_02_03_07
                0x000169e0                SYS_3_16_24
                0x0000c110                PAGE_3_20_28
                0x0001353a                SYS_5
                0x0001532c                SYS_3_05_14
                0x000042e2                PAGE_1_0
                0x00013486                SYS_4
                0x00014d10                SYS_3_03_42
                0x00016762                SYS_3_15_22
                0x00013f92                SYS_2_1_03
                0x00009134                PAGE_3_12_02
                0x000189dc                SYS_5_08_00
                0x00015d64                SYS_3_08_01
                0x0000fd36                PAGE_5_06_08
                0x00016b50                SYS_3_17_11
                0x000151aa                SYS_3_04_50
                0x00013b6c                SYS_1_4
                0x00014eec                SYS_3_04_11
                0x00014434                SYS_3_00_06
                0x00009c1a                PAGE_3_16_03
                0x00005faa                PAGE_3_03_49
                0x00005684                PAGE_3_03_00
                0x00015030                SYS_3_04_29
                0x00006930                PAGE_3_04_47
                0x00014f7c                SYS_3_04_19
                0x000160b0                SYS_3_10_02
                0x0000570c                PAGE_3_03_03
                0x00006e36                PAGE_3_05_21
                0x0000a2ce                PAGE_3_17_10
                0x00006c86                PAGE_3_05_12
                0x0000a23e                PAGE_3_17_07
                0x0001895a                SYS_5_07_06
                0x00009a72                PAGE_3_15_23
                0x0001a5e4                SYS_7_02_03_05
                0x00014c4a                SYS_3_03_31
                0x00016c82                SYS_3_17_28
                0x000158e6                SYS_3_06_46
                0x00016324                SYS_3_12_04
                0x00018820                SYS_5_06_04
                0x00013e34                SYS_2_0_12
                0x00007abc                PAGE_3_06_43
                0x0000cbc8                PAGE_4_00_3_4
                0x0000b6fa                PAGE_3_19_16
                0x00005e2a                PAGE_3_03_41
                0x00016654                SYS_3_15_07
                0x00005eba                PAGE_3_03_44
                0x0000ccf6                PAGE_5_03
                0x000182d6                SYS_5_01_06
                0x00018e84                SYS_7_01_00_05
                0x00014342                SYS_3_22
                0x0000a8fe                PAGE_3_17_43
                0x00018d14                SYS_7_02
                0x00013f6e                SYS_2_1_01
                0x00007d5c                PAGE_3_06_57
                0x00015d88                SYS_3_08_03
                0x0000a9ee                PAGE_3_17_48
                0x000064b0                PAGE_3_04_23
                0x000088e8                PAGE_3_08_19
                0x00016ac0                SYS_3_17_03
                0x00009e28                PAGE_3_16_14
                0x0000ff22                PAGE_5_07_00
                0x00006da6                PAGE_3_05_18
                0x0000dd5a                PAGE_5_02_02
                0x00016f90                SYS_3_18_15
                0x0000f3a4                PAGE_5_05_04
                0x0000b51a                PAGE_3_19_06
                0x0000c40a                PAGE_3_21_02
                0x00004fae                PAGE_3_00_01
                0x00017496                SYS_3_19_32
                0x000175d0                SYS_3_20_03
                0x0000af84                PAGE_3_18_26
                0x00018606                SYS_5_04_05
                0x00014bf0                SYS_3_03_26
                0x00014da0                SYS_3_03_50
                0x0000c75c                PAGE_3_22_04
                0x000148a4                SYS_3_01_08
                0x0000754c                PAGE_3_06_14
                0x0001787c                SYS_3_20_41
                0x00004aea                PAGE_3_04
                0x000095cc                PAGE_3_14_07
                0x00018dca                SYS_7_01_02
                0x0001645e                SYS_3_13_09
                0x0000d79c                PAGE_5_01_04
                0x000095fc                PAGE_3_14_08
                0x000061b0                PAGE_3_04_07
                0x0000b014                PAGE_3_18_29
                0x00010d94                PAGE_6_02
                0x0001862a                SYS_5_04_07
                0x000153e0                SYS_3_05_24
                0x00011e80                PAGE_7_02_00
                0x00006510                PAGE_3_04_25
                0x000140de                SYS_2_2_02
                0x000078ac                PAGE_3_06_32
                0x00015a84                SYS_3_06_69
                0x00009892                PAGE_3_15_13
                0x0001742a                SYS_3_19_26
                0x0001543a                SYS_3_05_29
                0x0000f1be                PAGE_5_05_01
                0x00009fa8                PAGE_3_16_22
                0x0000591a                PAGE_3_03_14
                0x0000787c                PAGE_3_06_31
                0x00014d34                SYS_3_03_44
                0x0000ab08                PAGE_3_18_02
                0x00011116                PAGE_7_01_03
                0x0000c050                PAGE_3_20_24
                0x0000be10                PAGE_3_20_12
                0x0000ae94                PAGE_3_18_21
                0x000173d0                SYS_3_19_21
                0x000153aa                SYS_3_05_21
                0x000066c0                PAGE_3_04_34
                0x00015c2a                SYS_3_07_17
                0x00014960                SYS_3_02_04
                0x00008e74                PAGE_3_10_12
                0x000154ee                SYS_3_05_39
                0x00006e06                PAGE_3_05_20
                0x0000b314                PAGE_3_18_45
                0x00014f8e                SYS_3_04_20
                0x000178f0                SYS_3_21_01
                0x00017834                SYS_3_20_37
                0x00007ccc                PAGE_3_06_54
                0x0000763c                PAGE_3_06_19
                0x00015fac                SYS_3_09_09
                0x00015dbe                SYS_3_08_06
                0x000185e2                SYS_5_04_03
                0x00014f58                SYS_3_04_17
                0x00014222                SYS_3_06
                0x0000ba2a                PAGE_3_19_33
                0x0000a20e                PAGE_3_17_06
                0x00014b4e                SYS_3_03_17
                0x00009686                PAGE_3_15_02
                0x0001611c                SYS_3_10_08
                0x0000cf56                PAGE_5_00_02
                0x00018936                SYS_5_07_04
                0x0000d13e                PAGE_5_00_05
                0x00017a72                SYS_3_22_02
                0x00008648                PAGE_3_08_05
                0x000059da                PAGE_3_03_18
                0x0001897e                SYS_5_07_08
                0x00012626                PAGE_7_02_01_06
                0x0000baba                PAGE_3_19_36
                0x0000b8da                PAGE_3_19_26
                0x0001ad1e                SYS_7_02_04_07
                0x00017e08                SYS_4_02
                0x00008c0e                PAGE_3_09_16
                0x0000b134                PAGE_3_18_35
                0x00014c26                SYS_3_03_29
                0x00017672                SYS_3_20_12
                0x00015cde                SYS_3_07_27
                0x0000582a                PAGE_3_03_09
                0x00016fea                SYS_3_18_20
                0x0001a21c                SYS_7_02_02_05
                0x0000a6be                PAGE_3_17_31
                0x0000451e                PAGE_2_0_01
                0x00012048                PAGE_7_02_03
                0x00016064                SYS_3_10_00
                0x00007166                PAGE_3_05_38
                0x00009220                PAGE_3_12_07
                0x00014102                SYS_2_2_04
                0x00017fce                SYS_4_01_3_4
                0x000156dc                SYS_3_06_17
                0x000142fa                SYS_3_18
                0x00008cf4                PAGE_3_10_04
                0x00018a28                SYS_5_08_02
                0x00019c60                SYS_7_02_00_06
                0x00014b18                SYS_3_03_14
                0x00015736                SYS_3_06_22
                0x000171be                SYS_3_18_46
                0x00014b96                SYS_3_03_21
                0x00006d76                PAGE_3_05_17
                0x0000907a                PAGE_3_11_06
                0x00017268                SYS_3_19_01
                0x00016908                SYS_3_16_12
                0x00015d2a                SYS_3_08_00
                0x00008fec                PAGE_3_11_03
                0x0001673e                SYS_3_15_20
                0x00018074                SYS_5_01
                0x0000538e                PAGE_3_01_04
                0x000172c2                SYS_3_19_06
                0x0000486e                PAGE_2_2_00
                0x00015976                SYS_3_06_54
                0x0000c9c2                PAGE_3_23_08
                0x00016708                SYS_3_15_17
                0x00015242                SYS_3_05_01
                0x0000a83e                PAGE_3_17_39
                0x0000a41e                PAGE_3_17_17
                0x0000ef32                PAGE_5_04_08
                0x00004810                PAGE_2_1_03
                0x0000f820                PAGE_5_06_00
                0x00005afa                PAGE_3_03_24
                0x0000efd6                PAGE_5_04_09
                0x00009426                PAGE_3_13_10
                0x0001700e                SYS_3_18_22
                0x0000da2c                PAGE_5_01_08
                0x00016dc6                SYS_3_17_46
                0x00004e32                PAGE_3_19
                0x0000430e                PAGE_1_0_0
                0x000097a2                PAGE_3_15_08
                0x0000a50e                PAGE_3_17_22
                0x0000c230                PAGE_3_20_34
                0x00004d1a                PAGE_3_14
                0x00008b4e                PAGE_3_09_12
                0x00016508                SYS_3_14_02
                0x00006780                PAGE_3_04_38
                0x0001692c                SYS_3_16_14
                0x000066f0                PAGE_3_04_35
                0x000111ae                PAGE_7_01_04
                0x00005caa                PAGE_3_03_33
                0x00010394                PAGE_5_07_07
                0x00013ae2                SYS_1_3
                0x00007310                PAGE_3_06_02
                0x0000c438                PAGE_3_21_03
                0x00013756                SYS_1_0
                0x000071f6                PAGE_3_05_41
                0x0000e8d4                PAGE_5_03_09
                0x00018a82                SYS_5_08_07
                0x00015e60                SYS_3_08_15
                0x00008e14                PAGE_3_10_10
                0x00009ca8                PAGE_3_16_06
                0x00009f18                PAGE_3_16_19
                0x000050c8                PAGE_3_00_07
                0x00016d00                SYS_3_17_35
                0x00008f34                PAGE_3_10_16
                0x0001722e                SYS_3_19_00
                0x000081d2                PAGE_3_07_10
                0x00015c84                SYS_3_07_22
                0x00011c0e                PAGE_7_01_04_05
                0x0000e4fe                PAGE_5_03_03
                0x000148b6                SYS_3_01_09
                0x0000b87a                PAGE_3_19_24
                0x00007f9c                PAGE_3_06_69
                0x00012cda                PAGE_7_02_03_06
                0x0001774a                SYS_3_20_24
                0x00017902                SYS_3_21_02
                0x000136a2                SYS_7
                0x0000d516                PAGE_5_01_00
                0x00015b2e                SYS_3_07_03
                0x00005188                PAGE_3_00_11
                0x00015c06                SYS_3_07_15
                0x0001a58e                SYS_7_02_02_07
                0x000042ac                PAGE_7
                0x00018410                SYS_5_02_08
                0x000183b6                SYS_5_02_03
                0x00007e1c                PAGE_3_06_61
                0x0000772c                PAGE_3_06_24
                0x00016962                SYS_3_16_17
                0x0000b5aa                PAGE_3_19_09
                0x000068a0                PAGE_3_04_44
                0x0001668a                SYS_3_15_10
                0x00015162                SYS_3_04_46
                0x000073fc                PAGE_3_06_07
                0x00010f16                PAGE_7_02
                0x0000c992                PAGE_3_23_07
                0x00017140                SYS_3_18_39
                0x00006180                PAGE_3_04_06
                0x00005508                PAGE_3_02_02
                0x00004c3a                PAGE_3_10
                0x00008bde                PAGE_3_09_15
                0x00013db6                SYS_2_0_05
                0x0000fa04                PAGE_5_06_03
                0x00005aca                PAGE_3_03_23
                0x0001707a                SYS_3_18_28
                0x000194ac                SYS_7_01_02_06
                0x0000cd84                PAGE_5_06
                0x0001776e                SYS_3_20_26
                0x00015616                SYS_3_06_06
                0x00005c1a                PAGE_3_03_30
                0x0001588c                SYS_3_06_41
                0x00005594                PAGE_3_02_05
                0x000043c4                PAGE_1_3
                0x00018242                SYS_5_01_00
                0x00014d46                SYS_3_03_45
                0x00014fe8                SYS_3_04_25
                0x00016750                SYS_3_15_21
                0x00015c18                SYS_3_07_16
                0x000169aa                SYS_3_16_21
                0x000094b2                PAGE_3_14_01
                0x00016fb4                SYS_3_18_17
                0x0000c4f6                PAGE_3_21_07
                0x00008828                PAGE_3_08_15
                0x00009b92                PAGE_3_16_00
                0x00018358                SYS_5_02_00
                0x00014f46                SYS_3_04_16
                0x000163e0                SYS_3_13_02
                0x00018526                SYS_5_03_08
                0x0000953c                PAGE_3_14_04
                0x00016c4c                SYS_3_17_25
                0x000168f6                SYS_3_16_11
                0x000149ba                SYS_3_02_09
                0x00015724                SYS_3_06_21
                0x00018924                SYS_5_07_03
                0x00007bdc                PAGE_3_06_49
                0x00006f26                PAGE_3_05_26
                0x0001af50                _TEXT
                0x000067b0                PAGE_3_04_39
                0x00007bac                PAGE_3_06_48
                0x0000b044                PAGE_3_18_30
                0x00017572                SYS_3_20_00
                0x00015186                SYS_3_04_48
                0x00015ff4                SYS_3_09_13
                0x00015a06                SYS_3_06_62
                0x0000c7bc                PAGE_3_22_06
                0x0000b7ea                PAGE_3_19_21
                0x00018618                SYS_5_04_06
                0x0000b284                PAGE_3_18_42
                0x00014fb2                SYS_3_04_22
                0x000144b2                SYS_3_00_13
                0x00004954                PAGE_2_2_05
                0x00006b06                PAGE_3_05_04
                0x00006420                PAGE_3_04_20
                0x00006b36                PAGE_3_05_05
                0x00016f24                SYS_3_18_09
                0x00015670                SYS_3_06_11
                0x00008562                PAGE_3_08_00
                0x0001818a                SYS_5_00_03
                0x000174f0                SYS_3_19_37
                0x0000bf60                PAGE_3_20_19
                0x00004698                PAGE_2_0_09
                0x00008172                PAGE_3_07_08
                0x00014446                SYS_3_00_07
                0x00015362                SYS_3_05_17
                0x000114b8                PAGE_7_01_01_05
                0x000080e2                PAGE_3_07_05
                0x00017152                SYS_3_18_40
                0x00015f88                SYS_3_09_07
                0x00015308                SYS_3_05_12
                0x00009b62                PAGE_3_15_28
                0x00016c3a                SYS_3_17_24
                0x0000dc18                PAGE_5_02_00
                0x00013d34                SYS_2_0_00
                0x0000bc62                PAGE_3_20_03
                0x00004b92                PAGE_3_07
                0x00017340                SYS_3_19_13
                0x0000d840                PAGE_5_01_05
                0x0000a5ce                PAGE_3_17_26
                0x00008a8e                PAGE_3_09_08
                0x00008798                PAGE_3_08_12
                0x0000c6d2                PAGE_3_22_01
                0x000092aa                PAGE_3_13_02
                0x000063c0                PAGE_3_04_18
                0x0001872e                SYS_5_05_06
                0x00013e80                SYS_2_1
                0x00014ae2                SYS_3_03_11
                0x000084a2                PAGE_3_07_25
                0x0000bde0                PAGE_3_20_11
                0x0000b66a                PAGE_3_19_13
                0x00008aee                PAGE_3_09_10
                0x00014258                SYS_3_09
                0x00008c3e                PAGE_3_10_00
                0x000177c8                SYS_3_20_31
                0x0000ed46                PAGE_5_04_05
                0x0000b45e                PAGE_3_19_02
                0x00015790                SYS_3_06_27
                0x0000547e                PAGE_3_01_09
                0x00017b88                SYS_3_23_04
                0x000152f6                SYS_3_05_11
                0x0000c5b6                PAGE_3_21_11
                0x00008d54                PAGE_3_10_06
                0x0000bd20                PAGE_3_20_07
                0x00009c78                PAGE_3_16_05
                0x0000b90a                PAGE_3_19_27
                0x00008292                PAGE_3_07_14
                0x000124d2                PAGE_7_02_01_05
                0x00014ec8                SYS_3_04_09
                0x000093f6                PAGE_3_13_09
                0x00007f0c                PAGE_3_06_66
                0x0000781c                PAGE_3_06_29
                0x00005d6a                PAGE_3_03_37
                0x00005a6a                PAGE_3_03_21
                0x00015470                SYS_3_05_32
                0x0001775c                SYS_3_20_25
                0x00015b9a                SYS_3_07_09
                0x0000e12e                PAGE_5_02_08
                0x0000ac24                PAGE_3_18_08
                0x00009162                PAGE_3_12_03
                0x00015c96                SYS_3_07_23
                0x0000f6d8                PAGE_5_05_09
                0x0000927c                PAGE_3_13_01
                0x00008352                PAGE_3_07_18
                0x00009982                PAGE_3_15_18
                0x00004f4a                PAGE_3_24
                0x00018a16                SYS_5_08_01
                0x00006870                PAGE_3_04_43
                0x0000769c                PAGE_3_06_21
                0x00006240                PAGE_3_04_10
                0x00016798                SYS_3_15_25
                0x00015254                SYS_3_05_02
                0x0000c878                PAGE_3_23_01
                0x0000bcf0                PAGE_3_20_06
                0x000180aa                SYS_5_04
                0x000067e0                PAGE_3_04_40
                0x00005fda                PAGE_3_03_50
                0x00017a84                SYS_3_22_03
                0x000168ae                SYS_3_16_07
                0x00014184                SYS_3_00
                0x000049e4                PAGE_2_2_08
                0x0000ab36                PAGE_3_18_03
                0x0000cb5c                PAGE_4_01_3
                0x000166f6                SYS_3_15_16
                0x00004b22                PAGE_3_05
                0x000176cc                SYS_3_20_17
                0x0000a59e                PAGE_3_17_25
                0x00006aaa                PAGE_3_05_02
                0x00018d4e                SYS_7_01_00
                0x00016842                SYS_3_16_01
                0x000159e2                SYS_3_06_60
                0x00016c04                SYS_3_17_21
                0x00005dfa                PAGE_3_03_40
                0x000157ea                SYS_3_06_32
                0x00008502                PAGE_3_07_27
                0x00007106                PAGE_3_05_36
                0x0000c2f0                PAGE_3_20_38
                0x00019a8c                SYS_7_02_00_05
                0x00009f48                PAGE_3_16_20
                0x0000606a                PAGE_3_04_00
                0x00004486                PAGE_2_1
                0x00004ea2                PAGE_3_21
                0x00014a64                SYS_3_03_04
                0x00009366                PAGE_3_13_06
                0x0000fdda                PAGE_5_06_09
                0x00014eda                SYS_3_04_10
                0x000060f2                PAGE_3_04_03
                0x000181e4                SYS_5_00_08
                0x00017858                SYS_3_20_39
                0x0000add4                PAGE_3_18_17
                0x00015bac                SYS_3_07_10
                0x00013bf6                SYS_1_5
                0x000141be                SYS_3_01
                0x00008532                PAGE_3_07_28
                0x00016be0                SYS_3_17_19
                0x000174a8                SYS_3_19_33
                0x0000748c                PAGE_3_06_10
                0x00009ee8                PAGE_3_16_18
                0x00009e58                PAGE_3_16_15
                0x00018b56                SYS_6_01
                0x0000ae64                PAGE_3_18_20
                0x0000a35e                PAGE_3_17_13
                0x0000a180                PAGE_3_17_03
                0x0000e31a                PAGE_5_03_00
                0x00018990                SYS_5_07_09
                0x0001509c                SYS_3_04_35
                0x000108aa                PAGE_5_08_04
                0x00014ca4                SYS_3_03_36
                0x0000b164                PAGE_3_18_36
                0x000187b0                SYS_5_06_00
                0x00006a20                PAGE_3_04_52
                0x000162b4                SYS_3_12_00
                0x00010624                PAGE_5_08_00
                0x0000a7ae                PAGE_3_17_36
                0x000099e2                PAGE_3_15_20
                0x00014fa0                SYS_3_04_21
                0x0001796e                SYS_3_21_08
                0x0000b344                PAGE_3_18_46
                0x000182c4                SYS_5_01_05
                0x00008de4                PAGE_3_10_09
                0x00018660                SYS_5_04_10
                0x000096e2                PAGE_3_15_04
                0x00014ffa                SYS_3_04_26
                0x00018752                SYS_5_05_08
                0x00005038                PAGE_3_00_04
                0x0000500a                PAGE_3_00_03
                0x0000b430                PAGE_3_19_01
                0x00016eb8                SYS_3_18_03
                0x00018a4c                SYS_5_08_04
                0x0001576c                SYS_3_06_25
                0x0000579a                PAGE_3_03_06
                0x00006600                PAGE_3_04_30
                0x000184cc                SYS_5_03_03
                0x0001653e                SYS_3_14_05
                0x0000bed0                PAGE_3_20_16
                0x0000a86e                PAGE_3_17_40
                0x00018a94                SYS_5_08_08
                0x0000cbfe                PAGE_4_01_3_4
                0x000041a2                PAGE_2
                0x0001888c                SYS_5_06_10
                0x00015820                SYS_3_06_35
                0x00004638                PAGE_2_0_07
                0x000152ae                SYS_3_05_07
                0x00016c70                SYS_3_17_27
                0x00018434                SYS_5_02_10
                0x0001a1c6                SYS_7_02_01_07
                0x0000ca52                PAGE_3_23_11
                0x0000c1a0                PAGE_3_20_31
                0x00015c60                SYS_3_07_20
                0x00015174                SYS_3_04_47
                0x00008abe                PAGE_3_09_09
                0x000070d6                PAGE_3_05_35
                0x00007b1c                PAGE_3_06_45
                0x00016006                SYS_3_09_14
                0x00015398                SYS_3_05_20
                0x00016a16                SYS_3_16_27
                0x0000cd54                PAGE_5_05
                0x00016678                SYS_3_15_09
                0x0000b5da                PAGE_3_19_10
                0x00017418                SYS_3_19_25
                0x0000eb5e                PAGE_5_04_02
                0x00015548                SYS_3_05_44
                0x0000b1f4                PAGE_3_18_39
                0x000148f0                SYS_3_02_00
                0x0001431e                SYS_3_20
                0x00007fcc                PAGE_3_06_70
                0x0000793c                PAGE_3_06_35
                0x000174ba                SYS_3_19_34
                0x0000a98e                PAGE_3_17_46
                0x00008888                PAGE_3_08_17
                0x00014972                SYS_3_02_05
                0x000163ce                SYS_3_13_01
                0x00016fa2                SYS_3_18_16
                0x00005bba                PAGE_3_03_28
                0x00007286                PAGE_3_05_44
                0x000167aa                SYS_3_15_26
                0x000098f2                PAGE_3_15_15
                0x00018c4c                SYS_6_01_05
                0x000171ac                SYS_3_18_45
                0x000072e2                PAGE_3_06_01
                0x00015e3c                SYS_3_08_13
                0x000090aa                PAGE_3_11_07
                0x00010b3a                PAGE_5_08_08
                0x00008262                PAGE_3_07_13
                0x0000c700                PAGE_3_22_02
                0x000176ba                SYS_3_20_16
                0x00018856                SYS_5_06_07
                0x000155bc                SYS_3_06_01
                0x00014880                SYS_3_01_06
                0x00005d9a                PAGE_3_03_38
                0x00006570                PAGE_3_04_27
                0x00004dc2                PAGE_3_17
                0x0001545e                SYS_3_05_31
                0x000196d6                SYS_7_01_03_06
                0x0000a008                PAGE_3_16_24
                0x00006c56                PAGE_3_05_11
                0x00015694                SYS_3_06_13
                0x00016cca                SYS_3_17_32
                0x00017914                SYS_3_21_03
                0x00010fe6                PAGE_7_01_01
                0x00009952                PAGE_3_15_17
                0x0000aef4                PAGE_3_18_23
                0x0001501e                SYS_3_04_28
                0x0001493c                SYS_3_02_02
                0x00019956                SYS_7_02_00
                0x0000576a                PAGE_3_03_05
                0x00016394                SYS_3_13_00
                0x000175ac                SYS_3_20_01
                0x00005304                PAGE_3_01_01
                0x00017846                SYS_3_20_38
                0x000175be                SYS_3_20_02
                0x0000c676                PAGE_3_21_15
                0x00018c0c                SYS_6_01_03
                0x00016854                SYS_3_16_02
                0x0000b9ca                PAGE_3_19_31
                0x000160f8                SYS_3_10_06
                0x0000cff8                PAGE_5_00_03
                0x00014b60                SYS_3_03_18
                0x0000a29e                PAGE_3_17_09
                0x0000597a                PAGE_3_03_16
                0x0001712e                SYS_3_18_38
                0x0001709e                SYS_3_18_30
                0x0001592e                SYS_3_06_50
                0x0000e644                PAGE_5_03_05
                0x00004b5a                PAGE_3_06
                0x000166c0                SYS_3_15_13
                0x0001660c                SYS_3_15_03
                0x0000b7ba                PAGE_3_19_20
                0x00007a8c                PAGE_3_06_42
                0x00017acc                SYS_3_22_07
                0x00010e70                PAGE_6_02_05
                0x00008412                PAGE_3_07_22
                0x00007ffc                PAGE_3_07_00
                0x00008c98                PAGE_3_10_02
                0x00015042                SYS_3_04_30
                0x00014af4                SYS_3_03_12
                0x000190ae                SYS_7_01_01_05
                0x00007e4c                PAGE_3_06_62
                0x0000775c                PAGE_3_06_25
                0x00016b08                SYS_3_17_07
                0x000142d6                SYS_3_16
                0x00016ea6                SYS_3_18_02
                0x00004608                PAGE_2_0_06
                0x00016d7e                SYS_3_17_42
                0x00016b74                SYS_3_17_13
                0x0001812c                SYS_5_00_00
                0x000062d0                PAGE_3_04_13
                0x00010106                PAGE_5_07_03
                0x0001575a                SYS_3_06_24
                0x0000a0c8                PAGE_3_16_28
                0x000089a0                PAGE_3_09_03
                0x00016164                SYS_3_10_12
                0x000141fe                SYS_3_04
                0x0000416e                PAGE_1
                0x00017be2                SYS_3_23_09
                0x00017b52                SYS_3_23_01
                0x000167ce                SYS_3_15_28
                0x0000e978                PAGE_5_03_10
                0x000175e2                SYS_3_20_04
                0x0000afb4                PAGE_3_18_27
                0x000151bc                SYS_3_04_51
                0x0000d286                PAGE_5_00_07
                0x00005a0a                PAGE_3_03_19
                0x00015ea8                SYS_3_08_19
                0x0000c8d4                PAGE_3_23_03
                0x00013dc8                SYS_2_0_06
                0x00015cf0                SYS_3_07_28
                0x00004ce2                PAGE_3_13
                0x0001764e                SYS_3_20_10
                0x00016348                SYS_3_12_06
                0x00016d36                SYS_3_17_38
                0x00015b64                SYS_3_07_06
                0x00016e0e                SYS_3_17_50
                0x0000a32e                PAGE_3_17_12
                0x0000588a                PAGE_3_03_11
                0x00013260                SYS_1
                0x00004396                PAGE_1_2
                0x0001609e                SYS_3_10_01
                0x000174cc                SYS_3_19_35
                0x00017020                SYS_3_18_23
                0x00018764                SYS_5_05_09
                0x00009106                PAGE_3_12_01
                0x0000736c                PAGE_3_06_04
                0x00018166                SYS_5_00_01
                0x000138f0                SYS_1_1
                0x00014a76                SYS_3_03_05
                0x0001544c                SYS_3_05_30
                0x000154a6                SYS_3_05_35
                0x00006960                PAGE_3_04_48
                0x00018392                SYS_5_02_01
[...]
                0x000060c4                PAGE_3_04_02
                0x00014996                SYS_3_02_07
                0x00014b84                SYS_3_03_20
                0x00016550                SYS_3_14_06
                0x00013824                SYS_1_0_0
                0x000098c2                PAGE_3_15_14
                0x000072b6                PAGE_3_06_00
                0x00015df4                SYS_3_08_09
                0x000109f2                PAGE_5_08_06
                0x00023fa4                Menu
                0x000185f4                SYS_5_04_04
                0x00015e2a                SYS_3_08_12
                0x00013d92                SYS_2_0_03
                0x000159ac                SYS_3_06_57
                0x0000a38e                PAGE_3_17_14
                0x000180ce                SYS_5_06
                0x00017c06                SYS_3_23_11
                0x00017696                SYS_3_20_14
                0x00005f1a                PAGE_3_03_46
                0x0001094e                PAGE_5_08_05
                0x00010f4e                PAGE_7_01_00
                0x0000f77c                PAGE_5_05_10
                0x00017792                SYS_3_20_28
                0x00014cb6                SYS_3_03_37
                0x00016630                SYS_3_15_05
                0x0001590a                SYS_3_06_48
                0x00014838                SYS_3_01_02
                0x0000ad44                PAGE_3_18_14
                0x0000a7de                PAGE_3_17_37
                0x0000a038                PAGE_3_16_25
                0x0000e08a                PAGE_5_02_07
                0x00004d52                PAGE_3_15
                0x00016ca6                SYS_3_17_30
                0x00018aa6                SYS_5_08_09
                0x00006b96                PAGE_3_05_07
                0x0000c0e0                PAGE_3_20_27
                0x00017032                SYS_3_18_24
                0x00015b0a                SYS_3_07_01
                0x00012178                PAGE_7_02_00_05
                0x0000ad14                PAGE_3_18_13
                0x0000b404                PAGE_3_19_00
                0x000199d2                SYS_7_02_02
                0x0000bf00                PAGE_3_20_17
                0x00015374                SYS_3_05_18
                0x000057ca                PAGE_3_03_07
                0x00008f64                PAGE_3_11_00
                0x000177da                SYS_3_20_32
                0x00014cfe                SYS_3_03_41
                0x000047e2                PAGE_2_1_02
                0x00018a5e                SYS_5_08_05
                0x0000ca22                PAGE_3_23_10
                0x000152e4                SYS_3_05_10
                0x00005278                PAGE_3_01_00
                0x00006cb6                PAGE_3_05_13
                0x00004bca                PAGE_3_08
                0x00014e92                SYS_3_04_06
                0x00007a5c                PAGE_3_06_41
                0x000159f4                SYS_3_06_61
                0x00007a2c                PAGE_3_06_40
                0x0000b72a                PAGE_3_19_17
                0x00017388                SYS_3_19_17
                0x00004dfa                PAGE_3_18
                0x00016e5a                SYS_3_18_00
                0x0000eabc                PAGE_5_04_01
                0x00015ccc                SYS_3_07_26
                0x00008c6a                PAGE_3_10_01
                0x00015054                SYS_3_04_31
                0x0000a8ce                PAGE_3_17_42
                0x00016f48                SYS_3_18_11
                0x00007edc                PAGE_3_06_65
                0x000077ec                PAGE_3_06_28
                0x00007136                PAGE_3_05_37
 .text          0x0002cb26      0xa92 rs232_MMItoPANEL.o
                0x0002d26c                WRITE_Packet_PARAMETER_ACCESS
                0x0002cc12                __vector_32
                0x0002d494                Read_Parameter
                0x0002d3f6                Send_Parameter
                0x0002cccc                __vector_25
                0x0002cea6                Serial_Comm_Protocol
                0x0002d0f0                Serial_Comm_Service
                0x0002d314                WRITE_Packet_PARAMETER_BLOCK_ACCESS
                0x0002d56a                __vector_27
                0x0002cb26                Wait
                0x0002d4d4                Read_DATA_from_ControlBoard
                0x0002d53c                TX0_char
                0x0002d392                Xmitt_Packet_Head
                0x0002cd36                Initialize_SCI_Stack
                0x0002d3cc                Xmitt_Packet_End
                0x0002cdc0                Write_TransmitSerialStack_CRC_Update
                0x0002cd86                Write_TransmitSerialStack
                0x0002cb4a                UART_init
                0x0002ce64                Read_ReceiveSerialStack
 .text          0x0002d5b8      0x18e 16by2CLCD.o
                0x0002d69e                CLCD_string
                0x0002d68a                CLCD_cursor_OFF
                0x0002d5b8                CLCD_command
                0x0002d6e0                CLCD_initialize
                0x0002d660                CLCD_cursor_ON
                0x0002d70e                CLCD_BackLightOnOff
                0x0002d60a                CLCD_data
 .text          0x0002d746        0x0 c:/winavr-20100110/bin/../lib/gcc/avr/4.3.3/avr6\libgcc.a(_mulsi3.o)
 .text          0x0002d746        0x0 c:/winavr-20100110/bin/../lib/gcc/avr/4.3.3/avr6\libgcc.a(_udivmodhi4.o)
 .text          0x0002d746        0x0 c:/winavr-20100110/bin/../lib/gcc/avr/4.3.3/avr6\libgcc.a(_divmodhi4.o)
 .text          0x0002d746        0x0 c:/winavr-20100110/bin/../lib/gcc/avr/4.3.3/avr6\libgcc.a(_udivmodsi4.o)
 .text          0x0002d746        0x0 c:/winavr-20100110/bin/../lib/gcc/avr/4.3.3/avr6\libgcc.a(_exit.o)
 .text          0x0002d746        0x0 c:/winavr-20100110/bin/../lib/gcc/avr/4.3.3/avr6\libgcc.a(_clear_bss.o)
                0x0002d746                . = ALIGN (0x2)
 *(.text.*)
 .text.libgcc   0x0002d746       0x3e c:/winavr-20100110/bin/../lib/gcc/avr/4.3.3/avr6\libgcc.a(_mulsi3.o)
                0x0002d746                __mulsi3
 .text.libgcc   0x0002d784       0x28 c:/winavr-20100110/bin/../lib/gcc/avr/4.3.3/avr6\libgcc.a(_udivmodhi4.o)
                0x0002d784                __udivmodhi4
 .text.libgcc   0x0002d7ac       0x26 c:/winavr-20100110/bin/../lib/gcc/avr/4.3.3/avr6\libgcc.a(_divmodhi4.o)
                0x0002d7ac                __divmodhi4
                0x0002d7ac                _div
 .text.libgcc   0x0002d7d2       0x44 c:/winavr-20100110/bin/../lib/gcc/avr/4.3.3/avr6\libgcc.a(_udivmodsi4.o)
                0x0002d7d2                __udivmodsi4
 .text.libgcc   0x0002d816        0x0 c:/winavr-20100110/bin/../lib/gcc/avr/4.3.3/avr6\libgcc.a(_exit.o)
 .text.libgcc   0x0002d816        0x0 c:/winavr-20100110/bin/../lib/gcc/avr/4.3.3/avr6\libgcc.a(_clear_bss.o)
                0x0002d816                . = ALIGN (0x2)
 *(.fini9)
 .fini9         0x0002d816        0x0 c:/winavr-20100110/bin/../lib/gcc/avr/4.3.3/avr6\libgcc.a(_exit.o)
                0x0002d816                exit
                0x0002d816                _exit
 *(.fini9)
 *(.fini8)
 *(.fini8)
 *(.fini7)
 *(.fini7)
 *(.fini6)
 *(.fini6)
 *(.fini5)
 *(.fini5)
 *(.fini4)
 *(.fini4)
 *(.fini3)
 *(.fini3)
 *(.fini2)
 *(.fini2)
 *(.fini1)
 *(.fini1)
 *(.fini0)
 .fini0         0x0002d816        0x4 c:/winavr-20100110/bin/../lib/gcc/avr/4.3.3/avr6\libgcc.a(_exit.o)
 *(.fini0)
                0x0002d81a                _etext = .

.data           0x00800200      0x3a0 load address 0x0002d81a
                0x00800200                PROVIDE (__data_start, .)
 *(.data)
 .data          0x00800200        0x0 c:/winavr-20100110/bin/../lib/gcc/avr/4.3.3/../../../../avr/lib/avr6/crtm2560.o
 .data          0x00800200       0x23 main.o
                0x00800205                _1s_Cnt
                0x00800200                PacketCMD
                0x00800203                _200ms_Cnt
                0x00800204                _500ms_Cnt
                0x00800202                _100ms_Cnt
                0x00800201                _10ms_Cnt
 .data          0x00800223        0x0 util.o
 .data          0x00800223        0x0 debug_printf.o
 .data          0x00800223        0x4 key.o
                0x00800224                key_signal_B
                0x00800225                key_data
                0x00800223                key_signal_A
 .data          0x00800227      0x178 display.o
                0x00800227                posInpage
 .data          0x0080039f      0x200 rs232_MMItoPANEL.o
                0x0080039f                CRC16_Table
 .data          0x0080059f        0x0 16by2CLCD.o
 .data          0x0080059f        0x0 c:/winavr-20100110/bin/../lib/gcc/avr/4.3.3/avr6\libgcc.a(_mulsi3.o)
 .data          0x0080059f        0x0 c:/winavr-20100110/bin/../lib/gcc/avr/4.3.3/avr6\libgcc.a(_udivmodhi4.o)
 .data          0x0080059f        0x0 c:/winavr-20100110/bin/../lib/gcc/avr/4.3.3/avr6\libgcc.a(_divmodhi4.o)
 .data          0x0080059f        0x0 c:/winavr-20100110/bin/../lib/gcc/avr/4.3.3/avr6\libgcc.a(_udivmodsi4.o)
 .data          0x0080059f        0x0 c:/winavr-20100110/bin/../lib/gcc/avr/4.3.3/avr6\libgcc.a(_exit.o)
 .data          0x0080059f        0x0 c:/winavr-20100110/bin/../lib/gcc/avr/4.3.3/avr6\libgcc.a(_clear_bss.o)
 *(.data*)
 *(.rodata)
 *(.rodata*)
 *(.gnu.linkonce.d*)
                0x008005a0                . = ALIGN (0x2)
 *fill*         0x0080059f        0x1 00
                0x008005a0                _edata = .
                0x008005a0                PROVIDE (__data_end, .)

.bss            0x008005a0      0x258
                0x008005a0                PROVIDE (__bss_start, .)
 *(.bss)
 .bss           0x008005a0        0x0 c:/winavr-20100110/bin/../lib/gcc/avr/4.3.3/../../../../avr/lib/avr6/crtm2560.o
 .bss           0x008005a0       0x13 main.o
                0x008005a1                TimeTic_1ms
                0x008005a8                Toggle500ms
                0x008005a6                TimeTic_1s
                0x008005af                EventTimeB
                0x008005a3                TimeTic_100ms
                0x008005a2                TimeTic_10ms
                0x008005b0                EventTimeC
                0x008005a5                TimeTic_500ms
                0x008005ab                EventFlagC
                0x008005ac                EventFlagD
                0x008005a0                TimerTicFlag
                0x008005a9                EventFlagA
                0x008005ae                EventTimeA
                0x008005b2                EventTimeE
                0x008005a4                TimeTic_200ms
                0x008005b1                EventTimeD
                0x008005aa                EventFlagB
                0x008005a7                Toggle10ms
                0x008005ad                EventFlagE
 .bss           0x008005b3        0x0 util.o
 .bss           0x008005b3        0x2 debug_printf.o
 .bss           0x008005b5        0x3 key.o
                0x008005b7                LongKeyFlag
                0x008005b5                key_press_time
 .bss           0x008005b8       0x1a display.o
                0x008005b9                password
                0x008005c7                waiting_flag
                0x008005c1                pass_pos
                0x008005ca                Temporary
                0x008005c4                Tset_pos
                0x008005c2                Edit_flag
                0x008005c3                EnterFlag
                0x008005bd                _password
                0x008005c8                edit_Temp
                0x008005b8                RefreshFlag
                0x008005c5                eeprom_addr
 .bss           0x008005d2        0x9 rs232_MMItoPANEL.o
                0x008005d8                NewDataFlag
                0x008005d6                Read_GROUP
                0x008005d7                Read_INDEX
                0x008005d2                COMM_Watchdog_Timer
                0x008005d5                Comm_INDEX
                0x008005d4                Comm_GROUP
 .bss           0x008005db        0x0 16by2CLCD.o
 .bss           0x008005db        0x0 c:/winavr-20100110/bin/../lib/gcc/avr/4.3.3/avr6\libgcc.a(_mulsi3.o)
 .bss           0x008005db        0x0 c:/winavr-20100110/bin/../lib/gcc/avr/4.3.3/avr6\libgcc.a(_udivmodhi4.o)
 .bss           0x008005db        0x0 c:/winavr-20100110/bin/../lib/gcc/avr/4.3.3/avr6\libgcc.a(_divmodhi4.o)
 .bss           0x008005db        0x0 c:/winavr-20100110/bin/../lib/gcc/avr/4.3.3/avr6\libgcc.a(_udivmodsi4.o)
 .bss           0x008005db        0x0 c:/winavr-20100110/bin/../lib/gcc/avr/4.3.3/avr6\libgcc.a(_exit.o)
 .bss           0x008005db        0x0 c:/winavr-20100110/bin/../lib/gcc/avr/4.3.3/avr6\libgcc.a(_clear_bss.o)
 *(.bss*)
 *(COMMON)
 COMMON         0x008005db       0x70 main.o
                0x008005db                PacketBuf
                0x0080063f                Packet
                0x00800641                KeyState
                0x00800645                Packet_Head
                0x00800647                data_flg
                0x00800649                CRC
 COMMON         0x0080064b      0x10f display.o
                0x0080064b                text_buf
                0x0080074b                old_naveMENU
                0x0080074f                naviMENU
                0x00800753                setTime
 COMMON         0x0080075a       0x9e rs232_MMItoPANEL.o
                0x0080075a                PAR_UP_DN_flg
                0x0080075b                Para_count
                0x0080075d                Frame_StackPtr
                0x0080075e                NewFrame_ByteCnt
                0x0080075f                DATA_Sending_flg
                0x00800760                RXD
                0x00800761                Packet_StackPtr
                0x00800762                RXD_StackWritePtr
                0x00800763                NewFrame_StackPtr
                0x00800764                Run_Signal_flg
                0x00800765                TXD_StackWritePtr
                0x00800766                Comm_arry_ptr
                0x00800768                RRXD_Stack
                0x0080079f                RXD_StackReadPtr
                0x008007a0                NewFrame_Detect
                0x008007a1                Frame_ByteCnt
                0x008007a2                TXD_Stack
                0x008007b6                ms_cnt
                0x008007b8                TimeOut_Cnt
                0x008007ba                err_cnt
                0x008007bc                RXD_Stack
                0x008007f3                s_reg
                0x008007f5                NewFrame_Packet_State
                0x008007f6                TXD_StackReadPtr
                0x008007f7                Packet_ByteCnt
                0x008007f8                PROVIDE (__bss_end, .)
                0x0002d81a                __data_load_start = LOADADDR (.data)
                0x0002dbba                __data_load_end = (__data_load_start + SIZEOF (.data))

.noinit         0x008007f8        0x0
                0x008007f8                PROVIDE (__noinit_start, .)
 *(.noinit*)
                0x008007f8                PROVIDE (__noinit_end, .)
                0x008007f8                _end = .
                0x008007f8                PROVIDE (__heap_start, .)

.eeprom         0x00810000        0x0
 *(.eeprom*)
                0x00810000                __eeprom_end = .

.fuse
 *(.fuse)
 *(.lfuse)
 *(.hfuse)
 *(.efuse)

.lock
 *(.lock*)

.signature
 *(.signature*)

.stab
 *(.stab)

.stabstr
 *(.stabstr)

.stab.excl
 *(.stab.excl)

.stab.exclstr
 *(.stab.exclstr)

.stab.index
 *(.stab.index)

.stab.indexstr
 *(.stab.indexstr)

.comment
 *(.comment)

.debug
 *(.debug)

.line
 *(.line)

.debug_srcinfo
 *(.debug_srcinfo)

.debug_sfnames
 *(.debug_sfnames)

.debug_aranges  0x00000000       0xe0
 *(.debug_aranges)
 .debug_aranges
                0x00000000       0x20 main.o
 .debug_aranges
                0x00000020       0x20 util.o
 .debug_aranges
                0x00000040       0x20 debug_printf.o
 .debug_aranges
                0x00000060       0x20 key.o
 .debug_aranges
                0x00000080       0x20 display.o
 .debug_aranges
                0x000000a0       0x20 rs232_MMItoPANEL.o
 .debug_aranges
                0x000000c0       0x20 16by2CLCD.o

.debug_pubnames
                0x00000000     0x7e86
 *(.debug_pubnames)
 .debug_pubnames
                0x00000000      0x24c main.o
 .debug_pubnames
                0x0000024c       0x37 util.o
 .debug_pubnames
                0x00000283       0x5a debug_printf.o
 .debug_pubnames
                0x000002dd       0x95 key.o
 .debug_pubnames
                0x00000372     0x765f display.o
 .debug_pubnames
                0x000079d1      0x421 rs232_MMItoPANEL.o
 .debug_pubnames
                0x00007df2       0x94 16by2CLCD.o

.debug_info     0x00000000     0xb1a3
 *(.debug_info)
 .debug_info    0x00000000      0x47a main.o
 .debug_info    0x0000047a       0xff util.o
 .debug_info    0x00000579      0x2e0 debug_printf.o
 .debug_info    0x00000859      0x169 key.o
 .debug_info    0x000009c2     0x9dd8 display.o
 .debug_info    0x0000a79a      0x898 rs232_MMItoPANEL.o
 .debug_info    0x0000b032      0x171 16by2CLCD.o
 *(.gnu.linkonce.wi.*)

.debug_abbrev   0x00000000      0x79d
 *(.debug_abbrev)
 .debug_abbrev  0x00000000      0x128 main.o
 .debug_abbrev  0x00000128       0x86 util.o
 .debug_abbrev  0x000001ae      0x14b debug_printf.o
 .debug_abbrev  0x000002f9       0xb0 key.o
 .debug_abbrev  0x000003a9      0x1a3 display.o
 .debug_abbrev  0x0000054c      0x1b6 rs232_MMItoPANEL.o
 .debug_abbrev  0x00000702       0x9b 16by2CLCD.o

.debug_line     0x00000000    0x128ee
 *(.debug_line)
 .debug_line    0x00000000      0x4b6 main.o
 .debug_line    0x000004b6      0x1c6 util.o
 .debug_line    0x0000067c      0x29c debug_printf.o
 .debug_line    0x00000918      0x156 key.o
 .debug_line    0x00000a6e    0x11516 display.o
 .debug_line    0x00011f84      0x7bf rs232_MMItoPANEL.o
 .debug_line    0x00012743      0x1ab 16by2CLCD.o

.debug_frame    0x00000000     0x7310
 *(.debug_frame)
 .debug_frame   0x00000000       0x70 main.o
 .debug_frame   0x00000070       0x40 util.o
 .debug_frame   0x000000b0       0x40 debug_printf.o
 .debug_frame   0x000000f0       0x40 key.o
 .debug_frame   0x00000130     0x7020 display.o
 .debug_frame   0x00007150      0x140 rs232_MMItoPANEL.o
 .debug_frame   0x00007290       0x80 16by2CLCD.o

.debug_str      0x00000000     0x6180
 *(.debug_str)
 .debug_str     0x00000000      0x281 main.o
                                0x2d1 (size before relaxing)
 .debug_str     0x00000281       0x43 util.o
                                 0x99 (size before relaxing)
 .debug_str     0x000002c4       0xd9 debug_printf.o
                                0x192 (size before relaxing)
 .debug_str     0x0000039d       0x5a key.o
                                0x12e (size before relaxing)
 .debug_str     0x000003f7     0x59a5 display.o
                               0x5b8e (size before relaxing)
 .debug_str     0x00005d9c      0x35d rs232_MMItoPANEL.o
                                0x4b6 (size before relaxing)
 .debug_str     0x000060f9       0x87 16by2CLCD.o
                                0x143 (size before relaxing)

.debug_loc
 *(.debug_loc)

.debug_macinfo
 *(.debug_macinfo)
OUTPUT(OK2560_BD.elf elf32-avr)
LOAD linker stubs
