Archive member included because of file (symbol)

c:/winavr-20100110/bin/../lib/gcc/avr/4.3.3/avr6\libgcc.a(_mulsi3.o)
                              display.o (__mulsi3)
c:/winavr-20100110/bin/../lib/gcc/avr/4.3.3/avr6\libgcc.a(_udivmodhi4.o)
                              display.o (__udivmodhi4)
c:/winavr-20100110/bin/../lib/gcc/avr/4.3.3/avr6\libgcc.a(_divmodhi4.o)
                              util.o (__divmodhi4)
c:/winavr-20100110/bin/../lib/gcc/avr/4.3.3/avr6\libgcc.a(_udivmodsi4.o)
                              debug_printf.o (__udivmodsi4)
c:/winavr-20100110/bin/../lib/gcc/avr/4.3.3/avr6\libgcc.a(_exit.o)
                              c:/winavr-20100110/bin/../lib/gcc/avr/4.3.3/../../../../avr/lib/avr6/crtm2560.o (exit)
c:/winavr-20100110/bin/../lib/gcc/avr/4.3.3/avr6\libgcc.a(_clear_bss.o)
                              main.o (__do_clear_bss)

Allocating common symbols
Common symbol       size              file

PAR_UP_DN_flg       0x1               rs232_MMItoPANEL.o
Para_count          0x2               rs232_MMItoPANEL.o
text_buf            0x100             display.o
Frame_StackPtr      0x1               rs232_MMItoPANEL.o
NewFrame_ByteCnt    0x1               rs232_MMItoPANEL.o
DATA_Sending_flg    0x1               rs232_MMItoPANEL.o
PacketBuf           0x64              main.o
RXD                 0x1               rs232_MMItoPANEL.o
Packet_StackPtr     0x1               rs232_MMItoPANEL.o
Packet              0x2               main.o
RXD_StackWritePtr   0x1               rs232_MMItoPANEL.o
NewFrame_StackPtr   0x1               rs232_MMItoPANEL.o
Run_Signal_flg      0x1               rs232_MMItoPANEL.o
old_naveMENU        0x4               display.o
TXD_StackWritePtr   0x1               rs232_MMItoPANEL.o
Comm_arry_ptr       0x2               rs232_MMItoPANEL.o
RRXD_Stack          0x37              rs232_MMItoPANEL.o
KeyState            0x4               main.o
RXD_StackReadPtr    0x1               rs232_MMItoPANEL.o
naviMENU            0x4               display.o
NewFrame_Detect     0x1               rs232_MMItoPANEL.o
Packet_Head         0x2               main.o
setTime             0x7               display.o
Frame_ByteCnt       0x1               rs232_MMItoPANEL.o
TXD_Stack           0x14              rs232_MMItoPANEL.o
ms_cnt              0x2               rs232_MMItoPANEL.o
TimeOut_Cnt         0x2               rs232_MMItoPANEL.o
err_cnt             0x2               rs232_MMItoPANEL.o
RXD_Stack           0x37              rs232_MMItoPANEL.o
s_reg               0x2               rs232_MMItoPANEL.o
NewFrame_Packet_State
                    0x1               rs232_MMItoPANEL.o
data_flg            0x2               main.o
TXD_StackReadPtr    0x1               rs232_MMItoPANEL.o
CRC                 0x2               main.o
Packet_ByteCnt      0x1               rs232_MMItoPANEL.o

Memory Configuration

Name             Origin             Length             Attributes
text             0x00000000         0x00100000         xr
data             0x00800200         0x0000fe00         rw !x
eeprom           0x00810000         0x00010000         rw !x
fuse             0x00820000         0x00000400         rw !x
lock             0x00830000         0x00000400         rw !x
signature        0x00840000         0x00000400         rw !x
*default*        0x00000000         0xffffffff

Linker script and memory map

Address of section .data set to 0x800200
LOAD c:/winavr-20100110/bin/../lib/gcc/avr/4.3.3/../../../../avr/lib/avr6/crtm2560.o
LOAD main.o
LOAD util.o
LOAD debug_printf.o
LOAD key.o
LOAD display.o
LOAD rs232_MMItoPANEL.o
LOAD 16by2CLCD.o
LOAD c:/winavr-20100110/bin/../lib/gcc/avr/4.3.3/avr6\libgcc.a
LOAD c:/winavr-20100110/bin/../lib/gcc/avr/4.3.3/../../../../avr/lib/avr6\libc.a
LOAD c:/winavr-20100110/bin/../lib/gcc/avr/4.3.3/avr6\libgcc.a

.hash
 *(.hash)

.dynsym
 *(.dynsym)

.dynstr
 *(.dynstr)

.gnu.version
 *(.gnu.version)

.gnu.version_d
 *(.gnu.version_d)

.gnu.version_r
 *(.gnu.version_r)

.rel.init
 *(.rel.init)

.rela.init
 *(.rela.init)

.rel.text
 *(.rel.text)
 *(.rel.text.*)
 *(.rel.gnu.linkonce.t*)

.rela.text
 *(.rela.text)
 *(.rela.text.*)
 *(.rela.gnu.linkonce.t*)

.rel.fini
 *(.rel.fini)

.rela.fini
 *(.rela.fini)

.rel.rodata
 *(.rel.rodata)
 *(.rel.rodata.*)
 *(.rel.gnu.linkonce.r*)

.rela.rodata
 *(.rela.rodata)
 *(.rela.rodata.*)
 *(.rela.gnu.linkonce.r*)

.rel.data
 *(.rel.data)
 *(.rel.data.*)
 *(.rel.gnu.linkonce.d*)

.rela.data
 *(.rela.data)
 *(.rela.data.*)
 *(.rela.gnu.linkonce.d*)

.rel.ctors
 *(.rel.ctors)

.rela.ctors
 *(.rela.ctors)

.rel.dtors
 *(.rel.dtors)

.rela.dtors
 *(.rela.dtors)

.rel.got
 *(.rel.got)

.rela.got
 *(.rela.got)

.rel.bss
 *(.rel.bss)

.rela.bss
 *(.rela.bss)

.rel.plt
 *(.rel.plt)

.rela.plt
 *(.rela.plt)

.text           0x00000000    0x30946
 *(.vectors)
 .vectors       0x00000000       0xe4 c:/winavr-20100110/bin/../lib/gcc/avr/4.3.3/../../../../avr/lib/avr6/crtm2560.o
                0x00000000                __vectors
                0x00000000                __vector_default
 *(.vectors)
 *(.progmem.gcc*)
 *(.progmem*)
 .progmem.data  0x000000e4     0x335d display.o
                0x00001c2f                PAGE_DIR_3_11_XX
                0x00003191                PAGE_DIR_5_XX
                0x00001dfa                PAGE_DIR_3_14_XX
                0x0000226d                PAGE_DIR_3_17_XX
                0x00001b0e                PAGE_DIR_3_10_XX
                0x00000b73                PAGE_DIR_3_04_XX
                0x000001d2                PAGE_DIR_2_X
                0x00002bfd                PAGE_DIR_3_20_XX
                0x000002f3                PAGE_DIR_2_1_XX
                0x00000205                PAGE_DIR_2_0_XX
                0x000003e1                PAGE_DIR_3_XX
                0x000016ac                PAGE_DIR_3_07_XX
                0x00000348                PAGE_DIR_2_2_XX
                0x00001d2e                PAGE_DIR_3_13_XX
                0x000007ee                PAGE_DIR_3_03_XX
                0x0000016c                PAGE_DIR_1_X
                0x00002ec7                PAGE_DIR_3_21_XX
                0x00002080                PAGE_DIR_3_16_XX
                0x0000313c                PAGE_DIR_4_XX_3_4
                0x00001ca6                PAGE_DIR_3_12_XX
                0x00002fd7                PAGE_DIR_3_22_XX
                0x00001899                PAGE_DIR_3_08_XX
                0x0000058a                PAGE_DIR_3_00_XX
                0x000000e4                PAGE_ROOT
                0x0000323b                PAGE_DIR_5_XX_XX
                0x000019ed                PAGE_DIR_3_09_XX
                0x00003301                PAGE_DIR_6_XX_XX
                0x00002933                PAGE_DIR_3_19_XX
                0x0000069a                PAGE_DIR_3_01_XX
                0x000011f5                PAGE_DIR_3_06_XX
                0x00000744                PAGE_DIR_3_02_XX
                0x000033a1                PAGE_DIR_7_XX_XX
                0x00001e93                PAGE_DIR_3_15_XX
                0x00000ef8                PAGE_DIR_3_05_XX
                0x00003070                PAGE_DIR_3_23_XX
                0x000025e1                PAGE_DIR_3_18_XX
                0x00003442                . = ALIGN (0x2)
 *fill*         0x00003441        0x1 00
                0x00003442                __trampolines_start = .
 *(.trampolines)
 .trampolines   0x00003442        0x0 linker stubs
 *(.trampolines*)
                0x00003442                __trampolines_end = .
 *(.jumptables)
 *(.jumptables*)
 *(.lowtext)
 *(.lowtext*)
                0x00003442                __ctors_start = .
 *(.ctors)
                0x00003442                __ctors_end = .
                0x00003442                __dtors_start = .
 *(.dtors)
                0x00003442                __dtors_end = .
 SORT(*)(.ctors)
 SORT(*)(.dtors)
 *(.init0)
 .init0         0x00003442        0x0 c:/winavr-20100110/bin/../lib/gcc/avr/4.3.3/../../../../avr/lib/avr6/crtm2560.o
                0x00003442                __init
 *(.init0)
 *(.init1)
 *(.init1)
 *(.init2)
 .init2         0x00003442       0x10 c:/winavr-20100110/bin/../lib/gcc/avr/4.3.3/../../../../avr/lib/avr6/crtm2560.o
 *(.init2)
 *(.init3)
 *(.init3)
 *(.init4)
 .init4         0x00003452       0x1a c:/winavr-20100110/bin/../lib/gcc/avr/4.3.3/../../../../avr/lib/avr6/crtm2560.o
                0x00003452                __do_copy_data
 .init4         0x0000346c       0x10 c:/winavr-20100110/bin/../lib/gcc/avr/4.3.3/avr6\libgcc.a(_clear_bss.o)
                0x0000346c                __do_clear_bss
 *(.init4)
 *(.init5)
 *(.init5)
 *(.init6)
 *(.init6)
 *(.init7)
 *(.init7)
 *(.init8)
 *(.init8)
 *(.init9)
 .init9         0x0000347c        0x8 c:/winavr-20100110/bin/../lib/gcc/avr/4.3.3/../../../../avr/lib/avr6/crtm2560.o
 *(.init9)
 *(.text)
 .text          0x00003484        0x4 c:/winavr-20100110/bin/../lib/gcc/avr/4.3.3/../../../../avr/lib/avr6/crtm2560.o
                0x00003484                __vector_38
                0x00003484                __vector_22
                0x00003484                __vector_28
                0x00003484                __vector_1
                0x00003484                __vector_34
                0x00003484                __vector_24
                0x00003484                __vector_12
                0x00003484                __vector_55
                0x00003484                __vector_46
                0x00003484                __bad_interrupt
                0x00003484                __vector_6
                0x00003484                __vector_31
                0x00003484                __vector_35
                0x00003484                __vector_39
                0x00003484                __vector_3
                0x00003484                __vector_23
                0x00003484                __vector_30
                0x00003484                __vector_45
                0x00003484                __vector_11
                0x00003484                __vector_54
                0x00003484                __vector_13
                0x00003484                __vector_19
                0x00003484                __vector_56
                0x00003484                __vector_7
                0x00003484                __vector_49
                0x00003484                __vector_41
                0x00003484                __vector_43
                0x00003484                __vector_5
                0x00003484                __vector_33
                0x00003484                __vector_47
                0x00003484                __vector_52
                0x00003484                __vector_37
                0x00003484                __vector_4
                0x00003484                __vector_44
                0x00003484                __vector_51
                0x00003484                __vector_9
                0x00003484                __vector_2
                0x00003484                __vector_21
                0x00003484                __vector_15
                0x00003484                __vector_36
                0x00003484                __vector_29
                0x00003484                __vector_40
                0x00003484                __vector_8
                0x00003484                __vector_26
                0x00003484                __vector_48
                0x00003484                __vector_14
                0x00003484                __vector_53
                0x00003484                __vector_10
                0x00003484                __vector_50
                0x00003484                __vector_16
                0x00003484                __vector_18
                0x00003484                __vector_20
                0x00003484                __vector_42
 .text          0x00003488      0x3b8 main.o
                0x00003510                Timer_IntteruptSet
                0x00003488                MCU_initialize
                0x00003690                SystemEventAutoClear
                0x00003752                __vector_17
                0x00003558                SystemTimeTic
                0x0000377c                main
 .text          0x00003840      0x312 util.o
                0x00003876                Delay_ms
                0x000038cc                inttoa
                0x00003840                Delay_us
 .text          0x00003b52      0x444 debug_printf.o
                0x00003b52                debug_devopen
                0x00003baa                debug_printf
 .text          0x00003f96      0x168 key.o
                0x00003f96                KeyInit
                0x00003fd6                KeyScan
                0x00003fb4                KeyProc
 .text          0x000040fe    0x2bb54 display.o
                0x0001fe38                SYS_3_17_49
                0x00015d56                SYS_3_12
                0x00004704                PAGE_2_0_08
                0x00015dec                SYS_3_17
                0x0000b6da                PAGE_3_17_47
                0x00006d4c                PAGE_3_04_14
                0x0000ac6c                PAGE_3_16_26
                0x0001896c                SYS_3_03_06
                0x0001102c                PAGE_5_07_04
                0x0000413c                irregularPAGE_handler
                0x0002361a                SYS_5_00_02
                0x000110d0                PAGE_5_07_05
                0x00006276                PAGE_3_03_29
                0x00011a62                PAGE_5_08_09
                0x0001c6be                SYS_3_06_34
                0x0000e252                PAGE_5_00_09
                0x0000bcc0                PAGE_3_18_25
                0x00018eae                SYS_3_03_25
                0x0001d2ee                SYS_3_09_10
                0x0001fcb2                SYS_3_17_36
                0x00004764                PAGE_2_0_10
                0x0000d72a                PAGE_3_23_02
                0x0000a436                PAGE_3_15_11
                0x0001d6d6                SYS_3_11_04
                0x0001990e                SYS_3_04_32
                0x00013eb8                PAGE_7_02_04_06
                0x0002085c                SYS_3_18_29
                0x0000cd8c                PAGE_3_20_23
                0x0000ccfc                PAGE_3_20_20
                0x0000d7b6                PAGE_3_23_05
                0x00013a0a                PAGE_7_02_03_05
                0x00026922                SYS_Base_KeyFunction
                0x000076ea                PAGE_3_05_10
                0x000239c6                SYS_5_02_06
                0x0001ccae                SYS_3_07_11
                0x00005cf6                PAGE_3_03_13
                0x00014264                SYS_3
                0x00018cec                SYS_3_03_10
                0x00012820                PAGE_7_01_03_05
                0x0000bc90                PAGE_3_18_24
                0x0001dea6                SYS_3_15_24
                0x0001944a                SYS_3_03_47
                0x0001d67c                SYS_3_11_01
                0x00004fae                PAGE_3_23
                0x0001e23e                SYS_3_16_23
                0x00010b16                PAGE_5_06_07
                0x0001be7a                SYS_3_05_37
                0x000073dc                PAGE_3_04_49
                0x0001d91a                SYS_3_13_03
                0x0001d2b2                SYS_3_09_08
                0x0001c5ce                SYS_3_06_26
                0x0000734c                PAGE_3_04_46
                0x00020f96                SYS_3_19_38
                0x000058dc                PAGE_3_03_01
                0x0001d4e2                SYS_3_10_07
                0x000092dc                PAGE_3_08_08
                0x0001d992                SYS_3_13_07
                0x0000d47a                PAGE_3_21_14
                0x0000c706                PAGE_3_19_30
                0x0000ae5a                PAGE_3_17_05
                0x0001d46a                SYS_3_10_03
                0x0000af7a                PAGE_3_17_11
                0x00007aa2                PAGE_3_05_24
                0x0000df1e                PAGE_5_00_04
                0x00020bb8                SYS_3_19_05
                0x0000a6a6                PAGE_3_15_24
                0x00005e56                PAGE_3_03_17
                0x0001e040                SYS_3_16_06
                0x0000c856                PAGE_3_19_37
                0x00005194                PAGE_3_00_08
                0x00020c30                SYS_3_19_09
                0x0000dd38                PAGE_5_00_01
                0x0000be70                PAGE_3_18_34
                0x00022df4                SYS_3_22_08
                0x0000f424                PAGE_5_03_04
                0x00005b3e                PAGE_3_03_08
                0x000086f0                PAGE_3_06_44
                0x000066ee                PAGE_3_03_42
                0x0001be02                SYS_3_05_33
                0x000089c0                PAGE_3_06_59
                0x000237b4                SYS_5_01_02
                0x0001ccea                SYS_3_07_13
                0x000207e4                SYS_3_18_25
                0x0001caf6                SYS_3_06_70
                0x00015b26                SYS_2_2_05
                0x00015e64                SYS_3_21
                0x00023eb2                SYS_5_05_07
                0x000159a8                SYS_2_2
                0x00008990                PAGE_3_06_58
                0x00015926                SYS_2_1_02
                0x00019486                SYS_3_03_49
                0x00008c5a                PAGE_3_07_02
                0x0000ed22                PAGE_5_02_04
                0x0000ec80                PAGE_5_02_03
                0x0000a9fc                PAGE_3_16_13
                0x000095d2                PAGE_3_09_04
                0x0000da16                PAGE_4_02_3
                0x00022ef8                SYS_3_23_05
                0x0002114e                SYS_3_20_08
                0x000210f4                SYS_3_20_05
                0x00023e3a                SYS_5_05_03
                0x0001fb2c                SYS_3_17_23
                0x0000bd50                PAGE_3_18_28
                0x000125ae                PAGE_7_01_02_05
                0x0000e1ae                PAGE_5_00_08
                0x00023458                SYS_5_00
                0x0000d610                PAGE_3_22_05
                0x0001fb86                SYS_3_17_26
                0x00008810                PAGE_3_06_50
                0x00008180                PAGE_3_06_15
                0x000068a6                PAGE_3_03_47
                0x000254d8                SYS_7_02_04
                0x0000a1a0                PAGE_3_14_06
                0x00023d54                SYS_5_04_09
                0x0000d974                PAGE_4_02
                0x00006f2c                PAGE_3_04_24
                0x0000a376                PAGE_3_15_07
                0x000084e0                PAGE_3_06_33
                0x000100e4                PAGE_5_05_02
                0x00005c9e                PAGE_3_03_12
                0x000212b6                SYS_3_20_20
                0x00020730                SYS_3_18_19
                0x00013804                PAGE_7_02_02_06
                0x0001e2d4                SYS_3_16_28
                0x000070dc                PAGE_3_04_33
                0x00005828                PAGE_3_02_08
                0x00007fa0                PAGE_3_06_05
                0x0001d55a                SYS_3_10_11
                0x00005858                PAGE_3_02_09
                0x00004674                PAGE_2_0_05
                0x0001da0a                SYS_3_13_11
                0x0000d1d2                PAGE_3_21_04
                0x0002454c                SYS_6_00_04
                0x00010d02                PAGE_5_06_10
                0x00009aa8                PAGE_3_10_13
                0x0000c8e6                PAGE_3_19_40
                0x0000b9f0                PAGE_3_18_10
                0x0001603a                SYS_3_00_09
                0x00008840                PAGE_3_06_51
                0x000081b0                PAGE_3_06_16
                0x0002516e                SYS_7_01_04_05
                0x0000f6b4                PAGE_5_03_08
                0x00015c84                SYS_3_05
                0x0002143c                SYS_3_20_33
                0x0001c6a0                SYS_3_06_33
                0x0000c7c6                PAGE_3_19_34
                0x0000927c                PAGE_3_08_06
                0x000195e4                SYS_3_04_05
                0x0001fc76                SYS_3_17_34
                0x0000dc98                PAGE_5_00_00
                0x00008e06                PAGE_3_07_11
                0x00019a3a                SYS_3_04_42
                0x0001c646                SYS_3_06_30
                0x0001400c                PAGE_7_02_04_07
                0x0001cb3c                SYS_3_07_00
                0x00015ebe                SYS_3_24
                0x00004a20                PAGE_2_2_06
                0x0001da50                SYS_3_14_00
                0x00023656                SYS_5_00_04
                0x00019986                SYS_3_04_36
                0x00012e34                PAGE_7_02_02
                0x0001ce52                SYS_3_07_25
                0x000243da                SYS_5_08_10
                0x0001cd9e                SYS_3_07_19
                0x00004f76                PAGE_3_22
                0x000185ce                SYS_3_03_01
                0x00024690                SYS_7_01
                0x000212d4                SYS_3_20_21
                0x0000d0ec                PAGE_3_20_41
                0x00015db0                SYS_3_15
                0x0001ecd2                SYS_3_17_04
                0x0001e220                SYS_3_16_22
                0x00010e46                PAGE_5_07_01
                0x0000787a                PAGE_3_05_15
                0x00010414                PAGE_5_05_07
                0x00023aca                SYS_5_03_01
                0x000078d2                PAGE_3_05_16
                0x0002069a                SYS_3_18_14
                0x00019f54                SYS_3_05_04
                0x00018da0                SYS_3_03_16
                0x00009c4e                PAGE_3_11_05
                0x0001a5fa                SYS_3_05_09
                0x00004964                PAGE_2_2_02
                0x00007fd0                PAGE_3_06_06
                0x00015fa4                SYS_3_00_04
                0x0000d7e6                PAGE_3_23_06
                0x0000daf2                PAGE_5_00
                0x000097b2                PAGE_3_09_14
                0x0001092a                PAGE_5_06_04
                0x0001fc58                SYS_3_17_33
                0x0000fd12                PAGE_5_04_07
                0x0000600e                PAGE_3_03_22
                0x00020910                SYS_3_18_35
                0x000054fa                PAGE_3_01_05
                0x0000b1ca                PAGE_3_17_20
                0x0001d53c                SYS_3_10_10
                0x00026a5a                _cpy_flash2memory
                0x00008fb6                PAGE_3_07_20
                0x00024cea                SYS_7_01_02_05
                0x0000b25a                PAGE_3_17_23
                0x00009cde                PAGE_3_12_00
                0x0000a170                PAGE_3_14_05
                0x000057c8                PAGE_3_02_06
                0x0001b5f4                SYS_3_05_16
                0x0000719c                PAGE_3_04_37
                0x0000d202                PAGE_3_21_05
                0x0000ce1c                PAGE_3_20_26
                0x0000642e                PAGE_3_03_34
                0x00020db6                SYS_3_19_22
                0x00010a72                PAGE_5_06_06
                0x0000d292                PAGE_3_21_08
                0x0000a7c2                PAGE_3_16_01
                0x00020b9a                SYS_3_19_04
                0x0001c6fa                SYS_3_06_36
                0x00009a48                PAGE_3_10_11
                0x00018e90                SYS_3_03_24
                0x00019f90                SYS_3_05_06
                0x0001ed86                SYS_3_17_10
                0x0000a616                PAGE_3_15_21
                0x000230e2                SYS_4_01
                0x0001c1fa                SYS_3_05_41
                0x00015f4a                SYS_3_00_01
                0x0000c4c6                PAGE_3_19_18
                0x00007b92                PAGE_3_05_29
                0x0000c586                PAGE_3_19_22
                0x00018280                SYS_3_03_00
                0x0000bf90                PAGE_3_18_40
                0x000144a4                SYS_6
                0x0000b46a                PAGE_3_17_34
                0x0001c236                SYS_3_05_43
                0x00006e9c                PAGE_3_04_21
                0x00008900                PAGE_3_06_55
                0x00005254                PAGE_3_00_12
                0x00018186                SYS_3_02_03
                0x00009662                PAGE_3_09_07
                0x0000d11c                PAGE_3_21_00
                0x00014912                SYS_1_1_0
                0x0000cc9c                PAGE_3_20_18
                0x0000bba0                PAGE_3_18_19
                0x0000a9cc                PAGE_3_16_12
                0x0001cd08                SYS_3_07_14
                0x00012490                PAGE_7_01_01_06
                0x0002548e                SYS_7_02_03
                0x0001cfb0                SYS_3_08_05
                0x00004272                PAGE_6
                0x0000c2e6                PAGE_3_19_08
                0x00023e58                SYS_5_05_04
                0x0000a736                PAGE_3_15_27
                0x0001c8f8                SYS_3_06_53
                0x00019a58                SYS_3_04_43
                0x00015744                SYS_2_0_09
                0x000156ae                SYS_2_0_04
                0x000241e6                SYS_5_07_07
                0x000080f0                PAGE_3_06_12
                0x000194e0                SYS_3_03_52
                0x00008060                PAGE_3_06_09
                0x0001c808                SYS_3_06_45
                0x00020cc6                SYS_3_19_14
                0x0000e768                PAGE_5_01_06
                0x0000cf6c                PAGE_3_20_33
                0x0001c754                SYS_3_06_39
                0x00006b9c                PAGE_3_04_05
                0x0000a93c                PAGE_3_16_09
                0x00023886                SYS_5_01_09
                0x00022db8                SYS_3_22_06
                0x00022666                SYS_3_21_14
                0x0000a05a                PAGE_3_13_11
                0x00009edc                PAGE_3_13_03
                0x00023c64                SYS_5_04_01
                0x0001924c                SYS_3_03_30
                0x0001c880                SYS_3_06_49
                0x00005284                PAGE_3_00_13
                0x00006dac                PAGE_3_04_16
                0x00006326                PAGE_3_03_31
                0x0000573a                PAGE_3_02_03
                0x0000e954                PAGE_5_01_09
                0x0000b81a                PAGE_3_18_00
                0x0000cb1c                PAGE_3_20_10
                0x00020e6a                SYS_3_19_28
                0x000070ac                PAGE_3_04_32
                0x00021478                SYS_3_20_35
                0x0001c574                SYS_3_06_23
                0x00018d82                SYS_3_03_15
                0x0000fc6e                PAGE_5_04_06
                0x000093cc                PAGE_3_08_13
                0x00015d38                SYS_3_11
                0x0001db4a                SYS_3_14_07
                0x0000945c                PAGE_3_08_16
                0x00023e76                SYS_5_05_05
                0x00020fb4                SYS_3_19_39
                0x0001e022                SYS_3_16_05
                0x00015cde                SYS_3_08
                0x00009ad8                PAGE_3_10_14
                0x0000a0e4                PAGE_3_14_02
                0x00011404                PAGE_5_07_10
                0x00018dfa                SYS_3_03_19
                0x00005602                PAGE_3_01_08
                0x0001d1fe                SYS_3_09_02
                0x0000c6a6                PAGE_3_19_28
                0x00020898                SYS_3_18_31
                0x00007ad2                PAGE_3_05_25
                0x0000bde0                PAGE_3_18_31
                0x0000d3ca                PAGE_3_21_12
                0x00004b50                PAGE_3_03
                0x00021cf4                SYS_3_21_11
                0x00004d46                PAGE_3_12
                0x0000be40                PAGE_3_18_33
                0x00011be0                PAGE_6_01
                0x00023d36                SYS_5_04_08
                0x0001caba                SYS_3_06_68
                0x00011baa                PAGE_6_00
                0x0001d7da                SYS_3_12_03
                0x0001ca7e                SYS_3_06_66
                0x0001fdc0                SYS_3_17_45
                0x0000c020                PAGE_3_18_43
                0x0001dc4e                SYS_3_15_04
                0x0000e43a                PAGE_5_01_01
                0x0001fd0c                SYS_3_17_39
                0x00023674                SYS_5_00_05
                0x0001981e                SYS_3_04_24
                0x000160d0                SYS_3_00_14
                0x0001d3a2                SYS_3_09_16
                0x0000754c                PAGE_3_05_03
                0x0000b960                PAGE_3_18_07
                0x000044ee                PAGE_2_0
                0x00009192                PAGE_3_08_01
                0x000104b8                PAGE_5_05_08
                0x00024a46                SYS_7_01_00_06
                0x0001da96                SYS_3_14_01
                0x0000a316                PAGE_3_15_05
                0x0001c4a2                SYS_3_06_16
                0x00009632                PAGE_3_09_06
                0x00020d7a                SYS_3_19_20
                0x00019468                SYS_3_03_48
                0x0002398a                SYS_5_02_04
                0x00008d46                PAGE_3_07_07
                0x0001f486                SYS_3_17_18
                0x0000c886                PAGE_3_19_38
                0x0001d258                SYS_3_09_05
                0x000196f2                SYS_3_04_14
                0x00004616                PAGE_2_0_03
                0x00006cbc                PAGE_3_04_11
                0x0001e004                SYS_3_16_04
                0x000234da                SYS_5_03
                0x0000d670                PAGE_3_22_07
                0x00012702                PAGE_7_01_02_06
                0x0001d488                SYS_3_10_04
                0x0000725c                PAGE_3_04_41
                0x000053f6                PAGE_3_01_02
                0x0000eb3c                PAGE_5_02_01
                0x0000c9a0                PAGE_3_20_02
                0x0000ca2c                PAGE_3_20_05
                0x0000b930                PAGE_3_18_06
                0x0000b37a                PAGE_3_17_29
                0x000266b2                SYS_7_02_04_06
                0x0001d0fa                SYS_3_08_16
                0x0000b28a                PAGE_3_17_24
                0x0001d046                SYS_3_08_10
                0x0000b172                PAGE_3_17_19
                0x0001711c                SYS_3_01_05
                0x00004850                PAGE_2_1_01
                0x0000701c                PAGE_3_04_29
                0x000208b6                SYS_3_18_32
                0x000205c8                SYS_3_18_07
                0x000199a4                SYS_3_04_37
                0x0000ab7c                PAGE_3_16_21
                0x0000dc68                PAGE_5_08
                0x00023692                SYS_5_00_06
                0x00006ddc                PAGE_3_04_17
                0x00007bc2                PAGE_3_05_30
                0x00021612                SYS_3_21_04
                0x0001b2ce                SYS_3_05_15
                0x00008570                PAGE_3_06_36
                0x0001e16c                SYS_3_16_16
                0x00011360                PAGE_5_07_09
                0x0000c916                PAGE_3_19_41
                0x00006b6c                PAGE_3_04_04
                0x0000c256                PAGE_3_19_05
                0x0000bb10                PAGE_3_18_16
                0x0000fa84                PAGE_5_04_03
                0x00009988                PAGE_3_10_07
                0x00019f72                SYS_3_05_05
                0x0001c628                SYS_3_06_29
                0x0000f610                PAGE_5_03_07
                0x0000951c                PAGE_3_09_00
                0x00004206                PAGE_4
                0x00022ebc                SYS_3_23_03
                0x0001d1e0                SYS_3_09_01
                0x0000a84c                PAGE_3_16_04
                0x0001dd20                SYS_3_15_11
                0x0001958a                SYS_3_04_02
                0x0001d276                SYS_3_09_06
                0x00020a1e                SYS_3_18_44
                0x00024132                SYS_5_07_01
                0x0001de10                SYS_3_15_19
                0x00009f9a                PAGE_3_13_07
                0x00023c82                SYS_5_04_02
                0x0000740c                PAGE_3_04_50
                0x00009dc4                PAGE_3_12_05
                0x00008b40                PAGE_3_06_67
                0x00021388                SYS_3_20_27
                0x0001ca42                SYS_3_06_64
                0x00020d02                SYS_3_19_16
                0x00011cbc                PAGE_6_01_05
                0x0000b49a                PAGE_3_17_35
                0x00020c4e                SYS_3_19_10
                0x0001fd2a                SYS_3_17_40
                0x00009d94                PAGE_3_12_04
                0x0000f056                PAGE_5_02_09
                0x0001935a                SYS_3_03_39
                0x00008f26                PAGE_3_07_17
                0x00024308                SYS_5_08_03
                0x0001ecf0                SYS_3_17_05
                0x0000728c                PAGE_3_04_42
                0x0001c3ee                SYS_3_06_10
                0x000082d0                PAGE_3_06_22
                0x00026900                SYS_password_clr
                0x00011b06                PAGE_5_08_10
                0x00025aee                SYS_7_02_01_06
                0x0001956c                SYS_3_04_01
                0x00009bc2                PAGE_3_11_02
                0x00006a06                PAGE_3_03_51
                0x00011d2c                PAGE_7_00
                0x0000ceac                PAGE_3_20_29
                0x000135fe                PAGE_7_02_01_07
                0x0001e09a                SYS_3_16_09
                0x0002094c                SYS_3_18_37
                0x00015f68                SYS_3_00_02
                0x0001d30c                SYS_3_09_11
                0x0000cedc                PAGE_3_20_30
                0x0001c218                SYS_3_05_42
                0x00004992                PAGE_2_2_03
                0x0001dc12                SYS_3_15_02
                0x0000749c                PAGE_3_05_00
                0x00010744                PAGE_5_06_01
                0x00004824                PAGE_2_1_00
                0x0001cc36                SYS_3_07_07
                0x000085d0                PAGE_3_06_38
                0x0001cbdc                SYS_3_07_04
                0x0001c33a                SYS_3_06_04
                0x000199e0                SYS_3_04_39
                0x0000c376                PAGE_3_19_11
                0x00015b62                SYS_2_2_07
                0x0000bf30                PAGE_3_18_38
                0x00020fd2                SYS_3_19_40
                0x0000c406                PAGE_3_19_14
                0x0001d5f0                SYS_3_10_16
                0x00022f52                SYS_3_23_08
                0x000149d2                SYS_1_2
                0x0001898a                SYS_3_03_07
                0x0000c110                PAGE_3_18_48
                0x000061c6                PAGE_3_03_27
                0x00020ab4                SYS_3_18_49
                0x00019378                SYS_3_03_40
                0x0002394e                SYS_5_02_02
                0x0000e9f8                PAGE_5_01_10
                0x0001f44a                SYS_3_17_16
                0x0001d938                SYS_3_13_04
                0x0000ee6a                PAGE_5_02_06
                0x00023b60                SYS_5_03_06
                0x000080c0                PAGE_3_06_11
                0x0001d51e                SYS_3_10_09
                0x00004ab0                PAGE_3_00
                0x0000aabc                PAGE_3_16_17
                0x00018e72                SYS_3_03_23
                0x00024420                SYS_6_00
                0x00007b62                PAGE_3_05_28
                0x0000b76a                PAGE_3_17_50
                0x0000f23e                PAGE_5_03_01
                0x0001dd7a                SYS_3_15_14
                0x0000ae2a                PAGE_3_17_04
                0x0000ad28                PAGE_3_17_01
                0x00015762                SYS_2_0_10
                0x00020820                SYS_3_18_27
                0x00024240                SYS_5_07_10
                0x00011548                PAGE_5_08_01
                0x00016ad0                SYS_3_01_03
                0x0001933c                SYS_3_03_38
                0x000136b0                PAGE_7_02_02_05
                0x00024f2c                SYS_7_01_03_05
                0x0000c0e0                PAGE_3_18_47
                0x000091c0                PAGE_3_08_02
                0x0000a526                PAGE_3_15_16
                0x00005104                PAGE_3_00_05
                0x0001cf92                SYS_3_08_04
                0x00021572                SYS_3_21_00
                0x000059de                PAGE_3_03_04
                0x000268be                SYS_0xFFFFFFFF
                0x0000b5ba                PAGE_3_17_41
                0x00020b7c                SYS_3_19_03
                0x0001f468                SYS_3_17_17
                0x00022e9e                SYS_3_23_02
                0x0000a706                PAGE_3_15_26
                0x0001fb0e                SYS_3_17_22
                0x00005da6                PAGE_3_03_15
                0x0001fbe0                SYS_3_17_29
                0x0001c98e                SYS_3_06_58
                0x0001d816                SYS_3_12_05
                0x00019b0c                SYS_3_04_49
                0x0002201a                SYS_3_21_12
                0x00009f0a                PAGE_3_13_04
                0x00007c82                PAGE_3_05_34
                0x00007c52                PAGE_3_05_33
                0x00008750                PAGE_3_06_46
                0x00009046                PAGE_3_07_23
                0x0001d712                SYS_3_11_06
                0x00024600                SYS_6_02_05
                0x0001c4de                SYS_3_06_18
                0x000094bc                PAGE_3_08_18
                0x00007e2a                PAGE_3_05_42
                0x00008cb6                PAGE_3_07_04
                0x0001be20                SYS_3_05_34
                0x00009576                PAGE_3_09_02
                0x00020a78                SYS_3_18_47
                0x00018e54                SYS_3_03_22
                0x0001d0be                SYS_3_08_14
                0x00008e36                PAGE_3_07_12
                0x000055aa                PAGE_3_01_07
                0x0000e2f6                PAGE_5_00_10
                0x00023416                SYS_4_02_3_4
                0x0000d5b2                PAGE_3_22_03
                0x0002127a                SYS_3_20_18
                0x00015708                SYS_2_0_07
                0x0001c934                SYS_3_06_55
                0x000067f6                PAGE_3_03_45
                0x00023dfe                SYS_5_05_01
                0x00019620                SYS_3_04_07
                0x0001d136                SYS_3_08_18
                0x0001dbf4                SYS_3_15_01
                0x000208f2                SYS_3_18_34
                0x00006f8c                PAGE_3_04_26
                0x000065e6                PAGE_3_03_39
                0x0000daba                PAGE_4_02_3_4
                0x0001c31c                SYS_3_06_03
                0x000188f4                SYS_3_03_02
                0x0000a3d6                PAGE_3_15_09
                0x000216a8                SYS_3_21_09
                0x00004336                PAGE_1_1
                0x00007662                PAGE_3_05_08
                0x0000ba50                PAGE_3_18_12
                0x000212f2                SYS_3_20_22
                0x000253fa                SYS_7_02_01
                0x000236ec                SYS_5_00_09
                0x0001221e                PAGE_7_01_00_06
                0x00021496                SYS_3_20_36
                0x0000cc0c                PAGE_3_20_15
                0x00026470                SYS_7_02_03_07
                0x00019a76                SYS_3_04_44
                0x00023b42                SYS_5_03_05
                0x00006a5e                PAGE_3_03_52
                0x000195c6                SYS_3_04_04
                0x00024088                SYS_5_06_09
                0x00023f98                SYS_5_06_01
                0x0001994a                SYS_3_04_34
                0x0001cdda                SYS_3_07_21
                0x0001d69a                SYS_3_11_02
                0x0001c772                SYS_3_06_40
                0x00012be6                PAGE_7_01_04_06
                0x00016df6                SYS_3_01_04
                0x00020d3e                SYS_3_19_18
                0x00016094                SYS_3_00_12
                0x0000458e                PAGE_2_0_00
                0x0002056e                SYS_3_18_04
                0x0002370a                SYS_5_00_10
                0x0001c358                SYS_3_06_05
                0x000199c2                SYS_3_04_38
                0x00015aae                SYS_2_2_01
                0x0000cffc                PAGE_3_20_36
                0x00008ab0                PAGE_3_06_64
                0x000083c0                PAGE_3_06_27
                0x00008a80                PAGE_3_06_63
                0x00008390                PAGE_3_06_26
                0x0001e14e                SYS_3_16_15
                0x00015d74                SYS_3_13
                0x0001ed0e                SYS_3_17_06
                0x00004644                PAGE_2_0_04
                0x0000b64a                PAGE_3_17_44
                0x0000ac9c                PAGE_3_16_27
                0x0001fd48                SYS_3_17_41
                0x00006ae2                PAGE_3_04_01
                0x000238a4                SYS_5_01_10
                0x00011174                PAGE_5_07_06
                0x0000f0fa                PAGE_5_02_10
                0x0001601c                SYS_3_00_08
                0x00015c48                SYS_3_03
                0x0002534e                SYS_7_01_04_06
                0x00023db8                SYS_5_05_00
                0x0001c60a                SYS_3_06_28
                0x0001191a                PAGE_5_08_07
                0x0002590e                SYS_7_02_01_05
                0x00023b7e                SYS_5_03_07
                0x0002116c                SYS_3_20_09
                0x0001c9ac                SYS_3_06_59
                0x00015672                SYS_2_0_02
                0x0000d93c                PAGE_4_01
                0x00023552                SYS_5_07
                0x000209c4                SYS_3_18_41
                0x00020ce4                SYS_3_19_15
                0x0000d786                PAGE_3_23_04
                0x0000a406                PAGE_3_15_10
                0x0000db4c                PAGE_5_02
                0x00004d0e                PAGE_3_11
                0x000115ea                PAGE_5_08_02
                0x0000b0ba                PAGE_3_17_16
                0x00004794                PAGE_2_0_11
                0x0002076c                SYS_3_18_21
                0x00008da6                PAGE_3_07_09
                0x0001ca24                SYS_3_06_63
                0x0000cd2c                PAGE_3_20_21
                0x0000bae0                PAGE_3_18_15
                0x0000b52a                PAGE_3_17_38
                0x00013cb2                PAGE_7_02_03_07
                0x0001e25c                SYS_3_16_24
                0x0000ce7c                PAGE_3_20_28
                0x000143e4                SYS_5
                0x0001afa8                SYS_3_05_14
                0x000042de                PAGE_1_0
                0x00014324                SYS_4
                0x000193b4                SYS_3_03_42
                0x0001de6a                SYS_3_15_22
                0x00015944                SYS_2_1_03
                0x00009d38                PAGE_3_12_02
                0x00024286                SYS_5_08_00
                0x0001cf38                SYS_3_08_01
                0x00010bba                PAGE_5_06_08
                0x0001eda4                SYS_3_17_11
                0x00019b2a                SYS_3_04_50
                0x00015116                SYS_1_4
                0x00019698                SYS_3_04_11
                0x00015fe0                SYS_3_00_06
                0x0000a81e                PAGE_3_16_03
                0x00006956                PAGE_3_03_49
                0x00005888                PAGE_3_03_00
                0x000198b4                SYS_3_04_29
                0x0000737c                PAGE_3_04_47
                0x00019788                SYS_3_04_19
                0x0001d44c                SYS_3_10_02
                0x00005988                PAGE_3_03_03
                0x00007a12                PAGE_3_05_21
                0x0000af4a                PAGE_3_17_10
                0x00007772                PAGE_3_05_12
                0x0000aeba                PAGE_3_17_07
                0x000241c8                SYS_5_07_06
                0x0000a676                PAGE_3_15_23
                0x000260e6                SYS_7_02_03_05
                0x0001926a                SYS_3_03_31
                0x0001fbc2                SYS_3_17_28
                0x0001c826                SYS_3_06_46
                0x0001d7f8                SYS_3_12_04
                0x00023ff2                SYS_5_06_04
                0x0001579e                SYS_2_0_12
                0x000086c0                PAGE_3_06_43
                0x0000da4c                PAGE_4_00_3_4
                0x0000c466                PAGE_3_19_16
                0x00006696                PAGE_3_03_41
                0x0001dca8                SYS_3_15_07
                0x0000679e                PAGE_3_03_44
                0x0000db7a                PAGE_5_03
                0x0002382c                SYS_5_01_06
                0x00024866                SYS_7_01_00_05
                0x00015e82                SYS_3_22
                0x0000b61a                PAGE_3_17_43
                0x000246ae                SYS_7_02
                0x00015908                SYS_2_1_01
                0x00008960                PAGE_3_06_57
                0x0001cf74                SYS_3_08_03
                0x0000b70a                PAGE_3_17_48
                0x00006efc                PAGE_3_04_23
                0x000094ec                PAGE_3_08_19
                0x0001e9ac                SYS_3_17_03
                0x0000aa2c                PAGE_3_16_14
                0x00010da6                PAGE_5_07_00
                0x00007932                PAGE_3_05_18
                0x0000ebde                PAGE_5_02_02
                0x000206b8                SYS_3_18_15
                0x00010228                PAGE_5_05_04
                0x0000c286                PAGE_3_19_06
                0x0000d176                PAGE_3_21_02
                0x0000504a                PAGE_3_00_01
                0x00020ee2                SYS_3_19_32
                0x000210b8                SYS_3_20_03
                0x0000bcf0                PAGE_3_18_26
                0x00023cdc                SYS_5_04_05
                0x000191d4                SYS_3_03_26
                0x000194a4                SYS_3_03_50
                0x0000d5e0                PAGE_3_22_04
                0x00017a8e                SYS_3_01_08
                0x00008150                PAGE_3_06_14
                0x0002152c                SYS_3_20_41
                0x00004b86                PAGE_3_04
                0x0000a1d0                PAGE_3_14_07
                0x00024788                SYS_7_01_02
                0x0001d9ce                SYS_3_13_09
                0x0000e620                PAGE_5_01_04
                0x0000a200                PAGE_3_14_08
                0x00006bfc                PAGE_3_04_07
                0x0000bd80                PAGE_3_18_29
                0x00011c18                PAGE_6_02
                0x00023d18                SYS_5_04_07
                0x0001bcf4                SYS_3_05_24
                0x00012d04                PAGE_7_02_00
                0x00006f5c                PAGE_3_04_25
                0x00015acc                SYS_2_2_02
                0x000084b0                PAGE_3_06_32
                0x0001cad8                SYS_3_06_69
                0x0000a496                PAGE_3_15_13
                0x00020e2e                SYS_3_19_26
                0x0001bd8a                SYS_3_05_29
                0x00010042                PAGE_5_05_01
                0x0000abac                PAGE_3_16_22
                0x00005d4e                PAGE_3_03_14
                0x00008480                PAGE_3_06_31
                0x000193f0                SYS_3_03_44
                0x0000b874                PAGE_3_18_02
                0x00011f9a                PAGE_7_01_03
                0x0000cdbc                PAGE_3_20_24
                0x0000cb7c                PAGE_3_20_12
                0x0000bc00                PAGE_3_18_21
                0x00020d98                SYS_3_19_21
                0x0001bc9a                SYS_3_05_21
                0x0000710c                PAGE_3_04_34
                0x0001cd62                SYS_3_07_17
                0x000181a4                SYS_3_02_04
                0x00009a78                PAGE_3_10_12
                0x0001c1be                SYS_3_05_39
                0x000079e2                PAGE_3_05_20
                0x0000c080                PAGE_3_18_45
                0x000197a6                SYS_3_04_20
                0x000215b8                SYS_3_21_01
                0x000214b4                SYS_3_20_37
                0x000088d0                PAGE_3_06_54
                0x00008240                PAGE_3_06_19
                0x0001d2d0                SYS_3_09_09
                0x0001cfce                SYS_3_08_06
                0x00023ca0                SYS_5_04_03
                0x0001974c                SYS_3_04_17
                0x00015ca2                SYS_3_06
                0x0000c796                PAGE_3_19_33
                0x0000ae8a                PAGE_3_17_06
                0x00018dbe                SYS_3_03_17
                0x0000a28a                PAGE_3_15_02
                0x0001d500                SYS_3_10_08
                0x0000ddda                PAGE_5_00_02
                0x0002418c                SYS_5_07_04
                0x0000dfc2                PAGE_5_00_05
                0x00022d40                SYS_3_22_02
                0x0000924c                PAGE_3_08_05
                0x00005eae                PAGE_3_03_18
                0x00024204                SYS_5_07_08
                0x000134aa                PAGE_7_02_01_06
                0x0000c826                PAGE_3_19_36
                0x0000c646                PAGE_3_19_26
                0x0002685c                SYS_7_02_04_07
                0x000231d2                SYS_4_02
                0x00009812                PAGE_3_09_16
                0x0000bea0                PAGE_3_18_35
                0x0001922e                SYS_3_03_29
                0x000211c6                SYS_3_20_12
                0x0001ce8e                SYS_3_07_27
                0x00005b96                PAGE_3_03_09
                0x0002074e                SYS_3_18_20
                0x00025cfa                SYS_7_02_02_05
                0x0000b3da                PAGE_3_17_31
                0x000045ba                PAGE_2_0_01
                0x00012ecc                PAGE_7_02_03
                0x0001d3e8                SYS_3_10_00
                0x00007d42                PAGE_3_05_38
                0x00009e24                PAGE_3_12_07
                0x00015b08                SYS_2_2_04
                0x000233d4                SYS_4_01_3_4
                0x0001c4c0                SYS_3_06_17
                0x00015e0a                SYS_3_18
                0x000098f8                PAGE_3_10_04
                0x000242ea                SYS_5_08_02
                0x00025702                SYS_7_02_00_06
                0x00018d64                SYS_3_03_14
                0x0001c556                SYS_3_06_22
                0x00020a5a                SYS_3_18_46
                0x00018e36                SYS_3_03_21
                0x00007902                PAGE_3_05_17
                0x00009c7e                PAGE_3_11_06
                0x00020b40                SYS_3_19_01
                0x0001e0f4                SYS_3_16_12
                0x0001cef2                SYS_3_08_00
                0x00009bf0                PAGE_3_11_03
                0x0001de2e                SYS_3_15_20
                0x0002349e                SYS_5_01
                0x000054a2                PAGE_3_01_04
                0x00020bd6                SYS_3_19_06
                0x0000490a                PAGE_2_2_00
                0x0001c916                SYS_3_06_54
                0x0000d846                PAGE_3_23_08
                0x0001ddd4                SYS_3_15_17
                0x00019efa                SYS_3_05_01
                0x0000b55a                PAGE_3_17_39
                0x0000b0ea                PAGE_3_17_17
                0x0000fdb6                PAGE_5_04_08
                0x000048ac                PAGE_2_1_03
                0x000106a4                PAGE_5_06_00
                0x000060be                PAGE_3_03_24
                0x0000fe5a                PAGE_5_04_09
                0x0000a02a                PAGE_3_13_10
                0x0002078a                SYS_3_18_22
                0x0000e8b0                PAGE_5_01_08
                0x0001fdde                SYS_3_17_46
                0x00004ece                PAGE_3_19
                0x0000430a                PAGE_1_0_0
                0x0000a3a6                PAGE_3_15_08
                0x0000b22a                PAGE_3_17_22
                0x0000cf9c                PAGE_3_20_34
                0x00004db6                PAGE_3_14
                0x00009752                PAGE_3_09_12
                0x0001dab4                SYS_3_14_02
                0x000071cc                PAGE_3_04_38
                0x0001e130                SYS_3_16_14
                0x0000713c                PAGE_3_04_35
                0x00012032                PAGE_7_01_04
                0x000063d6                PAGE_3_03_33
                0x00011218                PAGE_5_07_07
                0x00014d74                SYS_1_3
                0x00007f14                PAGE_3_06_02
                0x0000d1a4                PAGE_3_21_03
                0x00014624                SYS_1_0
                0x00007dfa                PAGE_3_05_41
                0x0000f758                PAGE_5_03_09
                0x00024380                SYS_5_08_07
                0x0001d0dc                SYS_3_08_15
                0x00009a18                PAGE_3_10_10
                0x0000a8ac                PAGE_3_16_06
                0x0000ab1c                PAGE_3_16_19
                0x00005164                PAGE_3_00_07
                0x0001fc94                SYS_3_17_35
                0x00009b38                PAGE_3_10_16
                0x00020afa                SYS_3_19_00
                0x00008dd6                PAGE_3_07_10
                0x0001cdf8                SYS_3_07_22
                0x00012a92                PAGE_7_01_04_05
                0x0000f382                PAGE_5_03_03
                0x00017db4                SYS_3_01_09
                0x0000c5e6                PAGE_3_19_24
                0x00008ba0                PAGE_3_06_69
                0x00013b5e                PAGE_7_02_03_06
                0x0002132e                SYS_3_20_24
                0x000215d6                SYS_3_21_02
                0x00014564                SYS_7
                0x0000e39a                PAGE_5_01_00
                0x0001cbbe                SYS_3_07_03
                0x00005224                PAGE_3_00_11
                0x0001cd26                SYS_3_07_15
                0x00026084                SYS_7_02_02_07
                0x000042a8                PAGE_7
                0x00023a02                SYS_5_02_08
                0x0002396c                SYS_5_02_03
                0x00008a20                PAGE_3_06_61
                0x00008330                PAGE_3_06_24
                0x0001e18a                SYS_3_16_17
                0x0000c316                PAGE_3_19_09
                0x000072ec                PAGE_3_04_44
                0x0001dd02                SYS_3_15_10
                0x00019ab2                SYS_3_04_46
                0x00008000                PAGE_3_06_07
                0x00011d9a                PAGE_7_02
                0x0000d816                PAGE_3_23_07
                0x00020988                SYS_3_18_39
                0x00006bcc                PAGE_3_04_06
                0x0000570c                PAGE_3_02_02
                0x00004cd6                PAGE_3_10
                0x000097e2                PAGE_3_09_15
                0x000156cc                SYS_2_0_05
                0x00010888                PAGE_5_06_03
                0x00006066                PAGE_3_03_23
                0x0002083e                SYS_3_18_28
                0x00024eca                SYS_7_01_02_06
                0x0000dc08                PAGE_5_06
                0x0002136a                SYS_3_20_26
                0x0001c376                SYS_3_06_06
                0x000062ce                PAGE_3_03_30
                0x0001c790                SYS_3_06_41
                0x00005798                PAGE_3_02_05
                0x000043e8                PAGE_1_3
                0x00023750                SYS_5_01_00
                0x0001940e                SYS_3_03_45
                0x0001983c                SYS_3_04_25
                0x0001de4c                SYS_3_15_21
                0x0001cd44                SYS_3_07_16
                0x0001e202                SYS_3_16_21
                0x0000a0b6                PAGE_3_14_01
                0x000206f4                SYS_3_18_17
                0x0000d262                PAGE_3_21_07
                0x0000942c                PAGE_3_08_15
                0x0000a796                PAGE_3_16_00
                0x000238ea                SYS_5_02_00
                0x0001972e                SYS_3_04_16
                0x0001d8fc                SYS_3_13_02
                0x00023b9c                SYS_5_03_08
                0x0000a140                PAGE_3_14_04
                0x0001fb68                SYS_3_17_25
                0x0001e0d6                SYS_3_16_11
                0x0001823a                SYS_3_02_09
                0x0001c538                SYS_3_06_21
                0x0002416e                SYS_5_07_03
                0x000087e0                PAGE_3_06_49
                0x00007b02                PAGE_3_05_26
                0x00026ad6                _TEXT
                0x000071fc                PAGE_3_04_39
                0x000087b0                PAGE_3_06_48
                0x0000bdb0                PAGE_3_18_30
                0x00021036                SYS_3_20_00
                0x00019aee                SYS_3_04_48
                0x0001d348                SYS_3_09_13
                0x0001ca06                SYS_3_06_62
                0x0000d640                PAGE_3_22_06
                0x0000c556                PAGE_3_19_21
                0x00023cfa                SYS_5_04_06
                0x0000bff0                PAGE_3_18_42
                0x000197e2                SYS_3_04_22
                0x000160b2                SYS_3_00_13
                0x000049f0                PAGE_2_2_05
                0x0000757a                PAGE_3_05_04
                0x00006e6c                PAGE_3_04_20
                0x000075aa                PAGE_3_05_05
                0x00020604                SYS_3_18_09
                0x0001c40c                SYS_3_06_11
                0x00009166                PAGE_3_08_00
                0x00023638                SYS_5_00_03
                0x00020f78                SYS_3_19_37
                0x0000cccc                PAGE_3_20_19
                0x00004734                PAGE_2_0_09
                0x00008d76                PAGE_3_07_08
                0x00015ffe                SYS_3_00_07
                0x0001b612                SYS_3_05_17
                0x0001233c                PAGE_7_01_01_05
                0x00008ce6                PAGE_3_07_05
                0x000209a6                SYS_3_18_40
                0x0001d294                SYS_3_09_07
                0x0001a95c                SYS_3_05_12
                0x0000a766                PAGE_3_15_28
                0x0001fb4a                SYS_3_17_24
                0x0000ea9c                PAGE_5_02_00
                0x0001560e                SYS_2_0_00
                0x0000c9ce                PAGE_3_20_03
                0x00004c2e                PAGE_3_07
                0x00020ca8                SYS_3_19_13
                0x0000e6c4                PAGE_5_01_05
                0x0000b2ea                PAGE_3_17_26
                0x00009692                PAGE_3_09_08
                0x0000939c                PAGE_3_08_12
                0x0000d556                PAGE_3_22_01
                0x00009eae                PAGE_3_13_02
                0x00006e0c                PAGE_3_04_18
                0x00023e94                SYS_5_05_06
                0x00015802                SYS_2_1
                0x00018d0a                SYS_3_03_11
                0x000090a6                PAGE_3_07_25
                0x0000cb4c                PAGE_3_20_11
                0x0000c3d6                PAGE_3_19_13
                0x000096f2                PAGE_3_09_10
                0x00015cfc                SYS_3_09
                0x00009842                PAGE_3_10_00
                0x00021400                SYS_3_20_31
                0x0000fbca                PAGE_5_04_05
                0x0000c1ca                PAGE_3_19_02
                0x0001c5ec                SYS_3_06_27
                0x0000565a                PAGE_3_01_09
                0x00022eda                SYS_3_23_04
                0x0001a636                SYS_3_05_11
                0x0000d372                PAGE_3_21_11
                0x00009958                PAGE_3_10_06
                0x0000ca8c                PAGE_3_20_07
                0x0000a87c                PAGE_3_16_05
                0x0000c676                PAGE_3_19_27
                0x00008e96                PAGE_3_07_14
                0x00013356                PAGE_7_02_01_05
                0x0001965c                SYS_3_04_09
                0x00009ffa                PAGE_3_13_09
                0x00008b10                PAGE_3_06_66
                0x00008420                PAGE_3_06_29
                0x00006536                PAGE_3_03_37
                0x00005fb6                PAGE_3_03_21
                0x0001bde4                SYS_3_05_32
                0x0002134c                SYS_3_20_25
                0x0001cc72                SYS_3_07_09
                0x0000efb2                PAGE_5_02_08
                0x0000b990                PAGE_3_18_08
                0x00009d66                PAGE_3_12_03
                0x0001ce16                SYS_3_07_23
                0x0001055c                PAGE_5_05_09
                0x00009e80                PAGE_3_13_01
                0x00008f56                PAGE_3_07_18
                0x0000a586                PAGE_3_15_18
                0x00004fe6                PAGE_3_24
                0x000242cc                SYS_5_08_01
                0x000072bc                PAGE_3_04_43
                0x000082a0                PAGE_3_06_21
                0x00006c8c                PAGE_3_04_10
                0x0001dec4                SYS_3_15_25
                0x00019f18                SYS_3_05_02
                0x0000d6fc                PAGE_3_23_01
                0x0000ca5c                PAGE_3_20_06
                0x000234f8                SYS_5_04
                0x0000722c                PAGE_3_04_40
                0x000069ae                PAGE_3_03_50
                0x00022d5e                SYS_3_22_03
                0x0001e05e                SYS_3_16_07
                0x00015bc6                SYS_3_00
                0x00004a80                PAGE_2_2_08
                0x0000b8a2                PAGE_3_18_03
                0x0000d9e0                PAGE_4_01_3
                0x0001ddb6                SYS_3_15_16
                0x00004bbe                PAGE_3_05
                0x0002125c                SYS_3_20_17
                0x0000b2ba                PAGE_3_17_25
                0x0000751e                PAGE_3_05_02
                0x000246f4                SYS_7_01_00
                0x0001dfaa                SYS_3_16_01
                0x0001c9ca                SYS_3_06_60
                0x0001faf0                SYS_3_17_21
                0x0000663e                PAGE_3_03_40
                0x0001c682                SYS_3_06_32
                0x00009106                PAGE_3_07_27
                0x00007ce2                PAGE_3_05_36
                0x0000d05c                PAGE_3_20_38
                0x00025522                SYS_7_02_00_05
                0x0000ab4c                PAGE_3_16_20
                0x00006ab6                PAGE_3_04_00
                0x00004522                PAGE_2_1
                0x00004f3e                PAGE_3_21
                0x00018930                SYS_3_03_04
                0x00009f6a                PAGE_3_13_06
                0x00010c5e                PAGE_5_06_09
                0x0001967a                SYS_3_04_10
                0x00006b3e                PAGE_3_04_03
                0x000236ce                SYS_5_00_08
                0x000214f0                SYS_3_20_39
                0x0000bb40                PAGE_3_18_17
                0x0001cc90                SYS_3_07_10
                0x000154b8                SYS_1_5
                0x00015c0c                SYS_3_01
                0x00009136                PAGE_3_07_28
                0x0001f7ac                SYS_3_17_19
                0x00020f00                SYS_3_19_33
                0x00008090                PAGE_3_06_10
                0x0000aaec                PAGE_3_16_18
                0x0000aa5c                PAGE_3_16_15
                0x00024490                SYS_6_01
                0x0000bbd0                PAGE_3_18_20
                0x0000b02a                PAGE_3_17_13
                0x0000add4                PAGE_3_17_03
                0x0000f19e                PAGE_5_03_00
                0x00024222                SYS_5_07_09
                0x00019968                SYS_3_04_35
                0x0001172e                PAGE_5_08_04
                0x00019300                SYS_3_03_36
                0x0000bed0                PAGE_3_18_36
                0x00023f52                SYS_5_06_00
                0x0000746c                PAGE_3_04_52
                0x0001d758                SYS_3_12_00
                0x000114a8                PAGE_5_08_00
                0x0000b4ca                PAGE_3_17_36
                0x0000a5e6                PAGE_3_15_20
                0x000197c4                SYS_3_04_21
                0x0002168a                SYS_3_21_08
                0x0000c0b0                PAGE_3_18_46
                0x0002380e                SYS_5_01_05
                0x000099e8                PAGE_3_10_09
                0x00023d72                SYS_5_04_10
                0x0000a2e6                PAGE_3_15_04
                0x0001985a                SYS_3_04_26
                0x00023ed0                SYS_5_05_08
                0x000050d4                PAGE_3_00_04
                0x000050a6                PAGE_3_00_03
                0x0000c19c                PAGE_3_19_01
                0x00020550                SYS_3_18_03
                0x00024326                SYS_5_08_04
                0x0001c5b0                SYS_3_06_25
                0x00005a8e                PAGE_3_03_06
                0x0000704c                PAGE_3_04_30
                0x00023b06                SYS_5_03_03
                0x0001db0e                SYS_3_14_05
                0x0000cc3c                PAGE_3_20_16
                0x0000b58a                PAGE_3_17_40
                0x0002439e                SYS_5_08_08
                0x0000da82                PAGE_4_01_3_4
                0x0000419e                PAGE_2
                0x000240a6                SYS_5_06_10
                0x0001c6dc                SYS_3_06_35
                0x000046d4                PAGE_2_0_07
                0x00019fae                SYS_3_05_07
                0x0001fba4                SYS_3_17_27
                0x00023a3e                SYS_5_02_10
                0x00025c98                SYS_7_02_01_07
                0x0000d8d6                PAGE_3_23_11
                0x0000cf0c                PAGE_3_20_31
                0x0001cdbc                SYS_3_07_20
                0x00019ad0                SYS_3_04_47
                0x000096c2                PAGE_3_09_09
                0x00007cb2                PAGE_3_05_35
                0x00008720                PAGE_3_06_45
                0x0001d366                SYS_3_09_14
                0x0001bc7c                SYS_3_05_20
                0x0001e2b6                SYS_3_16_27
                0x0000dbd8                PAGE_5_05
                0x0001dce4                SYS_3_15_09
                0x0000c346                PAGE_3_19_10
                0x00020e10                SYS_3_19_25
                0x0000f9e2                PAGE_5_04_02
                0x0001c254                SYS_3_05_44
                0x0000bf60                PAGE_3_18_39
                0x00018104                SYS_3_02_00
                0x00015e46                SYS_3_20
                0x00008bd0                PAGE_3_06_70
                0x00008540                PAGE_3_06_35
                0x00020f1e                SYS_3_19_34
                0x0000b6aa                PAGE_3_17_46
                0x0000948c                PAGE_3_08_17
                0x000181c2                SYS_3_02_05
                0x0001d8de                SYS_3_13_01
                0x000206d6                SYS_3_18_16
                0x0000621e                PAGE_3_03_28
                0x00007e8a                PAGE_3_05_44
                0x0001dee2                SYS_3_15_26
                0x0000a4f6                PAGE_3_15_15
                0x000245b6                SYS_6_01_05
                0x00020a3c                SYS_3_18_45
                0x00007ee6                PAGE_3_06_01
                0x0001d0a0                SYS_3_08_13
                0x00009cae                PAGE_3_11_07
                0x000119be                PAGE_5_08_08
                0x00008e66                PAGE_3_07_13
                0x0000d584                PAGE_3_22_02
                0x0002123e                SYS_3_20_16
                0x0002404c                SYS_5_06_07
                0x0001c2e0                SYS_3_06_01
                0x00017442                SYS_3_01_06
                0x0000658e                PAGE_3_03_38
                0x00006fbc                PAGE_3_04_27
                0x00004e5e                PAGE_3_17
                0x0001bdc6                SYS_3_05_31
                0x0002510c                SYS_7_01_03_06
                0x0000ac0c                PAGE_3_16_24
                0x0000771a                PAGE_3_05_11
                0x0001c448                SYS_3_06_13
                0x0001fc3a                SYS_3_17_32
                0x000215f4                SYS_3_21_03
                0x00011e6a                PAGE_7_01_01
                0x0000a556                PAGE_3_15_17
                0x0000bc60                PAGE_3_18_23
                0x00019896                SYS_3_04_28
                0x00018168                SYS_3_02_02
                0x000253b0                SYS_7_02_00
                0x00005a36                PAGE_3_03_05
                0x0001d898                SYS_3_13_00
                0x0002107c                SYS_3_20_01
                0x000053a0                PAGE_3_01_01
                0x000214d2                SYS_3_20_38
                0x0002109a                SYS_3_20_02
                0x0000d4d2                PAGE_3_21_15
                0x0002456a                SYS_6_01_03
                0x0001dfc8                SYS_3_16_02
                0x0000c736                PAGE_3_19_31
                0x0001d4c4                SYS_3_10_06
                0x0000de7c                PAGE_5_00_03
                0x00018ddc                SYS_3_03_18
                0x0000af1a                PAGE_3_17_09
                0x00005dfe                PAGE_3_03_16
                0x0002096a                SYS_3_18_38
                0x0002087a                SYS_3_18_30
                0x0001c89e                SYS_3_06_50
                0x0000f4c8                PAGE_5_03_05
                0x00004bf6                PAGE_3_06
                0x0001dd5c                SYS_3_15_13
                0x0001dc30                SYS_3_15_03
                0x0000c526                PAGE_3_19_20
                0x00008690                PAGE_3_06_42
                0x00022dd6                SYS_3_22_07
                0x00011cf4                PAGE_6_02_05
                0x00009016                PAGE_3_07_22
                0x00008c00                PAGE_3_07_00
                0x0000989c                PAGE_3_10_02
                0x000198d2                SYS_3_04_30
                0x00018d28                SYS_3_03_12
                0x00024aa8                SYS_7_01_01_05
                0x00008a50                PAGE_3_06_62
                0x00008360                PAGE_3_06_25
                0x0001ed2c                SYS_3_17_07
                0x00015dce                SYS_3_16
                0x00020532                SYS_3_18_02
                0x000046a4                PAGE_2_0_06
                0x0001fd66                SYS_3_17_42
                0x0001f3f0                SYS_3_17_13
                0x000235b6                SYS_5_00_00
                0x00006d1c                PAGE_3_04_13
                0x00010f8a                PAGE_5_07_03
                0x0001c592                SYS_3_06_24
                0x0000accc                PAGE_3_16_28
                0x000095a4                PAGE_3_09_03
                0x0001d578                SYS_3_10_12
                0x00015c66                SYS_3_04
                0x0000416a                PAGE_1
                0x00022f70                SYS_3_23_09
                0x00022e80                SYS_3_23_01
                0x0001df1e                SYS_3_15_28
                0x0000f7fc                PAGE_5_03_10
                0x000210d6                SYS_3_20_04
                0x0000bd20                PAGE_3_18_27
                0x00019b48                SYS_3_04_51
                0x0000e10a                PAGE_5_00_07
                0x00005f06                PAGE_3_03_19
                0x0001d154                SYS_3_08_19
                0x0000d758                PAGE_3_23_03
                0x000156ea                SYS_2_0_06
                0x0001ceac                SYS_3_07_28
                0x00004d7e                PAGE_3_13
                0x0002118a                SYS_3_20_10
                0x0001d834                SYS_3_12_06
                0x0001fcee                SYS_3_17_38
                0x0001cc18                SYS_3_07_06
                0x0001fe56                SYS_3_17_50
                0x0000afd2                PAGE_3_17_12
                0x00005c46                PAGE_3_03_11
                0x000140e4                SYS_1
                0x00004392                PAGE_1_2
                0x0001d42e                SYS_3_10_01
                0x00020f3c                SYS_3_19_35
                0x000207a8                SYS_3_18_23
                0x00023eee                SYS_5_05_09
                0x00009d0a                PAGE_3_12_01
                0x00007f70                PAGE_3_06_04
                0x000235fc                SYS_5_00_01
                0x00014852                SYS_1_1
                0x0001894e                SYS_3_03_05
                0x0001bda8                SYS_3_05_30
                0x0001be3e                SYS_3_05_35
                0x000073ac                PAGE_3_04_48
                0x00023930                SYS_5_02_01
[...]
                0x000181fe                SYS_3_02_07
                0x00018e18                SYS_3_03_20
                0x0001db2c                SYS_3_14_06
                0x0001473c                SYS_1_0_0
                0x0000a4c6                PAGE_3_15_14
                0x00007eba                PAGE_3_06_00
                0x0001d028                SYS_3_08_09
                0x00011876                PAGE_5_08_06
                0x00023cbe                SYS_5_04_04
                0x0001d082                SYS_3_08_12
                0x00015690                SYS_2_0_03
                0x0001c970                SYS_3_06_57
                0x0000b05a                PAGE_3_17_14
                0x00023534                SYS_5_06
                0x00022fac                SYS_3_23_11
                0x00021202                SYS_3_20_14
                0x0000684e                PAGE_3_03_46
                0x000117d2                PAGE_5_08_05
                0x00011dd2                PAGE_7_01_00
                0x00010600                PAGE_5_05_10
                0x000213a6                SYS_3_20_28
                0x0001931e                SYS_3_03_37
                0x0001dc6c                SYS_3_15_05
                0x0001c862                SYS_3_06_48
                0x000167aa                SYS_3_01_02
                0x0000bab0                PAGE_3_18_14
                0x0000b4fa                PAGE_3_17_37
                0x0000ac3c                PAGE_3_16_25
                0x0000ef0e                PAGE_5_02_07
                0x00004dee                PAGE_3_15
                0x0001fbfe                SYS_3_17_30
                0x000243bc                SYS_5_08_09
                0x0000760a                PAGE_3_05_07
                0x0000ce4c                PAGE_3_20_27
                0x000207c6                SYS_3_18_24
                0x0001cb82                SYS_3_07_01
                0x00012ffc                PAGE_7_02_00_05
                0x0000ba80                PAGE_3_18_13
                0x0000c170                PAGE_3_19_00
                0x00025444                SYS_7_02_02
                0x0000cc6c                PAGE_3_20_17
                0x0001b630                SYS_3_05_18
                0x00005ae6                PAGE_3_03_07
                0x00009b68                PAGE_3_11_00
                0x0002141e                SYS_3_20_32
                0x00019396                SYS_3_03_41
                0x0000487e                PAGE_2_1_02
                0x00024344                SYS_5_08_05
                0x0000d8a6                PAGE_3_23_10
                0x0001a618                SYS_3_05_10
                0x00005314                PAGE_3_01_00
                0x000077ca                PAGE_3_05_13
                0x00004c66                PAGE_3_08
                0x00019602                SYS_3_04_06
                0x00008660                PAGE_3_06_41
                0x0001c9e8                SYS_3_06_61
                0x00008630                PAGE_3_06_40
                0x0000c496                PAGE_3_19_17
                0x00020d20                SYS_3_19_17
                0x00004e96                PAGE_3_18
                0x000204ce                SYS_3_18_00
                0x0000f940                PAGE_5_04_01
                0x0001ce70                SYS_3_07_26
                0x0000986e                PAGE_3_10_01
                0x000198f0                SYS_3_04_31
                0x0000b5ea                PAGE_3_17_42
                0x00020640                SYS_3_18_11
                0x00008ae0                PAGE_3_06_65
                0x000083f0                PAGE_3_06_28
                0x00007d12                PAGE_3_05_37
 .text          0x0002fc52      0xa92 rs232_MMItoPANEL.o
                0x00030398                WRITE_Packet_PARAMETER_ACCESS
                0x0002fd3e                __vector_32
                0x000305c0                Read_Parameter
                0x00030522                Send_Parameter
                0x0002fdf8                __vector_25
                0x0002ffd2                Serial_Comm_Protocol
                0x0003021c                Serial_Comm_Service
                0x00030440                WRITE_Packet_PARAMETER_BLOCK_ACCESS
                0x00030696                __vector_27
                0x0002fc52                Wait
                0x00030600                Read_DATA_from_ControlBoard
                0x00030668                TX0_char
                0x000304be                Xmitt_Packet_Head
                0x0002fe62                Initialize_SCI_Stack
                0x000304f8                Xmitt_Packet_End
                0x0002feec                Write_TransmitSerialStack_CRC_Update
                0x0002feb2                Write_TransmitSerialStack
                0x0002fc76                UART_init
                0x0002ff90                Read_ReceiveSerialStack
 .text          0x000306e4      0x18e 16by2CLCD.o
                0x000307ca                CLCD_string
                0x000307b6                CLCD_cursor_OFF
                0x000306e4                CLCD_command
                0x0003080c                CLCD_initialize
                0x0003078c                CLCD_cursor_ON
                0x0003083a                CLCD_BackLightOnOff
                0x00030736                CLCD_data
 .text          0x00030872        0x0 c:/winavr-20100110/bin/../lib/gcc/avr/4.3.3/avr6\libgcc.a(_mulsi3.o)
 .text          0x00030872        0x0 c:/winavr-20100110/bin/../lib/gcc/avr/4.3.3/avr6\libgcc.a(_udivmodhi4.o)
 .text          0x00030872        0x0 c:/winavr-20100110/bin/../lib/gcc/avr/4.3.3/avr6\libgcc.a(_divmodhi4.o)
 .text          0x00030872        0x0 c:/winavr-20100110/bin/../lib/gcc/avr/4.3.3/avr6\libgcc.a(_udivmodsi4.o)
 .text          0x00030872        0x0 c:/winavr-20100110/bin/../lib/gcc/avr/4.3.3/avr6\libgcc.a(_exit.o)
 .text          0x00030872        0x0 c:/winavr-20100110/bin/../lib/gcc/avr/4.3.3/avr6\libgcc.a(_clear_bss.o)
                0x00030872                . = ALIGN (0x2)
 *(.text.*)
 .text.libgcc   0x00030872       0x3e c:/winavr-20100110/bin/../lib/gcc/avr/4.3.3/avr6\libgcc.a(_mulsi3.o)
                0x00030872                __mulsi3
 .text.libgcc   0x000308b0       0x28 c:/winavr-20100110/bin/../lib/gcc/avr/4.3.3/avr6\libgcc.a(_udivmodhi4.o)
                0x000308b0                __udivmodhi4
 .text.libgcc   0x000308d8       0x26 c:/winavr-20100110/bin/../lib/gcc/avr/4.3.3/avr6\libgcc.a(_divmodhi4.o)
                0x000308d8                __divmodhi4
                0x000308d8                _div
 .text.libgcc   0x000308fe       0x44 c:/winavr-20100110/bin/../lib/gcc/avr/4.3.3/avr6\libgcc.a(_udivmodsi4.o)
                0x000308fe                __udivmodsi4
 .text.libgcc   0x00030942        0x0 c:/winavr-20100110/bin/../lib/gcc/avr/4.3.3/avr6\libgcc.a(_exit.o)
 .text.libgcc   0x00030942        0x0 c:/winavr-20100110/bin/../lib/gcc/avr/4.3.3/avr6\libgcc.a(_clear_bss.o)
                0x00030942                . = ALIGN (0x2)
 *(.fini9)
 .fini9         0x00030942        0x0 c:/winavr-20100110/bin/../lib/gcc/avr/4.3.3/avr6\libgcc.a(_exit.o)
                0x00030942                exit
                0x00030942                _exit
 *(.fini9)
 *(.fini8)
 *(.fini8)
 *(.fini7)
 *(.fini7)
 *(.fini6)
 *(.fini6)
 *(.fini5)
 *(.fini5)
 *(.fini4)
 *(.fini4)
 *(.fini3)
 *(.fini3)
 *(.fini2)
 *(.fini2)
 *(.fini1)
 *(.fini1)
 *(.fini0)
 .fini0         0x00030942        0x4 c:/winavr-20100110/bin/../lib/gcc/avr/4.3.3/avr6\libgcc.a(_exit.o)
 *(.fini0)
                0x00030946                _etext = .

.data           0x00800200      0x46c load address 0x00030946
                0x00800200                PROVIDE (__data_start, .)
 *(.data)
 .data          0x00800200        0x0 c:/winavr-20100110/bin/../lib/gcc/avr/4.3.3/../../../../avr/lib/avr6/crtm2560.o
 .data          0x00800200       0x23 main.o
                0x00800205                _1s_Cnt
                0x00800200                PacketCMD
                0x00800203                _200ms_Cnt
                0x00800204                _500ms_Cnt
                0x00800202                _100ms_Cnt
                0x00800201                _10ms_Cnt
 .data          0x00800223        0x0 util.o
 .data          0x00800223        0x0 debug_printf.o
 .data          0x00800223        0x4 key.o
                0x00800224                key_signal_B
                0x00800225                key_data
                0x00800223                key_signal_A
 .data          0x00800227      0x244 display.o
                0x00800227                posInpage
 .data          0x0080046b      0x200 rs232_MMItoPANEL.o
                0x0080046b                CRC16_Table
 .data          0x0080066b        0x0 16by2CLCD.o
 .data          0x0080066b        0x0 c:/winavr-20100110/bin/../lib/gcc/avr/4.3.3/avr6\libgcc.a(_mulsi3.o)
 .data          0x0080066b        0x0 c:/winavr-20100110/bin/../lib/gcc/avr/4.3.3/avr6\libgcc.a(_udivmodhi4.o)
 .data          0x0080066b        0x0 c:/winavr-20100110/bin/../lib/gcc/avr/4.3.3/avr6\libgcc.a(_divmodhi4.o)
 .data          0x0080066b        0x0 c:/winavr-20100110/bin/../lib/gcc/avr/4.3.3/avr6\libgcc.a(_udivmodsi4.o)
 .data          0x0080066b        0x0 c:/winavr-20100110/bin/../lib/gcc/avr/4.3.3/avr6\libgcc.a(_exit.o)
 .data          0x0080066b        0x0 c:/winavr-20100110/bin/../lib/gcc/avr/4.3.3/avr6\libgcc.a(_clear_bss.o)
 *(.data*)
 *(.rodata)
 *(.rodata*)
 *(.gnu.linkonce.d*)
                0x0080066c                . = ALIGN (0x2)
 *fill*         0x0080066b        0x1 00
                0x0080066c                _edata = .
                0x0080066c                PROVIDE (__data_end, .)

.bss            0x0080066c      0x25a
                0x0080066c                PROVIDE (__bss_start, .)
 *(.bss)
 .bss           0x0080066c        0x0 c:/winavr-20100110/bin/../lib/gcc/avr/4.3.3/../../../../avr/lib/avr6/crtm2560.o
 .bss           0x0080066c       0x13 main.o
                0x0080066d                TimeTic_1ms
                0x00800674                Toggle500ms
                0x00800672                TimeTic_1s
                0x0080067b                EventTimeB
                0x0080066f                TimeTic_100ms
                0x0080066e                TimeTic_10ms
                0x0080067c                EventTimeC
                0x00800671                TimeTic_500ms
                0x00800677                EventFlagC
                0x00800678                EventFlagD
                0x0080066c                TimerTicFlag
                0x00800675                EventFlagA
                0x0080067a                EventTimeA
                0x0080067e                EventTimeE
                0x00800670                TimeTic_200ms
                0x0080067d                EventTimeD
                0x00800676                EventFlagB
                0x00800673                Toggle10ms
                0x00800679                EventFlagE
 .bss           0x0080067f        0x0 util.o
 .bss           0x0080067f        0x2 debug_printf.o
 .bss           0x00800681        0x3 key.o
                0x00800683                LongKeyFlag
                0x00800681                key_press_time
 .bss           0x00800684       0x1c display.o
                0x00800685                password
                0x00800690                RunFlag
                0x00800695                waiting_flag
                0x0080068d                pass_pos
                0x00800698                Temporary
                0x00800692                Tset_pos
                0x00800691                StopFlag
                0x0080068e                Edit_flag
                0x0080068f                EnterFlag
                0x00800689                _password
                0x00800696                edit_Temp
                0x00800684                RefreshFlag
                0x00800693                eeprom_addr
 .bss           0x008006a0        0x9 rs232_MMItoPANEL.o
                0x008006a6                NewDataFlag
                0x008006a4                Read_GROUP
                0x008006a5                Read_INDEX
                0x008006a0                COMM_Watchdog_Timer
                0x008006a3                Comm_INDEX
                0x008006a2                Comm_GROUP
 .bss           0x008006a9        0x0 16by2CLCD.o
 .bss           0x008006a9        0x0 c:/winavr-20100110/bin/../lib/gcc/avr/4.3.3/avr6\libgcc.a(_mulsi3.o)
 .bss           0x008006a9        0x0 c:/winavr-20100110/bin/../lib/gcc/avr/4.3.3/avr6\libgcc.a(_udivmodhi4.o)
 .bss           0x008006a9        0x0 c:/winavr-20100110/bin/../lib/gcc/avr/4.3.3/avr6\libgcc.a(_divmodhi4.o)
 .bss           0x008006a9        0x0 c:/winavr-20100110/bin/../lib/gcc/avr/4.3.3/avr6\libgcc.a(_udivmodsi4.o)
 .bss           0x008006a9        0x0 c:/winavr-20100110/bin/../lib/gcc/avr/4.3.3/avr6\libgcc.a(_exit.o)
 .bss           0x008006a9        0x0 c:/winavr-20100110/bin/../lib/gcc/avr/4.3.3/avr6\libgcc.a(_clear_bss.o)
 *(.bss*)
 *(COMMON)
 COMMON         0x008006a9       0x70 main.o
                0x008006a9                PacketBuf
                0x0080070d                Packet
                0x0080070f                KeyState
                0x00800713                Packet_Head
                0x00800715                data_flg
                0x00800717                CRC
 COMMON         0x00800719      0x10f display.o
                0x00800719                text_buf
                0x00800819                old_naveMENU
                0x0080081d                naviMENU
                0x00800821                setTime
 COMMON         0x00800828       0x9e rs232_MMItoPANEL.o
                0x00800828                PAR_UP_DN_flg
                0x00800829                Para_count
                0x0080082b                Frame_StackPtr
                0x0080082c                NewFrame_ByteCnt
                0x0080082d                DATA_Sending_flg
                0x0080082e                RXD
                0x0080082f                Packet_StackPtr
                0x00800830                RXD_StackWritePtr
                0x00800831                NewFrame_StackPtr
                0x00800832                Run_Signal_flg
                0x00800833                TXD_StackWritePtr
                0x00800834                Comm_arry_ptr
                0x00800836                RRXD_Stack
                0x0080086d                RXD_StackReadPtr
                0x0080086e                NewFrame_Detect
                0x0080086f                Frame_ByteCnt
                0x00800870                TXD_Stack
                0x00800884                ms_cnt
                0x00800886                TimeOut_Cnt
                0x00800888                err_cnt
                0x0080088a                RXD_Stack
                0x008008c1                s_reg
                0x008008c3                NewFrame_Packet_State
                0x008008c4                TXD_StackReadPtr
                0x008008c5                Packet_ByteCnt
                0x008008c6                PROVIDE (__bss_end, .)
                0x00030946                __data_load_start = LOADADDR (.data)
                0x00030db2                __data_load_end = (__data_load_start + SIZEOF (.data))

.noinit         0x008008c6        0x0
                0x008008c6                PROVIDE (__noinit_start, .)
 *(.noinit*)
                0x008008c6                PROVIDE (__noinit_end, .)
                0x008008c6                _end = .
                0x008008c6                PROVIDE (__heap_start, .)

.eeprom         0x00810000        0x0
 *(.eeprom*)
                0x00810000                __eeprom_end = .

.fuse
 *(.fuse)
 *(.lfuse)
 *(.hfuse)
 *(.efuse)

.lock
 *(.lock*)

.signature
 *(.signature*)

.stab
 *(.stab)

.stabstr
 *(.stabstr)

.stab.excl
 *(.stab.excl)

.stab.exclstr
 *(.stab.exclstr)

.stab.index
 *(.stab.index)

.stab.indexstr
 *(.stab.indexstr)

.comment
 *(.comment)

.debug
 *(.debug)

.line
 *(.line)

.debug_srcinfo
 *(.debug_srcinfo)

.debug_sfnames
 *(.debug_sfnames)

.debug_aranges  0x00000000       0xe0
 *(.debug_aranges)
 .debug_aranges
                0x00000000       0x20 main.o
 .debug_aranges
                0x00000020       0x20 util.o
 .debug_aranges
                0x00000040       0x20 debug_printf.o
 .debug_aranges
                0x00000060       0x20 key.o
 .debug_aranges
                0x00000080       0x20 display.o
 .debug_aranges
                0x000000a0       0x20 rs232_MMItoPANEL.o
 .debug_aranges
                0x000000c0       0x20 16by2CLCD.o

.debug_pubnames
                0x00000000     0x7e96
 *(.debug_pubnames)
 .debug_pubnames
                0x00000000      0x24c main.o
 .debug_pubnames
                0x0000024c       0x37 util.o
 .debug_pubnames
                0x00000283       0x5a debug_printf.o
 .debug_pubnames
                0x000002dd       0x95 key.o
 .debug_pubnames
                0x00000372     0x766f display.o
 .debug_pubnames
                0x000079e1      0x421 rs232_MMItoPANEL.o
 .debug_pubnames
                0x00007e02       0x94 16by2CLCD.o

.debug_info     0x00000000     0xb1b2
 *(.debug_info)
 .debug_info    0x00000000      0x47a main.o
 .debug_info    0x0000047a       0xff util.o
 .debug_info    0x00000579      0x2e0 debug_printf.o
 .debug_info    0x00000859      0x169 key.o
 .debug_info    0x000009c2     0x9de7 display.o
 .debug_info    0x0000a7a9      0x898 rs232_MMItoPANEL.o
 .debug_info    0x0000b041      0x171 16by2CLCD.o
 *(.gnu.linkonce.wi.*)

.debug_abbrev   0x00000000      0x79d
 *(.debug_abbrev)
 .debug_abbrev  0x00000000      0x128 main.o
 .debug_abbrev  0x00000128       0x86 util.o
 .debug_abbrev  0x000001ae      0x14b debug_printf.o
 .debug_abbrev  0x000002f9       0xb0 key.o
 .debug_abbrev  0x000003a9      0x1a3 display.o
 .debug_abbrev  0x0000054c      0x1b6 rs232_MMItoPANEL.o
 .debug_abbrev  0x00000702       0x9b 16by2CLCD.o

.debug_line     0x00000000    0x1713e
 *(.debug_line)
 .debug_line    0x00000000      0x4ae main.o
 .debug_line    0x000004ae      0x1c6 util.o
 .debug_line    0x00000674      0x29c debug_printf.o
 .debug_line    0x00000910      0x156 key.o
 .debug_line    0x00000a66    0x15d6e display.o
 .debug_line    0x000167d4      0x7bf rs232_MMItoPANEL.o
 .debug_line    0x00016f93      0x1ab 16by2CLCD.o

.debug_frame    0x00000000     0x7300
 *(.debug_frame)
 .debug_frame   0x00000000       0x70 main.o
 .debug_frame   0x00000070       0x40 util.o
 .debug_frame   0x000000b0       0x40 debug_printf.o
 .debug_frame   0x000000f0       0x40 key.o
 .debug_frame   0x00000130     0x7010 display.o
 .debug_frame   0x00007140      0x140 rs232_MMItoPANEL.o
 .debug_frame   0x00007280       0x80 16by2CLCD.o

.debug_str      0x00000000     0x618c
 *(.debug_str)
 .debug_str     0x00000000      0x281 main.o
                                0x2d1 (size before relaxing)
 .debug_str     0x00000281       0x43 util.o
                                 0x99 (size before relaxing)
 .debug_str     0x000002c4       0xd9 debug_printf.o
                                0x192 (size before relaxing)
 .debug_str     0x0000039d       0x5a key.o
                                0x12e (size before relaxing)
 .debug_str     0x000003f7     0x59b1 display.o
                               0x5b9a (size before relaxing)
 .debug_str     0x00005da8      0x35d rs232_MMItoPANEL.o
                                0x4b6 (size before relaxing)
 .debug_str     0x00006105       0x87 16by2CLCD.o
                                0x143 (size before relaxing)

.debug_loc
 *(.debug_loc)

.debug_macinfo
 *(.debug_macinfo)
OUTPUT(OK2560_BD.elf elf32-avr)
LOAD linker stubs
