******************************************************************************
             TMS320C2000 Linker PC v5.2.4                      
******************************************************************************
>> Linked Mon Feb 07 14:37:07 2011

OUTPUT FILE NAME:   <./Debug/Seoho VD Drive Program.out>
ENTRY POINT SYMBOL: "_c_int00"  address: 0031eb16


MEMORY CONFIGURATION

         name            origin    length      used     unused   attr    fill
----------------------  --------  ---------  --------  --------  ----  --------
PAGE 0:
  ZONE0                 00004000   00001000  00000800  00000800  RWIX
  RAML0                 00008000   00005000  000033b2  00001c4e  RWIX
  FLASHH                00300000   00008000  00000000  00008000  RWIX
  FLASHG                00308000   00008000  00000000  00008000  RWIX
  FLASHF                00310000   00008000  00000000  00008000  RWIX
  FLASHD                00318000   00010000  00006d50  000092b0  RWIX
  FLASHC                00328000   00008000  00000000  00008000  RWIX
  FLASHA                00338000   00007f80  00000ad7  000074a9  RWIX
  CSM_RSVD              0033ff80   00000076  00000000  00000076  RWIX
  BEGIN                 0033fff6   00000002  00000002  00000000  RWIX
  CSM_PWL               0033fff8   00000008  00000000  00000008  RWIX
  ADC_CAL               00380080   00000009  00000007  00000002  RWIX
  OTP                   00380400   00000400  00000000  00000400  RWIX
  IQTABLES              003fe000   00000b50  00000000  00000b50  RWIX
  IQTABLES2             003feb50   0000008c  00000000  0000008c  RWIX
  FPUTABLES             003febdc   000006a0  000006a0  00000000  RWIX
  ROM                   003ff27c   00000d44  00000000  00000d44  RWIX
  RESET                 003fffc0   00000002  00000000  00000002  RWIX
  VECTORS               003fffc2   0000003e  00000000  0000003e  RWIX

PAGE 1:
  BOOT_RSVD             00000000   00000050  00000000  00000050  RWIX
  RAMM0                 00000050   000003b0  00000000  000003b0  RWIX
  RAMM1                 00000400   00000400  00000400  00000000  RWIX
  DEV_EMU               00000880   00000180  000000d0  000000b0  RWIX
  FLASH_REGS            00000a80   00000060  00000008  00000058  RWIX
  CSM                   00000ae0   00000010  00000010  00000000  RWIX
  ADC_MIRROR            00000b00   00000010  00000010  00000000  RWIX
  XINTF                 00000b20   00000020  0000001e  00000002  RWIX
  CPU_TIMER0            00000c00   00000008  00000008  00000000  RWIX
  CPU_TIMER1            00000c08   00000008  00000008  00000000  RWIX
  CPU_TIMER2            00000c10   00000008  00000008  00000000  RWIX
  PIE_CTRL              00000ce0   00000020  0000001a  00000006  RWIX
  PIE_VECT              00000d00   00000100  00000100  00000000  RWIX
  DMA                   00001000   00000200  000000e0  00000120  RWIX
  MCBSPA                00005000   00000040  00000025  0000001b  RWIX
  MCBSPB                00005040   00000040  00000025  0000001b  RWIX
  ECANA                 00006000   00000040  00000034  0000000c  RWIX
  ECANA_LAM             00006040   00000040  00000040  00000000  RWIX
  ECANA_MOTS            00006080   00000040  00000040  00000000  RWIX
  ECANA_MOTO            000060c0   00000040  00000040  00000000  RWIX
  ECANA_MBOX            00006100   00000100  00000100  00000000  RWIX
  ECANB                 00006200   00000040  00000034  0000000c  RWIX
  ECANB_LAM             00006240   00000040  00000040  00000000  RWIX
  ECANB_MOTS            00006280   00000040  00000040  00000000  RWIX
  ECANB_MOTO            000062c0   00000040  00000040  00000000  RWIX
  ECANB_MBOX            00006300   00000100  00000100  00000000  RWIX
  EPWM1                 00006800   00000022  00000022  00000000  RWIX
  EPWM2                 00006840   00000022  00000022  00000000  RWIX
  EPWM3                 00006880   00000022  00000022  00000000  RWIX
  EPWM4                 000068c0   00000022  00000022  00000000  RWIX
  EPWM5                 00006900   00000022  00000022  00000000  RWIX
  EPWM6                 00006940   00000022  00000022  00000000  RWIX
  ECAP1                 00006a00   00000020  00000020  00000000  RWIX
  ECAP2                 00006a20   00000020  00000020  00000000  RWIX
  ECAP3                 00006a40   00000020  00000020  00000000  RWIX
  ECAP4                 00006a60   00000020  00000020  00000000  RWIX
  ECAP5                 00006a80   00000020  00000020  00000000  RWIX
  ECAP6                 00006aa0   00000020  00000020  00000000  RWIX
  EQEP1                 00006b00   00000040  00000040  00000000  RWIX
  EQEP2                 00006b40   00000040  00000040  00000000  RWIX
  GPIOCTRL              00006f80   00000040  0000002e  00000012  RWIX
  GPIODAT               00006fc0   00000020  00000020  00000000  RWIX
  GPIOINT               00006fe0   00000020  0000000a  00000016  RWIX
  SYSTEM                00007010   00000020  00000020  00000000  RWIX
  SPIA                  00007040   00000010  00000010  00000000  RWIX
  SCIA                  00007050   00000010  00000010  00000000  RWIX
  XINTRUPT              00007070   00000010  00000010  00000000  RWIX
  ADC                   00007100   00000020  0000001e  00000002  RWIX
  SCIB                  00007750   00000010  00000010  00000000  RWIX
  SCIC                  00007770   00000010  00000010  00000000  RWIX
  I2CA                  00007900   00000040  00000022  0000001e  RWIX
  RAML4                 0000d000   00003000  00002ee8  00000118  RWIX
  FLASHB                00330000   00008000  00000000  00008000  RWIX
  CSM_PWL               0033fff8   00000008  00000008  00000000  RWIX


SECTION ALLOCATION MAP

 output                                  attributes/
section   page    origin      length       input sections
--------  ----  ----------  ----------   ----------------
.pinit     0    00328000    00000000     UNINITIALIZED

ZONE0DATA 
*          0    00004000    00000800     UNINITIALIZED
                  00004000    00000800     All_Main.obj (ZONE0DATA)

ramfuncs   0    00318000    000033b2     RUN ADDR = 00008000
                  00318000    00000d1a     Core_Vector_Control.obj (ramfuncs)
                  00318d1a    00000b75     Shell_IO.obj (ramfuncs)
                  0031988f    0000096f     Shell_Communication.obj (ramfuncs)
                  0031a1fe    0000034b     Core_Speed_Detection.obj (ramfuncs)
                  0031a549    000002f0     Shell_Fault_Processing.obj (ramfuncs)
                  0031a839    000002e3     Shell_Communication_SCI.obj (ramfuncs)
                  0031ab1c    000001de     CH_svgen_dq.obj (ramfuncs)
                  0031acfa    0000018b     Core_ADC_DAC_PWM.obj (ramfuncs)
                  0031ae85    00000121     Shell_Reference_Function.obj (ramfuncs)
                  0031afa6    00000111     Shell_State_Management.obj (ramfuncs)
                  0031b0b7    0000010e     All_Interrupt.obj (ramfuncs)
                  0031b1c5    000000b6     Core_RealSys_2833x.obj (ramfuncs)
                  0031b27b    000000a6     Core_I2C_EEPROM.obj (ramfuncs)
                  0031b321    00000072     CH_f280xpwm.obj (ramfuncs)
                  0031b393    0000001b     Core_DSP2833x_SysCtrl.obj (ramfuncs)
                  0031b3ae    00000004     Core_DSP2833x_usDelay.obj (ramfuncs)

.text      0    0031b3b2    0000399e     
                  0031b3b2    00000bde     Core_Common_Module.obj (.text)
                  0031bf90    00000bb4     Core_Auto_Tuning.obj (.text)
                  0031cb44    000007ae     Shell_Communication.obj (.text)
                  0031d2f2    00000495     Core_RealSys_2833x.obj (.text)
                  0031d787    00000382     Shell_Communication_SCI.obj (.text)
                  0031db09    0000035b     Core_ADC_DAC_PWM.obj (.text)
                  0031de64    00000316     Core_DSP2833x_DefaultIsr.obj (.text)
                  0031e17a    0000025f     Core_Gpio_Xintf_Set.obj (.text)
                  0031e3d9    000001c5     All_Interrupt.obj (.text)
                  0031e59e    00000151     Shell_IO.obj (.text)
                  0031e6ef    00000115     All_Main.obj (.text)
                  0031e804    000000f5     Core_DSP2833x_SysCtrl.obj (.text)
                  0031e8f9    000000eb     CH_f280xpwm.obj (.text)
                  0031e9e4    00000082     Core_DSP2833x_CpuTimers.obj (.text)
                  0031ea66    00000061     rts2800_fpu32.lib : log.obj (.text)
                  0031eac7    0000004f     rts2800_fpu32_fast_supplement.lib : atan2_f32.obj (.text)
                  0031eb16    00000046     rts2800_fpu32.lib : boot.obj (.text)
                  0031eb5c    00000034     rts2800_fpu32_fast_supplement.lib : cos_f32.obj (.text)
                  0031eb90    00000034                                       : sin_f32.obj (.text)
                  0031ebc4    00000029     Core_I2C_EEPROM.obj (.text)
                  0031ebed    00000029     Core_Speed_Detection.obj (.text)
                  0031ec16    00000028     Core_DSP2833x_PieCtrl.obj (.text)
                  0031ec3e    00000026     Shell_Fault_Processing.obj (.text)
                  0031ec64    00000021     rts2800_fpu32_fast_supplement.lib : sqrt_f32.obj (.text)
                  0031ec85    00000020     Core_DSP2833x_PieVect.obj (.text)
                  0031eca5    00000020     rts2800_fpu32.lib : strncpy.obj (.text)
                  0031ecc5    0000001b                       : args_main.obj (.text)
                  0031ece0    00000019                       : exit.obj (.text)
                  0031ecf9    00000019     rts2800_fpu32_fast_supplement.lib : div_f32.obj (.text)
                  0031ed12    00000017     Core_DSP2833x_MemCopy.obj (.text)
                  0031ed29    00000016     rts2800_fpu32.lib : frexp.obj (.text)
                  0031ed3f    00000009                       : _lock.obj (.text)
                  0031ed48    00000008     Core_DSP2833x_CodeStartBranch.obj (.text)

.cinit     0    00338000    00000741     
                  00338000    000003cb     All_Main.obj (.cinit)
                  003383cb    0000019c     Core_Auto_Tuning.obj (.cinit)
                  00338567    0000007c     Core_Vector_Control.obj (.cinit)
                  003385e3    00000055     Core_Speed_Detection.obj (.cinit)
                  00338638    00000040     Shell_IO.obj (.cinit)
                  00338678    00000038     Shell_Communication_SCI.obj (.cinit)
                  003386b0    0000002a     Core_RealSys_2833x.obj (.cinit)
                  003386da    0000001d     Shell_Fault_Processing.obj (.cinit)
                  003386f7    00000019     Shell_Reference_Function.obj (.cinit)
                  00338710    00000013     All_Interrupt.obj (.cinit)
                  00338723    0000000a     rts2800_fpu32.lib : _lock.obj (.cinit)
                  0033872d    0000000a                       : exit.obj (.cinit)
                  00338737    00000004     Core_ADC_DAC_PWM.obj (.cinit)
                  0033873b    00000004     rts2800_fpu32.lib : errno.obj (.cinit)
                  0033873f    00000002     --HOLE-- [fill = 0]

.switch    0    00338742    00000260     
                  00338742    000001c4     Shell_Communication.obj (.switch)
                  00338906    0000005c     Shell_IO.obj (.switch)
                  00338962    00000040     Core_Common_Module.obj (.switch)

.econst    0    003389a2    00000136     
                  003389a2    00000100     Core_DSP2833x_PieVect.obj (.econst)
                  00338aa2    0000001f     Shell_Communication_SCI.obj (.econst:.string)
                  00338ac1    00000001     --HOLE-- [fill = 0]
                  00338ac2    0000000b     Shell_Fault_Processing.obj (.econst:.string)
                  00338acd    00000001     --HOLE-- [fill = 0]
                  00338ace    0000000a     Core_RealSys_2833x.obj (.econst:.string)

codestart 
*          0    0033fff6    00000002     
                  0033fff6    00000002     Core_DSP2833x_CodeStartBranch.obj (codestart)

.adc_cal   0    00380080    00000007     NOLOAD SECTION
                  00380080    00000007     Core_DSP2833x_ADC_cal.obj (.adc_cal)

FPUmathTables 
*          0    003febdc    000006a0     NOLOAD SECTION
                  003febdc    000006a0     rts2800_fpu32_fast_supplement.lib : FPUmathTables.obj (FPUmathTables)

.reset     0    003fffc0    00000002     DSECT
                  003fffc0    00000002     rts2800_fpu32.lib : boot.obj (.reset)

vectors    0    003fffc2    00000000     DSECT

.stack     1    00000400    00000400     UNINITIALIZED
                  00000400    00000400     --HOLE--

DevEmuRegsFile 
*          1    00000880    000000d0     UNINITIALIZED
                  00000880    000000d0     Core_DSP2833x_GlobalVariableDefs.obj (DevEmuRegsFile)

FlashRegsFile 
*          1    00000a80    00000008     UNINITIALIZED
                  00000a80    00000008     Core_DSP2833x_GlobalVariableDefs.obj (FlashRegsFile)

CsmRegsFile 
*          1    00000ae0    00000010     UNINITIALIZED
                  00000ae0    00000010     Core_DSP2833x_GlobalVariableDefs.obj (CsmRegsFile)

AdcMirrorFile 
*          1    00000b00    00000010     UNINITIALIZED
                  00000b00    00000010     Core_DSP2833x_GlobalVariableDefs.obj (AdcMirrorFile)

XintfRegsFile 
*          1    00000b20    0000001e     UNINITIALIZED
                  00000b20    0000001e     Core_DSP2833x_GlobalVariableDefs.obj (XintfRegsFile)

CpuTimer0RegsFile 
*          1    00000c00    00000008     UNINITIALIZED
                  00000c00    00000008     Core_DSP2833x_GlobalVariableDefs.obj (CpuTimer0RegsFile)

CpuTimer1RegsFile 
*          1    00000c08    00000008     UNINITIALIZED
                  00000c08    00000008     Core_DSP2833x_GlobalVariableDefs.obj (CpuTimer1RegsFile)

CpuTimer2RegsFile 
*          1    00000c10    00000008     UNINITIALIZED
                  00000c10    00000008     Core_DSP2833x_GlobalVariableDefs.obj (CpuTimer2RegsFile)

PieCtrlRegsFile 
*          1    00000ce0    0000001a     UNINITIALIZED
                  00000ce0    0000001a     Core_DSP2833x_GlobalVariableDefs.obj (PieCtrlRegsFile)

PieVectTableFile 
*          1    00000d00    00000100     UNINITIALIZED
                  00000d00    00000100     Core_DSP2833x_GlobalVariableDefs.obj (PieVectTableFile)

DmaRegsFile 
*          1    00001000    000000e0     UNINITIALIZED
                  00001000    000000e0     Core_DSP2833x_GlobalVariableDefs.obj (DmaRegsFile)

McbspaRegsFile 
*          1    00005000    00000025     UNINITIALIZED
                  00005000    00000025     Core_DSP2833x_GlobalVariableDefs.obj (McbspaRegsFile)

McbspbRegsFile 
*          1    00005040    00000025     UNINITIALIZED
                  00005040    00000025     Core_DSP2833x_GlobalVariableDefs.obj (McbspbRegsFile)

ECanaRegsFile 
*          1    00006000    00000034     UNINITIALIZED
                  00006000    00000034     Core_DSP2833x_GlobalVariableDefs.obj (ECanaRegsFile)

ECanaLAMRegsFile 
*          1    00006040    00000040     UNINITIALIZED
                  00006040    00000040     Core_DSP2833x_GlobalVariableDefs.obj (ECanaLAMRegsFile)

ECanaMOTSRegsFile 
*          1    00006080    00000040     UNINITIALIZED
                  00006080    00000040     Core_DSP2833x_GlobalVariableDefs.obj (ECanaMOTSRegsFile)

ECanaMOTORegsFile 
*          1    000060c0    00000040     UNINITIALIZED
                  000060c0    00000040     Core_DSP2833x_GlobalVariableDefs.obj (ECanaMOTORegsFile)

ECanaMboxesFile 
*          1    00006100    00000100     UNINITIALIZED
                  00006100    00000100     Core_DSP2833x_GlobalVariableDefs.obj (ECanaMboxesFile)

ECanbRegsFile 
*          1    00006200    00000034     UNINITIALIZED
                  00006200    00000034     Core_DSP2833x_GlobalVariableDefs.obj (ECanbRegsFile)

ECanbLAMRegsFile 
*          1    00006240    00000040     UNINITIALIZED
                  00006240    00000040     Core_DSP2833x_GlobalVariableDefs.obj (ECanbLAMRegsFile)

ECanbMOTSRegsFile 
*          1    00006280    00000040     UNINITIALIZED
                  00006280    00000040     Core_DSP2833x_GlobalVariableDefs.obj (ECanbMOTSRegsFile)

ECanbMOTORegsFile 
*          1    000062c0    00000040     UNINITIALIZED
                  000062c0    00000040     Core_DSP2833x_GlobalVariableDefs.obj (ECanbMOTORegsFile)

ECanbMboxesFile 
*          1    00006300    00000100     UNINITIALIZED
                  00006300    00000100     Core_DSP2833x_GlobalVariableDefs.obj (ECanbMboxesFile)

EPwm1RegsFile 
*          1    00006800    00000022     UNINITIALIZED
                  00006800    00000022     Core_DSP2833x_GlobalVariableDefs.obj (EPwm1RegsFile)

EPwm2RegsFile 
*          1    00006840    00000022     UNINITIALIZED
                  00006840    00000022     Core_DSP2833x_GlobalVariableDefs.obj (EPwm2RegsFile)

EPwm3RegsFile 
*          1    00006880    00000022     UNINITIALIZED
                  00006880    00000022     Core_DSP2833x_GlobalVariableDefs.obj (EPwm3RegsFile)

EPwm4RegsFile 
*          1    000068c0    00000022     UNINITIALIZED
                  000068c0    00000022     Core_DSP2833x_GlobalVariableDefs.obj (EPwm4RegsFile)

EPwm5RegsFile 
*          1    00006900    00000022     UNINITIALIZED
                  00006900    00000022     Core_DSP2833x_GlobalVariableDefs.obj (EPwm5RegsFile)

EPwm6RegsFile 
*          1    00006940    00000022     UNINITIALIZED
                  00006940    00000022     Core_DSP2833x_GlobalVariableDefs.obj (EPwm6RegsFile)

ECap1RegsFile 
*          1    00006a00    00000020     UNINITIALIZED
                  00006a00    00000020     Core_DSP2833x_GlobalVariableDefs.obj (ECap1RegsFile)

ECap2RegsFile 
*          1    00006a20    00000020     UNINITIALIZED
                  00006a20    00000020     Core_DSP2833x_GlobalVariableDefs.obj (ECap2RegsFile)

ECap3RegsFile 
*          1    00006a40    00000020     UNINITIALIZED
                  00006a40    00000020     Core_DSP2833x_GlobalVariableDefs.obj (ECap3RegsFile)

ECap4RegsFile 
*          1    00006a60    00000020     UNINITIALIZED
                  00006a60    00000020     Core_DSP2833x_GlobalVariableDefs.obj (ECap4RegsFile)

ECap5RegsFile 
*          1    00006a80    00000020     UNINITIALIZED
                  00006a80    00000020     Core_DSP2833x_GlobalVariableDefs.obj (ECap5RegsFile)

ECap6RegsFile 
*          1    00006aa0    00000020     UNINITIALIZED
                  00006aa0    00000020     Core_DSP2833x_GlobalVariableDefs.obj (ECap6RegsFile)

EQep1RegsFile 
*          1    00006b00    00000040     UNINITIALIZED
                  00006b00    00000040     Core_DSP2833x_GlobalVariableDefs.obj (EQep1RegsFile)

EQep2RegsFile 
*          1    00006b40    00000040     UNINITIALIZED
                  00006b40    00000040     Core_DSP2833x_GlobalVariableDefs.obj (EQep2RegsFile)

GpioCtrlRegsFile 
*          1    00006f80    0000002e     UNINITIALIZED
                  00006f80    0000002e     Core_DSP2833x_GlobalVariableDefs.obj (GpioCtrlRegsFile)

GpioDataRegsFile 
*          1    00006fc0    00000020     UNINITIALIZED
                  00006fc0    00000020     Core_DSP2833x_GlobalVariableDefs.obj (GpioDataRegsFile)

GpioIntRegsFile 
*          1    00006fe0    0000000a     UNINITIALIZED
                  00006fe0    0000000a     Core_DSP2833x_GlobalVariableDefs.obj (GpioIntRegsFile)

SysCtrlRegsFile 
*          1    00007010    00000020     UNINITIALIZED
                  00007010    00000020     Core_DSP2833x_GlobalVariableDefs.obj (SysCtrlRegsFile)

SpiaRegsFile 
*          1    00007040    00000010     UNINITIALIZED
                  00007040    00000010     Core_DSP2833x_GlobalVariableDefs.obj (SpiaRegsFile)

SciaRegsFile 
*          1    00007050    00000010     UNINITIALIZED
                  00007050    00000010     Core_DSP2833x_GlobalVariableDefs.obj (SciaRegsFile)

XIntruptRegsFile 
*          1    00007070    00000010     UNINITIALIZED
                  00007070    00000010     Core_DSP2833x_GlobalVariableDefs.obj (XIntruptRegsFile)

AdcRegsFile 
*          1    00007100    0000001e     UNINITIALIZED
                  00007100    0000001e     Core_DSP2833x_GlobalVariableDefs.obj (AdcRegsFile)

ScibRegsFile 
*          1    00007750    00000010     UNINITIALIZED
                  00007750    00000010     Core_DSP2833x_GlobalVariableDefs.obj (ScibRegsFile)

ScicRegsFile 
*          1    00007770    00000010     UNINITIALIZED
                  00007770    00000010     Core_DSP2833x_GlobalVariableDefs.obj (ScicRegsFile)

I2caRegsFile 
*          1    00007900    00000022     UNINITIALIZED
                  00007900    00000022     Core_DSP2833x_GlobalVariableDefs.obj (I2caRegsFile)

.ebss      1    0000d000    00002ee8     UNINITIALIZED
                  0000d000    00002c48     All_Main.obj (.ebss)
                  0000fc48    00000032     Core_Vector_Control.obj (.ebss)
                  0000fc7a    00000004     rts2800_fpu32.lib : _lock.obj (.ebss)
                  0000fc7e    00000001                       : errno.obj (.ebss)
                  0000fc7f    00000001     --HOLE--
                  0000fc80    00000140     Core_Auto_Tuning.obj (.ebss)
                  0000fdc0    00000073     Core_RealSys_2833x.obj (.ebss)
                  0000fe33    00000001     --HOLE--
                  0000fe34    0000000a     Shell_Reference_Function.obj (.ebss)
                  0000fe3e    00000002     --HOLE--
                  0000fe40    00000024     Core_ADC_DAC_PWM.obj (.ebss)
                  0000fe64    0000001a     Shell_IO.obj (.ebss)
                  0000fe7e    00000002     --HOLE--
                  0000fe80    00000022     Core_Speed_Detection.obj (.ebss)
                  0000fea2    00000018     Core_DSP2833x_CpuTimers.obj (.ebss)
                  0000feba    00000004     rts2800_fpu32.lib : exit.obj (.ebss)
                  0000febe    00000002     --HOLE--
                  0000fec0    00000017     Shell_Communication_SCI.obj (.ebss)
                  0000fed7    00000001     --HOLE--
                  0000fed8    00000008     All_Interrupt.obj (.ebss)
                  0000fee0    00000008     Shell_Fault_Processing.obj (.ebss)

CsmPwlFile 
*          1    0033fff8    00000008     UNINITIALIZED
                  0033fff8    00000008     Core_DSP2833x_GlobalVariableDefs.obj (CsmPwlFile)


GLOBAL SYMBOLS: SORTED ALPHABETICALLY BY Name 

address    name
--------   ----
0031b3b2   .text
0031ece0   C$$EXIT
0031ecf9   FS$$DIV
0000d13c   _A0
0000d0a0   _A1
0000d09e   _A2
0031df4a   _ADCINT_ISR
00380080   _ADC_cal
0031e64f   _AI_Processing
0000915a   _AO_Processing
0000d0d6   _Accel_time
0000d0e2   _Accel_time_Auto_tuning
00000b00   _AdcMirror
00007100   _AdcRegs
0000d022   _Adc_AIN_3
0000d029   _Adc_AIN_4
0000d028   _Adc_AIN_5
0000d00a   _Adc_AIN_I1
0000d023   _Adc_AIN_I2
0000d009   _Adc_AIN_V1
0000d024   _Adc_AIN_V2
0000d026   _Adc_Temperature
0000d00e   _Adc_Uphase
0000d027   _Adc_Vclass
0000d007   _Adc_Vdc
0000d00d   _Adc_Vphase
0000d008   _Adc_Wphase
0031bf90   _Auto_Tuning
0031c272   _Auto_Tuning_China
0000d012   _Auto_tuning_index
0000d0a2   _B1
0000d074   _B2
0000d0ee   _Bm
0000d078   _C1
0000d076   _C2
0000d400   _CAN_Registers
0000fe68   _CH1_COUNT_AT_0MA
0000fe76   _CH1_COUNT_AT_0V
0000fe74   _CH1_COUNT_AT_10V
0000fe6a   _CH1_COUNT_AT_20MA
0000fe66   _CH1_COUNT_AT_4MA
0000fe7a   _CH2_COUNT_AT_0MA
0000fe6c   _CH2_COUNT_AT_0V
0000fe7c   _CH2_COUNT_AT_10V
0000fe6e   _CH2_COUNT_AT_20MA
0000fe78   _CH2_COUNT_AT_4MA
0000d00c   _CRC
0031d91d   _CRC_16
0000d017   _Command
0000feca   _Communication_Fault_Cnt
0000fec9   _Communication_Fault_Flag
0031ea2b   _ConfigCpuTimer
0000d03c   _Continuous_OL_current
0000d02e   _Cos_Theta
0000d02c   _Cos_Theta_vtg
0000feb2   _CpuTimer0
00000c00   _CpuTimer0Regs
0000fea2   _CpuTimer1
00000c08   _CpuTimer1Regs
0000feaa   _CpuTimer2
00000c10   _CpuTimer2Regs
0033fff8   _CsmPwl
00000ae0   _CsmRegs
0031e8c8   _CsmUnlock
000084e8   _Current_Controller
0000d082   _DA1
0000d080   _DA1_mid
0000d07e   _DA1_rng
0000d01e   _DA1_val
0000d07a   _DA2
0000d0a6   _DA2_mid
0000d07c   _DA2_rng
0000d01d   _DA2_val
0000d088   _DA3
0000d084   _DA3_mid
0000d08a   _DA3_rng
0000d020   _DA3_val
0000d06c   _DA4
0000d036   _DA4_mid
0000d086   _DA4_rng
0000d01f   _DA4_val
0031db92   _DAC_Out
0031de78   _DATALOG_ISR
0031e518   _DB_Controller
0031e06c   _DINTCH1_ISR
0031e076   _DINTCH2_ISR
0031e080   _DINTCH3_ISR
0031e08a   _DINTCH4_ISR
0031e094   _DINTCH5_ISR
0031e09e   _DINTCH6_ISR
00008de5   _DI_Function
0031e59f   _DI_Processing
0000b3ae   _DSP28x_usDelay
0000ef00   _Data_Registers
0000d0d8   _Decel_time
0000d0dc   _Decel_time_Auto_tuning
00000880   _DevEmuRegs
0000fecc   _Device_type
0031e817   _DisableDog
00001000   _DmaRegs
0031e3d9   _Driver_Calibration
0000d014   _Driver_ON
0000d004   _Dummy_comm
0000d180   _DutyCount
0031e0f8   _ECAN0INTA_ISR
0031e10c   _ECAN0INTB_ISR
0031e102   _ECAN1INTA_ISR
0031e116   _ECAN1INTB_ISR
0031dfe0   _ECAP1_INT_ISR
0031dfea   _ECAP2_INT_ISR
0031dff4   _ECAP3_INT_ISR
0031dffe   _ECAP4_INT_ISR
0031e008   _ECAP5_INT_ISR
0031e012   _ECAP6_INT_ISR
00006040   _ECanaLAMRegs
000060c0   _ECanaMOTORegs
00006080   _ECanaMOTSRegs
00006100   _ECanaMboxes
00006000   _ECanaRegs
00006240   _ECanbLAMRegs
000062c0   _ECanbMOTORegs
00006280   _ECanbMOTSRegs
00006300   _ECanbMboxes
00006200   _ECanbRegs
00006a00   _ECap1Regs
00006a20   _ECap2Regs
00006a40   _ECap3Regs
00006a60   _ECap4Regs
00006a80   _ECap5Regs
00006aa0   _ECap6Regs
0031de8c   _EMUINT_ISR
0031dfa4   _EPWM1_INT_ISR
0031df68   _EPWM1_TZINT_ISR
0031dfae   _EPWM2_INT_ISR
0031df72   _EPWM2_TZINT_ISR
0031dfb8   _EPWM3_INT_ISR
0031df7c   _EPWM3_TZINT_ISR
0031dfc2   _EPWM4_INT_ISR
0031df86   _EPWM4_TZINT_ISR
0031dfcc   _EPWM5_INT_ISR
0031df90   _EPWM5_TZINT_ISR
0031dfd6   _EPWM6_INT_ISR
0031df9a   _EPWM6_TZINT_ISR
0031dc79   _EPWM_Initialization
00006800   _EPwm1Regs
00006840   _EPwm2Regs
00006880   _EPwm3Regs
000068c0   _EPwm4Regs
00006900   _EPwm5Regs
00006940   _EPwm6Regs
0000d01b   _EPwmPeriodCount
0031e01c   _EQEP1_INT_ISR
0031e026   _EQEP2_INT_ISR
0031ebed   _EQEP_Initialization
00006b00   _EQep1Regs
00006b40   _EQep2Regs
0031ec35   _EnableInterrupts
0031e720   _F28335PowerOnSet
0031e8f9   _F2833X_PWM_Init
0000b321   _F2833X_PWM_Update
003ff0de   _FPUatan2HalfPITable
003ff0e2   _FPUatan2Table
003ff268   _FPUatan2TableEnd
003fecdc   _FPUcosTable
003ff0de   _FPUcosTableEnd
003febdc   _FPUsinTable
003fefdc   _FPUsinTableEnd
0000d2c0   _FaultInfo
0000a706   _Fault_Check_1Sampling
0000a7ce   _Fault_Check_4Sampling
0000a549   _Fault_Processing
0031ec3e   _Fault_Recording
0000d015   _Fault_count
000089c8   _Field_Weakening
0031e6d0   _Fieldbus_Processing
0000d0da   _Final_reference
0000d188   _Flag
00000a80   _FlashRegs
00008b1e   _Flux_Controller
0000810c   _Flux_Estimation
0000d013   _Flux_build_up
0000d13a   _Freq_Fst
0000940d   _GetAnalogRef
0000acfa   _GetSensorValue
00008d1a   _Get_Command
00006f80   _GpioCtrlRegs
00006fc0   _GpioDataRegs
00006fe0   _GpioIntRegs
0000d072   _Hui
0031e0a8   _I2CINT1A_ISR
0031e0b2   _I2CINT2A_ISR
0031ebc4   _I2C_EEPROM_Initialization
00007900   _I2caRegs
0000d16c   _IGBT_current
0031dea0   _ILLEGAL_ISR
0031de64   _INT13_ISR
0031de6e   _INT14_ISR
0000d03e   _I_DT
0000d06a   _I_a_filt
0000d068   _I_b_filt
0000d06e   _I_c_filt
0000d16e   _I_scale
0000d168   _Ias
0000d156   _Ias_offset
0000d152   _Ias_ref
0000d16a   _Ibs
0000d150   _Ibs_offset
0000d15c   _Ibs_ref
0000d154   _Ics
0000d15e   _Ics_ref
0000d170   _Idse
0000d12a   _Idse_ref
0000d126   _Idse_ref_max
0000d17a   _Idss
0000d174   _Idss_ref
0031db09   _InitAdc
0031e9e4   _InitCpuTimers
0000b393   _InitFlash
0031e17a   _InitGpio
0031e86d   _InitPeripheralClocks
0031ec16   _InitPieCtrl
0031ec85   _InitPieVectTable
0031e81f   _InitPll
0031e804   _InitSysCtrl
0031e37a   _InitXintf
0031e3a3   _InitXintf16Gpio
0000d0b6   _Init_reference
0000d0b8   _Init_reference_Auto_tuning
0000d144   _Input_power_x10_kW
0000d098   _Interrupt_time_max
0000d176   _Iqse
0000d128   _Iqse_max_fw
0000d130   _Iqse_ref
0000d132   _Iqse_ref_max
0000d172   _Iqss
0000d17c   _Iqss_ref
0000d15a   _Is_mag
0000d178   _Is_mag_rms
0000d158   _Is_max
0000d0fc   _Jm
0000d100   _Jm_est
0000d148   _K_CM1
0000d14a   _K_CM2
0000d138   _K_fw1
0000d13e   _K_fw2
0000d05e   _Ka_cc
0000d04e   _Ka_fc
0000d046   _Ka_sc
0000d140   _Ki_Fst
0000d060   _Ki_cc
0000d050   _Ki_fc
0000d040   _Ki_sc
0000d054   _Kob_sd
0000d136   _Kp_Fst
0000d048   _Kp_cc
0000d04a   _Kp_fc
0000d042   _Kp_sc
0000d114   _Kt
0000d064   _L1_sp_est
0000d062   _L2_sp_est
0000d066   _L3_sp_est
0000d056   _L3_sp_tmp
0000d12c   _LAMdre
0000d12e   _LAMdre_flt
0000d0e4   _LAMdre_rate
0000d0e6   _LAMdre_ref
0000d0bc   _LAMdrs
0000d104   _LAMdrs_cm
0000d0c0   _LAMdrs_vm
0000d0be   _LAMqrs
0000d106   _LAMqrs_cm
0000d0c6   _LAMqrs_vm
000093ee   _LPF1
0031e15c   _LUF_ISR
0031e152   _LVF_ISR
0000d0ec   _Llr
0000d0ea   _Lls
0000d0f2   _Lm
0000d102   _Lm0
0031e670   _Local_Processing
0000d0f8   _Lr
0000d10e   _Ls
0000d110   _Ls0
0000d0f0   _Lsigma
0000d092   _M
0000d090   _M1
0031e058   _MRINTA_ISR
0031e044   _MRINTB_ISR
0031e062   _MXINTA_ISR
0031e04e   _MXINTB_ISR
0000b0b7   _MainPWM
0000d034   _Main_counter
00005000   _McbspaRegs
00005040   _McbspbRegs
0031ed12   _MemCopy
00009024   _Multi_Step_Processing
0031de96   _NMI_ISR
0000d038   _OC_trip_value
0000d03a   _OL_limit
0000d183   _OP
0000d14e   _Output_power_x10_kW
0000d340   _P
0031e166   _PIE_RESERVED
0000d021   _PPR
0000ae40   _PWM_ON_OFF
0031b6ad   _Parameter_Initialization
0031b3b2   _Parameter_Initialization_by_Power
0000d0c4   _Period_SD
00000ce0   _PieCtrlRegs
00000d00   _PieVectTable
003389a2   _PieVectTableInit
0000d0e8   _Pole_pair
0000d070   _RC
0031de82   _RTOSINT_ISR
0031b3b2   _RamfuncsLoadEnd
00318000   _RamfuncsLoadStart
00008000   _RamfuncsRunStart
0000988f   _Read_Data_Registers
0000b2b2   _Read_EEPROM_Data
0000ae85   _Reference_Function
0000d0fa   _Rr
0000d0f4   _Rs
0000d116   _Rs0
0000fec6   _RxAddr
0000fece   _RxBuf
0000fec8   _RxCRC
0000fec5   _RxData
0000fecb   _RxType
0000d016   _Rx_index
0031d941   _SCIC_Process
0031e0d0   _SCIRXINTA_ISR
0031e0e4   _SCIRXINTB_ISR
0031e0bc   _SCIRXINTC_ISR
0031e0da   _SCITXINTA_ISR
0031e0ee   _SCITXINTB_ISR
0031e0c6   _SCITXINTC_ISR
0000e180   _SCI_Registers
0000fec7   _SCI_TxOffset
0031df22   _SEQ1INT_ISR
0031df2c   _SEQ2INT_ISR
0031e030   _SPIRXINTA_ISR
0031e03a   _SPITXINTA_ISR
000086e0   _SVPWM
0000fec3   _SciC_RxFlag
0000fec0   _SciC_RxStep
0000fec2   _SciC_TxFlag
00007050   _SciaRegs
00007750   _ScibRegs
00007770   _ScicRegs
0031e80d   _ServiceDog
0000d030   _Sin_Theta
0000d02a   _Sin_Theta_vtg
00008be3   _Speed_Controller
0000a1fe   _Speed_Detection
00007040   _SpiaRegs
0000d00f   _State_Index
0000afa6   _State_Management
00007010   _SysCtrlRegs
0031b79a   _System_Variable_Initialization
0031bc33   _System_Variable_Update
0000d096   _T
0031df54   _TINT0_ISR
0000d032   _T_dead_Tuning
0000d09c   _Td
0000d05c   _Te
0000d112   _Te_rate
0000d108   _Temp_HHH1
0000d0fe   _Temp_HHH2
0031ddd6   _Temperature_Calculation
0000d010   _Temperature_x10
0000d05a   _Theta
0000d058   _Thetar
0000d0aa   _Toff
0000d09a   _Ton
0000d10c   _Tr
0000d0c8   _Tsamp
0000d0b4   _Tsamp_CC
0000d0b2   _Tsamp_FC
0000d0ba   _Tsamp_SC
0000d0b0   _Tsamp_SD
0000d0c2   _Tsamp_VF
0000d018   _Tx_count_15ms
0000d005   _Tx_count_1s
0000d019   _Tx_index
0031df04   _USER10_ISR
0031df0e   _USER11_ISR
0031df18   _USER12_ISR
0031deaa   _USER1_ISR
0031deb4   _USER2_ISR
0031debe   _USER3_ISR
0031dec8   _USER4_ISR
0031ded2   _USER5_ISR
0031dedc   _USER6_ISR
0031dee6   _USER7_ISR
0031def0   _USER8_ISR
0031defa   _USER9_ISR
00008000   _VF_Controller
0000d08c   _Vd
0000d0ce   _Vdc
0000d0d4   _Vdc_max
0000d160   _Vdse_ref
0000d0de   _Vdse_ref_fb
0000d164   _Vdss_ref
0000d0ca   _Vdss_ref_old
0000d011   _Voltage_class
0000d162   _Vqse_ref
0000d0d0   _Vqse_ref_fb
0000d0d2   _Vqse_ref_integ
0000d166   _Vqss_ref
0000d0cc   _Vqss_ref_old
0000d08e   _Vs
0031df5e   _WAKEINT_ISR
0000d094   _Wc
0000d134   _Wc_Fst
0000d044   _Wc_cc
0000d04c   _Wc_fc
0000d052   _Wc_sc
0000d118   _We
0000b306   _Word_Read_data
0000b2ec   _Word_Write_data
0000d11a   _Wr
0031cb44   _Write_Data_Registers_Offline
0000a106   _Write_Data_Registers_Online
0000b27b   _Write_EEPROM_Data
0000d146   _Wrm_det
0000d142   _Wrm_det_flt
0000d14c   _Wrpm_det
0000d11e   _Wrpm_fw1
0000d120   _Wrpm_fw2
0000d10a   _Wrpm_max
0000d124   _Wrpm_ref
0000d0e0   _Wrpm_scale
0031df36   _XINT1_ISR
0031df40   _XINT2_ISR
0031e120   _XINT3_ISR
0031e12a   _XINT4_ISR
0031e134   _XINT5_ISR
0031e13e   _XINT6_ISR
0031e148   _XINT7_ISR
00007070   _XIntruptRegs
00000b20   _XintfRegs
00004000   _ZONE0_BUF
00000800   __STACK_END
00000400   __STACK_SIZE
00000001   __TI_args_main
ffffffff   ___binit__
ffffffff   ___c_args__
00338000   ___cinit__
0031ed50   ___etext__
ffffffff   ___pinit__
0031b3b2   ___text__
0031ecc5   __args_main
0000feba   __cleanup_ptr
0000febc   __dtors_ptr
0000fc7c   __lock
0031ed47   __nop
0031ed43   __register_lock
0031ed3f   __register_unlock
00000400   __stack
0000fc7a   __unlock
0000d0a8   _a0
0000d0ae   _a1
0000d0ac   _a2
0031ece0   _abort
0031d2f2   _asc2hex
0031eac7   _atan2
0000d0a4   _b
0031eb16   _c_int00
0000d01a   _cishu
0031eb5c   _cos
0000d025   _cs
0000fdc1   _debug_cnt
0000fdc8   _debug_rd_addr
0000fdca   _debug_rd_addr_tmp
0000fdc0   _debug_state
0000fdc2   _debug_sum
0000fdc3   _debug_sum_temp
0000fe00   _debug_tx_buf
0000fdc5   _debug_tx_end
0000fdc7   _debug_tx_pos
0000fdcc   _debug_wr_addr
0000fdce   _debug_wr_data
0000fdc6   _debug_wr_size
0000fdc4   _debug_wr_sum_flag
0000fe44   _deg_Dac
0000fe40   _deg_sDacTmp
0031dc54   _dev_BackgroundDAC
0031db5a   _dev_DacSetup
0031db72   _dev_InitDACVariable
0031dbc1   _dev_SendDAC
0031e619   _digital_out_proc
0031e5eb   _digital_port_check
0031e59e   _driver_enable_proc
0000fc7e   _errno
0031ece2   _exit
0000d11c   _freq_vf
0000d122   _freq_vf_set
0031ed29   _frexp
0031d309   _hex2asc
0000d01c   _identify_offline
0000d0f6   _inv_Jm
0000911f   _linear_eq
0031ea66   _log
0031e6ef   _main
0031cab1   _matrix_multiplic
0031cb05   _matrix_subtract
0000d192   _pwm1
0031e170   _rsvd_ISR
0000fec1   _rx_cnt
0000fe42   _sTemp
0031d74e   _sci_debug_init
0000b20d   _scia_rx_isr
0000b1c5   _scia_tx_isr
0031d7f7   _scib_TxChar
0031d803   _scib_TxString
0031d787   _scib_init
0031d871   _scib_putc
0031d8be   _scib_puts
0000d1c0   _scib_rx_buf
0000a883   _scib_rx_isr
0000d000   _scib_rxd
0000d240   _scib_tx_buf
0000d001   _scib_tx_end
0000a839   _scib_tx_isr
0000d006   _scib_tx_pos
0031d827   _scib_tx_start
0031d80f   _scic_TxChar
0031d81b   _scic_TxString
0031d7be   _scic_init
0031d8a9   _scic_putc
0031d8d9   _scic_puts
0000d200   _scic_rx_buf
0000a935   _scic_rx_isr
0000d00b   _scic_rxd
0031d8f4   _scic_test
0000d280   _scic_tx_buf
0000d002   _scic_tx_end
0000a8e8   _scic_tx_isr
0000d003   _scic_tx_pos
0031d84c   _scic_tx_start
0031eb90   _sin
0031ec64   _sqrt
0031d45d   _state0_proc
0031d5c5   _state1_proc
0031d5e2   _state2_proc
0031d655   _state3_proc
0031d66d   _state4_proc
0031d68e   _state5_proc
0031d6bd   _state6_proc
0031d6d5   _state7_proc
0031eca5   _strncpy
0000d1a0   _svgen_dq1
0000ab1c   _svgendq_calc
0000fec4   _tx_cnt
0031d330   _write_txbuf_asc
0031d345   _write_txbuf_byte
0031d3bf   _write_txbuf_long
0031d315   _write_txbuf_string
0031d36f   _write_txbuf_word
ffffffff   binit
00338000   cinit
0033fff6   code_start
0031ed50   etext
ffffffff   pinit


GLOBAL SYMBOLS: SORTED BY Symbol Address 

address    name
--------   ----
00000001   __TI_args_main
00000400   __STACK_SIZE
00000400   __stack
00000800   __STACK_END
00000880   _DevEmuRegs
00000a80   _FlashRegs
00000ae0   _CsmRegs
00000b00   _AdcMirror
00000b20   _XintfRegs
00000c00   _CpuTimer0Regs
00000c08   _CpuTimer1Regs
00000c10   _CpuTimer2Regs
00000ce0   _PieCtrlRegs
00000d00   _PieVectTable
00001000   _DmaRegs
00004000   _ZONE0_BUF
00005000   _McbspaRegs
00005040   _McbspbRegs
00006000   _ECanaRegs
00006040   _ECanaLAMRegs
00006080   _ECanaMOTSRegs
000060c0   _ECanaMOTORegs
00006100   _ECanaMboxes
00006200   _ECanbRegs
00006240   _ECanbLAMRegs
00006280   _ECanbMOTSRegs
000062c0   _ECanbMOTORegs
00006300   _ECanbMboxes
00006800   _EPwm1Regs
00006840   _EPwm2Regs
00006880   _EPwm3Regs
000068c0   _EPwm4Regs
00006900   _EPwm5Regs
00006940   _EPwm6Regs
00006a00   _ECap1Regs
00006a20   _ECap2Regs
00006a40   _ECap3Regs
00006a60   _ECap4Regs
00006a80   _ECap5Regs
00006aa0   _ECap6Regs
00006b00   _EQep1Regs
00006b40   _EQep2Regs
00006f80   _GpioCtrlRegs
00006fc0   _GpioDataRegs
00006fe0   _GpioIntRegs
00007010   _SysCtrlRegs
00007040   _SpiaRegs
00007050   _SciaRegs
00007070   _XIntruptRegs
00007100   _AdcRegs
00007750   _ScibRegs
00007770   _ScicRegs
00007900   _I2caRegs
00008000   _RamfuncsRunStart
00008000   _VF_Controller
0000810c   _Flux_Estimation
000084e8   _Current_Controller
000086e0   _SVPWM
000089c8   _Field_Weakening
00008b1e   _Flux_Controller
00008be3   _Speed_Controller
00008d1a   _Get_Command
00008de5   _DI_Function
00009024   _Multi_Step_Processing
0000911f   _linear_eq
0000915a   _AO_Processing
000093ee   _LPF1
0000940d   _GetAnalogRef
0000988f   _Read_Data_Registers
0000a106   _Write_Data_Registers_Online
0000a1fe   _Speed_Detection
0000a549   _Fault_Processing
0000a706   _Fault_Check_1Sampling
0000a7ce   _Fault_Check_4Sampling
0000a839   _scib_tx_isr
0000a883   _scib_rx_isr
0000a8e8   _scic_tx_isr
0000a935   _scic_rx_isr
0000ab1c   _svgendq_calc
0000acfa   _GetSensorValue
0000ae40   _PWM_ON_OFF
0000ae85   _Reference_Function
0000afa6   _State_Management
0000b0b7   _MainPWM
0000b1c5   _scia_tx_isr
0000b20d   _scia_rx_isr
0000b27b   _Write_EEPROM_Data
0000b2b2   _Read_EEPROM_Data
0000b2ec   _Word_Write_data
0000b306   _Word_Read_data
0000b321   _F2833X_PWM_Update
0000b393   _InitFlash
0000b3ae   _DSP28x_usDelay
0000d000   _scib_rxd
0000d001   _scib_tx_end
0000d002   _scic_tx_end
0000d003   _scic_tx_pos
0000d004   _Dummy_comm
0000d005   _Tx_count_1s
0000d006   _scib_tx_pos
0000d007   _Adc_Vdc
0000d008   _Adc_Wphase
0000d009   _Adc_AIN_V1
0000d00a   _Adc_AIN_I1
0000d00b   _scic_rxd
0000d00c   _CRC
0000d00d   _Adc_Vphase
0000d00e   _Adc_Uphase
0000d00f   _State_Index
0000d010   _Temperature_x10
0000d011   _Voltage_class
0000d012   _Auto_tuning_index
0000d013   _Flux_build_up
0000d014   _Driver_ON
0000d015   _Fault_count
0000d016   _Rx_index
0000d017   _Command
0000d018   _Tx_count_15ms
0000d019   _Tx_index
0000d01a   _cishu
0000d01b   _EPwmPeriodCount
0000d01c   _identify_offline
0000d01d   _DA2_val
0000d01e   _DA1_val
0000d01f   _DA4_val
0000d020   _DA3_val
0000d021   _PPR
0000d022   _Adc_AIN_3
0000d023   _Adc_AIN_I2
0000d024   _Adc_AIN_V2
0000d025   _cs
0000d026   _Adc_Temperature
0000d027   _Adc_Vclass
0000d028   _Adc_AIN_5
0000d029   _Adc_AIN_4
0000d02a   _Sin_Theta_vtg
0000d02c   _Cos_Theta_vtg
0000d02e   _Cos_Theta
0000d030   _Sin_Theta
0000d032   _T_dead_Tuning
0000d034   _Main_counter
0000d036   _DA4_mid
0000d038   _OC_trip_value
0000d03a   _OL_limit
0000d03c   _Continuous_OL_current
0000d03e   _I_DT
0000d040   _Ki_sc
0000d042   _Kp_sc
0000d044   _Wc_cc
0000d046   _Ka_sc
0000d048   _Kp_cc
0000d04a   _Kp_fc
0000d04c   _Wc_fc
0000d04e   _Ka_fc
0000d050   _Ki_fc
0000d052   _Wc_sc
0000d054   _Kob_sd
0000d056   _L3_sp_tmp
0000d058   _Thetar
0000d05a   _Theta
0000d05c   _Te
0000d05e   _Ka_cc
0000d060   _Ki_cc
0000d062   _L2_sp_est
0000d064   _L1_sp_est
0000d066   _L3_sp_est
0000d068   _I_b_filt
0000d06a   _I_a_filt
0000d06c   _DA4
0000d06e   _I_c_filt
0000d070   _RC
0000d072   _Hui
0000d074   _B2
0000d076   _C2
0000d078   _C1
0000d07a   _DA2
0000d07c   _DA2_rng
0000d07e   _DA1_rng
0000d080   _DA1_mid
0000d082   _DA1
0000d084   _DA3_mid
0000d086   _DA4_rng
0000d088   _DA3
0000d08a   _DA3_rng
0000d08c   _Vd
0000d08e   _Vs
0000d090   _M1
0000d092   _M
0000d094   _Wc
0000d096   _T
0000d098   _Interrupt_time_max
0000d09a   _Ton
0000d09c   _Td
0000d09e   _A2
0000d0a0   _A1
0000d0a2   _B1
0000d0a4   _b
0000d0a6   _DA2_mid
0000d0a8   _a0
0000d0aa   _Toff
0000d0ac   _a2
0000d0ae   _a1
0000d0b0   _Tsamp_SD
0000d0b2   _Tsamp_FC
0000d0b4   _Tsamp_CC
0000d0b6   _Init_reference
0000d0b8   _Init_reference_Auto_tuning
0000d0ba   _Tsamp_SC
0000d0bc   _LAMdrs
0000d0be   _LAMqrs
0000d0c0   _LAMdrs_vm
0000d0c2   _Tsamp_VF
0000d0c4   _Period_SD
0000d0c6   _LAMqrs_vm
0000d0c8   _Tsamp
0000d0ca   _Vdss_ref_old
0000d0cc   _Vqss_ref_old
0000d0ce   _Vdc
0000d0d0   _Vqse_ref_fb
0000d0d2   _Vqse_ref_integ
0000d0d4   _Vdc_max
0000d0d6   _Accel_time
0000d0d8   _Decel_time
0000d0da   _Final_reference
0000d0dc   _Decel_time_Auto_tuning
0000d0de   _Vdse_ref_fb
0000d0e0   _Wrpm_scale
0000d0e2   _Accel_time_Auto_tuning
0000d0e4   _LAMdre_rate
0000d0e6   _LAMdre_ref
0000d0e8   _Pole_pair
0000d0ea   _Lls
0000d0ec   _Llr
0000d0ee   _Bm
0000d0f0   _Lsigma
0000d0f2   _Lm
0000d0f4   _Rs
0000d0f6   _inv_Jm
0000d0f8   _Lr
0000d0fa   _Rr
0000d0fc   _Jm
0000d0fe   _Temp_HHH2
0000d100   _Jm_est
0000d102   _Lm0
0000d104   _LAMdrs_cm
0000d106   _LAMqrs_cm
0000d108   _Temp_HHH1
0000d10a   _Wrpm_max
0000d10c   _Tr
0000d10e   _Ls
0000d110   _Ls0
0000d112   _Te_rate
0000d114   _Kt
0000d116   _Rs0
0000d118   _We
0000d11a   _Wr
0000d11c   _freq_vf
0000d11e   _Wrpm_fw1
0000d120   _Wrpm_fw2
0000d122   _freq_vf_set
0000d124   _Wrpm_ref
0000d126   _Idse_ref_max
0000d128   _Iqse_max_fw
0000d12a   _Idse_ref
0000d12c   _LAMdre
0000d12e   _LAMdre_flt
0000d130   _Iqse_ref
0000d132   _Iqse_ref_max
0000d134   _Wc_Fst
0000d136   _Kp_Fst
0000d138   _K_fw1
0000d13a   _Freq_Fst
0000d13c   _A0
0000d13e   _K_fw2
0000d140   _Ki_Fst
0000d142   _Wrm_det_flt
0000d144   _Input_power_x10_kW
0000d146   _Wrm_det
0000d148   _K_CM1
0000d14a   _K_CM2
0000d14c   _Wrpm_det
0000d14e   _Output_power_x10_kW
0000d150   _Ibs_offset
0000d152   _Ias_ref
0000d154   _Ics
0000d156   _Ias_offset
0000d158   _Is_max
0000d15a   _Is_mag
0000d15c   _Ibs_ref
0000d15e   _Ics_ref
0000d160   _Vdse_ref
0000d162   _Vqse_ref
0000d164   _Vdss_ref
0000d166   _Vqss_ref
0000d168   _Ias
0000d16a   _Ibs
0000d16c   _IGBT_current
0000d16e   _I_scale
0000d170   _Idse
0000d172   _Iqss
0000d174   _Idss_ref
0000d176   _Iqse
0000d178   _Is_mag_rms
0000d17a   _Idss
0000d17c   _Iqss_ref
0000d180   _DutyCount
0000d183   _OP
0000d188   _Flag
0000d192   _pwm1
0000d1a0   _svgen_dq1
0000d1c0   _scib_rx_buf
0000d200   _scic_rx_buf
0000d240   _scib_tx_buf
0000d280   _scic_tx_buf
0000d2c0   _FaultInfo
0000d340   _P
0000d400   _CAN_Registers
0000e180   _SCI_Registers
0000ef00   _Data_Registers
0000fc7a   __unlock
0000fc7c   __lock
0000fc7e   _errno
0000fdc0   _debug_state
0000fdc1   _debug_cnt
0000fdc2   _debug_sum
0000fdc3   _debug_sum_temp
0000fdc4   _debug_wr_sum_flag
0000fdc5   _debug_tx_end
0000fdc6   _debug_wr_size
0000fdc7   _debug_tx_pos
0000fdc8   _debug_rd_addr
0000fdca   _debug_rd_addr_tmp
0000fdcc   _debug_wr_addr
0000fdce   _debug_wr_data
0000fe00   _debug_tx_buf
0000fe40   _deg_sDacTmp
0000fe42   _sTemp
0000fe44   _deg_Dac
0000fe66   _CH1_COUNT_AT_4MA
0000fe68   _CH1_COUNT_AT_0MA
0000fe6a   _CH1_COUNT_AT_20MA
0000fe6c   _CH2_COUNT_AT_0V
0000fe6e   _CH2_COUNT_AT_20MA
0000fe74   _CH1_COUNT_AT_10V
0000fe76   _CH1_COUNT_AT_0V
0000fe78   _CH2_COUNT_AT_4MA
0000fe7a   _CH2_COUNT_AT_0MA
0000fe7c   _CH2_COUNT_AT_10V
0000fea2   _CpuTimer1
0000feaa   _CpuTimer2
0000feb2   _CpuTimer0
0000feba   __cleanup_ptr
0000febc   __dtors_ptr
0000fec0   _SciC_RxStep
0000fec1   _rx_cnt
0000fec2   _SciC_TxFlag
0000fec3   _SciC_RxFlag
0000fec4   _tx_cnt
0000fec5   _RxData
0000fec6   _RxAddr
0000fec7   _SCI_TxOffset
0000fec8   _RxCRC
0000fec9   _Communication_Fault_Flag
0000feca   _Communication_Fault_Cnt
0000fecb   _RxType
0000fecc   _Device_type
0000fece   _RxBuf
00318000   _RamfuncsLoadStart
0031b3b2   .text
0031b3b2   _Parameter_Initialization_by_Power
0031b3b2   _RamfuncsLoadEnd
0031b3b2   ___text__
0031b6ad   _Parameter_Initialization
0031b79a   _System_Variable_Initialization
0031bc33   _System_Variable_Update
0031bf90   _Auto_Tuning
0031c272   _Auto_Tuning_China
0031cab1   _matrix_multiplic
0031cb05   _matrix_subtract
0031cb44   _Write_Data_Registers_Offline
0031d2f2   _asc2hex
0031d309   _hex2asc
0031d315   _write_txbuf_string
0031d330   _write_txbuf_asc
0031d345   _write_txbuf_byte
0031d36f   _write_txbuf_word
0031d3bf   _write_txbuf_long
0031d45d   _state0_proc
0031d5c5   _state1_proc
0031d5e2   _state2_proc
0031d655   _state3_proc
0031d66d   _state4_proc
0031d68e   _state5_proc
0031d6bd   _state6_proc
0031d6d5   _state7_proc
0031d74e   _sci_debug_init
0031d787   _scib_init
0031d7be   _scic_init
0031d7f7   _scib_TxChar
0031d803   _scib_TxString
0031d80f   _scic_TxChar
0031d81b   _scic_TxString
0031d827   _scib_tx_start
0031d84c   _scic_tx_start
0031d871   _scib_putc
0031d8a9   _scic_putc
0031d8be   _scib_puts
0031d8d9   _scic_puts
0031d8f4   _scic_test
0031d91d   _CRC_16
0031d941   _SCIC_Process
0031db09   _InitAdc
0031db5a   _dev_DacSetup
0031db72   _dev_InitDACVariable
0031db92   _DAC_Out
0031dbc1   _dev_SendDAC
0031dc54   _dev_BackgroundDAC
0031dc79   _EPWM_Initialization
0031ddd6   _Temperature_Calculation
0031de64   _INT13_ISR
0031de6e   _INT14_ISR
0031de78   _DATALOG_ISR
0031de82   _RTOSINT_ISR
0031de8c   _EMUINT_ISR
0031de96   _NMI_ISR
0031dea0   _ILLEGAL_ISR
0031deaa   _USER1_ISR
0031deb4   _USER2_ISR
0031debe   _USER3_ISR
0031dec8   _USER4_ISR
0031ded2   _USER5_ISR
0031dedc   _USER6_ISR
0031dee6   _USER7_ISR
0031def0   _USER8_ISR
0031defa   _USER9_ISR
0031df04   _USER10_ISR
0031df0e   _USER11_ISR
0031df18   _USER12_ISR
0031df22   _SEQ1INT_ISR
0031df2c   _SEQ2INT_ISR
0031df36   _XINT1_ISR
0031df40   _XINT2_ISR
0031df4a   _ADCINT_ISR
0031df54   _TINT0_ISR
0031df5e   _WAKEINT_ISR
0031df68   _EPWM1_TZINT_ISR
0031df72   _EPWM2_TZINT_ISR
0031df7c   _EPWM3_TZINT_ISR
0031df86   _EPWM4_TZINT_ISR
0031df90   _EPWM5_TZINT_ISR
0031df9a   _EPWM6_TZINT_ISR
0031dfa4   _EPWM1_INT_ISR
0031dfae   _EPWM2_INT_ISR
0031dfb8   _EPWM3_INT_ISR
0031dfc2   _EPWM4_INT_ISR
0031dfcc   _EPWM5_INT_ISR
0031dfd6   _EPWM6_INT_ISR
0031dfe0   _ECAP1_INT_ISR
0031dfea   _ECAP2_INT_ISR
0031dff4   _ECAP3_INT_ISR
0031dffe   _ECAP4_INT_ISR
0031e008   _ECAP5_INT_ISR
0031e012   _ECAP6_INT_ISR
0031e01c   _EQEP1_INT_ISR
0031e026   _EQEP2_INT_ISR
0031e030   _SPIRXINTA_ISR
0031e03a   _SPITXINTA_ISR
0031e044   _MRINTB_ISR
0031e04e   _MXINTB_ISR
0031e058   _MRINTA_ISR
0031e062   _MXINTA_ISR
0031e06c   _DINTCH1_ISR
0031e076   _DINTCH2_ISR
0031e080   _DINTCH3_ISR
0031e08a   _DINTCH4_ISR
0031e094   _DINTCH5_ISR
0031e09e   _DINTCH6_ISR
0031e0a8   _I2CINT1A_ISR
0031e0b2   _I2CINT2A_ISR
0031e0bc   _SCIRXINTC_ISR
0031e0c6   _SCITXINTC_ISR
0031e0d0   _SCIRXINTA_ISR
0031e0da   _SCITXINTA_ISR
0031e0e4   _SCIRXINTB_ISR
0031e0ee   _SCITXINTB_ISR
0031e0f8   _ECAN0INTA_ISR
0031e102   _ECAN1INTA_ISR
0031e10c   _ECAN0INTB_ISR
0031e116   _ECAN1INTB_ISR
0031e120   _XINT3_ISR
0031e12a   _XINT4_ISR
0031e134   _XINT5_ISR
0031e13e   _XINT6_ISR
0031e148   _XINT7_ISR
0031e152   _LVF_ISR
0031e15c   _LUF_ISR
0031e166   _PIE_RESERVED
0031e170   _rsvd_ISR
0031e17a   _InitGpio
0031e37a   _InitXintf
0031e3a3   _InitXintf16Gpio
0031e3d9   _Driver_Calibration
0031e518   _DB_Controller
0031e59e   _driver_enable_proc
0031e59f   _DI_Processing
0031e5eb   _digital_port_check
0031e619   _digital_out_proc
0031e64f   _AI_Processing
0031e670   _Local_Processing
0031e6d0   _Fieldbus_Processing
0031e6ef   _main
0031e720   _F28335PowerOnSet
0031e804   _InitSysCtrl
0031e80d   _ServiceDog
0031e817   _DisableDog
0031e81f   _InitPll
0031e86d   _InitPeripheralClocks
0031e8c8   _CsmUnlock
0031e8f9   _F2833X_PWM_Init
0031e9e4   _InitCpuTimers
0031ea2b   _ConfigCpuTimer
0031ea66   _log
0031eac7   _atan2
0031eb16   _c_int00
0031eb5c   _cos
0031eb90   _sin
0031ebc4   _I2C_EEPROM_Initialization
0031ebed   _EQEP_Initialization
0031ec16   _InitPieCtrl
0031ec35   _EnableInterrupts
0031ec3e   _Fault_Recording
0031ec64   _sqrt
0031ec85   _InitPieVectTable
0031eca5   _strncpy
0031ecc5   __args_main
0031ece0   C$$EXIT
0031ece0   _abort
0031ece2   _exit
0031ecf9   FS$$DIV
0031ed12   _MemCopy
0031ed29   _frexp
0031ed3f   __register_unlock
0031ed43   __register_lock
0031ed47   __nop
0031ed50   ___etext__
0031ed50   etext
00338000   ___cinit__
00338000   cinit
003389a2   _PieVectTableInit
0033fff6   code_start
0033fff8   _CsmPwl
00380080   _ADC_cal
003febdc   _FPUsinTable
003fecdc   _FPUcosTable
003fefdc   _FPUsinTableEnd
003ff0de   _FPUatan2HalfPITable
003ff0de   _FPUcosTableEnd
003ff0e2   _FPUatan2Table
003ff268   _FPUatan2TableEnd
ffffffff   ___binit__
ffffffff   ___c_args__
ffffffff   ___pinit__
ffffffff   binit
ffffffff   pinit

[564 symbols]
