******************************************************************************
             TMS320C2000 Linker PC v5.2.1                      
******************************************************************************
>> Linked Fri Nov 19 14:16:24 2010

OUTPUT FILE NAME:   <./Debug/Seoho VD Drive Program.out>
ENTRY POINT SYMBOL: "_c_int00"  address: 0000d6a3


MEMORY CONFIGURATION

         name            origin    length      used     unused   attr    fill
----------------------  --------  ---------  --------  --------  ----  --------
PAGE 0:
  BEGIN                 00000000   00000002  00000002  00000000  RWIX
  BOOT_RSVD             00000002   0000004e  00000000  0000004e  RWIX
  RAMM0                 00000050   000003b0  00000000  000003b0  RWIX
  RAML0                 00008000   00000600  00000120  000004e0  RWIX
  RAML1                 00008600   00006500  00005aef  00000a11  RWIX
  CSM_RSVD              0033ff80   00000076  00000000  00000076  RWIX
  CSM_PWL               0033fff8   00000008  00000000  00000008  RWIX
  ADC_CAL               00380080   00000009  00000007  00000002  RWIX
  IQTABLES              003fe000   00000b50  00000000  00000b50  RWIX
  IQTABLES2             003feb50   0000008c  00000000  0000008c  RWIX
  FPUTABLES             003febdc   000006a0  000006a0  00000000  RWIX
  BOOTROM               003ff27c   00000d44  00000000  00000d44  RWIX
  RESET                 003fffc0   00000002  00000000  00000002  RWIX

PAGE 1:
  RAMM1                 00000400   00000400  00000400  00000000  RWIX
  DEV_EMU               00000880   00000180  000000d0  000000b0  RWIX
  FLASH_REGS            00000a80   00000060  00000008  00000058  RWIX
  CSM                   00000ae0   00000010  00000010  00000000  RWIX
  ADC_MIRROR            00000b00   00000010  00000010  00000000  RWIX
  XINTF                 00000b20   00000020  0000001e  00000002  RWIX
  CPU_TIMER0            00000c00   00000008  00000008  00000000  RWIX
  CPU_TIMER1            00000c08   00000008  00000008  00000000  RWIX
  CPU_TIMER2            00000c10   00000008  00000008  00000000  RWIX
  PIE_CTRL              00000ce0   00000020  0000001a  00000006  RWIX
  PIE_VECT              00000d00   00000100  00000100  00000000  RWIX
  DMA                   00001000   00000200  000000e0  00000120  RWIX
  ZONE0                 00004000   00001000  00000800  00000800  RWIX
  MCBSPA                00005000   00000040  00000025  0000001b  RWIX
  MCBSPB                00005040   00000040  00000025  0000001b  RWIX
  ECANA                 00006000   00000040  00000034  0000000c  RWIX
  ECANA_LAM             00006040   00000040  00000040  00000000  RWIX
  ECANA_MOTS            00006080   00000040  00000040  00000000  RWIX
  ECANA_MOTO            000060c0   00000040  00000040  00000000  RWIX
  ECANA_MBOX            00006100   00000100  00000100  00000000  RWIX
  ECANB                 00006200   00000040  00000034  0000000c  RWIX
  ECANB_LAM             00006240   00000040  00000040  00000000  RWIX
  ECANB_MOTS            00006280   00000040  00000040  00000000  RWIX
  ECANB_MOTO            000062c0   00000040  00000040  00000000  RWIX
  ECANB_MBOX            00006300   00000100  00000100  00000000  RWIX
  EPWM1                 00006800   00000022  00000022  00000000  RWIX
  EPWM2                 00006840   00000022  00000022  00000000  RWIX
  EPWM3                 00006880   00000022  00000022  00000000  RWIX
  EPWM4                 000068c0   00000022  00000022  00000000  RWIX
  EPWM5                 00006900   00000022  00000022  00000000  RWIX
  EPWM6                 00006940   00000022  00000022  00000000  RWIX
  ECAP1                 00006a00   00000020  00000020  00000000  RWIX
  ECAP2                 00006a20   00000020  00000020  00000000  RWIX
  ECAP3                 00006a40   00000020  00000020  00000000  RWIX
  ECAP4                 00006a60   00000020  00000020  00000000  RWIX
  ECAP5                 00006a80   00000020  00000020  00000000  RWIX
  ECAP6                 00006aa0   00000020  00000020  00000000  RWIX
  EQEP1                 00006b00   00000040  00000040  00000000  RWIX
  EQEP2                 00006b40   00000040  00000040  00000000  RWIX
  GPIOCTRL              00006f80   00000040  0000002e  00000012  RWIX
  GPIODAT               00006fc0   00000020  00000020  00000000  RWIX
  GPIOINT               00006fe0   00000020  0000000a  00000016  RWIX
  SYSTEM                00007010   00000020  00000020  00000000  RWIX
  SPIA                  00007040   00000010  00000010  00000000  RWIX
  SCIA                  00007050   00000010  00000010  00000000  RWIX
  XINTRUPT              00007070   00000010  00000010  00000000  RWIX
  ADC                   00007100   00000020  0000001e  00000002  RWIX
  SCIB                  00007750   00000010  00000010  00000000  RWIX
  SCIC                  00007770   00000010  00000010  00000000  RWIX
  I2CA                  00007900   00000040  00000022  0000001e  RWIX
  RAML4                 0000ed00   00002000  00001422  00000bde  RWIX
  CSM_PWL               0033fff8   00000008  00000008  00000000  RWIX


SECTION ALLOCATION MAP

 output                                  attributes/
section   page    origin      length       input sections
--------  ----  ----------  ----------   ----------------
codestart 
*          0    00000000    00000002     
                  00000000    00000002     Core_DSP2833x_CodeStartBranch.obj (codestart)

.pinit     0    00008000    00000000     UNINITIALIZED

.switch    0    00008000    00000120     
                  00008000    0000009c     Shell_IO.obj (.switch)
                  0000809c    00000084     Shell_Keypad_SCI.obj (.switch)

.text      0    00008600    00005271     
                  00008600    0000110f     Shell_IO.obj (.text)
                  0000970f    00000d2c     Core_Vector_Control.obj (.text)
                  0000a43b    0000091a     Shell_Keypad_SCI.obj (.text)
                  0000ad55    00000791     Core_Auto_Tuning.obj (.text)
                  0000b4e6    00000495     Core_RealSys_2833x.obj (.text)
                  0000b97b    00000414     Core_Speed_Calc.obj (.text)
                  0000bd8f    00000316     Core_DSP2833x_DefaultIsr.obj (.text)
                  0000c0a5    00000312     All_Interrupt.obj (.text)
                  0000c3b7    000002c1     Core_ADC_DAC.obj (.text)
                  0000c678    000002a0     Core_Common_Module.obj (.text)
                  0000c918    0000023f     Core_Gpio_Xintf_Set.obj (.text)
                  0000cb57    000001c8     All_Main.obj (.text)
                  0000cd1f    00000175     Shell_DSP2833x_Mcbsp.obj (.text)
                  0000ce94    00000156     Shell_State_Management.obj (.text)
                  0000cfea    0000014e     DEV_EasydspDac28335.obj (.text)
                  0000d138    00000115     Shell_Ref_Func.obj (.text)
                  0000d24d    000000f5     Core_DSP2833x_SysCtrl.obj (.text)
                  0000d342    000000f1     Shell_Fault_Processing.obj (.text)
                  0000d433    000000b1     Shell_ABS_Encoder.obj (.text)
                  0000d4e4    00000082     Core_DSP2833x_CpuTimers.obj (.text)
                  0000d566    0000007e     Shell_Keypad.obj (.text)
                  0000d5e4    00000070     Seoho_DSP2833x_Xintf.obj (.text)
                  0000d654    0000004f     rts2800_fpu32_fast_supplement.lib : atan2_f32.obj (.text)
                  0000d6a3    00000046     rts2800_fpu32.lib : boot.obj (.text)
                  0000d6e9    00000034     rts2800_fpu32_fast_supplement.lib : cos_f32.obj (.text)
                  0000d71d    00000034                                       : sin_f32.obj (.text)
                  0000d751    00000028     Core_DSP2833x_PieCtrl.obj (.text)
                  0000d779    00000022     rts2800_fpu32.lib : i_div.obj (.text)
                  0000d79b    00000021     rts2800_fpu32_fast_supplement.lib : sqrt_f32.obj (.text)
                  0000d7bc    00000020     Core_DSP2833x_PieVect.obj (.text)
                  0000d7dc    00000020     rts2800_fpu32.lib : strncpy.obj (.text)
                  0000d7fc    0000001b                       : args_main.obj (.text)
                  0000d817    00000019                       : exit.obj (.text)
                  0000d830    00000019     rts2800_fpu32_fast_supplement.lib : div_f32.obj (.text)
                  0000d849    00000017     Core_DSP2833x_MemCopy.obj (.text)
                  0000d860    00000009     rts2800_fpu32.lib : _lock.obj (.text)
                  0000d869    00000008     Core_DSP2833x_CodeStartBranch.obj (.text)

.cinit     0    0000d871    00000684     
                  0000d871    00000304     All_Main.obj (.cinit)
                  0000db75    00000182     Shell_IO.obj (.cinit)
                  0000dcf7    00000091     Core_Auto_Tuning.obj (.cinit)
                  0000dd88    0000007c     Core_Vector_Control.obj (.cinit)
                  0000de04    00000058     Core_Speed_Calc.obj (.cinit)
                  0000de5c    0000002a     Core_RealSys_2833x.obj (.cinit)
                  0000de86    00000024     All_Interrupt.obj (.cinit)
                  0000deaa    00000019     Shell_Ref_Func.obj (.cinit)
                  0000dec3    0000000c     Core_ADC_DAC.obj (.cinit)
                  0000decf    0000000a     rts2800_fpu32.lib : _lock.obj (.cinit)
                  0000ded9    0000000a                       : exit.obj (.cinit)
                  0000dee3    00000008     Shell_Keypad_SCI.obj (.cinit)
                  0000deeb    00000004     DEV_EasydspDac28335.obj (.cinit)
                  0000deef    00000004     Shell_Fault_Processing.obj (.cinit)
                  0000def3    00000002     --HOLE-- [fill = 0]

ramfuncs   0    0000def5    000001fa     
                  0000def5    00000125     Shell_Keypad_SCI.obj (ramfuncs)
                  0000e01a    000000b6     Core_RealSys_2833x.obj (ramfuncs)
                  0000e0d0    0000001b     Core_DSP2833x_SysCtrl.obj (ramfuncs)
                  0000e0eb    00000004     Core_DSP2833x_usDelay.obj (ramfuncs)

csm_rsvd   0    0033ff80    00000000     DSECT

csmpasswds 
*          0    0033fff8    00000000     DSECT

.adc_cal   0    00380080    00000007     NOLOAD SECTION
                  00380080    00000007     Core_DSP2833x_ADC_cal.obj (.adc_cal)

FPUmathTables 
*          0    003febdc    000006a0     NOLOAD SECTION
                  003febdc    000006a0     rts2800_fpu32_fast_supplement.lib : FPUmathTables.obj (FPUmathTables)

.reset     0    003fffc0    00000002     DSECT
                  003fffc0    00000002     rts2800_fpu32.lib : boot.obj (.reset)

.stack     1    00000400    00000400     UNINITIALIZED
                  00000400    00000400     --HOLE--

DevEmuRegsFile 
*          1    00000880    000000d0     UNINITIALIZED
                  00000880    000000d0     Core_DSP2833x_GlobalVariableDefs.obj (DevEmuRegsFile)

FlashRegsFile 
*          1    00000a80    00000008     UNINITIALIZED
                  00000a80    00000008     Core_DSP2833x_GlobalVariableDefs.obj (FlashRegsFile)

CsmRegsFile 
*          1    00000ae0    00000010     UNINITIALIZED
                  00000ae0    00000010     Core_DSP2833x_GlobalVariableDefs.obj (CsmRegsFile)

AdcMirrorFile 
*          1    00000b00    00000010     UNINITIALIZED
                  00000b00    00000010     Core_DSP2833x_GlobalVariableDefs.obj (AdcMirrorFile)

XintfRegsFile 
*          1    00000b20    0000001e     UNINITIALIZED
                  00000b20    0000001e     Core_DSP2833x_GlobalVariableDefs.obj (XintfRegsFile)

CpuTimer0RegsFile 
*          1    00000c00    00000008     UNINITIALIZED
                  00000c00    00000008     Core_DSP2833x_GlobalVariableDefs.obj (CpuTimer0RegsFile)

CpuTimer1RegsFile 
*          1    00000c08    00000008     UNINITIALIZED
                  00000c08    00000008     Core_DSP2833x_GlobalVariableDefs.obj (CpuTimer1RegsFile)

CpuTimer2RegsFile 
*          1    00000c10    00000008     UNINITIALIZED
                  00000c10    00000008     Core_DSP2833x_GlobalVariableDefs.obj (CpuTimer2RegsFile)

PieCtrlRegsFile 
*          1    00000ce0    0000001a     UNINITIALIZED
                  00000ce0    0000001a     Core_DSP2833x_GlobalVariableDefs.obj (PieCtrlRegsFile)

PieVectTableFile 
*          1    00000d00    00000100     UNINITIALIZED
                  00000d00    00000100     Core_DSP2833x_GlobalVariableDefs.obj (PieVectTableFile)

DmaRegsFile 
*          1    00001000    000000e0     UNINITIALIZED
                  00001000    000000e0     Core_DSP2833x_GlobalVariableDefs.obj (DmaRegsFile)

ZONE0DATA 
*          1    00004000    00000800     UNINITIALIZED
                  00004000    00000800     All_Main.obj (ZONE0DATA)

McbspaRegsFile 
*          1    00005000    00000025     UNINITIALIZED
                  00005000    00000025     Core_DSP2833x_GlobalVariableDefs.obj (McbspaRegsFile)

McbspbRegsFile 
*          1    00005040    00000025     UNINITIALIZED
                  00005040    00000025     Core_DSP2833x_GlobalVariableDefs.obj (McbspbRegsFile)

ECanaRegsFile 
*          1    00006000    00000034     UNINITIALIZED
                  00006000    00000034     Core_DSP2833x_GlobalVariableDefs.obj (ECanaRegsFile)

ECanaLAMRegsFile 
*          1    00006040    00000040     UNINITIALIZED
                  00006040    00000040     Core_DSP2833x_GlobalVariableDefs.obj (ECanaLAMRegsFile)

ECanaMOTSRegsFile 
*          1    00006080    00000040     UNINITIALIZED
                  00006080    00000040     Core_DSP2833x_GlobalVariableDefs.obj (ECanaMOTSRegsFile)

ECanaMOTORegsFile 
*          1    000060c0    00000040     UNINITIALIZED
                  000060c0    00000040     Core_DSP2833x_GlobalVariableDefs.obj (ECanaMOTORegsFile)

ECanaMboxesFile 
*          1    00006100    00000100     UNINITIALIZED
                  00006100    00000100     Core_DSP2833x_GlobalVariableDefs.obj (ECanaMboxesFile)

ECanbRegsFile 
*          1    00006200    00000034     UNINITIALIZED
                  00006200    00000034     Core_DSP2833x_GlobalVariableDefs.obj (ECanbRegsFile)

ECanbLAMRegsFile 
*          1    00006240    00000040     UNINITIALIZED
                  00006240    00000040     Core_DSP2833x_GlobalVariableDefs.obj (ECanbLAMRegsFile)

ECanbMOTSRegsFile 
*          1    00006280    00000040     UNINITIALIZED
                  00006280    00000040     Core_DSP2833x_GlobalVariableDefs.obj (ECanbMOTSRegsFile)

ECanbMOTORegsFile 
*          1    000062c0    00000040     UNINITIALIZED
                  000062c0    00000040     Core_DSP2833x_GlobalVariableDefs.obj (ECanbMOTORegsFile)

ECanbMboxesFile 
*          1    00006300    00000100     UNINITIALIZED
                  00006300    00000100     Core_DSP2833x_GlobalVariableDefs.obj (ECanbMboxesFile)

EPwm1RegsFile 
*          1    00006800    00000022     UNINITIALIZED
                  00006800    00000022     Core_DSP2833x_GlobalVariableDefs.obj (EPwm1RegsFile)

EPwm2RegsFile 
*          1    00006840    00000022     UNINITIALIZED
                  00006840    00000022     Core_DSP2833x_GlobalVariableDefs.obj (EPwm2RegsFile)

EPwm3RegsFile 
*          1    00006880    00000022     UNINITIALIZED
                  00006880    00000022     Core_DSP2833x_GlobalVariableDefs.obj (EPwm3RegsFile)

EPwm4RegsFile 
*          1    000068c0    00000022     UNINITIALIZED
                  000068c0    00000022     Core_DSP2833x_GlobalVariableDefs.obj (EPwm4RegsFile)

EPwm5RegsFile 
*          1    00006900    00000022     UNINITIALIZED
                  00006900    00000022     Core_DSP2833x_GlobalVariableDefs.obj (EPwm5RegsFile)

EPwm6RegsFile 
*          1    00006940    00000022     UNINITIALIZED
                  00006940    00000022     Core_DSP2833x_GlobalVariableDefs.obj (EPwm6RegsFile)

ECap1RegsFile 
*          1    00006a00    00000020     UNINITIALIZED
                  00006a00    00000020     Core_DSP2833x_GlobalVariableDefs.obj (ECap1RegsFile)

ECap2RegsFile 
*          1    00006a20    00000020     UNINITIALIZED
                  00006a20    00000020     Core_DSP2833x_GlobalVariableDefs.obj (ECap2RegsFile)

ECap3RegsFile 
*          1    00006a40    00000020     UNINITIALIZED
                  00006a40    00000020     Core_DSP2833x_GlobalVariableDefs.obj (ECap3RegsFile)

ECap4RegsFile 
*          1    00006a60    00000020     UNINITIALIZED
                  00006a60    00000020     Core_DSP2833x_GlobalVariableDefs.obj (ECap4RegsFile)

ECap5RegsFile 
*          1    00006a80    00000020     UNINITIALIZED
                  00006a80    00000020     Core_DSP2833x_GlobalVariableDefs.obj (ECap5RegsFile)

ECap6RegsFile 
*          1    00006aa0    00000020     UNINITIALIZED
                  00006aa0    00000020     Core_DSP2833x_GlobalVariableDefs.obj (ECap6RegsFile)

EQep1RegsFile 
*          1    00006b00    00000040     UNINITIALIZED
                  00006b00    00000040     Core_DSP2833x_GlobalVariableDefs.obj (EQep1RegsFile)

EQep2RegsFile 
*          1    00006b40    00000040     UNINITIALIZED
                  00006b40    00000040     Core_DSP2833x_GlobalVariableDefs.obj (EQep2RegsFile)

GpioCtrlRegsFile 
*          1    00006f80    0000002e     UNINITIALIZED
                  00006f80    0000002e     Core_DSP2833x_GlobalVariableDefs.obj (GpioCtrlRegsFile)

GpioDataRegsFile 
*          1    00006fc0    00000020     UNINITIALIZED
                  00006fc0    00000020     Core_DSP2833x_GlobalVariableDefs.obj (GpioDataRegsFile)

GpioIntRegsFile 
*          1    00006fe0    0000000a     UNINITIALIZED
                  00006fe0    0000000a     Core_DSP2833x_GlobalVariableDefs.obj (GpioIntRegsFile)

SysCtrlRegsFile 
*          1    00007010    00000020     UNINITIALIZED
                  00007010    00000020     Core_DSP2833x_GlobalVariableDefs.obj (SysCtrlRegsFile)

SpiaRegsFile 
*          1    00007040    00000010     UNINITIALIZED
                  00007040    00000010     Core_DSP2833x_GlobalVariableDefs.obj (SpiaRegsFile)

SciaRegsFile 
*          1    00007050    00000010     UNINITIALIZED
                  00007050    00000010     Core_DSP2833x_GlobalVariableDefs.obj (SciaRegsFile)

XIntruptRegsFile 
*          1    00007070    00000010     UNINITIALIZED
                  00007070    00000010     Core_DSP2833x_GlobalVariableDefs.obj (XIntruptRegsFile)

AdcRegsFile 
*          1    00007100    0000001e     UNINITIALIZED
                  00007100    0000001e     Core_DSP2833x_GlobalVariableDefs.obj (AdcRegsFile)

ScibRegsFile 
*          1    00007750    00000010     UNINITIALIZED
                  00007750    00000010     Core_DSP2833x_GlobalVariableDefs.obj (ScibRegsFile)

ScicRegsFile 
*          1    00007770    00000010     UNINITIALIZED
                  00007770    00000010     Core_DSP2833x_GlobalVariableDefs.obj (ScicRegsFile)

I2caRegsFile 
*          1    00007900    00000022     UNINITIALIZED
                  00007900    00000022     Core_DSP2833x_GlobalVariableDefs.obj (I2caRegsFile)

.ebss      1    0000ed00    0000122c     UNINITIALIZED
                  0000ed00    00001038     All_Main.obj (.ebss)
                  0000fd38    00000004     rts2800_fpu32.lib : _lock.obj (.ebss)
                  0000fd3c    00000004                       : exit.obj (.ebss)
                  0000fd40    0000008e     Shell_IO.obj (.ebss)
                  0000fdce    00000032     Core_Vector_Control.obj (.ebss)
                  0000fe00    00000073     Core_RealSys_2833x.obj (.ebss)
                  0000fe73    00000001     Shell_Fault_Processing.obj (.ebss)
                  0000fe74    0000000c     All_Interrupt.obj (.ebss)
                  0000fe80    00000038     Core_Auto_Tuning.obj (.ebss)
                  0000feb8    00000003     Core_ADC_DAC.obj (.ebss)
                  0000febb    00000002     Shell_Keypad_SCI.obj (.ebss)
                  0000febd    00000003     --HOLE--
                  0000fec0    00000024     DEV_EasydspDac28335.obj (.ebss)
                  0000fee4    00000018     Core_DSP2833x_CpuTimers.obj (.ebss)
                  0000fefc    00000004     --HOLE--
                  0000ff00    00000022     Core_Speed_Calc.obj (.ebss)
                  0000ff22    0000000a     Shell_Ref_Func.obj (.ebss)

.econst    1    0000ff2c    000001f6     
                  0000ff2c    00000100     Core_DSP2833x_PieVect.obj (.econst)
                  0001002c    00000093     Shell_State_Management.obj (.econst:.string)
                  000100bf    00000001     --HOLE-- [fill = 0]
                  000100c0    0000001f     Shell_Keypad_SCI.obj (.econst:.string)
                  000100df    00000001     --HOLE-- [fill = 0]
                  000100e0    0000001b     All_Main.obj (.econst:.string)
                  000100fb    00000001     --HOLE-- [fill = 0]
                  000100fc    0000000f     Shell_Fault_Processing.obj (.econst:.string)
                  0001010b    00000001     --HOLE-- [fill = 0]
                  0001010c    0000000b     Core_ADC_DAC.obj (.econst:.string)
                  00010117    00000001     --HOLE-- [fill = 0]
                  00010118    0000000a     Core_RealSys_2833x.obj (.econst:.string)

CsmPwlFile 
*          1    0033fff8    00000008     UNINITIALIZED
                  0033fff8    00000008     Core_DSP2833x_GlobalVariableDefs.obj (CsmPwlFile)


GLOBAL SYMBOLS: SORTED ALPHABETICALLY BY Name 

address    name
--------   ----
00008600   .text
0000d817   C$$EXIT
0000d830   FS$$DIV
0000d779   I$$DIV
0000d78a   I$$MOD
0000be75   _ADCINT_ISR
00380080   _ADC_cal
0000fd40   _ADTest
0000ed9a   _Accel_time
0000eda6   _Accel_time_Auto_tuning
00000b00   _AdcMirror
00007100   _AdcRegs
0000ed14   _Adc_AIN_3
0000ed16   _Adc_AIN_4
0000ed0c   _Adc_AIN_5
0000ed03   _Adc_AIN_I1
0000ed13   _Adc_AIN_I2
0000ed11   _Adc_AIN_V1
0000ed15   _Adc_AIN_V2
0000ed0b   _Adc_Temperature
0000ed02   _Adc_Uphase
0000ed0d   _Adc_V_Range
0000ed05   _Adc_Vdc
0000ed00   _Adc_Vphase
0000ed04   _Adc_Wphase
0000eda4   _AnaCmdReference
00009614   _AnalogInputProcessing
0000ad55   _Auto_Tuning
0000ed1e   _Auto_tuning_index
0000d4b5   _BinaryToDecimal
0000edd2   _Bm
0000fd82   _CH1_COUNT_AT_0MA
0000fd7c   _CH1_COUNT_AT_0V
0000fd7a   _CH1_COUNT_AT_10V
0000fd8e   _CH1_COUNT_AT_20MA
0000fd80   _CH1_COUNT_AT_4MA
0000fd84   _CH2_COUNT_AT_0MA
0000fd92   _CH2_COUNT_AT_0V
0000fd88   _CH2_COUNT_AT_10V
0000fd8c   _CH2_COUNT_AT_20MA
0000fd7e   _CH2_COUNT_AT_4MA
0000fd86   _CH3_COUNT_AT_0MA
0000fd68   _CH3_COUNT_AT_0V
0000fd76   _CH3_COUNT_AT_10V
0000fd6a   _CH3_COUNT_AT_20MA
0000fd90   _CH3_COUNT_AT_4MA
0000fd64   _CH4_COUNT_AT_0MA
0000fd66   _CH4_COUNT_AT_0V
0000fd74   _CH4_COUNT_AT_10V
0000fd6c   _CH4_COUNT_AT_20MA
0000fd62   _CH4_COUNT_AT_4MA
0000fd8a   _CH5_COUNT_AT_0MA
0000fd78   _CH5_COUNT_AT_0V
0000fd72   _CH5_COUNT_AT_10V
0000fd6e   _CH5_COUNT_AT_20MA
0000fd70   _CH5_COUNT_AT_4MA
0000ed29   _CRC
0000a5e3   _CRC_16
00009700   _CheckOptionCardID
0000963f   _CheckPowerVersion
0000ed1f   _Comm_GROUP
0000ed21   _Comm_INDEX
0000f180   _Comm_array
0000ed10   _Command
0000d52b   _ConfigCpuTimer
0000ed58   _Cos_Theta
0000ed64   _Cos_Theta_vtg
0000fef4   _CpuTimer0
00000c00   _CpuTimer0Regs
0000fee4   _CpuTimer1
00000c08   _CpuTimer1Regs
0000feec   _CpuTimer2
00000c10   _CpuTimer2Regs
0033fff8   _CsmPwl
00000ae0   _CsmRegs
0000d311   _CsmUnlock
00009be6   _Current_Controller
0000ed8a   _DA1
0000ed88   _DA1_mid
0000ed8c   _DA1_rng
0000ed42   _DA1_val
0000ed84   _DA2
0000ee40   _DA2_mid
0000ed86   _DA2_rng
0000ed40   _DA2_val
0000ed96   _DA3
0000ed94   _DA3_mid
0000ed98   _DA3_rng
0000ed3e   _DA3_val
0000ed90   _DA4
0000ed74   _DA4_mid
0000ed78   _DA4_rng
0000ed46   _DA4_val
0000d022   _DAC_Out
0000c5ce   _DAC_Setup
0000bda3   _DATALOG_ISR
0000c34f   _DB_Controller
0000bf97   _DINTCH1_ISR
0000bfa1   _DINTCH2_ISR
0000bfab   _DINTCH3_ISR
0000bfb5   _DINTCH4_ISR
0000bfbf   _DINTCH5_ISR
0000bfc9   _DINTCH6_ISR
00008620   _DI_Function
0000888b   _DI_Processing
0000886e   _DI_RUN_DIR
0000e0eb   _DSP28x_usDelay
0000d566   _DSPtoArray
0000d5aa   _DSPtoMonitoring
0000ed9c   _Decel_time
0000eda0   _Decel_time_Auto_tuning
0000d433   _DecimalToBianary
00000880   _DevEmuRegs
0000d260   _DisableDog
00001000   _DmaRegs
0000ed7c   _DrivePower
0000c0a5   _Driver_Calibration
0000ed48   _Driver_ON
0000ee60   _DutyCount
0000c023   _ECAN0INTA_ISR
0000c037   _ECAN0INTB_ISR
0000c02d   _ECAN1INTA_ISR
0000c041   _ECAN1INTB_ISR
0000bf0b   _ECAP1_INT_ISR
0000bf15   _ECAP2_INT_ISR
0000bf1f   _ECAP3_INT_ISR
0000bf29   _ECAP4_INT_ISR
0000bf33   _ECAP5_INT_ISR
0000bf3d   _ECAP6_INT_ISR
00006040   _ECanaLAMRegs
000060c0   _ECanaMOTORegs
00006080   _ECanaMOTSRegs
00006100   _ECanaMboxes
00006000   _ECanaRegs
00006240   _ECanbLAMRegs
000062c0   _ECanbMOTORegs
00006280   _ECanbMOTSRegs
00006300   _ECanbMboxes
00006200   _ECanbRegs
00006a00   _ECap1Regs
00006a20   _ECap2Regs
00006a40   _ECap3Regs
00006a60   _ECap4Regs
00006a80   _ECap5Regs
00006aa0   _ECap6Regs
0000bdb7   _EMUINT_ISR
0000becf   _EPWM1_INT_ISR
0000be93   _EPWM1_TZINT_ISR
0000bed9   _EPWM2_INT_ISR
0000be9d   _EPWM2_TZINT_ISR
0000bee3   _EPWM3_INT_ISR
0000bea7   _EPWM3_TZINT_ISR
0000beed   _EPWM4_INT_ISR
0000beb1   _EPWM4_TZINT_ISR
0000bef7   _EPWM5_INT_ISR
0000bebb   _EPWM5_TZINT_ISR
0000bf01   _EPWM6_INT_ISR
0000bec5   _EPWM6_TZINT_ISR
0000cbf2   _EPWM_Initialization
00006800   _EPwm1Regs
00006840   _EPwm2Regs
00006880   _EPwm3Regs
000068c0   _EPwm4Regs
00006900   _EPwm5Regs
00006940   _EPwm6Regs
0000ed0e   _EPwmPeriodCount
0000bf47   _EQEP1_INT_ISR
0000bf51   _EQEP2_INT_ISR
00006b00   _EQep1Regs
00006b40   _EQep2Regs
0000d770   _EnableInterrupts
0000cb69   _F28335PowerOnSet
003ff0de   _FPUatan2HalfPITable
003ff0e2   _FPUatan2Table
003ff268   _FPUatan2TableEnd
003fecdc   _FPUcosTable
003ff0de   _FPUcosTableEnd
003febdc   _FPUsinTable
003fefdc   _FPUsinTableEnd
0000f100   _FaultInfo
0000d368   _Fault_Processing
0000d342   _Fault_Recording
0000a0d4   _Field_Weakening
0000edb0   _Final_reference
0000ee64   _Flag
00000a80   _FlashRegs
0000a248   _Flux_Controller
00009813   _Flux_Estimation
0000ed41   _Flux_build_up
0000ed12   _Frame_ByteCnt
0000ed06   _Frame_StackPtr
0000ee4e   _Freq_Fst
00008a02   _GetAnaCount
0000c29d   _GetAnaMonitCount
00008bc4   _GetAnalogRef
0000c416   _GetSensorValue
00006f80   _GpioCtrlRegs
00006fc0   _GpioDataRegs
00006fe0   _GpioIntRegs
0000d461   _GrayToBinary
0000ed1d   _Group_index
0000bfd3   _I2CINT1A_ISR
0000bfdd   _I2CINT2A_ISR
00007900   _I2caRegs
0000bdcb   _ILLEGAL_ISR
0000bd8f   _INT13_ISR
0000bd99   _INT14_ISR
0000edb8   _Ias
0000edbe   _Ias_offset
0000ee46   _Ias_ref
0000edc2   _Ibs
0000ee42   _Ibs_offset
0000ee56   _Ibs_ref
0000edbc   _Ics
0000ee34   _Ics_ref
0000ee5e   _Idse
0000ee14   _Idse_ref
0000ee1a   _Idse_ref_max
0000ee58   _Idss
0000ee4c   _Idss_ref
0000c3b7   _InitAdc
0000d4e4   _InitCpuTimers
0000e0d0   _InitFlash
0000c918   _InitGpio
0000cd1f   _InitMcbsp
0000ce08   _InitMcbspGpio
0000cd24   _InitMcbspa
0000cd93   _InitMcbspa12bit
0000cd9e   _InitMcbspa16bit
0000cda9   _InitMcbspa20bit
0000cdb4   _InitMcbspa24bit
0000cdbf   _InitMcbspa32bit
0000cd8c   _InitMcbspa8bit
0000ce0d   _InitMcbspaGpio
0000cd60   _InitMcbspb
0000cdd1   _InitMcbspb12bit
0000cddc   _InitMcbspb16bit
0000cde7   _InitMcbspb20bit
0000cdf2   _InitMcbspb24bit
0000cdfd   _InitMcbspb32bit
0000cdca   _InitMcbspb8bit
0000ce35   _InitMcbspbGpio
0000d2b6   _InitPeripheralClocks
0000d751   _InitPieCtrl
0000d7bc   _InitPieVectTable
0000d268   _InitPll
0000d24d   _InitSysCtrl
0000d5e4   _InitXintf
0000cb21   _InitXintf16Gpio
0000d60d   _InitXintf32Gpio
0000edb4   _Init_reference
0000edae   _Init_reference_Auto_tuning
0000ed8e   _Interrupt_time_max
0000ee48   _Iqse
0000ee18   _Iqse_max_fw
0000ee12   _Iqse_ref
0000ee5a   _Iqss
0000ee50   _Iqss_ref
0000ee3c   _Is_mag
0000ee54   _Is_mag_rms
0000ee32   _Is_max
0000edfa   _Is_rate
0000ede6   _Jm
0000edf6   _Jm_est
0000ee20   _K_CM1
0000ee1c   _K_CM2
0000ee1e   _K_fw1
0000ee52   _K_fw2
0000ed68   _Ka_cc
0000ee3a   _Ka_fc
0000ed50   _Ka_sc
0000a7dc   _Keypad_Serial_Communication
0000ee16   _Ki_Fst
0000ed4e   _Ki_cc
0000ee38   _Ki_fc
0000ee3e   _Ki_sc
0000ee08   _Kp_Fst
0000ed4a   _Kp_cc
0000ee5c   _Kp_fc
0000ee44   _Kp_sc
0000edf8   _Kt
0000ed6c   _L1_sp_est
0000ed5c   _L2_sp_est
0000ed5a   _L3_sp_est
0000ed60   _L3_sp_tmp
0000ee2a   _LAMdre
0000ee06   _LAMdre_flt
0000edd4   _LAMdre_rate
0000edde   _LAMdre_ref
0000eda8   _LAMdrs
0000edf0   _LAMdrs_cm
0000edac   _LAMdrs_vm
0000edaa   _LAMqrs
0000edf2   _LAMqrs_cm
0000edb2   _LAMqrs_vm
000095f5   _LPF1
0000c087   _LUF_ISR
0000c07d   _LVF_ISR
0000edfc   _Llr
0000edda   _Lls
0000ede4   _Lm
0000ee00   _Load_Power
0000edd8   _Lr
0000ee02   _Ls
0000ede8   _Lsigma
0000bf83   _MRINTA_ISR
0000bf6f   _MRINTB_ISR
0000bf8d   _MXINTA_ISR
0000bf79   _MXINTB_ISR
0000c172   _MainPWM
0000ed54   _Main_counter
0000c396   _Mcbsp_RxINTA_ISR
0000c385   _Mcbsp_TxINTA_ISR
00005000   _McbspaRegs
00005040   _McbspbRegs
0000d849   _MemCopy
0000eec0   _MonitorMsg
000087c0   _Multi_Step_Processing
0000bdc1   _NMI_ISR
0000ed09   _NewFrame_ByteCnt
0000ed08   _NewFrame_Detect
0000ed0a   _NewFrame_Packet_State
0000ed27   _NewFrame_StackPtr
0000cb57   _Nop
0000ed35   _Number_of_turns
0000ed45   _Number_of_turns_buf
0000fd4a   _P11_0
0000fd49   _P11_1
0000fd9e   _P11_2
0000fdca   _P11_3
0000fdc2   _P11_4
0000fdc4   _P11_5
0000fd4b   _P11_6
0000fd4c   _P12_0
0000fd55   _P12_1
0000fd58   _P12_2
0000fd57   _P12_3
0000fd53   _P12_4
0000fd52   _P12_5
0000fd54   _P12_6
0000fd41   _P12_7
0000fdc0   _P19_3
0000fd98   _P1_0
0000fd9a   _P1_1
0000fd94   _P1_2
0000fd96   _P1_3
0000fda4   _P1_4
0000fda0   _P1_5
0000fda2   _P1_6
0000fd9c   _P1_7
0000fd42   _P6_0
0000fd48   _P6_1
0000fd47   _P6_2
0000fd5c   _P6_3
0000fd5a   _P6_4
0000fd60   _P6_5
0000fd5e   _P6_6
0000fd44   _P6_7
0000fd43   _P6_8
0000fd45   _P6_9
0000fd56   _P8_1
0000fd51   _P8_2
0000fd4d   _P8_3
0000fd50   _P8_4
0000fd4e   _P8_5
0000fd4f   _P8_6
0000fdb2   _P9_0
0000fdbc   _P9_1
0000fda6   _P9_10
0000fda8   _P9_11
0000fdb6   _P9_12
0000fdb8   _P9_13
0000fdb4   _P9_14
0000fdb0   _P9_15
0000fd46   _P9_16
0000fdbe   _P9_2
0000fdcc   _P9_3
0000fdc6   _P9_4
0000fdc8   _P9_5
0000fdba   _P9_6
0000fdac   _P9_7
0000fdae   _P9_8
0000fdaa   _P9_9
0000c091   _PIE_RESERVED
0000ed3f   _PPR
0000c30a   _PWM_ON_OFF
0000ed01   _Packet_ByteCnt
0000ed20   _Packet_Head
0000ed07   _Packet_StackPtr
00000ce0   _PieCtrlRegs
00000d00   _PieVectTable
0000ff2c   _PieVectTableInit
0000eddc   _Pole_pair
0000f0c0   _RRXD_Stack
0000bdad   _RTOSINT_ISR
0000ed23   _RXD
0000f080   _RXD_Stack
0000ed24   _RXD_StackReadPtr
0000ed22   _RXD_StackWritePtr
0000a6ac   _Read_Answer
0000a695   _Read_Parameter
0000a639   _Read_ReceiveSerialStack
0000d138   _Reference_Function
0000b3fb   _Reference_Function_Auto_Tuning
0000ede2   _Rr
0000ede0   _Rs
0000bffb   _SCIRXINTA_ISR
0000c00f   _SCIRXINTB_ISR
0000bfe7   _SCIRXINTC_ISR
0000c005   _SCITXINTA_ISR
0000c019   _SCITXINTB_ISR
0000bff1   _SCITXINTC_ISR
0000be4d   _SEQ1INT_ISR
0000be57   _SEQ2INT_ISR
0000bf5b   _SPIRXINTA_ISR
0000bf65   _SPITXINTA_ISR
00009dee   _SVPWM
00007050   _SciaRegs
00007750   _ScibRegs
00007770   _ScicRegs
0000a673   _Send_Parameter
0000a6e3   _Serial_Comm_Protocol
0000d256   _ServiceDog
0000ed4c   _Sin_Theta
0000ed66   _Sin_Theta_vtg
0000b97b   _Speed_Calculation_ABS
0000a311   _Speed_Controller
00007040   _SpiaRegs
0000ed0f   _State_Index
0000ce94   _State_Management
0000ed2f   _Steps_buf1
0000ed2e   _Steps_buf2
0000ed3b   _Steps_per_turn
0000ed44   _Steps_per_turn_buf
0000edee   _Supply_Voltage
00007010   _SysCtrlRegs
0000be7f   _TINT0_ISR
0000eea4   _TTXD_Stack
0000ee90   _TXD_Stack
0000ed25   _TXD_StackReadPtr
0000ed26   _TXD_StackWritePtr
0000ed52   _T_dead_Tuning
0000ed6a   _Te
0000edf4   _Temp_HHH1
0000edea   _Temp_HHH2
0000edec   _Temp_HHH3
0000ed5e   _Theta
0000ed62   _Thetar
0000be2f   _USER10_ISR
0000be39   _USER11_ISR
0000be43   _USER12_ISR
0000bdd5   _USER1_ISR
0000bddf   _USER2_ISR
0000bde9   _USER3_ISR
0000bdf3   _USER4_ISR
0000bdfd   _USER5_ISR
0000be07   _USER6_ISR
0000be11   _USER7_ISR
0000be1b   _USER8_ISR
0000be25   _USER9_ISR
0000970f   _VF_Controller
0000c693   _Variable_Initialization
0000eda2   _Vdc
0000edc8   _Vdc_max
0000edc0   _Vdse_ref
0000edc6   _Vdse_ref_fb
0000edcc   _Vdss_ref
0000edce   _Vdss_ref_old
0000edb6   _Vqse_ref
0000edd0   _Vqse_ref_fb
0000edca   _Vqse_ref_integ
0000edba   _Vqss_ref
0000edc4   _Vqss_ref_old
0000be89   _WAKEINT_ISR
0000ee30   _Wc_Fst
0000ed56   _Wc_cc
0000ee4a   _Wc_fc
0000ee36   _Wc_sc
0000ee0c   _We
0000ee10   _Wr
0000a6ce   _Write_Answer
0000a607   _Write_TransmitSerialStack
0000a619   _Write_TransmitSerialStack_CRC_Update
0000ee22   _Wrm_det
0000ee24   _Wrm_det_flt
0000ed76   _Wrn1
0000ee26   _Wrpm_det
0000ed72   _Wrpm_det1
0000ee2c   _Wrpm_fw1
0000ee2e   _Wrpm_fw2
0000edfe   _Wrpm_max
0000ee04   _Wrpm_rate
0000ee28   _Wrpm_ref
0000ed9e   _Wrpm_scale
0000be61   _XINT1_ISR
0000be6b   _XINT2_ISR
0000c04b   _XINT3_ISR
0000c055   _XINT4_ISR
0000c05f   _XINT5_ISR
0000c069   _XINT6_ISR
0000c073   _XINT7_ISR
00007070   _XIntruptRegs
00000b20   _XintfRegs
0000a65f   _Xmitt_Packet_End
0000a64b   _Xmitt_Packet_Head
00004000   _ZONE0_BUF
00000800   __STACK_END
00000400   __STACK_SIZE
00000001   __TI_args_main
ffffffff   ___binit__
ffffffff   ___c_args__
0000d871   ___cinit__
0000d871   ___etext__
ffffffff   ___pinit__
00008600   ___text__
0000d7fc   __args_main
0000fd3c   __cleanup_ptr
0000fd3e   __dtors_ptr
0000fd3a   __lock
0000d868   __nop
0000d864   __register_lock
0000d860   __register_unlock
00000400   __stack
0000fd38   __unlock
0000d817   _abort
0000ed34   _abs_position
0000b4e6   _asc2hex
0000d654   _atan2
0000ee80   _bin
0000d6a3   _c_int00
0000ce73   _clkg_delay_loop
0000d6e9   _cos
0000ed7e   _cos_theta
0000fe01   _debug_cnt
0000fe08   _debug_rd_addr
0000fe0a   _debug_rd_addr_tmp
0000fe00   _debug_state
0000fe02   _debug_sum
0000fe03   _debug_sum_temp
0000fe40   _debug_tx_buf
0000fe05   _debug_tx_end
0000fe07   _debug_tx_pos
0000fe0c   _debug_wr_addr
0000fe0e   _debug_wr_data
0000fe06   _debug_wr_size
0000fe04   _debug_wr_sum_flag
0000fec4   _deg_Dac
0000fec0   _deg_sDacTmp
0000ce5d   _delay_loop
0000d0cd   _dev_BackgroundDAC
0000cfea   _dev_DacSetup
0000d002   _dev_InitDACVariable
0000d051   _dev_SendDAC
0000893c   _digital_out_proc
0000890e   _digital_port_check
0000888a   _driver_enable_proc
0000ed3a   _etest1
0000ed3d   _etest2
0000ed3c   _etest3
0000ed43   _etest4
0000d819   _exit
0000ed18   _flag0
0000ee0a   _freq_vf
0000ee0e   _freq_vf_set
0000ee6a   _g2b
0000ed32   _gNum
0000c678   _get_command
0000b4fd   _hex2asc
00008600   _input_state
0000edd6   _inv_Jm
0000ed31   _inv_rdata1
0000ed30   _inv_rdata2
000089c7   _linear_eq
0000cb5a   _main
0000ce89   _mcbsp_xmit
0000ed39   _option_board_ID
0000ed33   _rdata1
0000ed36   _rdata2
0000ed47   _result1
0000c09b   _rsvd_ISR
0000febb   _rx_cnt
0000ed38   _rx_complete
0000fec1   _sTemp
0000b942   _sci_debug_init
0000e062   _scia_rx_isr
0000e01a   _scia_tx_isr
0000a4cb   _scib_TxChar
0000a4d7   _scib_TxString
0000a43b   _scib_init
0000a545   _scib_putc
0000a56f   _scib_puts
0000ef00   _scib_rx_buf
0000ed1a   _scib_rx_end
0000df3f   _scib_rx_isr
0000ed1b   _scib_rx_pos
0000ed1c   _scib_rxd
0000ef40   _scib_tx_buf
0000ed19   _scib_tx_end
0000def5   _scib_tx_isr
0000ed17   _scib_tx_pos
0000a4fb   _scib_tx_start
0000a4e3   _scic_TxChar
0000a4ef   _scic_TxString
0000a46e   _scic_init
0000a55a   _scic_putc
0000a5ce   _scic_puti
0000a58a   _scic_puts
0000f000   _scic_rx_buf
0000ed2b   _scic_rx_end
0000f040   _scic_rx_ibuf
0000dfe0   _scic_rx_isr
0000ed2c   _scic_rx_pos
0000ed2d   _scic_rxd
0000a5a5   _scic_test
0000ef80   _scic_tx_buf
0000ed2a   _scic_tx_end
0000efc0   _scic_tx_ibuf
0000dfa4   _scic_tx_isr
0000ed28   _scic_tx_pos
0000a520   _scic_tx_start
0000d71d   _sin
0000ed82   _sin_theta
0000d79b   _sqrt
0000d4d2   _square
0000b651   _state0_proc
0000b7b9   _state1_proc
0000b7d6   _state2_proc
0000b849   _state3_proc
0000b861   _state4_proc
0000b882   _state5_proc
0000b8b1   _state6_proc
0000b8c9   _state7_proc
0000d7dc   _strncpy
0000ed6e   _test1
0000ed70   _test2
0000ed92   _test3
0000ed80   _test4
0000ed37   _test_command
0000ed7a   _test_ref
0000febc   _tx_cnt
0000b524   _write_txbuf_asc
0000b539   _write_txbuf_byte
0000b5b3   _write_txbuf_long
0000b509   _write_txbuf_string
0000b563   _write_txbuf_word
ffffffff   binit
0000d871   cinit
00000000   code_start
0000d871   etext
ffffffff   pinit


GLOBAL SYMBOLS: SORTED BY Symbol Address 

address    name
--------   ----
00000000   code_start
00000001   __TI_args_main
00000400   __STACK_SIZE
00000400   __stack
00000800   __STACK_END
00000880   _DevEmuRegs
00000a80   _FlashRegs
00000ae0   _CsmRegs
00000b00   _AdcMirror
00000b20   _XintfRegs
00000c00   _CpuTimer0Regs
00000c08   _CpuTimer1Regs
00000c10   _CpuTimer2Regs
00000ce0   _PieCtrlRegs
00000d00   _PieVectTable
00001000   _DmaRegs
00004000   _ZONE0_BUF
00005000   _McbspaRegs
00005040   _McbspbRegs
00006000   _ECanaRegs
00006040   _ECanaLAMRegs
00006080   _ECanaMOTSRegs
000060c0   _ECanaMOTORegs
00006100   _ECanaMboxes
00006200   _ECanbRegs
00006240   _ECanbLAMRegs
00006280   _ECanbMOTSRegs
000062c0   _ECanbMOTORegs
00006300   _ECanbMboxes
00006800   _EPwm1Regs
00006840   _EPwm2Regs
00006880   _EPwm3Regs
000068c0   _EPwm4Regs
00006900   _EPwm5Regs
00006940   _EPwm6Regs
00006a00   _ECap1Regs
00006a20   _ECap2Regs
00006a40   _ECap3Regs
00006a60   _ECap4Regs
00006a80   _ECap5Regs
00006aa0   _ECap6Regs
00006b00   _EQep1Regs
00006b40   _EQep2Regs
00006f80   _GpioCtrlRegs
00006fc0   _GpioDataRegs
00006fe0   _GpioIntRegs
00007010   _SysCtrlRegs
00007040   _SpiaRegs
00007050   _SciaRegs
00007070   _XIntruptRegs
00007100   _AdcRegs
00007750   _ScibRegs
00007770   _ScicRegs
00007900   _I2caRegs
00008600   .text
00008600   ___text__
00008600   _input_state
00008620   _DI_Function
000087c0   _Multi_Step_Processing
0000886e   _DI_RUN_DIR
0000888a   _driver_enable_proc
0000888b   _DI_Processing
0000890e   _digital_port_check
0000893c   _digital_out_proc
000089c7   _linear_eq
00008a02   _GetAnaCount
00008bc4   _GetAnalogRef
000095f5   _LPF1
00009614   _AnalogInputProcessing
0000963f   _CheckPowerVersion
00009700   _CheckOptionCardID
0000970f   _VF_Controller
00009813   _Flux_Estimation
00009be6   _Current_Controller
00009dee   _SVPWM
0000a0d4   _Field_Weakening
0000a248   _Flux_Controller
0000a311   _Speed_Controller
0000a43b   _scib_init
0000a46e   _scic_init
0000a4cb   _scib_TxChar
0000a4d7   _scib_TxString
0000a4e3   _scic_TxChar
0000a4ef   _scic_TxString
0000a4fb   _scib_tx_start
0000a520   _scic_tx_start
0000a545   _scib_putc
0000a55a   _scic_putc
0000a56f   _scib_puts
0000a58a   _scic_puts
0000a5a5   _scic_test
0000a5ce   _scic_puti
0000a5e3   _CRC_16
0000a607   _Write_TransmitSerialStack
0000a619   _Write_TransmitSerialStack_CRC_Update
0000a639   _Read_ReceiveSerialStack
0000a64b   _Xmitt_Packet_Head
0000a65f   _Xmitt_Packet_End
0000a673   _Send_Parameter
0000a695   _Read_Parameter
0000a6ac   _Read_Answer
0000a6ce   _Write_Answer
0000a6e3   _Serial_Comm_Protocol
0000a7dc   _Keypad_Serial_Communication
0000ad55   _Auto_Tuning
0000b3fb   _Reference_Function_Auto_Tuning
0000b4e6   _asc2hex
0000b4fd   _hex2asc
0000b509   _write_txbuf_string
0000b524   _write_txbuf_asc
0000b539   _write_txbuf_byte
0000b563   _write_txbuf_word
0000b5b3   _write_txbuf_long
0000b651   _state0_proc
0000b7b9   _state1_proc
0000b7d6   _state2_proc
0000b849   _state3_proc
0000b861   _state4_proc
0000b882   _state5_proc
0000b8b1   _state6_proc
0000b8c9   _state7_proc
0000b942   _sci_debug_init
0000b97b   _Speed_Calculation_ABS
0000bd8f   _INT13_ISR
0000bd99   _INT14_ISR
0000bda3   _DATALOG_ISR
0000bdad   _RTOSINT_ISR
0000bdb7   _EMUINT_ISR
0000bdc1   _NMI_ISR
0000bdcb   _ILLEGAL_ISR
0000bdd5   _USER1_ISR
0000bddf   _USER2_ISR
0000bde9   _USER3_ISR
0000bdf3   _USER4_ISR
0000bdfd   _USER5_ISR
0000be07   _USER6_ISR
0000be11   _USER7_ISR
0000be1b   _USER8_ISR
0000be25   _USER9_ISR
0000be2f   _USER10_ISR
0000be39   _USER11_ISR
0000be43   _USER12_ISR
0000be4d   _SEQ1INT_ISR
0000be57   _SEQ2INT_ISR
0000be61   _XINT1_ISR
0000be6b   _XINT2_ISR
0000be75   _ADCINT_ISR
0000be7f   _TINT0_ISR
0000be89   _WAKEINT_ISR
0000be93   _EPWM1_TZINT_ISR
0000be9d   _EPWM2_TZINT_ISR
0000bea7   _EPWM3_TZINT_ISR
0000beb1   _EPWM4_TZINT_ISR
0000bebb   _EPWM5_TZINT_ISR
0000bec5   _EPWM6_TZINT_ISR
0000becf   _EPWM1_INT_ISR
0000bed9   _EPWM2_INT_ISR
0000bee3   _EPWM3_INT_ISR
0000beed   _EPWM4_INT_ISR
0000bef7   _EPWM5_INT_ISR
0000bf01   _EPWM6_INT_ISR
0000bf0b   _ECAP1_INT_ISR
0000bf15   _ECAP2_INT_ISR
0000bf1f   _ECAP3_INT_ISR
0000bf29   _ECAP4_INT_ISR
0000bf33   _ECAP5_INT_ISR
0000bf3d   _ECAP6_INT_ISR
0000bf47   _EQEP1_INT_ISR
0000bf51   _EQEP2_INT_ISR
0000bf5b   _SPIRXINTA_ISR
0000bf65   _SPITXINTA_ISR
0000bf6f   _MRINTB_ISR
0000bf79   _MXINTB_ISR
0000bf83   _MRINTA_ISR
0000bf8d   _MXINTA_ISR
0000bf97   _DINTCH1_ISR
0000bfa1   _DINTCH2_ISR
0000bfab   _DINTCH3_ISR
0000bfb5   _DINTCH4_ISR
0000bfbf   _DINTCH5_ISR
0000bfc9   _DINTCH6_ISR
0000bfd3   _I2CINT1A_ISR
0000bfdd   _I2CINT2A_ISR
0000bfe7   _SCIRXINTC_ISR
0000bff1   _SCITXINTC_ISR
0000bffb   _SCIRXINTA_ISR
0000c005   _SCITXINTA_ISR
0000c00f   _SCIRXINTB_ISR
0000c019   _SCITXINTB_ISR
0000c023   _ECAN0INTA_ISR
0000c02d   _ECAN1INTA_ISR
0000c037   _ECAN0INTB_ISR
0000c041   _ECAN1INTB_ISR
0000c04b   _XINT3_ISR
0000c055   _XINT4_ISR
0000c05f   _XINT5_ISR
0000c069   _XINT6_ISR
0000c073   _XINT7_ISR
0000c07d   _LVF_ISR
0000c087   _LUF_ISR
0000c091   _PIE_RESERVED
0000c09b   _rsvd_ISR
0000c0a5   _Driver_Calibration
0000c172   _MainPWM
0000c29d   _GetAnaMonitCount
0000c30a   _PWM_ON_OFF
0000c34f   _DB_Controller
0000c385   _Mcbsp_TxINTA_ISR
0000c396   _Mcbsp_RxINTA_ISR
0000c3b7   _InitAdc
0000c416   _GetSensorValue
0000c5ce   _DAC_Setup
0000c678   _get_command
0000c693   _Variable_Initialization
0000c918   _InitGpio
0000cb21   _InitXintf16Gpio
0000cb57   _Nop
0000cb5a   _main
0000cb69   _F28335PowerOnSet
0000cbf2   _EPWM_Initialization
0000cd1f   _InitMcbsp
0000cd24   _InitMcbspa
0000cd60   _InitMcbspb
0000cd8c   _InitMcbspa8bit
0000cd93   _InitMcbspa12bit
0000cd9e   _InitMcbspa16bit
0000cda9   _InitMcbspa20bit
0000cdb4   _InitMcbspa24bit
0000cdbf   _InitMcbspa32bit
0000cdca   _InitMcbspb8bit
0000cdd1   _InitMcbspb12bit
0000cddc   _InitMcbspb16bit
0000cde7   _InitMcbspb20bit
0000cdf2   _InitMcbspb24bit
0000cdfd   _InitMcbspb32bit
0000ce08   _InitMcbspGpio
0000ce0d   _InitMcbspaGpio
0000ce35   _InitMcbspbGpio
0000ce5d   _delay_loop
0000ce73   _clkg_delay_loop
0000ce89   _mcbsp_xmit
0000ce94   _State_Management
0000cfea   _dev_DacSetup
0000d002   _dev_InitDACVariable
0000d022   _DAC_Out
0000d051   _dev_SendDAC
0000d0cd   _dev_BackgroundDAC
0000d138   _Reference_Function
0000d24d   _InitSysCtrl
0000d256   _ServiceDog
0000d260   _DisableDog
0000d268   _InitPll
0000d2b6   _InitPeripheralClocks
0000d311   _CsmUnlock
0000d342   _Fault_Recording
0000d368   _Fault_Processing
0000d433   _DecimalToBianary
0000d461   _GrayToBinary
0000d4b5   _BinaryToDecimal
0000d4d2   _square
0000d4e4   _InitCpuTimers
0000d52b   _ConfigCpuTimer
0000d566   _DSPtoArray
0000d5aa   _DSPtoMonitoring
0000d5e4   _InitXintf
0000d60d   _InitXintf32Gpio
0000d654   _atan2
0000d6a3   _c_int00
0000d6e9   _cos
0000d71d   _sin
0000d751   _InitPieCtrl
0000d770   _EnableInterrupts
0000d779   I$$DIV
0000d78a   I$$MOD
0000d79b   _sqrt
0000d7bc   _InitPieVectTable
0000d7dc   _strncpy
0000d7fc   __args_main
0000d817   C$$EXIT
0000d817   _abort
0000d819   _exit
0000d830   FS$$DIV
0000d849   _MemCopy
0000d860   __register_unlock
0000d864   __register_lock
0000d868   __nop
0000d871   ___cinit__
0000d871   ___etext__
0000d871   cinit
0000d871   etext
0000def5   _scib_tx_isr
0000df3f   _scib_rx_isr
0000dfa4   _scic_tx_isr
0000dfe0   _scic_rx_isr
0000e01a   _scia_tx_isr
0000e062   _scia_rx_isr
0000e0d0   _InitFlash
0000e0eb   _DSP28x_usDelay
0000ed00   _Adc_Vphase
0000ed01   _Packet_ByteCnt
0000ed02   _Adc_Uphase
0000ed03   _Adc_AIN_I1
0000ed04   _Adc_Wphase
0000ed05   _Adc_Vdc
0000ed06   _Frame_StackPtr
0000ed07   _Packet_StackPtr
0000ed08   _NewFrame_Detect
0000ed09   _NewFrame_ByteCnt
0000ed0a   _NewFrame_Packet_State
0000ed0b   _Adc_Temperature
0000ed0c   _Adc_AIN_5
0000ed0d   _Adc_V_Range
0000ed0e   _EPwmPeriodCount
0000ed0f   _State_Index
0000ed10   _Command
0000ed11   _Adc_AIN_V1
0000ed12   _Frame_ByteCnt
0000ed13   _Adc_AIN_I2
0000ed14   _Adc_AIN_3
0000ed15   _Adc_AIN_V2
0000ed16   _Adc_AIN_4
0000ed17   _scib_tx_pos
0000ed18   _flag0
0000ed19   _scib_tx_end
0000ed1a   _scib_rx_end
0000ed1b   _scib_rx_pos
0000ed1c   _scib_rxd
0000ed1d   _Group_index
0000ed1e   _Auto_tuning_index
0000ed1f   _Comm_GROUP
0000ed20   _Packet_Head
0000ed21   _Comm_INDEX
0000ed22   _RXD_StackWritePtr
0000ed23   _RXD
0000ed24   _RXD_StackReadPtr
0000ed25   _TXD_StackReadPtr
0000ed26   _TXD_StackWritePtr
0000ed27   _NewFrame_StackPtr
0000ed28   _scic_tx_pos
0000ed29   _CRC
0000ed2a   _scic_tx_end
0000ed2b   _scic_rx_end
0000ed2c   _scic_rx_pos
0000ed2d   _scic_rxd
0000ed2e   _Steps_buf2
0000ed2f   _Steps_buf1
0000ed30   _inv_rdata2
0000ed31   _inv_rdata1
0000ed32   _gNum
0000ed33   _rdata1
0000ed34   _abs_position
0000ed35   _Number_of_turns
0000ed36   _rdata2
0000ed37   _test_command
0000ed38   _rx_complete
0000ed39   _option_board_ID
0000ed3a   _etest1
0000ed3b   _Steps_per_turn
0000ed3c   _etest3
0000ed3d   _etest2
0000ed3e   _DA3_val
0000ed3f   _PPR
0000ed40   _DA2_val
0000ed41   _Flux_build_up
0000ed42   _DA1_val
0000ed43   _etest4
0000ed44   _Steps_per_turn_buf
0000ed45   _Number_of_turns_buf
0000ed46   _DA4_val
0000ed47   _result1
0000ed48   _Driver_ON
0000ed4a   _Kp_cc
0000ed4c   _Sin_Theta
0000ed4e   _Ki_cc
0000ed50   _Ka_sc
0000ed52   _T_dead_Tuning
0000ed54   _Main_counter
0000ed56   _Wc_cc
0000ed58   _Cos_Theta
0000ed5a   _L3_sp_est
0000ed5c   _L2_sp_est
0000ed5e   _Theta
0000ed60   _L3_sp_tmp
0000ed62   _Thetar
0000ed64   _Cos_Theta_vtg
0000ed66   _Sin_Theta_vtg
0000ed68   _Ka_cc
0000ed6a   _Te
0000ed6c   _L1_sp_est
0000ed6e   _test1
0000ed70   _test2
0000ed72   _Wrpm_det1
0000ed74   _DA4_mid
0000ed76   _Wrn1
0000ed78   _DA4_rng
0000ed7a   _test_ref
0000ed7c   _DrivePower
0000ed7e   _cos_theta
0000ed80   _test4
0000ed82   _sin_theta
0000ed84   _DA2
0000ed86   _DA2_rng
0000ed88   _DA1_mid
0000ed8a   _DA1
0000ed8c   _DA1_rng
0000ed8e   _Interrupt_time_max
0000ed90   _DA4
0000ed92   _test3
0000ed94   _DA3_mid
0000ed96   _DA3
0000ed98   _DA3_rng
0000ed9a   _Accel_time
0000ed9c   _Decel_time
0000ed9e   _Wrpm_scale
0000eda0   _Decel_time_Auto_tuning
0000eda2   _Vdc
0000eda4   _AnaCmdReference
0000eda6   _Accel_time_Auto_tuning
0000eda8   _LAMdrs
0000edaa   _LAMqrs
0000edac   _LAMdrs_vm
0000edae   _Init_reference_Auto_tuning
0000edb0   _Final_reference
0000edb2   _LAMqrs_vm
0000edb4   _Init_reference
0000edb6   _Vqse_ref
0000edb8   _Ias
0000edba   _Vqss_ref
0000edbc   _Ics
0000edbe   _Ias_offset
0000edc0   _Vdse_ref
0000edc2   _Ibs
0000edc4   _Vqss_ref_old
0000edc6   _Vdse_ref_fb
0000edc8   _Vdc_max
0000edca   _Vqse_ref_integ
0000edcc   _Vdss_ref
0000edce   _Vdss_ref_old
0000edd0   _Vqse_ref_fb
0000edd2   _Bm
0000edd4   _LAMdre_rate
0000edd6   _inv_Jm
0000edd8   _Lr
0000edda   _Lls
0000eddc   _Pole_pair
0000edde   _LAMdre_ref
0000ede0   _Rs
0000ede2   _Rr
0000ede4   _Lm
0000ede6   _Jm
0000ede8   _Lsigma
0000edea   _Temp_HHH2
0000edec   _Temp_HHH3
0000edee   _Supply_Voltage
0000edf0   _LAMdrs_cm
0000edf2   _LAMqrs_cm
0000edf4   _Temp_HHH1
0000edf6   _Jm_est
0000edf8   _Kt
0000edfa   _Is_rate
0000edfc   _Llr
0000edfe   _Wrpm_max
0000ee00   _Load_Power
0000ee02   _Ls
0000ee04   _Wrpm_rate
0000ee06   _LAMdre_flt
0000ee08   _Kp_Fst
0000ee0a   _freq_vf
0000ee0c   _We
0000ee0e   _freq_vf_set
0000ee10   _Wr
0000ee12   _Iqse_ref
0000ee14   _Idse_ref
0000ee16   _Ki_Fst
0000ee18   _Iqse_max_fw
0000ee1a   _Idse_ref_max
0000ee1c   _K_CM2
0000ee1e   _K_fw1
0000ee20   _K_CM1
0000ee22   _Wrm_det
0000ee24   _Wrm_det_flt
0000ee26   _Wrpm_det
0000ee28   _Wrpm_ref
0000ee2a   _LAMdre
0000ee2c   _Wrpm_fw1
0000ee2e   _Wrpm_fw2
0000ee30   _Wc_Fst
0000ee32   _Is_max
0000ee34   _Ics_ref
0000ee36   _Wc_sc
0000ee38   _Ki_fc
0000ee3a   _Ka_fc
0000ee3c   _Is_mag
0000ee3e   _Ki_sc
0000ee40   _DA2_mid
0000ee42   _Ibs_offset
0000ee44   _Kp_sc
0000ee46   _Ias_ref
0000ee48   _Iqse
0000ee4a   _Wc_fc
0000ee4c   _Idss_ref
0000ee4e   _Freq_Fst
0000ee50   _Iqss_ref
0000ee52   _K_fw2
0000ee54   _Is_mag_rms
0000ee56   _Ibs_ref
0000ee58   _Idss
0000ee5a   _Iqss
0000ee5c   _Kp_fc
0000ee5e   _Idse
0000ee60   _DutyCount
0000ee64   _Flag
0000ee6a   _g2b
0000ee80   _bin
0000ee90   _TXD_Stack
0000eea4   _TTXD_Stack
0000eec0   _MonitorMsg
0000ef00   _scib_rx_buf
0000ef40   _scib_tx_buf
0000ef80   _scic_tx_buf
0000efc0   _scic_tx_ibuf
0000f000   _scic_rx_buf
0000f040   _scic_rx_ibuf
0000f080   _RXD_Stack
0000f0c0   _RRXD_Stack
0000f100   _FaultInfo
0000f180   _Comm_array
0000fd38   __unlock
0000fd3a   __lock
0000fd3c   __cleanup_ptr
0000fd3e   __dtors_ptr
0000fd40   _ADTest
0000fd41   _P12_7
0000fd42   _P6_0
0000fd43   _P6_8
0000fd44   _P6_7
0000fd45   _P6_9
0000fd46   _P9_16
0000fd47   _P6_2
0000fd48   _P6_1
0000fd49   _P11_1
0000fd4a   _P11_0
0000fd4b   _P11_6
0000fd4c   _P12_0
0000fd4d   _P8_3
0000fd4e   _P8_5
0000fd4f   _P8_6
0000fd50   _P8_4
0000fd51   _P8_2
0000fd52   _P12_5
0000fd53   _P12_4
0000fd54   _P12_6
0000fd55   _P12_1
0000fd56   _P8_1
0000fd57   _P12_3
0000fd58   _P12_2
0000fd5a   _P6_4
0000fd5c   _P6_3
0000fd5e   _P6_6
0000fd60   _P6_5
0000fd62   _CH4_COUNT_AT_4MA
0000fd64   _CH4_COUNT_AT_0MA
0000fd66   _CH4_COUNT_AT_0V
0000fd68   _CH3_COUNT_AT_0V
0000fd6a   _CH3_COUNT_AT_20MA
0000fd6c   _CH4_COUNT_AT_20MA
0000fd6e   _CH5_COUNT_AT_20MA
0000fd70   _CH5_COUNT_AT_4MA
0000fd72   _CH5_COUNT_AT_10V
0000fd74   _CH4_COUNT_AT_10V
0000fd76   _CH3_COUNT_AT_10V
0000fd78   _CH5_COUNT_AT_0V
0000fd7a   _CH1_COUNT_AT_10V
0000fd7c   _CH1_COUNT_AT_0V
0000fd7e   _CH2_COUNT_AT_4MA
0000fd80   _CH1_COUNT_AT_4MA
0000fd82   _CH1_COUNT_AT_0MA
0000fd84   _CH2_COUNT_AT_0MA
0000fd86   _CH3_COUNT_AT_0MA
0000fd88   _CH2_COUNT_AT_10V
0000fd8a   _CH5_COUNT_AT_0MA
0000fd8c   _CH2_COUNT_AT_20MA
0000fd8e   _CH1_COUNT_AT_20MA
0000fd90   _CH3_COUNT_AT_4MA
0000fd92   _CH2_COUNT_AT_0V
0000fd94   _P1_2
0000fd96   _P1_3
0000fd98   _P1_0
0000fd9a   _P1_1
0000fd9c   _P1_7
0000fd9e   _P11_2
0000fda0   _P1_5
0000fda2   _P1_6
0000fda4   _P1_4
0000fda6   _P9_10
0000fda8   _P9_11
0000fdaa   _P9_9
0000fdac   _P9_7
0000fdae   _P9_8
0000fdb0   _P9_15
0000fdb2   _P9_0
0000fdb4   _P9_14
0000fdb6   _P9_12
0000fdb8   _P9_13
0000fdba   _P9_6
0000fdbc   _P9_1
0000fdbe   _P9_2
0000fdc0   _P19_3
0000fdc2   _P11_4
0000fdc4   _P11_5
0000fdc6   _P9_4
0000fdc8   _P9_5
0000fdca   _P11_3
0000fdcc   _P9_3
0000fe00   _debug_state
0000fe01   _debug_cnt
0000fe02   _debug_sum
0000fe03   _debug_sum_temp
0000fe04   _debug_wr_sum_flag
0000fe05   _debug_tx_end
0000fe06   _debug_wr_size
0000fe07   _debug_tx_pos
0000fe08   _debug_rd_addr
0000fe0a   _debug_rd_addr_tmp
0000fe0c   _debug_wr_addr
0000fe0e   _debug_wr_data
0000fe40   _debug_tx_buf
0000febb   _rx_cnt
0000febc   _tx_cnt
0000fec0   _deg_sDacTmp
0000fec1   _sTemp
0000fec4   _deg_Dac
0000fee4   _CpuTimer1
0000feec   _CpuTimer2
0000fef4   _CpuTimer0
0000ff2c   _PieVectTableInit
0033fff8   _CsmPwl
00380080   _ADC_cal
003febdc   _FPUsinTable
003fecdc   _FPUcosTable
003fefdc   _FPUsinTableEnd
003ff0de   _FPUatan2HalfPITable
003ff0de   _FPUcosTableEnd
003ff0e2   _FPUatan2Table
003ff268   _FPUatan2TableEnd
ffffffff   ___binit__
ffffffff   ___c_args__
ffffffff   ___pinit__
ffffffff   binit
ffffffff   pinit

[650 symbols]
